Archive member included to satisfy reference by file (symbol)

build/cooja/mtype287.a(simEnvChange.o)
                              build/cooja/mtype287.o (simDontFallAsleep)
build/cooja/mtype287.a(cooja_mt.o)
                              build/cooja/mtype287.o (cooja_mt_start)
build/cooja/mtype287.a(cooja_mtarch.o)
                              build/cooja/mtype287.a(cooja_mt.o) (cooja_mtarch_start)
build/cooja/mtype287.a(rtimer-arch.o)
                              build/cooja/mtype287.o (rtimer_arch_check)
build/cooja/mtype287.a(beep.o)
                              build/cooja/mtype287.o (beep_interface)
build/cooja/mtype287.a(leds-arch.o)
                              build/cooja/mtype287.o (leds_interface)
build/cooja/mtype287.a(moteid.o)
                              build/cooja/mtype287.o (moteid_interface)
build/cooja/mtype287.a(pir-sensor.o)
                              build/cooja/mtype287.o (pir_interface)
build/cooja/mtype287.a(rs232.o)
                              build/cooja/mtype287.o (rs232_interface)
build/cooja/mtype287.a(vib-sensor.o)
                              build/cooja/mtype287.o (vib_interface)
build/cooja/mtype287.a(clock.o)
                              build/cooja/mtype287.o (clock_interface)
build/cooja/mtype287.a(cooja-log.o)
                              build/cooja/mtype287.o (simlog_interface)
build/cooja/mtype287.a(cfs-cooja.o)
                              build/cooja/mtype287.o (cfs_interface)
build/cooja/mtype287.a(cooja-radio.o)
                              build/cooja/mtype287.o (radio_interface)
build/cooja/mtype287.a(eeprom.o)
                              build/cooja/mtype287.o (eeprom_interface)
build/cooja/mtype287.a(random.o)
                              build/cooja/mtype287.a(moteid.o) (random_init)
build/cooja/mtype287.a(sensors.o)
                              build/cooja/mtype287.a(pir-sensor.o) (sensors_changed)
build/cooja/mtype287.a(leds.o)
                              build/cooja/mtype287.a(leds-arch.o) (leds_get)
build/cooja/mtype287.a(gpio-hal-arch.o)
                              build/cooja/mtype287.a(leds-arch.o) (gpio_hal_arch_register_pin_callback)
build/cooja/mtype287.a(buttons.o)
                              build/cooja/mtype287.o (button_interface)
build/cooja/mtype287.a(oxygen_generato)
                              oxygen_actuator.o (oxygen_generator)
build/cooja/mtype287.a(coap-observe-cl)
                              oxygen_actuator.o (coap_obs_request_registration)
build/cooja/mtype287.a(coap-blocking-a)
                              oxygen_actuator.o (coap_blocking_request)
build/cooja/mtype287.a(coap-engine.o)
                              oxygen_actuator.o (coap_activate_resource)
build/cooja/mtype287.a(coap-res-well-k)
                              build/cooja/mtype287.a(coap-engine.o) (res_well_known_core)
build/cooja/mtype287.a(coap-observe.o)
                              build/cooja/mtype287.a(coap-engine.o) (coap_remove_observer_by_mid)
build/cooja/mtype287.a(coap-uip.o)
                              oxygen_actuator.o (coap_endpoint_log)
build/cooja/mtype287.a(coap-timer.o)
                              build/cooja/mtype287.a(coap-engine.o) (coap_timer_set)
build/cooja/mtype287.a(coap-transactio)
                              build/cooja/mtype287.a(coap-observe-cl) (coap_send_transaction)
build/cooja/mtype287.a(coap.o)
                              build/cooja/mtype287.a(coap-engine.o) (coap_status_code)
build/cooja/mtype287.a(contiki-main.o)
                              build/cooja/mtype287.o (main)
build/cooja/mtype287.a(autostart.o)
                              build/cooja/mtype287.a(contiki-main.o) (autostart_start)
build/cooja/mtype287.a(ctimer.o)
                              build/cooja/mtype287.a(contiki-main.o) (ctimer_init)
build/cooja/mtype287.a(log.o)
                              build/cooja/mtype287.a(contiki-main.o) (curr_log_level_main)
build/cooja/mtype287.a(energest.o)
                              build/cooja/mtype287.a(contiki-main.o) (energest_init)
build/cooja/mtype287.a(etimer.o)
                              build/cooja/mtype287.a(contiki-main.o) (etimer_process)
build/cooja/mtype287.a(node-id.o)
                              build/cooja/mtype287.a(contiki-main.o) (node_id)
build/cooja/mtype287.a(rtimer.o)
                              build/cooja/mtype287.a(contiki-main.o) (rtimer_init)
build/cooja/mtype287.a(process.o)
                              build/cooja/mtype287.a(coap-blocking-a) (process_current)
build/cooja/mtype287.a(timer.o)
                              build/cooja/mtype287.a(etimer.o) (timer_set)
build/cooja/mtype287.a(list.o)
                              build/cooja/mtype287.a(coap-engine.o) (list_init)
build/cooja/mtype287.a(memb.o)
                              build/cooja/mtype287.a(coap-observe-cl) (memb_alloc)
build/cooja/mtype287.a(button-hal.o)
                              build/cooja/mtype287.o (button_hal_init)
build/cooja/mtype287.a(serial-line.o)
[...]
Memory Configuration

Name             Origin             Length             Attributes
*default*        0x0000000000000000 0xffffffffffffffff

Linker script and memory map

LOAD /usr/lib/gcc/i686-linux-gnu/5/../../../i386-linux-gnu/crti.o
LOAD /usr/lib/gcc/i686-linux-gnu/5/crtbeginS.o
LOAD oxygen_actuator.o
LOAD build/cooja/mtype287.o
LOAD build/cooja/mtype287.a
LOAD /usr/lib/gcc/i686-linux-gnu/5/libgcc.a
LOAD /usr/lib/gcc/i686-linux-gnu/5/libgcc_s.so
LOAD /usr/lib/gcc/i686-linux-gnu/5/../../../i386-linux-gnu/libc.so
START GROUP
LOAD /lib/i386-linux-gnu/libc.so.6
LOAD /usr/lib/i386-linux-gnu/libc_nonshared.a
LOAD /lib/i386-linux-gnu/ld-linux.so.2
END GROUP
LOAD /usr/lib/gcc/i686-linux-gnu/5/libgcc.a
LOAD /usr/lib/gcc/i686-linux-gnu/5/libgcc_s.so
LOAD /usr/lib/gcc/i686-linux-gnu/5/crtendS.o
LOAD /usr/lib/gcc/i686-linux-gnu/5/../../../i386-linux-gnu/crtn.o
                0x0000000000000114                . = (0x0 + SIZEOF_HEADERS)

.note.gnu.build-id
                0x0000000000000114       0x24
 *(.note.gnu.build-id)
 .note.gnu.build-id
                0x0000000000000114       0x24 /usr/lib/gcc/i686-linux-gnu/5/../../../i386-linux-gnu/crti.o

.hash
 *(.hash)

.gnu.hash       0x0000000000000138     0x15bc
 *(.gnu.hash)
 .gnu.hash      0x0000000000000138     0x15bc /usr/lib/gcc/i686-linux-gnu/5/../../../i386-linux-gnu/crti.o

.dynsym         0x00000000000016f4     0x2fc0
 *(.dynsym)
 .dynsym        0x00000000000016f4     0x2fc0 /usr/lib/gcc/i686-linux-gnu/5/../../../i386-linux-gnu/crti.o

.dynstr         0x00000000000046b4     0x37ac
 *(.dynstr)
 .dynstr        0x00000000000046b4     0x37ac /usr/lib/gcc/i686-linux-gnu/5/../../../i386-linux-gnu/crti.o

.gnu.version    0x0000000000007e60      0x5f8
 *(.gnu.version)
 .gnu.version   0x0000000000007e60      0x5f8 /usr/lib/gcc/i686-linux-gnu/5/../../../i386-linux-gnu/crti.o

.gnu.version_d  0x0000000000008458        0x0
 *(.gnu.version_d)
 .gnu.version_d
                0x0000000000008458        0x0 /usr/lib/gcc/i686-linux-gnu/5/../../../i386-linux-gnu/crti.o

.gnu.version_r  0x0000000000008458       0x40
 *(.gnu.version_r)
 .gnu.version_r
                0x0000000000008458       0x40 /usr/lib/gcc/i686-linux-gnu/5/../../../i386-linux-gnu/crti.o

.rel.dyn        0x0000000000008498     0x9560
 *(.rel.init)
 .rel.init      0x0000000000008498        0x0 /usr/lib/gcc/i686-linux-gnu/5/../../../i386-linux-gnu/crti.o
 *(.rel.text .rel.text.* .rel.gnu.linkonce.t.*)
 .rel.text      0x0000000000008498     0x8b60 /usr/lib/gcc/i686-linux-gnu/5/../../../i386-linux-gnu/crti.o
 *(.rel.fini)
 .rel.fini      0x0000000000010ff8        0x0 /usr/lib/gcc/i686-linux-gnu/5/../../../i386-linux-gnu/crti.o
 *(.rel.rodata .rel.rodata.* .rel.gnu.linkonce.r.*)
 .rel.rodata    0x0000000000010ff8      0x5b0 /usr/lib/gcc/i686-linux-gnu/5/../../../i386-linux-gnu/crti.o
 *(.rel.data.rel.ro .rel.data.rel.ro.* .rel.gnu.linkonce.d.rel.ro.*)
 *(.rel.data .rel.data.* .rel.gnu.linkonce.d.*)
 .rel.data.rel.local
                0x00000000000115a8        0x8 /usr/lib/gcc/i686-linux-gnu/5/../../../i386-linux-gnu/crti.o
 .rel.data      0x00000000000115b0      0x410 /usr/lib/gcc/i686-linux-gnu/5/../../../i386-linux-gnu/crti.o
 *(.rel.tdata .rel.tdata.* .rel.gnu.linkonce.td.*)
 *(.rel.tbss .rel.tbss.* .rel.gnu.linkonce.tb.*)
 *(.rel.ctors)
 *(.rel.dtors)
 *(.rel.got)
 .rel.got       0x00000000000119c0       0x28 /usr/lib/gcc/i686-linux-gnu/5/../../../i386-linux-gnu/crti.o
 *(.rel.bss .rel.bss.* .rel.gnu.linkonce.b.*)
 *(.rel.ifunc)
 .rel.ifunc     0x00000000000119e8        0x0 /usr/lib/gcc/i686-linux-gnu/5/../../../i386-linux-gnu/crti.o
 .rel.fini_array
                0x00000000000119e8        0x8 /usr/lib/gcc/i686-linux-gnu/5/../../../i386-linux-gnu/crti.o
 .rel.init_array
                0x00000000000119f0        0x8 /usr/lib/gcc/i686-linux-gnu/5/../../../i386-linux-gnu/crti.o

.rel.plt        0x00000000000119f8        0x0
 *(.rel.plt)
 .rel.plt       0x00000000000119f8        0x0 /usr/lib/gcc/i686-linux-gnu/5/../../../i386-linux-gnu/crti.o
 *(.rel.iplt)

.init           0x00000000000119f8       0x23
 *(SORT(.init))
 .init          0x00000000000119f8       0x1e /usr/lib/gcc/i686-linux-gnu/5/../../../i386-linux-gnu/crti.o
                0x00000000000119f8                _init
 .init          0x0000000000011a16        0x5 /usr/lib/gcc/i686-linux-gnu/5/../../../i386-linux-gnu/crtn.o

.plt            0x0000000000011a20       0x10
 *(.plt)
 .plt           0x0000000000011a20       0x10 /usr/lib/gcc/i686-linux-gnu/5/../../../i386-linux-gnu/crti.o
 *(.iplt)

.plt.got        0x0000000000011a30       0x10
 *(.plt.got)
 .plt.got       0x0000000000011a30       0x10 /usr/lib/gcc/i686-linux-gnu/5/../../../i386-linux-gnu/crti.o

.text           0x0000000000011a40    0x19142
 *(.text.unlikely .text.*_unlikely .text.unlikely.*)
 .text.unlikely
                0x0000000000011a40        0x0 /usr/lib/gcc/i686-linux-gnu/5/crtbeginS.o
 .text.unlikely
                0x0000000000011a40        0x0 /usr/lib/gcc/i686-linux-gnu/5/libgcc.a(_udivdi3.o)
 *(.text.exit .text.exit.*)
 *(.text.startup .text.startup.*)
 *(.text.hot .text.hot.*)
 *(.text .stub .text.* .gnu.linkonce.t.*)
 .text          0x0000000000011a40        0x0 /usr/lib/gcc/i686-linux-gnu/5/../../../i386-linux-gnu/crti.o
 .gnu.linkonce.t.__x86.get_pc_thunk.bx
                0x0000000000011a40        0x4 /usr/lib/gcc/i686-linux-gnu/5/../../../i386-linux-gnu/crti.o
                0x0000000000011a40                __x86.get_pc_thunk.bx
 *fill*         0x0000000000011a44        0xc 
 .text          0x0000000000011a50      0x11c /usr/lib/gcc/i686-linux-gnu/5/crtbeginS.o
 .text.__x86.get_pc_thunk.dx
                0x0000000000011b6c        0x4 /usr/lib/gcc/i686-linux-gnu/5/crtbeginS.o
                0x0000000000011b6c                __x86.get_pc_thunk.dx
 .text          0x0000000000011b70      0x64d oxygen_actuator.o
                0x0000000000011b70                wait_for_ack
                0x0000000000011bc5                wait_for_discovery
 .text          0x00000000000121bd      0x283 build/cooja/mtype287.o
                0x000000000001224f                platform_init_stage_one
                0x0000000000012262                platform_init_stage_two
                0x0000000000012275                platform_init_stage_three
                0x0000000000012288                platform_main_loop
                0x00000000000122fb                Java_org_contikios_cooja_corecomm_Lib3_init
                0x0000000000012332                Java_org_contikios_cooja_corecomm_Lib3_getMemory
                0x0000000000012365                Java_org_contikios_cooja_corecomm_Lib3_setMemory
                0x00000000000123c5                Java_org_contikios_cooja_corecomm_Lib3_tick
                0x000000000001242d                Java_org_contikios_cooja_corecomm_Lib3_setReferenceAddress
 .text          0x0000000000012440       0x65 build/cooja/mtype287.a(simEnvChange.o)
                0x0000000000012440                doActionsBeforeTick
                0x0000000000012472                doActionsAfterTick
 .text          0x00000000000124a5       0x83 build/cooja/mtype287.a(cooja_mt.o)
                0x00000000000124a5                cooja_mt_start
                0x00000000000124cf                cooja_mt_exec
                0x0000000000012505                cooja_mt_yield
 .text          0x0000000000012528       0xbe build/cooja/mtype287.a(cooja_mtarch.o)
                0x0000000000012528                cooja_mtarch_start
                0x000000000001259b                cooja_sw
                0x00000000000125be                cooja_mtarch_exec
                0x00000000000125db                cooja_mtarch_yield
 .text          0x00000000000125e6       0xc5 build/cooja/mtype287.a(rtimer-arch.o)
                0x00000000000125e6                rtimer_arch_init
                0x000000000001260a                rtimer_arch_schedule
                0x000000000001263a                rtimer_arch_next
                0x000000000001264a                rtimer_arch_pending
                0x0000000000012654                rtimer_arch_check
                0x000000000001269b                rtimer_arch_now
 .text          0x00000000000126ab       0x81 build/cooja/mtype287.a(beep.o)
                0x00000000000126ab                beep_alarm
                0x00000000000126b8                beep_beep
                0x00000000000126c5                beep
                0x00000000000126d2                beep_down
                0x00000000000126df                beep_on
                0x00000000000126ec                beep_off
                0x00000000000126f9                beep_spinup
                0x0000000000012706                beep_quick
                0x0000000000012713                beep_long
 .text          0x000000000001272c       0x65 build/cooja/mtype287.a(leds-arch.o)
                0x000000000001273f                leds_arch_init
 .text          0x0000000000012791       0x35 build/cooja/mtype287.a(moteid.o)
 .text          0x00000000000127c6       0xb7 build/cooja/mtype287.a(pir-sensor.o)
 .text          0x000000000001287d      0x148 build/cooja/mtype287.a(rs232.o)
                0x000000000001287d                rs232_init
                0x0000000000012883                rs232_set_speed
                0x0000000000012892                rs232_set_input
                0x00000000000128a0                rs232_send
                0x00000000000128c4                rs232_print
                0x00000000000128e0                slip_arch_writeb
 .text          0x00000000000129c5       0xb7 build/cooja/mtype287.a(vib-sensor.o)
 .text          0x0000000000012a7c       0x38 build/cooja/mtype287.a(clock.o)
                0x0000000000012a7c                clock_init
                0x0000000000012a82                clock_time
                0x0000000000012a8c                clock_seconds
                0x0000000000012aa2                clock_delay
 .text          0x0000000000012ab4      0x219 build/cooja/mtype287.a(cooja-log.o)
                0x0000000000012ab4                simlog_char
                0x0000000000012af7                simlog
                0x0000000000012b6d                log_message
                0x0000000000012b9e                log_set_putchar_with_slip
                0x0000000000012bac                log_putchar
                0x0000000000012c27                log_puts
                0x0000000000012c4f                log_printf
 .text          0x0000000000012ccd      0x2b9 build/cooja/mtype287.a(cfs-cooja.o)
                0x0000000000012ccd                cfs_open
                0x0000000000012d36                cfs_close
                0x0000000000012d43                cfs_read
                0x0000000000012dd8                cfs_write
                0x0000000000012eb4                cfs_seek
                0x0000000000012f3c                cfs_remove
                0x0000000000012f60                cfs_opendir
                0x0000000000012f6a                cfs_readdir
                0x0000000000012f74                cfs_closedir
 .text          0x0000000000012f86      0x620 build/cooja/mtype287.a(cooja-radio.o)
                0x0000000000012fc8                radio_set_channel
                0x0000000000012fd6                radio_set_txpower
                0x0000000000012fee                radio_signal_strength_last
                0x0000000000012ff8                radio_signal_strength_current
                0x0000000000013002                radio_LQI
 .text          0x00000000000135a6       0xee build/cooja/mtype287.a(eeprom.o)
                0x00000000000135a6                eeprom_init
                0x00000000000135ac                eeprom_read
                0x000000000001361a                eeprom_write
 .text          0x0000000000013694       0x2d build/cooja/mtype287.a(random.o)
                0x0000000000013694                random_init
                0x00000000000136b4                random_rand
 .text          0x00000000000136c1      0x29c build/cooja/mtype287.a(sensors.o)
                0x00000000000136fc                sensors_first
                0x0000000000013706                sensors_next
                0x0000000000013720                sensors_changed
                0x0000000000013754                sensors_find
 .text          0x000000000001395d      0x349 build/cooja/mtype287.a(leds.o)
                0x000000000001395d                leds_init
                0x00000000000139a4                leds_single_on
                0x0000000000013a03                leds_single_off
                0x0000000000013a62                leds_single_toggle
                0x0000000000013a94                leds_on
                0x0000000000013b16                leds_off
                0x0000000000013b98                leds_toggle
                0x0000000000013bed                leds_set
                0x0000000000013c19                leds_get
 .text          0x0000000000013ca6      0x343 build/cooja/mtype287.a(gpio-hal-arch.o)
                0x0000000000013ca6                gpio_hal_arch_register_pin_callback
                0x0000000000013d12                gpio_hal_arch_init
                0x0000000000013d57                gpio_hal_arch_no_port_interrupt_enable
                0x0000000000013d87                gpio_hal_arch_no_port_interrupt_disable
                0x0000000000013db7                gpio_hal_arch_no_port_pin_cfg_set
                0x0000000000013ddc                gpio_hal_arch_no_port_pin_cfg_get
                0x0000000000013e02                gpio_hal_arch_no_port_pin_set_input
                0x0000000000013e14                gpio_hal_arch_no_port_pin_set_output
                0x0000000000013e26                gpio_hal_arch_no_port_set_pin
                0x0000000000013e47                gpio_hal_arch_no_port_clear_pin
                0x0000000000013e68                gpio_hal_arch_no_port_read_pin
                0x0000000000013e8e                gpio_hal_arch_no_port_write_pin
                0x0000000000013eb8                gpio_hal_arch_no_port_set_pins
                0x0000000000013eff                gpio_hal_arch_no_port_clear_pins
                0x0000000000013f46                gpio_hal_arch_no_port_read_pins
                0x0000000000013f89                gpio_hal_arch_no_port_write_pins
 .text          0x0000000000013fe9       0x89 build/cooja/mtype287.a(buttons.o)
 .text          0x0000000000014072      0x30c build/cooja/mtype287.a(oxygen_generato)
 .text          0x000000000001437e      0x6ee build/cooja/mtype287.a(coap-observe-cl)
                0x000000000001441c                coap_obs_add_observee
                0x00000000000144b8                coap_obs_remove_observee
                0x00000000000144e8                coap_get_obs_subject_by_token
                0x0000000000014550                coap_obs_remove_observee_by_token
                0x00000000000145e3                coap_obs_remove_observee_by_url
                0x000000000001473b                coap_handle_notification
                0x0000000000014896                coap_generate_token
                0x00000000000148b8                coap_obs_request_registration
 .text          0x0000000000014a6c      0x27b build/cooja/mtype287.a(coap-blocking-a)
                0x0000000000014a6c                coap_blocking_request_callback
                0x0000000000014a96                coap_blocking_request
 .text          0x0000000000014ce7      0xc26 build/cooja/mtype287.a(coap-engine.o)
                0x0000000000014d7c                coap_add_handler
                0x0000000000014d99                coap_remove_handler
                0x0000000000014db6                coap_call_handlers
                0x0000000000014ebe                coap_receive
                0x00000000000154f5                coap_engine_init
                0x0000000000015553                coap_activate_resource
                0x00000000000155fe                coap_get_first_resource
                0x0000000000015617                coap_get_next_resource
 .text          0x000000000001590d      0x2d9 build/cooja/mtype287.a(coap-res-well-k)
 .text          0x0000000000015be6      0x96a build/cooja/mtype287.a(coap-observe.o)
                0x0000000000015cfb                coap_remove_observer
                0x0000000000015d2b                coap_remove_observer_by_client
                0x0000000000015d93                coap_remove_observer_by_token
                0x0000000000015e26                coap_remove_observer_by_uri
                0x0000000000015ecd                coap_remove_observer_by_mid
                0x0000000000015f49                coap_notify_observers
                0x0000000000015f62                coap_notify_observers_sub
                0x00000000000163cc                coap_observe_handler
                0x00000000000164e7                coap_has_observers
 .text          0x0000000000016550      0x733 build/cooja/mtype287.a(coap-uip.o)
                0x0000000000016550                coap_endpoint_log
                0x00000000000165d6                coap_endpoint_print
                0x000000000001665c                coap_endpoint_snprint
                0x000000000001678f                coap_endpoint_copy
                0x00000000000167cc                coap_endpoint_cmp
                0x00000000000168da                coap_endpoint_parse
                0x0000000000016ac5                coap_endpoint_is_secure
                0x0000000000016ad4                coap_endpoint_is_connected
                0x0000000000016b08                coap_endpoint_connect
                0x0000000000016b24                coap_endpoint_disconnect
                0x0000000000016b2a                coap_databuf
                0x0000000000016b34                coap_transport_init
                0x0000000000016b84                coap_sendto
 .text          0x0000000000016c83      0x324 build/cooja/mtype287.a(coap-timer.o)
                0x0000000000016d80                coap_timer_stop
                0x0000000000016dab                coap_timer_set
                0x0000000000016dee                coap_timer_reset
                0x0000000000016e31                coap_timer_time_to_next_expiration
                0x0000000000016e9d                coap_timer_run
                0x0000000000016f69                coap_timer_init
 .text          0x0000000000016fa7      0x2c6 build/cooja/mtype287.a(coap-transactio)
                0x000000000001700d                coap_new_transaction
                0x0000000000017073                coap_send_transaction
                0x00000000000171d4                coap_clear_transaction
                0x000000000001721c                coap_get_transaction_by_mid
 .text          0x000000000001726d     0x1c53 build/cooja/mtype287.a(coap.o)
                0x00000000000177da                coap_init_connection
                0x00000000000177ee                coap_get_mid
                0x000000000001780a                coap_init_message
                0x0000000000017853                coap_serialize_message
                0x0000000000017ed5                coap_parse_message
                0x000000000001853c                coap_get_query_variable
                0x000000000001857e                coap_get_post_variable
                0x00000000000185c2                coap_set_status_code
                0x00000000000185e7                coap_set_token
                0x000000000001862e                coap_get_header_content_format
                0x000000000001865f                coap_set_header_content_format
                0x0000000000018682                coap_get_header_accept
                0x00000000000186b3                coap_set_header_accept
                0x00000000000186d6                coap_get_header_max_age
                0x0000000000018707                coap_set_header_max_age
                0x0000000000018727                coap_get_header_etag
                0x0000000000018759                coap_set_header_etag
                0x00000000000187b0                coap_get_header_if_match
                0x00000000000187e2                coap_set_header_if_match
                0x0000000000018839                coap_get_header_if_none_match
                0x0000000000018853                coap_set_header_if_none_match
                0x000000000001886a                coap_get_header_proxy_uri
                0x0000000000018898                coap_set_header_proxy_uri
                0x00000000000188d5                coap_get_header_uri_host
                0x0000000000018903                coap_set_header_uri_host
                0x0000000000018940                coap_get_header_uri_path
                0x000000000001896e                coap_set_header_uri_path
                0x00000000000189bb                coap_get_header_uri_query
                0x00000000000189ef                coap_set_header_uri_query
                0x0000000000018a45                coap_get_header_location_path
                0x0000000000018a73                coap_set_header_location_path
                0x0000000000018b0c                coap_get_header_location_query
                0x0000000000018b3a                coap_set_header_location_query
                0x0000000000018b87                coap_get_header_observe
                0x0000000000018bb6                coap_set_header_observe
                0x0000000000018bd6                coap_get_header_block2
                0x0000000000018c42                coap_set_header_block2
                0x0000000000018cb9                coap_get_header_block1
                0x0000000000018d2e                coap_set_header_block1
                0x0000000000018da9                coap_get_header_size2
                0x0000000000018dd9                coap_set_header_size2
                0x0000000000018dfc                coap_get_header_size1
                0x0000000000018e2c                coap_set_header_size1
                0x0000000000018e4f                coap_get_payload
                0x0000000000018e89                coap_set_payload
 .text          0x0000000000018ec0      0x332 build/cooja/mtype287.a(contiki-main.o)
                0x0000000000018ec0                main
 .text          0x00000000000191f2       0x92 build/cooja/mtype287.a(autostart.o)
                0x00000000000191f2                autostart_start
                0x000000000001923c                autostart_exit
 .text          0x0000000000019284      0x355 build/cooja/mtype287.a(ctimer.o)
                0x00000000000193ac                ctimer_init
                0x00000000000193df                ctimer_set
                0x0000000000019405                ctimer_set_with_process
                0x0000000000019482                ctimer_reset
                0x00000000000194d6                ctimer_restart
                0x000000000001952a                ctimer_stop
                0x000000000001957a                ctimer_expired
 .text          0x00000000000195d9      0x394 build/cooja/mtype287.a(log.o)
                0x00000000000195d9                log_6addr
                0x000000000001962c                log_6addr_compact_snprint
                0x00000000000196ca                log_6addr_compact
                0x000000000001971d                log_lladdr
                0x000000000001978f                log_lladdr_compact
                0x00000000000197f7                log_set_level
                0x00000000000198b2                log_get_level
                0x000000000001992b                log_level_to_str
 .text          0x000000000001996d       0x1b build/cooja/mtype287.a(energest.o)
                0x000000000001996d                energest_init
                0x0000000000019973                energest_flush
                0x0000000000019979                energest_get_total_time
 .text          0x0000000000019988      0x43f build/cooja/mtype287.a(etimer.o)
                0x0000000000019bac                etimer_request_poll
                0x0000000000019c35                etimer_set
                0x0000000000019c5e                etimer_reset_with_new_interval
                0x0000000000019c8d                etimer_reset
                0x0000000000019cb3                etimer_restart
                0x0000000000019cd9                etimer_adjust
                0x0000000000019cf6                etimer_expired
                0x0000000000019d09                etimer_expiration_time
                0x0000000000019d1b                etimer_start_time
                0x0000000000019d25                etimer_pending
                0x0000000000019d37                etimer_next_expiration_time
                0x0000000000019d51                etimer_stop
 .text          0x0000000000019dc7       0x25 build/cooja/mtype287.a(node-id.o)
                0x0000000000019dc7                node_id_init
 .text          0x0000000000019dec       0xeb build/cooja/mtype287.a(rtimer.o)
                0x0000000000019dec                rtimer_init
                0x0000000000019dfa                rtimer_set
                0x0000000000019e75                rtimer_run_next
 .text          0x0000000000019ed7      0x4fb build/cooja/mtype287.a(process.o)
                0x0000000000019ed7                process_alloc_event
                0x0000000000019eec                process_start
                0x000000000001a0c6                process_exit
                0x000000000001a0e3                process_init
                0x000000000001a278                process_run
                0x000000000001a2ab                process_nevents
                0x000000000001a2c6                process_post
                0x000000000001a359                process_post_synch
                0x000000000001a38e                process_poll
                0x000000000001a3be                process_is_running
 .text          0x000000000001a3d2       0xb1 build/cooja/mtype287.a(timer.o)
                0x000000000001a3d2                timer_set
                0x000000000001a3f0                timer_reset
                0x000000000001a41d                timer_restart
                0x000000000001a432                timer_expired
                0x000000000001a45f                timer_remaining
 .text          0x000000000001a483      0x28f build/cooja/mtype287.a(list.o)
                0x000000000001a483                list_init
                0x000000000001a492                list_head
                0x000000000001a49c                list_copy
                0x000000000001a4ac                list_tail
                0x000000000001a4e2                list_add
                0x000000000001a52e                list_push
                0x000000000001a55a                list_chop
                0x000000000001a5c4                list_pop
                0x000000000001a5ec                list_remove
                0x000000000001a654                list_length
                0x000000000001a682                list_insert
                0x000000000001a6c7                list_item_next
                0x000000000001a6de                list_contains
 .text          0x000000000001a712      0x1b5 build/cooja/mtype287.a(memb.o)
                0x000000000001a712                memb_init
                0x000000000001a767                memb_alloc
                0x000000000001a7ca                memb_free
                0x000000000001a841                memb_inmemb
                0x000000000001a880                memb_numfree
 .text          0x000000000001a8c7      0x41c build/cooja/mtype287.a(button-hal.o)
                0x000000000001aa40                button_hal_get_by_id
                0x000000000001aa7e                button_hal_get_by_index
                0x000000000001aaaa                button_hal_get_state
                0x000000000001aafc                button_hal_init
 .text          0x000000000001ace3      0x1f3 build/cooja/mtype287.a(serial-line.o)
                0x000000000001ace3                serial_line_input_byte
                0x000000000001aea1                serial_line_init
 .text          0x000000000001aed6      0x168 build/cooja/mtype287.a(gpio-hal.o)
                0x000000000001aed6                gpio_hal_register_handler
                0x000000000001aef3                gpio_hal_event_handler
                0x000000000001af4f                gpio_hal_init
                0x000000000001af6e                gpio_hal_arch_port_toggle_pin
                0x000000000001afaa                gpio_hal_arch_port_toggle_pins
                0x000000000001afd8                gpio_hal_arch_no_port_toggle_pin
                0x000000000001b016                gpio_hal_arch_no_port_toggle_pins
 .text          0x000000000001b03e      0x2e7 build/cooja/mtype287.a(queuebuf.o)
                0x000000000001b048                queuebuf_init
                0x000000000001b071                queuebuf_numfree
                0x000000000001b089                queuebuf_new_from_packetbuf
                0x000000000001b128                queuebuf_update_attr_from_packetbuf
                0x000000000001b15d                queuebuf_update_from_packetbuf
                0x000000000001b1ad                queuebuf_free
                0x000000000001b1f6                queuebuf_to_packetbuf
                0x000000000001b262                queuebuf_dataptr
                0x000000000001b29c                queuebuf_datalen
                0x000000000001b2bf                queuebuf_addr
                0x000000000001b2f4                queuebuf_attr
                0x000000000001b31f                queuebuf_debug_print
 .text          0x000000000001b325      0x407 build/cooja/mtype287.a(packetbuf.o)
                0x000000000001b325                packetbuf_clear
                0x000000000001b350                packetbuf_copyfrom
                0x000000000001b39f                packetbuf_copyto
                0x000000000001b432                packetbuf_hdralloc
                0x000000000001b4ae                packetbuf_hdrreduce
                0x000000000001b4f4                packetbuf_set_datalen
                0x000000000001b50e                packetbuf_dataptr
                0x000000000001b52b                packetbuf_hdrptr
                0x000000000001b535                packetbuf_datalen
                0x000000000001b541                packetbuf_hdrlen
                0x000000000001b558                packetbuf_totlen
                0x000000000001b56e                packetbuf_remaininglen
                0x000000000001b581                packetbuf_attr_clear
                0x000000000001b5cd                packetbuf_attr_copyto
                0x000000000001b625                packetbuf_attr_copyfrom
                0x000000000001b67d                packetbuf_set_attr
                0x000000000001b6a7                packetbuf_attr
                0x000000000001b6c1                packetbuf_set_addr
                0x000000000001b6f2                packetbuf_addr
                0x000000000001b70f                packetbuf_holds_broadcast
 .text          0x000000000001b72c       0xef build/cooja/mtype287.a(netstack.o)
                0x000000000001b72c                netstack_process_ip_callback
                0x000000000001b7bd                netstack_ip_packet_processor_add
                0x000000000001b7e0                uip_ds6_ip_packet_processor_rm
                0x000000000001b7fd                netstack_init
 .text          0x000000000001b81b       0x4f build/cooja/mtype287.a(linkaddr.o)
                0x000000000001b81b                linkaddr_copy
                0x000000000001b831                linkaddr_cmp
                0x000000000001b854                linkaddr_set_node_addr
 .text          0x000000000001b86a      0x1f6 build/cooja/mtype287.a(csma.o)
 .text          0x000000000001ba60      0x95d build/cooja/mtype287.a(csma-output.o)
                0x000000000001c0f7                csma_output_packet
                0x000000000001c384                csma_output_init
 .text          0x000000000001c3bd      0xc11 build/cooja/mtype287.a(uip-ds6.o)
                0x000000000001c3bd                uip_ds6_default_prefix
                0x000000000001c3c7                uip_ds6_set_default_prefix
                0x000000000001c3f2                uip_ds6_init
                0x000000000001c654                uip_ds6_periodic
                0x000000000001c6db                uip_ds6_list_loop
                0x000000000001c79b                uip_ds6_prefix_add
                0x000000000001c847                uip_ds6_prefix_rm
                0x000000000001c85a                uip_ds6_prefix_lookup
                0x000000000001c899                uip_ds6_is_addr_onlink
                0x000000000001c90c                uip_ds6_addr_add
                0x000000000001ca2c                uip_ds6_addr_rm
                0x000000000001cad5                uip_ds6_addr_lookup
                0x000000000001cb0e                uip_ds6_get_link_local
                0x000000000001cb8f                uip_ds6_get_global
                0x000000000001cc10                uip_ds6_maddr_add
                0x000000000001cc70                uip_ds6_maddr_rm
                0x000000000001cc83                uip_ds6_maddr_lookup
                0x000000000001ccbc                uip_ds6_aaddr_add
                0x000000000001cd1c                uip_ds6_aaddr_rm
                0x000000000001cd2f                uip_ds6_aaddr_lookup
                0x000000000001cd68                uip_ds6_select_src
                0x000000000001ceb1                uip_ds6_set_addr_iid
                0x000000000001cedc                uip_ds6_set_lladdr_from_iid
                0x000000000001cf05                get_match_length
                0x000000000001cf96                uip_ds6_compute_reachable_time
 .text          0x000000000001cfce      0x128 build/cooja/mtype287.a(uip-udp-packet.)
                0x000000000001cfce                uip_udp_packet_send
                0x000000000001d029                uip_udp_packet_sendto
 .text          0x000000000001d0f6      0x35b build/cooja/mtype287.a(uip-ds6-route.o)
                0x000000000001d147                uip_ds6_route_init
                0x000000000001d171                uip_ds6_route_nexthop
                0x000000000001d17b                uip_ds6_route_head
                0x000000000001d185                uip_ds6_route_next
                0x000000000001d18f                uip_ds6_route_is_nexthop
                0x000000000001d199                uip_ds6_route_num_routes
                0x000000000001d1a3                uip_ds6_route_lookup
                0x000000000001d1ad                uip_ds6_route_add
                0x000000000001d1c0                uip_ds6_route_rm
                0x000000000001d1c6                uip_ds6_route_rm_by_nexthop
                0x000000000001d1cc                uip_ds6_defrt_head
                0x000000000001d1e5                uip_ds6_defrt_add
                0x000000000001d293                uip_ds6_defrt_rm
                0x000000000001d2f9                uip_ds6_defrt_lookup
                0x000000000001d360                uip_ds6_defrt_choose
                0x000000000001d3d6                uip_ds6_defrt_periodic
 .text          0x000000000001d451      0x6f7 build/cooja/mtype287.a(tcpip.o)
                0x000000000001d46b                tcpip_output
                0x000000000001d4ea                udp_attach
                0x000000000001d502                udp_new
                0x000000000001d54c                udp_broadcast_new
                0x000000000001d6be                tcpip_input
                0x000000000001d84e                tcpip_ipv6_output
                0x000000000001da42                tcpip_poll_udp
                0x000000000001da60                tcpip_uipcall
 .text          0x000000000001db48     0x1205 build/cooja/mtype287.a(uip6.o)
                0x000000000001dbf7                uip_chksum
                0x000000000001dcce                uip_icmp6chksum
                0x000000000001dce3                uip_udpchksum
                0x000000000001dcf8                uip_init
                0x000000000001dd41                uip_remove_ext_hdr
                0x000000000001de1b                uip_udp_new
                0x000000000001e12f                uip_process
                0x000000000001ec27                uip_htons
                0x000000000001ec49                uip_htonl
                0x000000000001ec87                uip_send
 .text          0x000000000001ed4d      0x369 build/cooja/mtype287.a(uip-ds6-nbr.o)
                0x000000000001ed4d                uip_ds6_neighbors_init
                0x000000000001ed71                uip_ds6_nbr_add
                0x000000000001edf7                uip_ds6_nbr_rm
                0x000000000001ee42                uip_ds6_nbr_update_ll
                0x000000000001ef30                uip_ds6_nbr_get_ipaddr
                0x000000000001ef45                uip_ds6_nbr_get_ll
                0x000000000001ef61                uip_ds6_nbr_num
                0x000000000001efaa                uip_ds6_nbr_head
                0x000000000001efc3                uip_ds6_nbr_next
                0x000000000001efdf                uip_ds6_nbr_lookup
                0x000000000001f037                uip_ds6_nbr_ll_lookup
                0x000000000001f053                uip_ds6_nbr_ipaddr_from_lladdr
                0x000000000001f07c                uip_ds6_nbr_lladdr_from_ipaddr
                0x000000000001f0b0                uip_ds6_link_callback
 .text          0x000000000001f0b6      0x6a7 build/cooja/mtype287.a(uip-nd6.o)
                0x000000000001f744                uip_nd6_init
 .text          0x000000000001f75d     0x2c17 build/cooja/mtype287.a(sicslowpan.o)
                0x000000000001fd64                netstack_sniffer_add
                0x000000000001fd72                netstack_sniffer_remove
                0x0000000000022348                sicslowpan_init
                0x000000000002236a                sicslowpan_get_last_rssi
 .text          0x0000000000022374      0x4d1 build/cooja/mtype287.a(uiplib.o)
                0x0000000000022374                uiplib_ip6addrconv
                0x000000000002252c                uiplib_ip4addrconv
                0x00000000000225ef                uiplib_ipaddr_print
                0x0000000000022642                uiplib_ipaddr_snprint
 .text          0x0000000000022845      0x4c9 build/cooja/mtype287.a(rpl.o)
                0x0000000000022845                rpl_lollipop_greater_than
                0x000000000002289f                rpl_get_global_address
                0x0000000000022997                rpl_link_callback
                0x00000000000229db                rpl_has_joined
                0x0000000000022a00                rpl_is_reachable
                0x0000000000022a81                rpl_reset_prefix
                0x0000000000022aeb                rpl_set_prefix_from_addr
                0x0000000000022bd0                rpl_set_prefix
                0x0000000000022cea                rpl_set_leaf_only
                0x0000000000022d02                rpl_get_leaf_only
 .text          0x0000000000022d0e     0x138c build/cooja/mtype287.a(rpl-icmp6.o)
                0x0000000000022e33                rpl_icmp6_update_nbr_table
                0x0000000000022ebc                rpl_icmp6_dis_output
                0x0000000000023502                rpl_icmp6_dio_output
                0x0000000000023d00                rpl_icmp6_dao_output
                0x0000000000023fe1                rpl_icmp6_dao_ack_output
                0x0000000000024051                rpl_icmp6_init
 .text          0x000000000002409a      0x264 build/cooja/mtype287.a(rpl-dag-root.o)
                0x000000000002409a                rpl_dag_root_print_links
                0x00000000000241c6                rpl_dag_root_set_prefix
                0x00000000000241f2                rpl_dag_root_start
                0x00000000000242cf                rpl_dag_root_is_root
 .text          0x00000000000242fe       0x30 build/cooja/mtype287.a(watchdog.o)
                0x00000000000242fe                watchdog_init
                0x0000000000024304                watchdog_start
                0x000000000002430a                watchdog_periodic
                0x0000000000024322                watchdog_stop
                0x0000000000024328                watchdog_reboot
 .text          0x000000000002432e       0x4a build/cooja/mtype287.a(int-master.o)
                0x000000000002432e                int_master_enable
                0x000000000002433e                int_master_read_and_disable
                0x000000000002435b                int_master_status_set
                0x0000000000024369                int_master_is_enabled
 .text          0x0000000000024378      0x226 build/cooja/mtype287.a(coap-timer-defa)
 .text          0x000000000002459e       0xc7 build/cooja/mtype287.a(stimer.o)
                0x000000000002459e                stimer_set
                0x00000000000245bc                stimer_reset
                0x00000000000245e9                stimer_restart
                0x00000000000245fe                stimer_expired
                0x0000000000024629                stimer_remaining
                0x000000000002464d                stimer_elapsed
 .text          0x0000000000024665      0x156 build/cooja/mtype287.a(ringbuf.o)
                0x0000000000024665                ringbuf_init
                0x0000000000024697                ringbuf_put
                0x0000000000024715                ringbuf_get
                0x0000000000024782                ringbuf_size
                0x0000000000024794                ringbuf_elements
 .text          0x00000000000247bb       0x1f build/cooja/mtype287.a(assert.o)
                0x00000000000247bb                _xassert
 .text          0x00000000000247da      0x79b build/cooja/mtype287.a(nbr-table.o)
                0x0000000000024c53                nbr_table_register
                0x0000000000024cc0                nbr_table_is_registered
                0x0000000000024cfb                nbr_table_head
                0x0000000000024d56                nbr_table_next
                0x0000000000024db7                nbr_table_add_lladdr
                0x0000000000024e91                nbr_table_get_from_lladdr
                0x0000000000024edd                nbr_table_remove
                0x0000000000024f15                nbr_table_lock
                0x0000000000024f2f                nbr_table_unlock
                0x0000000000024f49                nbr_table_get_lladdr
 .text          0x0000000000024f75      0x3a5 build/cooja/mtype287.a(link-stats.o)
                0x0000000000024f75                link_stats_from_lladdr
                0x0000000000024f91                link_stats_get_lladdr
                0x0000000000024fad                link_stats_is_fresh
                0x0000000000024fe9                guess_etx_from_rssi
                0x0000000000025065                link_stats_packet_sent
                0x0000000000025185                link_stats_input_callback
                0x0000000000025295                link_stats_reset
                0x00000000000252e5                link_stats_init
 .text          0x000000000002531a      0x187 build/cooja/mtype287.a(mac-sequence.o)
                0x000000000002531a                mac_sequence_is_duplicate
                0x00000000000253ba                mac_sequence_register_seqno
 .text          0x00000000000254a1       0x23 build/cooja/mtype287.a(mac.o)
                0x00000000000254a1                mac_call_sent_callback
 .text          0x00000000000254c4      0x432 build/cooja/mtype287.a(framer-802154.o)
                0x0000000000025653                framer_802154_setup_params
 .text          0x00000000000258f6      0xb6f build/cooja/mtype287.a(frame802154.o)
                0x0000000000025927                frame802154_get_pan_id
                0x0000000000025933                frame802154_set_pan_id
                0x000000000002594d                frame802154_has_panid
                0x0000000000025afc                frame802154_check_dest_panid
                0x0000000000025b84                frame802154_is_broadcast_addr
                0x0000000000025bd1                frame802154_extract_linkaddr
                0x0000000000025e36                frame802154_hdrlen
                0x0000000000025ea9                frame802154_create_fcf
                0x0000000000025f61                frame802154_create
                0x00000000000260d6                frame802154_parse_fcf
                0x00000000000261b8                frame802154_parse
 .text          0x0000000000026465       0x2d build/cooja/mtype287.a(csma-security.o)
                0x0000000000026465                csma_security_create_frame
                0x0000000000026483                csma_security_parse_frame
 .text          0x0000000000026492      0x4e4 build/cooja/mtype287.a(uipbuf.o)
                0x0000000000026492                uipbuf_clear
                0x00000000000264b9                uipbuf_add_ext_hdr
                0x0000000000026539                uipbuf_set_len
                0x0000000000026566                uipbuf_set_len_field
                0x0000000000026592                uipbuf_get_len_field
                0x00000000000265b2                uipbuf_get_next_header
                0x00000000000266e4                uipbuf_get_last_header
                0x000000000002675d                uipbuf_search_header
                0x0000000000026813                uipbuf_get_attr
                0x000000000002683a                uipbuf_set_attr
                0x0000000000026871                uipbuf_set_default_attr
                0x00000000000268a8                uipbuf_clear_attr
                0x00000000000268cc                uipbuf_set_attr_flag
                0x00000000000268ed                uipbuf_clr_attr_flag
                0x0000000000026914                uipbuf_is_attr_flag
                0x0000000000026938                uipbuf_init
 .text          0x0000000000026976      0x73f build/cooja/mtype287.a(uip-icmp6.o)
                0x00000000000269eb                uip_icmp6_input
                0x0000000000026a42                uip_icmp6_register_input_handler
                0x0000000000026b95                uip_icmp6_error_output
                0x0000000000026e46                uip_icmp6_send
                0x000000000002703d                uip_icmp6_echo_reply_callback_add
                0x000000000002706f                uip_icmp6_echo_reply_callback_rm
                0x000000000002708c                uip_icmp6_init
 .text          0x00000000000270b5      0x69b build/cooja/mtype287.a(uip-sr.o)
                0x00000000000270b5                uip_sr_num_nodes
                0x0000000000027143                uip_sr_get_node
                0x000000000002719a                uip_sr_is_addr_reachable
                0x0000000000027248                uip_sr_expire_parent
                0x0000000000027291                uip_sr_update_node
                0x00000000000273c1                uip_sr_init
                0x00000000000273f5                uip_sr_node_head
                0x000000000002740e                uip_sr_node_next
                0x0000000000027424                uip_sr_periodic
                0x000000000002752a                uip_sr_free_all
                0x000000000002759a                uip_sr_link_snprint
 .text          0x0000000000027750      0x146 build/cooja/mtype287.a(uip-packetqueue)
                0x000000000002777e                uip_packetqueue_new
                0x000000000002778d                uip_packetqueue_alloc
                0x00000000000277e8                uip_packetqueue_free
                0x000000000002782f                uip_packetqueue_buf
                0x000000000002784c                uip_packetqueue_buflen
                0x000000000002786d                uip_packetqueue_set_buflen
 .text          0x0000000000027896      0x1b0 build/cooja/mtype287.a(rpl-nbr-policy.)
                0x0000000000027a03                rpl_nbr_policy_find_removable
 .text          0x0000000000027a46      0x915 build/cooja/mtype287.a(rpl-neighbor.o)
                0x0000000000027ac2                rpl_neighbor_snprint
                0x0000000000027d75                rpl_neighbor_print_list
                0x0000000000027e2a                rpl_neighbor_count
                0x0000000000027ed1                rpl_neighbor_get_from_lladdr
                0x0000000000027eed                rpl_neighbor_is_acceptable_parent
                0x0000000000027f21                rpl_neighbor_get_link_metric
                0x0000000000027f55                rpl_neighbor_rank_via_nbr
                0x0000000000027f89                rpl_neighbor_get_lladdr
                0x0000000000027fa5                rpl_neighbor_get_ipaddr
                0x0000000000027fcc                rpl_neighbor_get_link_stats
                0x0000000000027ff3                rpl_neighbor_is_fresh
                0x000000000002801a                rpl_neighbor_is_reachable
                0x0000000000028065                rpl_neighbor_is_parent
                0x000000000002808f                rpl_neighbor_set_preferred_parent
                0x0000000000028126                rpl_neighbor_remove_all
                0x0000000000028182                rpl_neighbor_get_from_ipaddr
                0x0000000000028290                rpl_neighbor_select_best
                0x000000000002833c                rpl_neighbor_init
 .text          0x000000000002835b      0xe69 build/cooja/mtype287.a(rpl-dag.o)
                0x000000000002835b                rpl_dag_state_to_str
                0x000000000002839a                rpl_dag_get_root_ipaddr
                0x00000000000283e2                rpl_dag_leave
                0x000000000002846b                rpl_dag_poison_and_leave
                0x0000000000028483                rpl_dag_periodic
                0x000000000002850b                rpl_is_addr_in_our_dag
                0x000000000002854f                rpl_get_default_instance
                0x000000000002856b                rpl_get_any_dag
                0x00000000000285c4                rpl_refresh_routes
                0x0000000000028604                rpl_global_repair
                0x000000000002869d                rpl_local_repair
                0x00000000000286e7                rpl_dag_ready_to_advertise
                0x000000000002872a                rpl_dag_update_state
                0x0000000000028e57                rpl_process_dio
                0x0000000000028ed5                rpl_process_dis
                0x0000000000028f1a                rpl_process_dao
                0x0000000000028fa9                rpl_process_dao_ack
                0x0000000000029040                rpl_process_hbh
                0x0000000000029090                rpl_dag_init_root
                0x00000000000291a4                rpl_dag_init
 .text          0x00000000000291c4      0x9e7 build/cooja/mtype287.a(rpl-timers.o)
                0x00000000000291c4                rpl_timers_schedule_periodic_dis
                0x0000000000029312                rpl_timers_dio_reset
                0x0000000000029420                rpl_timers_schedule_unicast_dio
                0x0000000000029574                rpl_timers_schedule_dao
                0x0000000000029633                rpl_timers_schedule_dao_ack
                0x00000000000296b9                rpl_timers_notify_dao_ack
                0x0000000000029717                get_probing_delay
                0x000000000002974b                get_probing_target
                0x0000000000029935                rpl_schedule_probing
                0x0000000000029963                rpl_schedule_probing_now
                0x00000000000299cd                rpl_timers_unschedule_leaving
                0x0000000000029a05                rpl_timers_schedule_leaving
                0x0000000000029a46                rpl_timers_init
                0x0000000000029ad6                rpl_timers_stop_dag_timers
                0x0000000000029b4f                rpl_timers_unschedule_state_update
                0x0000000000029b73                rpl_timers_schedule_state_update
 .text          0x0000000000029bab      0xb8e build/cooja/mtype287.a(rpl-ext-header.)
                0x0000000000029bab                rpl_ext_header_srh_get_next_hop
                0x0000000000029c92                rpl_ext_header_srh_update
                0x000000000002a1fe                rpl_ext_header_hbh_update
                0x000000000002a4fe                rpl_ext_header_update
                0x000000000002a587                rpl_ext_header_remove
 .text          0x000000000002a739      0x31b build/cooja/mtype287.a(rpl-mrhof.o)
 *fill*         0x000000000002aa54        0xc 
 .text          0x000000000002aa60      0x122 /usr/lib/gcc/i686-linux-gnu/5/libgcc.a(_udivdi3.o)
                0x000000000002aa60                __udivdi3
 .text          0x000000000002ab82        0x0 /usr/lib/gcc/i686-linux-gnu/5/crtendS.o
 .text          0x000000000002ab82        0x0 /usr/lib/gcc/i686-linux-gnu/5/../../../i386-linux-gnu/crtn.o
 *(.gnu.warning)

.fini           0x000000000002ab84       0x14
 *(SORT(.fini))
 .fini          0x000000000002ab84        0xf /usr/lib/gcc/i686-linux-gnu/5/../../../i386-linux-gnu/crti.o
                0x000000000002ab84                _fini
 .fini          0x000000000002ab93        0x5 /usr/lib/gcc/i686-linux-gnu/5/../../../i386-linux-gnu/crtn.o
                [!provide]                        PROVIDE (__etext, .)
                [!provide]                        PROVIDE (_etext, .)
                [!provide]                        PROVIDE (etext, .)

.rodata         0x000000000002aba0      0xccb
 *(.rodata .rodata.* .gnu.linkonce.r.*)
 .rodata        0x000000000002aba0      0x25d oxygen_actuator.o
                0x000000000002ac90                autostart_processes
 *fill*         0x000000000002adfd        0x3 
 .rodata        0x000000000002ae00        0x8 build/cooja/mtype287.a(beep.o)
                0x000000000002ae00                beep_interface
 .rodata        0x000000000002ae08        0xe build/cooja/mtype287.a(leds-arch.o)
                0x000000000002ae08                leds_interface
                0x000000000002ae10                leds_arch_leds
 *fill*         0x000000000002ae16        0x2 
 .rodata        0x000000000002ae18        0x8 build/cooja/mtype287.a(moteid.o)
                0x000000000002ae18                moteid_interface
 .rodata        0x000000000002ae20       0x1c build/cooja/mtype287.a(pir-sensor.o)
                0x000000000002ae20                pir_interface
                0x000000000002ae2c                pir_sensor
 .rodata        0x000000000002ae3c        0xe build/cooja/mtype287.a(rs232.o)
                0x000000000002ae3c                rs232_interface
 *fill*         0x000000000002ae4a        0x2 
 .rodata        0x000000000002ae4c       0x24 build/cooja/mtype287.a(vib-sensor.o)
                0x000000000002ae4c                vib_interface
                0x000000000002ae60                vib_sensor
 .rodata        0x000000000002ae70        0x8 build/cooja/mtype287.a(clock.o)
                0x000000000002ae70                clock_interface
 .rodata        0x000000000002ae78        0x8 build/cooja/mtype287.a(cooja-log.o)
                0x000000000002ae78                simlog_interface
 .rodata        0x000000000002ae80       0x2f build/cooja/mtype287.a(cfs-cooja.o)
                0x000000000002ae80                cfs_interface
 *fill*         0x000000000002aeaf       0x11 
 .rodata        0x000000000002aec0       0xb8 build/cooja/mtype287.a(cooja-radio.o)
                0x000000000002aec0                radio_interface
                0x000000000002af40                cooja_radio_driver
 .rodata        0x000000000002af78        0x8 build/cooja/mtype287.a(eeprom.o)
                0x000000000002af78                eeprom_interface
 .rodata        0x000000000002af80        0x8 build/cooja/mtype287.a(sensors.o)
 .rodata        0x000000000002af88       0x2c build/cooja/mtype287.a(buttons.o)
                0x000000000002af88                button_interface
                0x000000000002af9c                button_hal_button_count
                0x000000000002afa4                button_sensor
 .rodata        0x000000000002afb4      0x112 build/cooja/mtype287.a(oxygen_generato)
 .rodata        0x000000000002b0c6       0x41 build/cooja/mtype287.a(coap-engine.o)
 .rodata        0x000000000002b107       0x19 build/cooja/mtype287.a(coap-res-well-k)
 .rodata        0x000000000002b120       0x11 build/cooja/mtype287.a(coap-observe.o)
 .rodata        0x000000000002b131       0x35 build/cooja/mtype287.a(coap-uip.o)
 *fill*         0x000000000002b166        0x2 
 .rodata        0x000000000002b168      0x1ac build/cooja/mtype287.a(coap.o)
 .rodata        0x000000000002b314       0xf4 build/cooja/mtype287.a(contiki-main.o)
 .rodata        0x000000000002b408        0xf build/cooja/mtype287.a(ctimer.o)
 *fill*         0x000000000002b417        0x1 
 .rodata        0x000000000002b418       0xc4 build/cooja/mtype287.a(log.o)
 .rodata        0x000000000002b4dc        0xc build/cooja/mtype287.a(etimer.o)
 .rodata        0x000000000002b4e8       0x13 build/cooja/mtype287.a(button-hal.o)
 .rodata        0x000000000002b4fb        0xe build/cooja/mtype287.a(serial-line.o)
 *fill*         0x000000000002b509        0x3 
 .rodata        0x000000000002b50c        0x8 build/cooja/mtype287.a(linkaddr.o)
                0x000000000002b50c                linkaddr_null
 .rodata        0x000000000002b514       0x24 build/cooja/mtype287.a(csma.o)
                0x000000000002b51c                csma_driver
 .rodata        0x000000000002b538       0x24 build/cooja/mtype287.a(csma-output.o)
 .rodata        0x000000000002b55c       0x4d build/cooja/mtype287.a(uip-ds6-route.o)
 .rodata        0x000000000002b5a9        0xd build/cooja/mtype287.a(tcpip.o)
 *fill*         0x000000000002b5b6        0x2 
 .rodata        0x000000000002b5b8       0x30 build/cooja/mtype287.a(sicslowpan.o)
                0x000000000002b5b8                unc_llconf
                0x000000000002b5bc                unc_ctxconf
                0x000000000002b5c0                unc_mxconf
                0x000000000002b5c4                llprefix
                0x000000000002b5d8                sicslowpan_driver
 .rodata        0x000000000002b5e8       0x2d build/cooja/mtype287.a(uiplib.o)
 *fill*         0x000000000002b615        0xb 
 .rodata        0x000000000002b620       0x74 build/cooja/mtype287.a(rpl.o)
                0x000000000002b640                rpl_lite_driver
 .rodata        0x000000000002b694       0x20 build/cooja/mtype287.a(coap-timer-defa)
                0x000000000002b6a8                coap_timer_default_driver
 .rodata        0x000000000002b6b4       0x25 build/cooja/mtype287.a(assert.o)
 *fill*         0x000000000002b6d9        0x3 
 .rodata        0x000000000002b6dc        0xc build/cooja/mtype287.a(framer-802154.o)
                0x000000000002b6dc                framer_802154
 .rodata        0x000000000002b6e8       0x44 build/cooja/mtype287.a(uip-sr.o)
 .rodata        0x000000000002b72c       0x58 build/cooja/mtype287.a(rpl-neighbor.o)
 .rodata        0x000000000002b784       0xdb build/cooja/mtype287.a(rpl-dag.o)
 .rodata        0x000000000002b85f        0xc build/cooja/mtype287.a(rpl-timers.o)

.rodata1
 *(.rodata1)

.eh_frame_hdr   0x000000000002b86c     0x1a5c
 *(.eh_frame_hdr)
 .eh_frame_hdr  0x000000000002b86c     0x1a5c oxygen_actuator.o
                0x000000000002b86c                __GNU_EH_FRAME_HDR
 *(.eh_frame_entry .eh_frame_entry.*)

.eh_frame       0x000000000002d2c8     0x6af0
 *(.eh_frame)
 .eh_frame      0x000000000002d2c8       0x3c /usr/lib/gcc/i686-linux-gnu/5/../../../i386-linux-gnu/crti.o
                                         0x40 (size before relaxing)
 .eh_frame      0x000000000002d304       0x84 oxygen_actuator.o
                                         0x9c (size before relaxing)
 .eh_frame      0x000000000002d388      0x178 build/cooja/mtype287.o
                                        0x190 (size before relaxing)
 .eh_frame      0x000000000002d500       0x40 build/cooja/mtype287.a(simEnvChange.o)
                                         0x58 (size before relaxing)
 .eh_frame      0x000000000002d540       0x60 build/cooja/mtype287.a(cooja_mt.o)
                                         0x78 (size before relaxing)
 .eh_frame      0x000000000002d5a0       0x80 build/cooja/mtype287.a(cooja_mtarch.o)
                                         0x98 (size before relaxing)
 .eh_frame      0x000000000002d620       0xc8 build/cooja/mtype287.a(rtimer-arch.o)
                                         0xe0 (size before relaxing)
 .eh_frame      0x000000000002d6e8      0x160 build/cooja/mtype287.a(beep.o)
                                        0x178 (size before relaxing)
 .eh_frame      0x000000000002d848       0x80 build/cooja/mtype287.a(leds-arch.o)
                                         0x98 (size before relaxing)
 .eh_frame      0x000000000002d8c8       0x40 build/cooja/mtype287.a(moteid.o)
                                         0x58 (size before relaxing)
 .eh_frame      0x000000000002d908       0xa0 build/cooja/mtype287.a(pir-sensor.o)
                                         0xb8 (size before relaxing)
 .eh_frame      0x000000000002d9a8      0x100 build/cooja/mtype287.a(rs232.o)
                                        0x118 (size before relaxing)
 .eh_frame      0x000000000002daa8       0xa0 build/cooja/mtype287.a(vib-sensor.o)
                                         0xb8 (size before relaxing)
 .eh_frame      0x000000000002db48       0xc0 build/cooja/mtype287.a(clock.o)
                                         0xd8 (size before relaxing)
 .eh_frame      0x000000000002dc08      0x120 build/cooja/mtype287.a(cooja-log.o)
                                        0x138 (size before relaxing)
 .eh_frame      0x000000000002dd28      0x160 build/cooja/mtype287.a(cfs-cooja.o)
                                        0x178 (size before relaxing)
 .eh_frame      0x000000000002de88      0x340 build/cooja/mtype287.a(cooja-radio.o)
                                        0x358 (size before relaxing)
 .eh_frame      0x000000000002e1c8       0xa0 build/cooja/mtype287.a(eeprom.o)
                                         0xb8 (size before relaxing)
 .eh_frame      0x000000000002e268       0x40 build/cooja/mtype287.a(random.o)
                                         0x58 (size before relaxing)
 .eh_frame      0x000000000002e2a8       0xc0 build/cooja/mtype287.a(sensors.o)
                                         0xd8 (size before relaxing)
 .eh_frame      0x000000000002e368      0x120 build/cooja/mtype287.a(leds.o)
                                        0x138 (size before relaxing)
 .eh_frame      0x000000000002e488      0x220 build/cooja/mtype287.a(gpio-hal-arch.o)
                                        0x238 (size before relaxing)
 .eh_frame      0x000000000002e6a8       0xa0 build/cooja/mtype287.a(buttons.o)
                                         0xb8 (size before relaxing)
 .eh_frame      0x000000000002e748       0x60 build/cooja/mtype287.a(oxygen_generato)
                                         0x78 (size before relaxing)
 .eh_frame      0x000000000002e7a8      0x1c4 build/cooja/mtype287.a(coap-observe-cl)
                                        0x1dc (size before relaxing)
 .eh_frame      0x000000000002e96c       0x44 build/cooja/mtype287.a(coap-blocking-a)
                                         0x5c (size before relaxing)
 .eh_frame      0x000000000002e9b0      0x220 build/cooja/mtype287.a(coap-engine.o)
                                        0x238 (size before relaxing)
 .eh_frame      0x000000000002ebd0       0x24 build/cooja/mtype287.a(coap-res-well-k)
                                         0x3c (size before relaxing)
 .eh_frame      0x000000000002ebf4      0x188 build/cooja/mtype287.a(coap-observe.o)
                                        0x1a0 (size before relaxing)
 .eh_frame      0x000000000002ed7c      0x250 build/cooja/mtype287.a(coap-uip.o)
                                        0x268 (size before relaxing)
 .eh_frame      0x000000000002efcc      0x114 build/cooja/mtype287.a(coap-timer.o)
                                        0x12c (size before relaxing)
 .eh_frame      0x000000000002f0e0      0x100 build/cooja/mtype287.a(coap-transactio)
                                        0x118 (size before relaxing)
 .eh_frame      0x000000000002f1e0      0x6ec build/cooja/mtype287.a(coap.o)
                                        0x704 (size before relaxing)
 .eh_frame      0x000000000002f8cc       0x30 build/cooja/mtype287.a(contiki-main.o)
                                         0x48 (size before relaxing)
 .eh_frame      0x000000000002f8fc       0x40 build/cooja/mtype287.a(autostart.o)
                                         0x58 (size before relaxing)
 .eh_frame      0x000000000002f93c      0x100 build/cooja/mtype287.a(ctimer.o)
                                        0x118 (size before relaxing)
 .eh_frame      0x000000000002fa3c      0x100 build/cooja/mtype287.a(log.o)
                                        0x118 (size before relaxing)
 .eh_frame      0x000000000002fb3c       0x60 build/cooja/mtype287.a(energest.o)
                                         0x78 (size before relaxing)
 .eh_frame      0x000000000002fb9c      0x1e0 build/cooja/mtype287.a(etimer.o)
                                        0x1f8 (size before relaxing)
 .eh_frame      0x000000000002fd7c       0x20 build/cooja/mtype287.a(node-id.o)
                                         0x38 (size before relaxing)
 .eh_frame      0x000000000002fd9c       0x60 build/cooja/mtype287.a(rtimer.o)
                                         0x78 (size before relaxing)
 .eh_frame      0x000000000002fdfc      0x1c4 build/cooja/mtype287.a(process.o)
                                        0x1dc (size before relaxing)
 .eh_frame      0x000000000002ffc0       0xa4 build/cooja/mtype287.a(timer.o)
                                         0xbc (size before relaxing)
 .eh_frame      0x0000000000030064      0x1a0 build/cooja/mtype287.a(list.o)
                                        0x1b8 (size before relaxing)
 .eh_frame      0x0000000000030204       0xa0 build/cooja/mtype287.a(memb.o)
                                         0xb8 (size before relaxing)
 .eh_frame      0x00000000000302a4      0x144 build/cooja/mtype287.a(button-hal.o)
                                        0x15c (size before relaxing)
 .eh_frame      0x00000000000303e8       0x60 build/cooja/mtype287.a(serial-line.o)
                                         0x78 (size before relaxing)
 .eh_frame      0x0000000000030448       0xe0 build/cooja/mtype287.a(gpio-hal.o)
                                         0xf8 (size before relaxing)
 .eh_frame      0x0000000000030528      0x1a0 build/cooja/mtype287.a(queuebuf.o)
                                        0x1b8 (size before relaxing)
 .eh_frame      0x00000000000306c8      0x28c build/cooja/mtype287.a(packetbuf.o)
                                        0x2a4 (size before relaxing)
 .eh_frame      0x0000000000030954       0x80 build/cooja/mtype287.a(netstack.o)
                                         0x98 (size before relaxing)
 .eh_frame      0x00000000000309d4       0x60 build/cooja/mtype287.a(linkaddr.o)
                                         0x78 (size before relaxing)
 .eh_frame      0x0000000000030a34       0xe0 build/cooja/mtype287.a(csma.o)
                                         0xf8 (size before relaxing)
 .eh_frame      0x0000000000030b14      0x1d0 build/cooja/mtype287.a(csma-output.o)
                                        0x1e8 (size before relaxing)
 .eh_frame      0x0000000000030ce4      0x328 build/cooja/mtype287.a(uip-ds6.o)
                                        0x340 (size before relaxing)
 .eh_frame      0x000000000003100c       0x40 build/cooja/mtype287.a(uip-udp-packet.)
                                         0x58 (size before relaxing)
 .eh_frame      0x000000000003104c      0x220 build/cooja/mtype287.a(uip-ds6-route.o)
                                        0x238 (size before relaxing)
 .eh_frame      0x000000000003126c      0x244 build/cooja/mtype287.a(tcpip.o)
                                        0x25c (size before relaxing)
 .eh_frame      0x00000000000314b0      0x1e8 build/cooja/mtype287.a(uip6.o)
                                        0x200 (size before relaxing)
 .eh_frame      0x0000000000031698      0x1c0 build/cooja/mtype287.a(uip-ds6-nbr.o)
                                        0x1d8 (size before relaxing)
 .eh_frame      0x0000000000031858       0x84 build/cooja/mtype287.a(uip-nd6.o)
                                         0x9c (size before relaxing)
 .eh_frame      0x00000000000318dc      0x2f8 build/cooja/mtype287.a(sicslowpan.o)
                                        0x310 (size before relaxing)
 .eh_frame      0x0000000000031bd4       0x88 build/cooja/mtype287.a(uiplib.o)
                                         0xa0 (size before relaxing)
 .eh_frame      0x0000000000031c5c      0x1e0 build/cooja/mtype287.a(rpl.o)
                                        0x1f8 (size before relaxing)
 .eh_frame      0x0000000000031e3c      0x1c4 build/cooja/mtype287.a(rpl-icmp6.o)
                                        0x1dc (size before relaxing)
 .eh_frame      0x0000000000032000       0xa0 build/cooja/mtype287.a(rpl-dag-root.o)
                                         0xb8 (size before relaxing)
 .eh_frame      0x00000000000320a0       0xa0 build/cooja/mtype287.a(watchdog.o)
                                         0xb8 (size before relaxing)
 .eh_frame      0x0000000000032140       0x80 build/cooja/mtype287.a(int-master.o)
                                         0x98 (size before relaxing)
 .eh_frame      0x00000000000321c0       0xa4 build/cooja/mtype287.a(coap-timer-defa)
                                         0xbc (size before relaxing)
 .eh_frame      0x0000000000032264       0xc4 build/cooja/mtype287.a(stimer.o)
                                         0xdc (size before relaxing)
 .eh_frame      0x0000000000032328       0xa0 build/cooja/mtype287.a(ringbuf.o)
                                         0xb8 (size before relaxing)
 .eh_frame      0x00000000000323c8       0x20 build/cooja/mtype287.a(assert.o)
                                         0x38 (size before relaxing)
 .eh_frame      0x00000000000323e8      0x2ac build/cooja/mtype287.a(nbr-table.o)
                                        0x2c4 (size before relaxing)
 .eh_frame      0x0000000000032694      0x120 build/cooja/mtype287.a(link-stats.o)
                                        0x138 (size before relaxing)
 .eh_frame      0x00000000000327b4       0x48 build/cooja/mtype287.a(mac-sequence.o)
                                         0x60 (size before relaxing)
 .eh_frame      0x00000000000327fc       0x20 build/cooja/mtype287.a(mac.o)
                                         0x38 (size before relaxing)
 .eh_frame      0x000000000003281c       0xa4 build/cooja/mtype287.a(framer-802154.o)
                                         0xbc (size before relaxing)
 .eh_frame      0x00000000000328c0      0x1a4 build/cooja/mtype287.a(frame802154.o)
                                        0x1bc (size before relaxing)
 .eh_frame      0x0000000000032a64       0x40 build/cooja/mtype287.a(csma-security.o)
                                         0x58 (size before relaxing)
 .eh_frame      0x0000000000032aa4      0x200 build/cooja/mtype287.a(uipbuf.o)
                                        0x218 (size before relaxing)
 .eh_frame      0x0000000000032ca4      0x150 build/cooja/mtype287.a(uip-icmp6.o)
                                        0x168 (size before relaxing)
 .eh_frame      0x0000000000032df4      0x184 build/cooja/mtype287.a(uip-sr.o)
                                        0x19c (size before relaxing)
 .eh_frame      0x0000000000032f78       0xe0 build/cooja/mtype287.a(uip-packetqueue)
                                         0xf8 (size before relaxing)
 .eh_frame      0x0000000000033058       0x80 build/cooja/mtype287.a(rpl-nbr-policy.)
                                         0x98 (size before relaxing)
 .eh_frame      0x00000000000330d8      0x2d4 build/cooja/mtype287.a(rpl-neighbor.o)
                                        0x2ec (size before relaxing)
 .eh_frame      0x00000000000333ac      0x370 build/cooja/mtype287.a(rpl-dag.o)
                                        0x388 (size before relaxing)
 .eh_frame      0x000000000003371c      0x3a8 build/cooja/mtype287.a(rpl-timers.o)
                                        0x3c0 (size before relaxing)
 .eh_frame      0x0000000000033ac4      0x124 build/cooja/mtype287.a(rpl-ext-header.)
                                        0x13c (size before relaxing)
 .eh_frame      0x0000000000033be8      0x148 build/cooja/mtype287.a(rpl-mrhof.o)
                                        0x160 (size before relaxing)
 .eh_frame      0x0000000000033d30       0x84 /usr/lib/gcc/i686-linux-gnu/5/libgcc.a(_udivdi3.o)
                                         0x9c (size before relaxing)
 .eh_frame      0x0000000000033db4        0x4 /usr/lib/gcc/i686-linux-gnu/5/crtendS.o
 *(.eh_frame.*)

.gcc_except_table
 *(.gcc_except_table .gcc_except_table.*)

.gnu_extab
 *(.gnu_extab*)

.exception_ranges
 *(.exception_ranges .exception_ranges*)
                0x0000000000034f10                . = DATA_SEGMENT_ALIGN (0x1000, 0x1000)

.eh_frame
 *(.eh_frame)
 *(.eh_frame.*)

.gnu_extab
 *(.gnu_extab)

.gcc_except_table
 *(.gcc_except_table .gcc_except_table.*)

.exception_ranges
 *(.exception_ranges .exception_ranges*)

.tdata
 *(.tdata .tdata.* .gnu.linkonce.td.*)

.tbss
 *(.tbss .tbss.* .gnu.linkonce.tb.*)
 *(.tcommon)

.preinit_array
 *(.preinit_array)

.init_array     0x0000000000034f10        0x4
 *(SORT(.init_array.*) SORT(.ctors.*))
 *(.init_array EXCLUDE_FILE(*crtend?.o *crtend.o *crtbegin?.o *crtbegin.o) .ctors)
 .init_array    0x0000000000034f10        0x4 /usr/lib/gcc/i686-linux-gnu/5/crtbeginS.o

.fini_array     0x0000000000034f14        0x4
 *(SORT(.fini_array.*) SORT(.dtors.*))
 *(.fini_array EXCLUDE_FILE(*crtend?.o *crtend.o *crtbegin?.o *crtbegin.o) .dtors)
 .fini_array    0x0000000000034f14        0x4 /usr/lib/gcc/i686-linux-gnu/5/crtbeginS.o

.ctors
 *crtbegin.o(.ctors)
 *crtbegin?.o(.ctors)
 *(EXCLUDE_FILE(*crtend?.o *crtend.o) .ctors)
 *(SORT(.ctors.*))
 *(.ctors)

.dtors
 *crtbegin.o(.dtors)
 *crtbegin?.o(.dtors)
 *(EXCLUDE_FILE(*crtend?.o *crtend.o) .dtors)
 *(SORT(.dtors.*))
 *(.dtors)

.jcr            0x0000000000034f18        0x4
 *(.jcr)
 .jcr           0x0000000000034f18        0x0 /usr/lib/gcc/i686-linux-gnu/5/crtbeginS.o
 .jcr           0x0000000000034f18        0x4 /usr/lib/gcc/i686-linux-gnu/5/crtendS.o

.data.rel.ro
 *(.data.rel.ro.local* .gnu.linkonce.d.rel.ro.local.*)
 *(.data.rel.ro .data.rel.ro.* .gnu.linkonce.d.rel.ro.*)

.dynamic        0x0000000000034f1c       0xd0
 *(.dynamic)
 .dynamic       0x0000000000034f1c       0xd0 /usr/lib/gcc/i686-linux-gnu/5/../../../i386-linux-gnu/crti.o
                0x0000000000034f1c                _DYNAMIC

.got            0x0000000000034fec       0x14
 *(.got)
 .got           0x0000000000034fec       0x14 /usr/lib/gcc/i686-linux-gnu/5/../../../i386-linux-gnu/crti.o
 *(.igot)
                0x0000000000035ff4                . = DATA_SEGMENT_RELRO_END (., (SIZEOF (.got.plt) >= 0xc)?0xc:0x0)

.got.plt        0x0000000000035000        0xc
 *(.got.plt)
 .got.plt       0x0000000000035000        0xc /usr/lib/gcc/i686-linux-gnu/5/../../../i386-linux-gnu/crti.o
                0x0000000000035000                _GLOBAL_OFFSET_TABLE_
 *(.igot.plt)

.data           0x0000000000035020      0x464
 *(.data .data.* .gnu.linkonce.d.*)
 .data          0x0000000000035020        0x0 /usr/lib/gcc/i686-linux-gnu/5/../../../i386-linux-gnu/crti.o
 .data          0x0000000000035020        0x0 /usr/lib/gcc/i686-linux-gnu/5/crtbeginS.o
 .data.rel.local
                0x0000000000035020        0x4 /usr/lib/gcc/i686-linux-gnu/5/crtbeginS.o
                0x0000000000035020                __dso_handle
 .data          0x0000000000035024       0x14 oxygen_actuator.o
                0x0000000000035028                oxygen_actuator
 *fill*         0x0000000000035038        0x8 
 .data          0x0000000000035040       0x44 build/cooja/mtype287.o
                0x0000000000035040                simInterfaces
                0x0000000000035074                sensors
 .data          0x0000000000035084        0x0 build/cooja/mtype287.a(simEnvChange.o)
 .data          0x0000000000035084        0x0 build/cooja/mtype287.a(cooja_mt.o)
 .data          0x0000000000035084        0x0 build/cooja/mtype287.a(cooja_mtarch.o)
 .data          0x0000000000035084        0x0 build/cooja/mtype287.a(rtimer-arch.o)
 .data          0x0000000000035084        0x0 build/cooja/mtype287.a(beep.o)
 .data          0x0000000000035084        0x0 build/cooja/mtype287.a(leds-arch.o)
 .data          0x0000000000035084        0x0 build/cooja/mtype287.a(moteid.o)
 .data          0x0000000000035084        0x0 build/cooja/mtype287.a(pir-sensor.o)
 .data          0x0000000000035084        0x0 build/cooja/mtype287.a(rs232.o)
 .data          0x0000000000035084        0x0 build/cooja/mtype287.a(vib-sensor.o)
 .data          0x0000000000035084        0x0 build/cooja/mtype287.a(clock.o)
 .data          0x0000000000035084        0x0 build/cooja/mtype287.a(cooja-log.o)
 .data          0x0000000000035084        0x0 build/cooja/mtype287.a(cfs-cooja.o)
 .data          0x0000000000035084       0x2c build/cooja/mtype287.a(cooja-radio.o)
                0x0000000000035084                simRadioHWOn
                0x0000000000035088                simSignalStrength
                0x000000000003508c                simLastSignalStrength
                0x0000000000035090                simPower
                0x0000000000035094                simRadioChannel
                0x0000000000035098                simLQI
                0x00000000000350a0                cooja_radio_process
 .data          0x00000000000350b0        0x0 build/cooja/mtype287.a(eeprom.o)
 .data          0x00000000000350b0        0x0 build/cooja/mtype287.a(random.o)
 .data          0x00000000000350b0       0x10 build/cooja/mtype287.a(sensors.o)
                0x00000000000350b0                sensors_process
 .data          0x00000000000350c0        0x0 build/cooja/mtype287.a(leds.o)
 .data          0x00000000000350c0        0x0 build/cooja/mtype287.a(gpio-hal-arch.o)
 .data          0x00000000000350c0       0x78 build/cooja/mtype287.a(buttons.o)
                0x00000000000350c0                simButtonIsActive
                0x0000000000035130                button_hal_buttons
 *fill*         0x0000000000035138        0x8 
 .data          0x0000000000035140       0x44 build/cooja/mtype287.a(oxygen_generato)
                0x0000000000035140                GOOD_OXYGEN_LEVEL
                0x0000000000035160                oxygen_generator
 .data          0x0000000000035184       0x10 build/cooja/mtype287.a(coap-observe-cl)
 .data          0x0000000000035194        0x0 build/cooja/mtype287.a(coap-blocking-a)
 .data          0x0000000000035194        0x8 build/cooja/mtype287.a(coap-engine.o)
 *fill*         0x000000000003519c        0x4 
 .data          0x00000000000351a0       0x24 build/cooja/mtype287.a(coap-res-well-k)
                0x00000000000351a0                res_well_known_core
 .data          0x00000000000351c4       0x10 build/cooja/mtype287.a(coap-observe.o)
 .data          0x00000000000351d4       0x10 build/cooja/mtype287.a(coap-uip.o)
                0x00000000000351d4                coap_engine
 .data          0x00000000000351e4        0x4 build/cooja/mtype287.a(coap-timer.o)
 .data          0x00000000000351e8       0x10 build/cooja/mtype287.a(coap-transactio)
 .data          0x00000000000351f8        0x4 build/cooja/mtype287.a(coap.o)
                0x00000000000351f8                coap_error_message
 .data          0x00000000000351fc        0x0 build/cooja/mtype287.a(contiki-main.o)
 .data          0x00000000000351fc        0x0 build/cooja/mtype287.a(autostart.o)
 .data          0x00000000000351fc       0x14 build/cooja/mtype287.a(ctimer.o)
                0x0000000000035200                ctimer_process
 *fill*         0x0000000000035210       0x10 
 .data          0x0000000000035220       0xbc build/cooja/mtype287.a(log.o)
                0x0000000000035220                curr_log_level_main
                0x0000000000035240                all_modules
 .data          0x00000000000352dc        0x0 build/cooja/mtype287.a(energest.o)
 .data          0x00000000000352dc       0x10 build/cooja/mtype287.a(etimer.o)
                0x00000000000352dc                etimer_process
 .data          0x00000000000352ec        0x0 build/cooja/mtype287.a(node-id.o)
 .data          0x00000000000352ec        0x0 build/cooja/mtype287.a(rtimer.o)
 .data          0x00000000000352ec        0x0 build/cooja/mtype287.a(process.o)
 .data          0x00000000000352ec        0x0 build/cooja/mtype287.a(timer.o)
 .data          0x00000000000352ec        0x0 build/cooja/mtype287.a(list.o)
 .data          0x00000000000352ec        0x0 build/cooja/mtype287.a(memb.o)
 .data          0x00000000000352ec       0x10 build/cooja/mtype287.a(button-hal.o)
                0x00000000000352ec                button_hal_process
 .data          0x00000000000352fc       0x10 build/cooja/mtype287.a(serial-line.o)
                0x00000000000352fc                serial_line_process
 .data          0x000000000003530c        0x4 build/cooja/mtype287.a(gpio-hal.o)
 .data          0x0000000000035310       0x18 build/cooja/mtype287.a(queuebuf.o)
 .data          0x0000000000035328        0x4 build/cooja/mtype287.a(packetbuf.o)
 .data          0x000000000003532c        0x4 build/cooja/mtype287.a(netstack.o)
 .data          0x0000000000035330        0x0 build/cooja/mtype287.a(linkaddr.o)
 .data          0x0000000000035330        0x0 build/cooja/mtype287.a(csma.o)
 .data          0x0000000000035330       0x28 build/cooja/mtype287.a(csma-output.o)
 .data          0x0000000000035358        0x0 build/cooja/mtype287.a(uip-ds6.o)
 .data          0x0000000000035358        0x0 build/cooja/mtype287.a(uip-udp-packet.)
 .data          0x0000000000035358       0x10 build/cooja/mtype287.a(uip-ds6-route.o)
 .data          0x0000000000035368       0x10 build/cooja/mtype287.a(tcpip.o)
                0x0000000000035368                tcpip_process
 .data          0x0000000000035378        0x0 build/cooja/mtype287.a(uip6.o)
 .data          0x0000000000035378       0x14 build/cooja/mtype287.a(uip-ds6-nbr.o)
 .data          0x000000000003538c        0xc build/cooja/mtype287.a(uip-nd6.o)
 .data          0x0000000000035398        0x0 build/cooja/mtype287.a(sicslowpan.o)
 .data          0x0000000000035398        0x0 build/cooja/mtype287.a(uiplib.o)
 .data          0x0000000000035398        0x0 build/cooja/mtype287.a(rpl.o)
 .data          0x0000000000035398       0x30 build/cooja/mtype287.a(rpl-icmp6.o)
 .data          0x00000000000353c8        0x0 build/cooja/mtype287.a(rpl-dag-root.o)
 .data          0x00000000000353c8        0x0 build/cooja/mtype287.a(watchdog.o)
 .data          0x00000000000353c8        0x0 build/cooja/mtype287.a(int-master.o)
 .data          0x00000000000353c8       0x10 build/cooja/mtype287.a(coap-timer-defa)
                0x00000000000353c8                coap_timer_process
 .data          0x00000000000353d8        0x0 build/cooja/mtype287.a(stimer.o)
 .data          0x00000000000353d8        0x0 build/cooja/mtype287.a(ringbuf.o)
 .data          0x00000000000353d8        0x0 build/cooja/mtype287.a(assert.o)
 .data          0x00000000000353d8       0x10 build/cooja/mtype287.a(nbr-table.o)
 .data          0x00000000000353e8       0x14 build/cooja/mtype287.a(link-stats.o)
 .data          0x00000000000353fc        0x0 build/cooja/mtype287.a(mac-sequence.o)
 .data          0x00000000000353fc        0x0 build/cooja/mtype287.a(mac.o)
 .data          0x00000000000353fc        0x0 build/cooja/mtype287.a(framer-802154.o)
 .data          0x00000000000353fc        0x2 build/cooja/mtype287.a(frame802154.o)
 .data          0x00000000000353fe        0x0 build/cooja/mtype287.a(csma-security.o)
 .data          0x00000000000353fe        0x0 build/cooja/mtype287.a(uipbuf.o)
 *fill*         0x00000000000353fe        0x2 
 .data          0x0000000000035400       0x20 build/cooja/mtype287.a(uip-icmp6.o)
 .data          0x0000000000035420       0x10 build/cooja/mtype287.a(uip-sr.o)
 .data          0x0000000000035430        0xc build/cooja/mtype287.a(uip-packetqueue)
 .data          0x000000000003543c        0x0 build/cooja/mtype287.a(rpl-nbr-policy.)
 .data          0x000000000003543c       0x14 build/cooja/mtype287.a(rpl-neighbor.o)
                0x000000000003544c                rpl_neighbors
 .data          0x0000000000035450        0x0 build/cooja/mtype287.a(rpl-dag.o)
 .data          0x0000000000035450        0x0 build/cooja/mtype287.a(rpl-timers.o)
 .data          0x0000000000035450        0x0 build/cooja/mtype287.a(rpl-ext-header.)
 *fill*         0x0000000000035450       0x10 
 .data          0x0000000000035460       0x24 build/cooja/mtype287.a(rpl-mrhof.o)
                0x0000000000035460                rpl_mrhof
 .data          0x0000000000035484        0x0 /usr/lib/gcc/i686-linux-gnu/5/libgcc.a(_udivdi3.o)
 .data          0x0000000000035484        0x0 /usr/lib/gcc/i686-linux-gnu/5/crtendS.o
 .data          0x0000000000035484        0x0 /usr/lib/gcc/i686-linux-gnu/5/../../../i386-linux-gnu/crtn.o

.tm_clone_table
                0x0000000000035484        0x0
 .tm_clone_table
                0x0000000000035484        0x0 /usr/lib/gcc/i686-linux-gnu/5/crtbeginS.o
 .tm_clone_table
                0x0000000000035484        0x0 /usr/lib/gcc/i686-linux-gnu/5/crtendS.o

.data1
 *(.data1)
                0x0000000000035484                _edata = .
                [!provide]                        PROVIDE (edata, .)
                0x0000000000035484                . = .
                0x0000000000035484                __bss_start = .

.bss            0x00000000000354a0    0x141a4
 *(.dynbss)
 .dynbss        0x00000000000354a0        0x0 /usr/lib/gcc/i686-linux-gnu/5/../../../i386-linux-gnu/crti.o
 *(.bss .bss.* .gnu.linkonce.b.*)
 .bss           0x00000000000354a0        0x0 /usr/lib/gcc/i686-linux-gnu/5/../../../i386-linux-gnu/crti.o
 .bss           0x00000000000354a0        0x1 /usr/lib/gcc/i686-linux-gnu/5/crtbeginS.o
 *fill*         0x00000000000354a1       0x1f 
 .bss           0x00000000000354c0      0x18c oxygen_actuator.o
                0x00000000000354c0                oxygen_level
 *fill*         0x000000000003564c       0x14 
 .bss           0x0000000000035660     0x2030 build/cooja/mtype287.o
 .bss           0x0000000000037690        0x1 build/cooja/mtype287.a(simEnvChange.o)
                0x0000000000037690                simDontFallAsleep
 *fill*         0x0000000000037691        0x3 
 .bss           0x0000000000037694        0x4 build/cooja/mtype287.a(cooja_mt.o)
 .bss           0x0000000000037698        0x4 build/cooja/mtype287.a(cooja_mtarch.o)
 .bss           0x000000000003769c        0x0 build/cooja/mtype287.a(rtimer-arch.o)
 .bss           0x000000000003769c        0x0 build/cooja/mtype287.a(beep.o)
 .bss           0x000000000003769c        0x1 build/cooja/mtype287.a(leds-arch.o)
                0x000000000003769c                simLedsValue
 .bss           0x000000000003769d        0x0 build/cooja/mtype287.a(moteid.o)
 .bss           0x000000000003769d        0x1 build/cooja/mtype287.a(pir-sensor.o)
                0x000000000003769d                simPirValue
 *fill*         0x000000000003769e        0x2 
 .bss           0x00000000000376a0        0x4 build/cooja/mtype287.a(rs232.o)
 .bss           0x00000000000376a4        0x1 build/cooja/mtype287.a(vib-sensor.o)
                0x00000000000376a4                simVibValue
 .bss           0x00000000000376a5        0x0 build/cooja/mtype287.a(clock.o)
 *fill*         0x00000000000376a5       0x1b 
 .bss           0x00000000000376c0     0x2020 build/cooja/mtype287.a(cooja-log.o)
 .bss           0x00000000000396e0      0xfc0 build/cooja/mtype287.a(cfs-cooja.o)
                0x00000000000396e0                simCFSData
                0x000000000003a680                simCFSSize
                0x000000000003a684                simCFSChanged
                0x000000000003a688                simCFSRead
                0x000000000003a68c                simCFSWritten
 .bss           0x000000000003a6a0       0x24 build/cooja/mtype287.a(cooja-radio.o)
                0x000000000003a6a0                simReceiving
                0x000000000003a6a4                simInSize
                0x000000000003a6a8                simLastPacketTimestamp
                0x000000000003a6b0                simOutSize
 .bss           0x000000000003a6c4        0xc build/cooja/mtype287.a(eeprom.o)
                0x000000000003a6c4                simEEPROMChanged
                0x000000000003a6c8                simEEPROMRead
                0x000000000003a6cc                simEEPROMWritten
 .bss           0x000000000003a6d0        0x0 build/cooja/mtype287.a(random.o)
 .bss           0x000000000003a6d0        0xc build/cooja/mtype287.a(sensors.o)
 .bss           0x000000000003a6dc        0x0 build/cooja/mtype287.a(leds.o)
 .bss           0x000000000003a6dc       0x24 build/cooja/mtype287.a(gpio-hal-arch.o)
 .bss           0x000000000003a700        0x0 build/cooja/mtype287.a(buttons.o)
 .bss           0x000000000003a700        0x8 build/cooja/mtype287.a(oxygen_generato)
                0x000000000003a700                status
 *fill*         0x000000000003a708       0x18 
 .bss           0x000000000003a720      0x1b1 build/cooja/mtype287.a(coap-observe-cl)
 .bss           0x000000000003a8d1        0x0 build/cooja/mtype287.a(coap-blocking-a)
 *fill*         0x000000000003a8d1        0xf 
 .bss           0x000000000003a8e0      0x190 build/cooja/mtype287.a(coap-engine.o)
 .bss           0x000000000003aa70        0x0 build/cooja/mtype287.a(coap-res-well-k)
 *fill*         0x000000000003aa70       0x10 
 .bss           0x000000000003aa80      0x120 build/cooja/mtype287.a(coap-observe.o)
 .bss           0x000000000003aba0       0x18 build/cooja/mtype287.a(coap-uip.o)
 .bss           0x000000000003abb8        0x5 build/cooja/mtype287.a(coap-timer.o)
 *fill*         0x000000000003abbd        0x3 
 .bss           0x000000000003abc0      0x334 build/cooja/mtype287.a(coap-transactio)
 .bss           0x000000000003aef4        0x6 build/cooja/mtype287.a(coap.o)
                0x000000000003aef4                coap_status_code
 .bss           0x000000000003aefa        0x0 build/cooja/mtype287.a(contiki-main.o)
 .bss           0x000000000003aefa        0x0 build/cooja/mtype287.a(autostart.o)
 *fill*         0x000000000003aefa        0x2 
 .bss           0x000000000003aefc        0x5 build/cooja/mtype287.a(ctimer.o)
 *fill*         0x000000000003af01        0x3 
 .bss           0x000000000003af04       0x2c build/cooja/mtype287.a(log.o)
                0x000000000003af04                curr_log_level_rpl
                0x000000000003af08                curr_log_level_tcpip
                0x000000000003af0c                curr_log_level_ipv6
                0x000000000003af10                curr_log_level_6lowpan
                0x000000000003af14                curr_log_level_nullnet
                0x000000000003af18                curr_log_level_mac
                0x000000000003af1c                curr_log_level_framer
                0x000000000003af20                curr_log_level_6top
                0x000000000003af24                curr_log_level_coap
                0x000000000003af28                curr_log_level_snmp
                0x000000000003af2c                curr_log_level_lwm2m
 .bss           0x000000000003af30        0x0 build/cooja/mtype287.a(energest.o)
 .bss           0x000000000003af30        0x8 build/cooja/mtype287.a(etimer.o)
 .bss           0x000000000003af38        0x2 build/cooja/mtype287.a(node-id.o)
                0x000000000003af38                node_id
 *fill*         0x000000000003af3a        0x2 
 .bss           0x000000000003af3c        0x4 build/cooja/mtype287.a(rtimer.o)
 .bss           0x000000000003af40      0x1a1 build/cooja/mtype287.a(process.o)
                0x000000000003af40                process_list
                0x000000000003af44                process_current
 .bss           0x000000000003b0e1        0x0 build/cooja/mtype287.a(timer.o)
 .bss           0x000000000003b0e1        0x0 build/cooja/mtype287.a(list.o)
 .bss           0x000000000003b0e1        0x0 build/cooja/mtype287.a(memb.o)
 *fill*         0x000000000003b0e1        0x3 
 .bss           0x000000000003b0e4       0x10 build/cooja/mtype287.a(button-hal.o)
 *fill*         0x000000000003b0f4        0xc 
 .bss           0x000000000003b100      0x140 build/cooja/mtype287.a(serial-line.o)
 .bss           0x000000000003b240        0x4 build/cooja/mtype287.a(gpio-hal.o)
 *fill*         0x000000000003b244       0x1c 
 .bss           0x000000000003b260     0x2c80 build/cooja/mtype287.a(queuebuf.o)
 .bss           0x000000000003dee0       0xa0 build/cooja/mtype287.a(packetbuf.o)
 .bss           0x000000000003df80        0x4 build/cooja/mtype287.a(netstack.o)
 .bss           0x000000000003df84        0x0 build/cooja/mtype287.a(linkaddr.o)
 .bss           0x000000000003df84        0x0 build/cooja/mtype287.a(csma.o)
 *fill*         0x000000000003df84       0x1c 
 .bss           0x000000000003dfa0      0x726 build/cooja/mtype287.a(csma-output.o)
 *fill*         0x000000000003e6c6        0x2 
 .bss           0x000000000003e6c8       0x30 build/cooja/mtype287.a(uip-ds6.o)