Archive member included to satisfy reference by file (symbol)

build/cooja/mtype63.a(simEnvChange.o)
                              build/cooja/mtype63.o (simDontFallAsleep)
build/cooja/mtype63.a(cooja_mt.o)
                              build/cooja/mtype63.o (cooja_mt_start)
build/cooja/mtype63.a(cooja_mtarch.o)
                              build/cooja/mtype63.a(cooja_mt.o) (cooja_mtarch_start)
build/cooja/mtype63.a(rtimer-arch.o)
                              build/cooja/mtype63.o (rtimer_arch_check)
build/cooja/mtype63.a(beep.o)
                              build/cooja/mtype63.o (beep_interface)
build/cooja/mtype63.a(leds-arch.o)
                              build/cooja/mtype63.o (leds_interface)
build/cooja/mtype63.a(moteid.o)
                              build/cooja/mtype63.o (moteid_interface)
build/cooja/mtype63.a(pir-sensor.o)
                              build/cooja/mtype63.o (pir_interface)
build/cooja/mtype63.a(rs232.o)
                              build/cooja/mtype63.o (rs232_interface)
build/cooja/mtype63.a(vib-sensor.o)
                              build/cooja/mtype63.o (vib_interface)
build/cooja/mtype63.a(clock.o)
                              build/cooja/mtype63.o (clock_interface)
build/cooja/mtype63.a(cooja-log.o)
                              build/cooja/mtype63.o (simlog_interface)
build/cooja/mtype63.a(cfs-cooja.o)
                              build/cooja/mtype63.o (cfs_interface)
build/cooja/mtype63.a(cooja-radio.o)
                              build/cooja/mtype63.o (radio_interface)
build/cooja/mtype63.a(eeprom.o)
                              build/cooja/mtype63.o (eeprom_interface)
build/cooja/mtype63.a(random.o)
                              build/cooja/mtype63.a(moteid.o) (random_init)
build/cooja/mtype63.a(sensors.o)
                              build/cooja/mtype63.a(pir-sensor.o) (sensors_changed)
build/cooja/mtype63.a(leds.o)
                              oxygen_actuator.o (leds_set)
build/cooja/mtype63.a(gpio-hal-arch.o)
                              build/cooja/mtype63.a(leds-arch.o) (gpio_hal_arch_register_pin_callback)
build/cooja/mtype63.a(buttons.o)
                              build/cooja/mtype63.o (button_interface)
build/cooja/mtype63.a(oxygen_generato)
                              oxygen_actuator.o (alert_level)
build/cooja/mtype63.a(coap-observe-cl)
                              oxygen_actuator.o (coap_obs_request_registration)
build/cooja/mtype63.a(coap-blocking-a)
                              oxygen_actuator.o (coap_blocking_request)
build/cooja/mtype63.a(coap-engine.o)
                              oxygen_actuator.o (coap_activate_resource)
build/cooja/mtype63.a(coap-res-well-k)
                              build/cooja/mtype63.a(coap-engine.o) (res_well_known_core)
build/cooja/mtype63.a(coap-observe.o)
                              build/cooja/mtype63.a(coap-engine.o) (coap_remove_observer_by_mid)
build/cooja/mtype63.a(coap-uip.o)
                              oxygen_actuator.o (coap_endpoint_log)
build/cooja/mtype63.a(coap-timer.o)
                              build/cooja/mtype63.a(coap-engine.o) (coap_timer_set)
build/cooja/mtype63.a(coap-transactio)
                              build/cooja/mtype63.a(coap-observe-cl) (coap_send_transaction)
build/cooja/mtype63.a(coap.o)
                              build/cooja/mtype63.a(coap-engine.o) (coap_status_code)
build/cooja/mtype63.a(contiki-main.o)
                              build/cooja/mtype63.o (main)
build/cooja/mtype63.a(autostart.o)
                              build/cooja/mtype63.a(contiki-main.o) (autostart_start)
build/cooja/mtype63.a(ctimer.o)
                              build/cooja/mtype63.a(contiki-main.o) (ctimer_init)
build/cooja/mtype63.a(log.o)  build/cooja/mtype63.a(contiki-main.o) (curr_log_level_main)
build/cooja/mtype63.a(energest.o)
                              build/cooja/mtype63.a(contiki-main.o) (energest_init)
build/cooja/mtype63.a(etimer.o)
                              build/cooja/mtype63.a(contiki-main.o) (etimer_process)
build/cooja/mtype63.a(node-id.o)
                              build/cooja/mtype63.a(contiki-main.o) (node_id)
build/cooja/mtype63.a(rtimer.o)
                              build/cooja/mtype63.a(contiki-main.o) (rtimer_init)
build/cooja/mtype63.a(process.o)
                              build/cooja/mtype63.a(coap-blocking-a) (process_current)
build/cooja/mtype63.a(timer.o)
                              build/cooja/mtype63.a(etimer.o) (timer_set)
build/cooja/mtype63.a(list.o)
                              build/cooja/mtype63.a(coap-engine.o) (list_init)
build/cooja/mtype63.a(memb.o)
                              build/cooja/mtype63.a(coap-observe-cl) (memb_alloc)
build/cooja/mtype63.a(button-hal.o)
                              oxygen_actuator.o (button_hal_press_event)
build/cooja/mtype63.a(serial-line.o)
                              build/cooja/mtype63.a(rs232.o) (serial_line_input_byte)
build/cooja/mtype63.a(gpio-hal.o)
[...]
Memory Configuration

Name             Origin             Length             Attributes
*default*        0x0000000000000000 0xffffffffffffffff

Linker script and memory map

LOAD /usr/lib/gcc/i686-linux-gnu/5/../../../i386-linux-gnu/crti.o
LOAD /usr/lib/gcc/i686-linux-gnu/5/crtbeginS.o
LOAD oxygen_actuator.o
LOAD build/cooja/mtype63.o
LOAD build/cooja/mtype63.a
LOAD /usr/lib/gcc/i686-linux-gnu/5/libgcc.a
LOAD /usr/lib/gcc/i686-linux-gnu/5/libgcc_s.so
LOAD /usr/lib/gcc/i686-linux-gnu/5/../../../i386-linux-gnu/libc.so
START GROUP
LOAD /lib/i386-linux-gnu/libc.so.6
LOAD /usr/lib/i386-linux-gnu/libc_nonshared.a
LOAD /lib/i386-linux-gnu/ld-linux.so.2
END GROUP
LOAD /usr/lib/gcc/i686-linux-gnu/5/libgcc.a
LOAD /usr/lib/gcc/i686-linux-gnu/5/libgcc_s.so
LOAD /usr/lib/gcc/i686-linux-gnu/5/crtendS.o
LOAD /usr/lib/gcc/i686-linux-gnu/5/../../../i386-linux-gnu/crtn.o
                0x0000000000000114                . = (0x0 + SIZEOF_HEADERS)

.note.gnu.build-id
                0x0000000000000114       0x24
 *(.note.gnu.build-id)
 .note.gnu.build-id
                0x0000000000000114       0x24 /usr/lib/gcc/i686-linux-gnu/5/../../../i386-linux-gnu/crti.o

.hash
 *(.hash)

.gnu.hash       0x0000000000000138     0x15c8
 *(.gnu.hash)
 .gnu.hash      0x0000000000000138     0x15c8 /usr/lib/gcc/i686-linux-gnu/5/../../../i386-linux-gnu/crti.o

.dynsym         0x0000000000001700     0x2ff0
 *(.dynsym)
 .dynsym        0x0000000000001700     0x2ff0 /usr/lib/gcc/i686-linux-gnu/5/../../../i386-linux-gnu/crti.o

.dynstr         0x00000000000046f0     0x37cf
 *(.dynstr)
 .dynstr        0x00000000000046f0     0x37cf /usr/lib/gcc/i686-linux-gnu/5/../../../i386-linux-gnu/crti.o

.gnu.version    0x0000000000007ec0      0x5fe
 *(.gnu.version)
 .gnu.version   0x0000000000007ec0      0x5fe /usr/lib/gcc/i686-linux-gnu/5/../../../i386-linux-gnu/crti.o

.gnu.version_d  0x00000000000084c0        0x0
 *(.gnu.version_d)
 .gnu.version_d
                0x00000000000084c0        0x0 /usr/lib/gcc/i686-linux-gnu/5/../../../i386-linux-gnu/crti.o

.gnu.version_r  0x00000000000084c0       0x40
 *(.gnu.version_r)
 .gnu.version_r
                0x00000000000084c0       0x40 /usr/lib/gcc/i686-linux-gnu/5/../../../i386-linux-gnu/crti.o

.rel.dyn        0x0000000000008500     0x96d8
 *(.rel.init)
 .rel.init      0x0000000000008500        0x0 /usr/lib/gcc/i686-linux-gnu/5/../../../i386-linux-gnu/crti.o
 *(.rel.text .rel.text.* .rel.gnu.linkonce.t.*)
 .rel.text      0x0000000000008500     0x8cd8 /usr/lib/gcc/i686-linux-gnu/5/../../../i386-linux-gnu/crti.o
 *(.rel.fini)
 .rel.fini      0x00000000000111d8        0x0 /usr/lib/gcc/i686-linux-gnu/5/../../../i386-linux-gnu/crti.o
 *(.rel.rodata .rel.rodata.* .rel.gnu.linkonce.r.*)
 .rel.rodata    0x00000000000111d8      0x5b0 /usr/lib/gcc/i686-linux-gnu/5/../../../i386-linux-gnu/crti.o
 *(.rel.data.rel.ro .rel.data.rel.ro.* .rel.gnu.linkonce.d.rel.ro.*)
 *(.rel.data .rel.data.* .rel.gnu.linkonce.d.*)
 .rel.data.rel.local
                0x0000000000011788        0x8 /usr/lib/gcc/i686-linux-gnu/5/../../../i386-linux-gnu/crti.o
 .rel.data      0x0000000000011790      0x410 /usr/lib/gcc/i686-linux-gnu/5/../../../i386-linux-gnu/crti.o
 *(.rel.tdata .rel.tdata.* .rel.gnu.linkonce.td.*)
 *(.rel.tbss .rel.tbss.* .rel.gnu.linkonce.tb.*)
 *(.rel.ctors)
 *(.rel.dtors)
 *(.rel.got)
 .rel.got       0x0000000000011ba0       0x28 /usr/lib/gcc/i686-linux-gnu/5/../../../i386-linux-gnu/crti.o
 *(.rel.bss .rel.bss.* .rel.gnu.linkonce.b.*)
 *(.rel.ifunc)
 .rel.ifunc     0x0000000000011bc8        0x0 /usr/lib/gcc/i686-linux-gnu/5/../../../i386-linux-gnu/crti.o
 .rel.fini_array
                0x0000000000011bc8        0x8 /usr/lib/gcc/i686-linux-gnu/5/../../../i386-linux-gnu/crti.o
 .rel.init_array
                0x0000000000011bd0        0x8 /usr/lib/gcc/i686-linux-gnu/5/../../../i386-linux-gnu/crti.o

.rel.plt        0x0000000000011bd8        0x0
 *(.rel.plt)
 .rel.plt       0x0000000000011bd8        0x0 /usr/lib/gcc/i686-linux-gnu/5/../../../i386-linux-gnu/crti.o
 *(.rel.iplt)

.init           0x0000000000011bd8       0x23
 *(SORT(.init))
 .init          0x0000000000011bd8       0x1e /usr/lib/gcc/i686-linux-gnu/5/../../../i386-linux-gnu/crti.o
                0x0000000000011bd8                _init
 .init          0x0000000000011bf6        0x5 /usr/lib/gcc/i686-linux-gnu/5/../../../i386-linux-gnu/crtn.o

.plt            0x0000000000011c00       0x10
 *(.plt)
 .plt           0x0000000000011c00       0x10 /usr/lib/gcc/i686-linux-gnu/5/../../../i386-linux-gnu/crti.o
 *(.iplt)

.plt.got        0x0000000000011c10       0x10
 *(.plt.got)
 .plt.got       0x0000000000011c10       0x10 /usr/lib/gcc/i686-linux-gnu/5/../../../i386-linux-gnu/crti.o

.text           0x0000000000011c20    0x19312
 *(.text.unlikely .text.*_unlikely .text.unlikely.*)
 .text.unlikely
                0x0000000000011c20        0x0 /usr/lib/gcc/i686-linux-gnu/5/crtbeginS.o
 .text.unlikely
                0x0000000000011c20        0x0 /usr/lib/gcc/i686-linux-gnu/5/libgcc.a(_udivdi3.o)
 *(.text.exit .text.exit.*)
 *(.text.startup .text.startup.*)
 *(.text.hot .text.hot.*)
 *(.text .stub .text.* .gnu.linkonce.t.*)
 .text          0x0000000000011c20        0x0 /usr/lib/gcc/i686-linux-gnu/5/../../../i386-linux-gnu/crti.o
 .gnu.linkonce.t.__x86.get_pc_thunk.bx
                0x0000000000011c20        0x4 /usr/lib/gcc/i686-linux-gnu/5/../../../i386-linux-gnu/crti.o
                0x0000000000011c20                __x86.get_pc_thunk.bx
 *fill*         0x0000000000011c24        0xc 
 .text          0x0000000000011c30      0x11c /usr/lib/gcc/i686-linux-gnu/5/crtbeginS.o
 .text.__x86.get_pc_thunk.dx
                0x0000000000011d4c        0x4 /usr/lib/gcc/i686-linux-gnu/5/crtbeginS.o
                0x0000000000011d4c                __x86.get_pc_thunk.dx
 .text          0x0000000000011d50      0x6f2 oxygen_actuator.o
                0x0000000000011d50                update_leds
                0x0000000000011ddd                wait_for_ack
                0x0000000000011e32                wait_for_discovery
 .text          0x0000000000012442      0x283 build/cooja/mtype63.o
                0x00000000000124d4                platform_init_stage_one
                0x00000000000124e7                platform_init_stage_two
                0x00000000000124fa                platform_init_stage_three
                0x000000000001250d                platform_main_loop
                0x0000000000012580                Java_org_contikios_cooja_corecomm_Lib5_init
                0x00000000000125b7                Java_org_contikios_cooja_corecomm_Lib5_getMemory
                0x00000000000125ea                Java_org_contikios_cooja_corecomm_Lib5_setMemory
                0x000000000001264a                Java_org_contikios_cooja_corecomm_Lib5_tick
                0x00000000000126b2                Java_org_contikios_cooja_corecomm_Lib5_setReferenceAddress
 .text          0x00000000000126c5       0x65 build/cooja/mtype63.a(simEnvChange.o)
                0x00000000000126c5                doActionsBeforeTick
                0x00000000000126f7                doActionsAfterTick
 .text          0x000000000001272a       0x83 build/cooja/mtype63.a(cooja_mt.o)
                0x000000000001272a                cooja_mt_start
                0x0000000000012754                cooja_mt_exec
                0x000000000001278a                cooja_mt_yield
 .text          0x00000000000127ad       0xbe build/cooja/mtype63.a(cooja_mtarch.o)
                0x00000000000127ad                cooja_mtarch_start
                0x0000000000012820                cooja_sw
                0x0000000000012843                cooja_mtarch_exec
                0x0000000000012860                cooja_mtarch_yield
 .text          0x000000000001286b       0xc5 build/cooja/mtype63.a(rtimer-arch.o)
                0x000000000001286b                rtimer_arch_init
                0x000000000001288f                rtimer_arch_schedule
                0x00000000000128bf                rtimer_arch_next
                0x00000000000128cf                rtimer_arch_pending
                0x00000000000128d9                rtimer_arch_check
                0x0000000000012920                rtimer_arch_now
 .text          0x0000000000012930       0x81 build/cooja/mtype63.a(beep.o)
                0x0000000000012930                beep_alarm
                0x000000000001293d                beep_beep
                0x000000000001294a                beep
                0x0000000000012957                beep_down
                0x0000000000012964                beep_on
                0x0000000000012971                beep_off
                0x000000000001297e                beep_spinup
                0x000000000001298b                beep_quick
                0x0000000000012998                beep_long
 .text          0x00000000000129b1       0x65 build/cooja/mtype63.a(leds-arch.o)
                0x00000000000129c4                leds_arch_init
 .text          0x0000000000012a16       0x35 build/cooja/mtype63.a(moteid.o)
 .text          0x0000000000012a4b       0xb7 build/cooja/mtype63.a(pir-sensor.o)
 .text          0x0000000000012b02      0x148 build/cooja/mtype63.a(rs232.o)
                0x0000000000012b02                rs232_init
                0x0000000000012b08                rs232_set_speed
                0x0000000000012b17                rs232_set_input
                0x0000000000012b25                rs232_send
                0x0000000000012b49                rs232_print
                0x0000000000012b65                slip_arch_writeb
 .text          0x0000000000012c4a       0xb7 build/cooja/mtype63.a(vib-sensor.o)
 .text          0x0000000000012d01       0x38 build/cooja/mtype63.a(clock.o)
                0x0000000000012d01                clock_init
                0x0000000000012d07                clock_time
                0x0000000000012d11                clock_seconds
                0x0000000000012d27                clock_delay
 .text          0x0000000000012d39      0x219 build/cooja/mtype63.a(cooja-log.o)
                0x0000000000012d39                simlog_char
                0x0000000000012d7c                simlog
                0x0000000000012df2                log_message
                0x0000000000012e23                log_set_putchar_with_slip
                0x0000000000012e31                log_putchar
                0x0000000000012eac                log_puts
                0x0000000000012ed4                log_printf
 .text          0x0000000000012f52      0x2b9 build/cooja/mtype63.a(cfs-cooja.o)
                0x0000000000012f52                cfs_open
                0x0000000000012fbb                cfs_close
                0x0000000000012fc8                cfs_read
                0x000000000001305d                cfs_write
                0x0000000000013139                cfs_seek
                0x00000000000131c1                cfs_remove
                0x00000000000131e5                cfs_opendir
                0x00000000000131ef                cfs_readdir
                0x00000000000131f9                cfs_closedir
 .text          0x000000000001320b      0x620 build/cooja/mtype63.a(cooja-radio.o)
                0x000000000001324d                radio_set_channel
                0x000000000001325b                radio_set_txpower
                0x0000000000013273                radio_signal_strength_last
                0x000000000001327d                radio_signal_strength_current
                0x0000000000013287                radio_LQI
 .text          0x000000000001382b       0xee build/cooja/mtype63.a(eeprom.o)
                0x000000000001382b                eeprom_init
                0x0000000000013831                eeprom_read
                0x000000000001389f                eeprom_write
 .text          0x0000000000013919       0x2d build/cooja/mtype63.a(random.o)
                0x0000000000013919                random_init
                0x0000000000013939                random_rand
 .text          0x0000000000013946      0x29c build/cooja/mtype63.a(sensors.o)
                0x0000000000013981                sensors_first
                0x000000000001398b                sensors_next
                0x00000000000139a5                sensors_changed
                0x00000000000139d9                sensors_find
 .text          0x0000000000013be2      0x349 build/cooja/mtype63.a(leds.o)
                0x0000000000013be2                leds_init
                0x0000000000013c29                leds_single_on
                0x0000000000013c88                leds_single_off
                0x0000000000013ce7                leds_single_toggle
                0x0000000000013d19                leds_on
                0x0000000000013d9b                leds_off
                0x0000000000013e1d                leds_toggle
                0x0000000000013e72                leds_set
                0x0000000000013e9e                leds_get
 .text          0x0000000000013f2b      0x343 build/cooja/mtype63.a(gpio-hal-arch.o)
                0x0000000000013f2b                gpio_hal_arch_register_pin_callback
                0x0000000000013f97                gpio_hal_arch_init
                0x0000000000013fdc                gpio_hal_arch_no_port_interrupt_enable
                0x000000000001400c                gpio_hal_arch_no_port_interrupt_disable
                0x000000000001403c                gpio_hal_arch_no_port_pin_cfg_set
                0x0000000000014061                gpio_hal_arch_no_port_pin_cfg_get
                0x0000000000014087                gpio_hal_arch_no_port_pin_set_input
                0x0000000000014099                gpio_hal_arch_no_port_pin_set_output
                0x00000000000140ab                gpio_hal_arch_no_port_set_pin
                0x00000000000140cc                gpio_hal_arch_no_port_clear_pin
                0x00000000000140ed                gpio_hal_arch_no_port_read_pin
                0x0000000000014113                gpio_hal_arch_no_port_write_pin
                0x000000000001413d                gpio_hal_arch_no_port_set_pins
                0x0000000000014184                gpio_hal_arch_no_port_clear_pins
                0x00000000000141cb                gpio_hal_arch_no_port_read_pins
                0x000000000001420e                gpio_hal_arch_no_port_write_pins
 .text          0x000000000001426e       0x89 build/cooja/mtype63.a(buttons.o)
 .text          0x00000000000142f7      0x442 build/cooja/mtype63.a(oxygen_generato)
 .text          0x0000000000014739      0x6ee build/cooja/mtype63.a(coap-observe-cl)
                0x00000000000147d7                coap_obs_add_observee
                0x0000000000014873                coap_obs_remove_observee
                0x00000000000148a3                coap_get_obs_subject_by_token
                0x000000000001490b                coap_obs_remove_observee_by_token
                0x000000000001499e                coap_obs_remove_observee_by_url
                0x0000000000014af6                coap_handle_notification
                0x0000000000014c51                coap_generate_token
                0x0000000000014c73                coap_obs_request_registration
 .text          0x0000000000014e27      0x27b build/cooja/mtype63.a(coap-blocking-a)
                0x0000000000014e27                coap_blocking_request_callback
                0x0000000000014e51                coap_blocking_request
 .text          0x00000000000150a2      0xc26 build/cooja/mtype63.a(coap-engine.o)
                0x0000000000015137                coap_add_handler
                0x0000000000015154                coap_remove_handler
                0x0000000000015171                coap_call_handlers
                0x0000000000015279                coap_receive
                0x00000000000158b0                coap_engine_init
                0x000000000001590e                coap_activate_resource
                0x00000000000159b9                coap_get_first_resource
                0x00000000000159d2                coap_get_next_resource
 .text          0x0000000000015cc8      0x2d9 build/cooja/mtype63.a(coap-res-well-k)
 .text          0x0000000000015fa1      0x96a build/cooja/mtype63.a(coap-observe.o)
                0x00000000000160b6                coap_remove_observer
                0x00000000000160e6                coap_remove_observer_by_client
                0x000000000001614e                coap_remove_observer_by_token
                0x00000000000161e1                coap_remove_observer_by_uri
                0x0000000000016288                coap_remove_observer_by_mid
                0x0000000000016304                coap_notify_observers
                0x000000000001631d                coap_notify_observers_sub
                0x0000000000016787                coap_observe_handler
                0x00000000000168a2                coap_has_observers
 .text          0x000000000001690b      0x733 build/cooja/mtype63.a(coap-uip.o)
                0x000000000001690b                coap_endpoint_log
                0x0000000000016991                coap_endpoint_print
                0x0000000000016a17                coap_endpoint_snprint
                0x0000000000016b4a                coap_endpoint_copy
                0x0000000000016b87                coap_endpoint_cmp
                0x0000000000016c95                coap_endpoint_parse
                0x0000000000016e80                coap_endpoint_is_secure
                0x0000000000016e8f                coap_endpoint_is_connected
                0x0000000000016ec3                coap_endpoint_connect
                0x0000000000016edf                coap_endpoint_disconnect
                0x0000000000016ee5                coap_databuf
                0x0000000000016eef                coap_transport_init
                0x0000000000016f3f                coap_sendto
 .text          0x000000000001703e      0x324 build/cooja/mtype63.a(coap-timer.o)
                0x000000000001713b                coap_timer_stop
                0x0000000000017166                coap_timer_set
                0x00000000000171a9                coap_timer_reset
                0x00000000000171ec                coap_timer_time_to_next_expiration
                0x0000000000017258                coap_timer_run
                0x0000000000017324                coap_timer_init
 .text          0x0000000000017362      0x2c6 build/cooja/mtype63.a(coap-transactio)
                0x00000000000173c8                coap_new_transaction
                0x000000000001742e                coap_send_transaction
                0x000000000001758f                coap_clear_transaction
                0x00000000000175d7                coap_get_transaction_by_mid
 .text          0x0000000000017628     0x1c53 build/cooja/mtype63.a(coap.o)
                0x0000000000017b95                coap_init_connection
                0x0000000000017ba9                coap_get_mid
                0x0000000000017bc5                coap_init_message
                0x0000000000017c0e                coap_serialize_message
                0x0000000000018290                coap_parse_message
                0x00000000000188f7                coap_get_query_variable
                0x0000000000018939                coap_get_post_variable
                0x000000000001897d                coap_set_status_code
                0x00000000000189a2                coap_set_token
                0x00000000000189e9                coap_get_header_content_format
                0x0000000000018a1a                coap_set_header_content_format
                0x0000000000018a3d                coap_get_header_accept
                0x0000000000018a6e                coap_set_header_accept
                0x0000000000018a91                coap_get_header_max_age
                0x0000000000018ac2                coap_set_header_max_age
                0x0000000000018ae2                coap_get_header_etag
                0x0000000000018b14                coap_set_header_etag
                0x0000000000018b6b                coap_get_header_if_match
                0x0000000000018b9d                coap_set_header_if_match
                0x0000000000018bf4                coap_get_header_if_none_match
                0x0000000000018c0e                coap_set_header_if_none_match
                0x0000000000018c25                coap_get_header_proxy_uri
                0x0000000000018c53                coap_set_header_proxy_uri
                0x0000000000018c90                coap_get_header_uri_host
                0x0000000000018cbe                coap_set_header_uri_host
                0x0000000000018cfb                coap_get_header_uri_path
                0x0000000000018d29                coap_set_header_uri_path
                0x0000000000018d76                coap_get_header_uri_query
                0x0000000000018daa                coap_set_header_uri_query
                0x0000000000018e00                coap_get_header_location_path
                0x0000000000018e2e                coap_set_header_location_path
                0x0000000000018ec7                coap_get_header_location_query
                0x0000000000018ef5                coap_set_header_location_query
                0x0000000000018f42                coap_get_header_observe
                0x0000000000018f71                coap_set_header_observe
                0x0000000000018f91                coap_get_header_block2
                0x0000000000018ffd                coap_set_header_block2
                0x0000000000019074                coap_get_header_block1
                0x00000000000190e9                coap_set_header_block1
                0x0000000000019164                coap_get_header_size2
                0x0000000000019194                coap_set_header_size2
                0x00000000000191b7                coap_get_header_size1
                0x00000000000191e7                coap_set_header_size1
                0x000000000001920a                coap_get_payload
                0x0000000000019244                coap_set_payload
 .text          0x000000000001927b      0x332 build/cooja/mtype63.a(contiki-main.o)
                0x000000000001927b                main
 .text          0x00000000000195ad       0x92 build/cooja/mtype63.a(autostart.o)
                0x00000000000195ad                autostart_start
                0x00000000000195f7                autostart_exit
 .text          0x000000000001963f      0x355 build/cooja/mtype63.a(ctimer.o)
                0x0000000000019767                ctimer_init
                0x000000000001979a                ctimer_set
                0x00000000000197c0                ctimer_set_with_process
                0x000000000001983d                ctimer_reset
                0x0000000000019891                ctimer_restart
                0x00000000000198e5                ctimer_stop
                0x0000000000019935                ctimer_expired
 .text          0x0000000000019994      0x394 build/cooja/mtype63.a(log.o)
                0x0000000000019994                log_6addr
                0x00000000000199e7                log_6addr_compact_snprint
                0x0000000000019a85                log_6addr_compact
                0x0000000000019ad8                log_lladdr
                0x0000000000019b4a                log_lladdr_compact
                0x0000000000019bb2                log_set_level
                0x0000000000019c6d                log_get_level
                0x0000000000019ce6                log_level_to_str
 .text          0x0000000000019d28       0x1b build/cooja/mtype63.a(energest.o)
                0x0000000000019d28                energest_init
                0x0000000000019d2e                energest_flush
                0x0000000000019d34                energest_get_total_time
 .text          0x0000000000019d43      0x43f build/cooja/mtype63.a(etimer.o)
                0x0000000000019f67                etimer_request_poll
                0x0000000000019ff0                etimer_set
                0x000000000001a019                etimer_reset_with_new_interval
                0x000000000001a048                etimer_reset
                0x000000000001a06e                etimer_restart
                0x000000000001a094                etimer_adjust
                0x000000000001a0b1                etimer_expired
                0x000000000001a0c4                etimer_expiration_time
                0x000000000001a0d6                etimer_start_time
                0x000000000001a0e0                etimer_pending
                0x000000000001a0f2                etimer_next_expiration_time
                0x000000000001a10c                etimer_stop
 .text          0x000000000001a182       0x25 build/cooja/mtype63.a(node-id.o)
                0x000000000001a182                node_id_init
 .text          0x000000000001a1a7       0xeb build/cooja/mtype63.a(rtimer.o)
                0x000000000001a1a7                rtimer_init
                0x000000000001a1b5                rtimer_set
                0x000000000001a230                rtimer_run_next
 .text          0x000000000001a292      0x4fb build/cooja/mtype63.a(process.o)
                0x000000000001a292                process_alloc_event
                0x000000000001a2a7                process_start
                0x000000000001a481                process_exit
                0x000000000001a49e                process_init
                0x000000000001a633                process_run
                0x000000000001a666                process_nevents
                0x000000000001a681                process_post
                0x000000000001a714                process_post_synch
                0x000000000001a749                process_poll
                0x000000000001a779                process_is_running
 .text          0x000000000001a78d       0xb1 build/cooja/mtype63.a(timer.o)
                0x000000000001a78d                timer_set
                0x000000000001a7ab                timer_reset
                0x000000000001a7d8                timer_restart
                0x000000000001a7ed                timer_expired
                0x000000000001a81a                timer_remaining
 .text          0x000000000001a83e      0x28f build/cooja/mtype63.a(list.o)
                0x000000000001a83e                list_init
                0x000000000001a84d                list_head
                0x000000000001a857                list_copy
                0x000000000001a867                list_tail
                0x000000000001a89d                list_add
                0x000000000001a8e9                list_push
                0x000000000001a915                list_chop
                0x000000000001a97f                list_pop
                0x000000000001a9a7                list_remove
                0x000000000001aa0f                list_length
                0x000000000001aa3d                list_insert
                0x000000000001aa82                list_item_next
                0x000000000001aa99                list_contains
 .text          0x000000000001aacd      0x1b5 build/cooja/mtype63.a(memb.o)
                0x000000000001aacd                memb_init
                0x000000000001ab22                memb_alloc
                0x000000000001ab85                memb_free
                0x000000000001abfc                memb_inmemb
                0x000000000001ac3b                memb_numfree
 .text          0x000000000001ac82      0x41c build/cooja/mtype63.a(button-hal.o)
                0x000000000001adfb                button_hal_get_by_id
                0x000000000001ae39                button_hal_get_by_index
                0x000000000001ae65                button_hal_get_state
                0x000000000001aeb7                button_hal_init
 .text          0x000000000001b09e      0x1f3 build/cooja/mtype63.a(serial-line.o)
                0x000000000001b09e                serial_line_input_byte
                0x000000000001b25c                serial_line_init
 .text          0x000000000001b291      0x168 build/cooja/mtype63.a(gpio-hal.o)
                0x000000000001b291                gpio_hal_register_handler
                0x000000000001b2ae                gpio_hal_event_handler
                0x000000000001b30a                gpio_hal_init
                0x000000000001b329                gpio_hal_arch_port_toggle_pin
                0x000000000001b365                gpio_hal_arch_port_toggle_pins
                0x000000000001b393                gpio_hal_arch_no_port_toggle_pin
                0x000000000001b3d1                gpio_hal_arch_no_port_toggle_pins
 .text          0x000000000001b3f9      0x2e7 build/cooja/mtype63.a(queuebuf.o)
                0x000000000001b403                queuebuf_init
                0x000000000001b42c                queuebuf_numfree
                0x000000000001b444                queuebuf_new_from_packetbuf
                0x000000000001b4e3                queuebuf_update_attr_from_packetbuf
                0x000000000001b518                queuebuf_update_from_packetbuf
                0x000000000001b568                queuebuf_free
                0x000000000001b5b1                queuebuf_to_packetbuf
                0x000000000001b61d                queuebuf_dataptr
                0x000000000001b657                queuebuf_datalen
                0x000000000001b67a                queuebuf_addr
                0x000000000001b6af                queuebuf_attr
                0x000000000001b6da                queuebuf_debug_print
 .text          0x000000000001b6e0      0x407 build/cooja/mtype63.a(packetbuf.o)
                0x000000000001b6e0                packetbuf_clear
                0x000000000001b70b                packetbuf_copyfrom
                0x000000000001b75a                packetbuf_copyto
                0x000000000001b7ed                packetbuf_hdralloc
                0x000000000001b869                packetbuf_hdrreduce
                0x000000000001b8af                packetbuf_set_datalen
                0x000000000001b8c9                packetbuf_dataptr
                0x000000000001b8e6                packetbuf_hdrptr
                0x000000000001b8f0                packetbuf_datalen
                0x000000000001b8fc                packetbuf_hdrlen
                0x000000000001b913                packetbuf_totlen
                0x000000000001b929                packetbuf_remaininglen
                0x000000000001b93c                packetbuf_attr_clear
                0x000000000001b988                packetbuf_attr_copyto
                0x000000000001b9e0                packetbuf_attr_copyfrom
                0x000000000001ba38                packetbuf_set_attr
                0x000000000001ba62                packetbuf_attr
                0x000000000001ba7c                packetbuf_set_addr
                0x000000000001baad                packetbuf_addr
                0x000000000001baca                packetbuf_holds_broadcast
 .text          0x000000000001bae7       0xef build/cooja/mtype63.a(netstack.o)
                0x000000000001bae7                netstack_process_ip_callback
                0x000000000001bb78                netstack_ip_packet_processor_add
                0x000000000001bb9b                uip_ds6_ip_packet_processor_rm
                0x000000000001bbb8                netstack_init
 .text          0x000000000001bbd6       0x4f build/cooja/mtype63.a(linkaddr.o)
                0x000000000001bbd6                linkaddr_copy
                0x000000000001bbec                linkaddr_cmp
                0x000000000001bc0f                linkaddr_set_node_addr
 .text          0x000000000001bc25      0x1f6 build/cooja/mtype63.a(csma.o)
 .text          0x000000000001be1b      0x95d build/cooja/mtype63.a(csma-output.o)
                0x000000000001c4b2                csma_output_packet
                0x000000000001c73f                csma_output_init
 .text          0x000000000001c778      0xc11 build/cooja/mtype63.a(uip-ds6.o)
                0x000000000001c778                uip_ds6_default_prefix
                0x000000000001c782                uip_ds6_set_default_prefix
                0x000000000001c7ad                uip_ds6_init
                0x000000000001ca0f                uip_ds6_periodic
                0x000000000001ca96                uip_ds6_list_loop
                0x000000000001cb56                uip_ds6_prefix_add
                0x000000000001cc02                uip_ds6_prefix_rm
                0x000000000001cc15                uip_ds6_prefix_lookup
                0x000000000001cc54                uip_ds6_is_addr_onlink
                0x000000000001ccc7                uip_ds6_addr_add
                0x000000000001cde7                uip_ds6_addr_rm
                0x000000000001ce90                uip_ds6_addr_lookup
                0x000000000001cec9                uip_ds6_get_link_local
                0x000000000001cf4a                uip_ds6_get_global
                0x000000000001cfcb                uip_ds6_maddr_add
                0x000000000001d02b                uip_ds6_maddr_rm
                0x000000000001d03e                uip_ds6_maddr_lookup
                0x000000000001d077                uip_ds6_aaddr_add
                0x000000000001d0d7                uip_ds6_aaddr_rm
                0x000000000001d0ea                uip_ds6_aaddr_lookup
                0x000000000001d123                uip_ds6_select_src
                0x000000000001d26c                uip_ds6_set_addr_iid
                0x000000000001d297                uip_ds6_set_lladdr_from_iid
                0x000000000001d2c0                get_match_length
                0x000000000001d351                uip_ds6_compute_reachable_time
 .text          0x000000000001d389      0x128 build/cooja/mtype63.a(uip-udp-packet.)
                0x000000000001d389                uip_udp_packet_send
                0x000000000001d3e4                uip_udp_packet_sendto
 .text          0x000000000001d4b1      0x35b build/cooja/mtype63.a(uip-ds6-route.o)
                0x000000000001d502                uip_ds6_route_init
                0x000000000001d52c                uip_ds6_route_nexthop
                0x000000000001d536                uip_ds6_route_head
                0x000000000001d540                uip_ds6_route_next
                0x000000000001d54a                uip_ds6_route_is_nexthop
                0x000000000001d554                uip_ds6_route_num_routes
                0x000000000001d55e                uip_ds6_route_lookup
                0x000000000001d568                uip_ds6_route_add
                0x000000000001d57b                uip_ds6_route_rm
                0x000000000001d581                uip_ds6_route_rm_by_nexthop
                0x000000000001d587                uip_ds6_defrt_head
                0x000000000001d5a0                uip_ds6_defrt_add
                0x000000000001d64e                uip_ds6_defrt_rm
                0x000000000001d6b4                uip_ds6_defrt_lookup
                0x000000000001d71b                uip_ds6_defrt_choose
                0x000000000001d791                uip_ds6_defrt_periodic
 .text          0x000000000001d80c      0x6f7 build/cooja/mtype63.a(tcpip.o)
                0x000000000001d826                tcpip_output
                0x000000000001d8a5                udp_attach
                0x000000000001d8bd                udp_new
                0x000000000001d907                udp_broadcast_new
                0x000000000001da79                tcpip_input
                0x000000000001dc09                tcpip_ipv6_output
                0x000000000001ddfd                tcpip_poll_udp
                0x000000000001de1b                tcpip_uipcall
 .text          0x000000000001df03     0x1205 build/cooja/mtype63.a(uip6.o)
                0x000000000001dfb2                uip_chksum
                0x000000000001e089                uip_icmp6chksum
                0x000000000001e09e                uip_udpchksum
                0x000000000001e0b3                uip_init
                0x000000000001e0fc                uip_remove_ext_hdr
                0x000000000001e1d6                uip_udp_new
                0x000000000001e4ea                uip_process
                0x000000000001efe2                uip_htons
                0x000000000001f004                uip_htonl
                0x000000000001f042                uip_send
 .text          0x000000000001f108      0x369 build/cooja/mtype63.a(uip-ds6-nbr.o)
                0x000000000001f108                uip_ds6_neighbors_init
                0x000000000001f12c                uip_ds6_nbr_add
                0x000000000001f1b2                uip_ds6_nbr_rm
                0x000000000001f1fd                uip_ds6_nbr_update_ll
                0x000000000001f2eb                uip_ds6_nbr_get_ipaddr
                0x000000000001f300                uip_ds6_nbr_get_ll
                0x000000000001f31c                uip_ds6_nbr_num
                0x000000000001f365                uip_ds6_nbr_head
                0x000000000001f37e                uip_ds6_nbr_next
                0x000000000001f39a                uip_ds6_nbr_lookup
                0x000000000001f3f2                uip_ds6_nbr_ll_lookup
                0x000000000001f40e                uip_ds6_nbr_ipaddr_from_lladdr
                0x000000000001f437                uip_ds6_nbr_lladdr_from_ipaddr
                0x000000000001f46b                uip_ds6_link_callback
 .text          0x000000000001f471      0x6a7 build/cooja/mtype63.a(uip-nd6.o)
                0x000000000001faff                uip_nd6_init
 .text          0x000000000001fb18     0x2c17 build/cooja/mtype63.a(sicslowpan.o)
                0x000000000002011f                netstack_sniffer_add
                0x000000000002012d                netstack_sniffer_remove
                0x0000000000022703                sicslowpan_init
                0x0000000000022725                sicslowpan_get_last_rssi
 .text          0x000000000002272f      0x4d1 build/cooja/mtype63.a(uiplib.o)
                0x000000000002272f                uiplib_ip6addrconv
                0x00000000000228e7                uiplib_ip4addrconv
                0x00000000000229aa                uiplib_ipaddr_print
                0x00000000000229fd                uiplib_ipaddr_snprint
 .text          0x0000000000022c00      0x4c9 build/cooja/mtype63.a(rpl.o)
                0x0000000000022c00                rpl_lollipop_greater_than
                0x0000000000022c5a                rpl_get_global_address
                0x0000000000022d52                rpl_link_callback
                0x0000000000022d96                rpl_has_joined
                0x0000000000022dbb                rpl_is_reachable
                0x0000000000022e3c                rpl_reset_prefix
                0x0000000000022ea6                rpl_set_prefix_from_addr
                0x0000000000022f8b                rpl_set_prefix
                0x00000000000230a5                rpl_set_leaf_only
                0x00000000000230bd                rpl_get_leaf_only
 .text          0x00000000000230c9     0x138c build/cooja/mtype63.a(rpl-icmp6.o)
                0x00000000000231ee                rpl_icmp6_update_nbr_table
                0x0000000000023277                rpl_icmp6_dis_output
                0x00000000000238bd                rpl_icmp6_dio_output
                0x00000000000240bb                rpl_icmp6_dao_output
                0x000000000002439c                rpl_icmp6_dao_ack_output
                0x000000000002440c                rpl_icmp6_init
 .text          0x0000000000024455      0x264 build/cooja/mtype63.a(rpl-dag-root.o)
                0x0000000000024455                rpl_dag_root_print_links
                0x0000000000024581                rpl_dag_root_set_prefix
                0x00000000000245ad                rpl_dag_root_start
                0x000000000002468a                rpl_dag_root_is_root
 .text          0x00000000000246b9       0x30 build/cooja/mtype63.a(watchdog.o)
                0x00000000000246b9                watchdog_init
                0x00000000000246bf                watchdog_start
                0x00000000000246c5                watchdog_periodic
                0x00000000000246dd                watchdog_stop
                0x00000000000246e3                watchdog_reboot
 .text          0x00000000000246e9       0x4a build/cooja/mtype63.a(int-master.o)
                0x00000000000246e9                int_master_enable
                0x00000000000246f9                int_master_read_and_disable
                0x0000000000024716                int_master_status_set
                0x0000000000024724                int_master_is_enabled
 .text          0x0000000000024733      0x226 build/cooja/mtype63.a(coap-timer-defa)
 .text          0x0000000000024959       0xc7 build/cooja/mtype63.a(stimer.o)
                0x0000000000024959                stimer_set
                0x0000000000024977                stimer_reset
                0x00000000000249a4                stimer_restart
                0x00000000000249b9                stimer_expired
                0x00000000000249e4                stimer_remaining
                0x0000000000024a08                stimer_elapsed
 .text          0x0000000000024a20      0x156 build/cooja/mtype63.a(ringbuf.o)
                0x0000000000024a20                ringbuf_init
                0x0000000000024a52                ringbuf_put
                0x0000000000024ad0                ringbuf_get
                0x0000000000024b3d                ringbuf_size
                0x0000000000024b4f                ringbuf_elements
 .text          0x0000000000024b76       0x1f build/cooja/mtype63.a(assert.o)
                0x0000000000024b76                _xassert
 .text          0x0000000000024b95      0x79b build/cooja/mtype63.a(nbr-table.o)
                0x000000000002500e                nbr_table_register
                0x000000000002507b                nbr_table_is_registered
                0x00000000000250b6                nbr_table_head
                0x0000000000025111                nbr_table_next
                0x0000000000025172                nbr_table_add_lladdr
                0x000000000002524c                nbr_table_get_from_lladdr
                0x0000000000025298                nbr_table_remove
                0x00000000000252d0                nbr_table_lock
                0x00000000000252ea                nbr_table_unlock
                0x0000000000025304                nbr_table_get_lladdr
 .text          0x0000000000025330      0x3a5 build/cooja/mtype63.a(link-stats.o)
                0x0000000000025330                link_stats_from_lladdr
                0x000000000002534c                link_stats_get_lladdr
                0x0000000000025368                link_stats_is_fresh
                0x00000000000253a4                guess_etx_from_rssi
                0x0000000000025420                link_stats_packet_sent
                0x0000000000025540                link_stats_input_callback
                0x0000000000025650                link_stats_reset
                0x00000000000256a0                link_stats_init
 .text          0x00000000000256d5      0x187 build/cooja/mtype63.a(mac-sequence.o)
                0x00000000000256d5                mac_sequence_is_duplicate
                0x0000000000025775                mac_sequence_register_seqno
 .text          0x000000000002585c       0x23 build/cooja/mtype63.a(mac.o)
                0x000000000002585c                mac_call_sent_callback
 .text          0x000000000002587f      0x432 build/cooja/mtype63.a(framer-802154.o)
                0x0000000000025a0e                framer_802154_setup_params
 .text          0x0000000000025cb1      0xb6f build/cooja/mtype63.a(frame802154.o)
                0x0000000000025ce2                frame802154_get_pan_id
                0x0000000000025cee                frame802154_set_pan_id
                0x0000000000025d08                frame802154_has_panid
                0x0000000000025eb7                frame802154_check_dest_panid
                0x0000000000025f3f                frame802154_is_broadcast_addr
                0x0000000000025f8c                frame802154_extract_linkaddr
                0x00000000000261f1                frame802154_hdrlen
                0x0000000000026264                frame802154_create_fcf
                0x000000000002631c                frame802154_create
                0x0000000000026491                frame802154_parse_fcf
                0x0000000000026573                frame802154_parse
 .text          0x0000000000026820       0x2d build/cooja/mtype63.a(csma-security.o)
                0x0000000000026820                csma_security_create_frame
                0x000000000002683e                csma_security_parse_frame
 .text          0x000000000002684d      0x4e4 build/cooja/mtype63.a(uipbuf.o)
                0x000000000002684d                uipbuf_clear
                0x0000000000026874                uipbuf_add_ext_hdr
                0x00000000000268f4                uipbuf_set_len
                0x0000000000026921                uipbuf_set_len_field
                0x000000000002694d                uipbuf_get_len_field
                0x000000000002696d                uipbuf_get_next_header
                0x0000000000026a9f                uipbuf_get_last_header
                0x0000000000026b18                uipbuf_search_header
                0x0000000000026bce                uipbuf_get_attr
                0x0000000000026bf5                uipbuf_set_attr
                0x0000000000026c2c                uipbuf_set_default_attr
                0x0000000000026c63                uipbuf_clear_attr
                0x0000000000026c87                uipbuf_set_attr_flag
                0x0000000000026ca8                uipbuf_clr_attr_flag
                0x0000000000026ccf                uipbuf_is_attr_flag
                0x0000000000026cf3                uipbuf_init
 .text          0x0000000000026d31      0x73f build/cooja/mtype63.a(uip-icmp6.o)
                0x0000000000026da6                uip_icmp6_input
                0x0000000000026dfd                uip_icmp6_register_input_handler
                0x0000000000026f50                uip_icmp6_error_output
                0x0000000000027201                uip_icmp6_send
                0x00000000000273f8                uip_icmp6_echo_reply_callback_add
                0x000000000002742a                uip_icmp6_echo_reply_callback_rm
                0x0000000000027447                uip_icmp6_init
 .text          0x0000000000027470      0x69b build/cooja/mtype63.a(uip-sr.o)
                0x0000000000027470                uip_sr_num_nodes
                0x00000000000274fe                uip_sr_get_node
                0x0000000000027555                uip_sr_is_addr_reachable
                0x0000000000027603                uip_sr_expire_parent
                0x000000000002764c                uip_sr_update_node
                0x000000000002777c                uip_sr_init
                0x00000000000277b0                uip_sr_node_head
                0x00000000000277c9                uip_sr_node_next
                0x00000000000277df                uip_sr_periodic
                0x00000000000278e5                uip_sr_free_all
                0x0000000000027955                uip_sr_link_snprint
 .text          0x0000000000027b0b      0x146 build/cooja/mtype63.a(uip-packetqueue)
                0x0000000000027b39                uip_packetqueue_new
                0x0000000000027b48                uip_packetqueue_alloc
                0x0000000000027ba3                uip_packetqueue_free
                0x0000000000027bea                uip_packetqueue_buf
                0x0000000000027c07                uip_packetqueue_buflen
                0x0000000000027c28                uip_packetqueue_set_buflen
 .text          0x0000000000027c51      0x1b0 build/cooja/mtype63.a(rpl-nbr-policy.)
                0x0000000000027dbe                rpl_nbr_policy_find_removable
 .text          0x0000000000027e01      0x915 build/cooja/mtype63.a(rpl-neighbor.o)
                0x0000000000027e7d                rpl_neighbor_snprint
                0x0000000000028130                rpl_neighbor_print_list
                0x00000000000281e5                rpl_neighbor_count
                0x000000000002828c                rpl_neighbor_get_from_lladdr
                0x00000000000282a8                rpl_neighbor_is_acceptable_parent
                0x00000000000282dc                rpl_neighbor_get_link_metric
                0x0000000000028310                rpl_neighbor_rank_via_nbr
                0x0000000000028344                rpl_neighbor_get_lladdr
                0x0000000000028360                rpl_neighbor_get_ipaddr
                0x0000000000028387                rpl_neighbor_get_link_stats
                0x00000000000283ae                rpl_neighbor_is_fresh
                0x00000000000283d5                rpl_neighbor_is_reachable
                0x0000000000028420                rpl_neighbor_is_parent
                0x000000000002844a                rpl_neighbor_set_preferred_parent
                0x00000000000284e1                rpl_neighbor_remove_all
                0x000000000002853d                rpl_neighbor_get_from_ipaddr
                0x000000000002864b                rpl_neighbor_select_best
                0x00000000000286f7                rpl_neighbor_init
 .text          0x0000000000028716      0xe69 build/cooja/mtype63.a(rpl-dag.o)
                0x0000000000028716                rpl_dag_state_to_str
                0x0000000000028755                rpl_dag_get_root_ipaddr
                0x000000000002879d                rpl_dag_leave
                0x0000000000028826                rpl_dag_poison_and_leave
                0x000000000002883e                rpl_dag_periodic
                0x00000000000288c6                rpl_is_addr_in_our_dag
                0x000000000002890a                rpl_get_default_instance
                0x0000000000028926                rpl_get_any_dag
                0x000000000002897f                rpl_refresh_routes
                0x00000000000289bf                rpl_global_repair
                0x0000000000028a58                rpl_local_repair
                0x0000000000028aa2                rpl_dag_ready_to_advertise
                0x0000000000028ae5                rpl_dag_update_state
                0x0000000000029212                rpl_process_dio
                0x0000000000029290                rpl_process_dis
                0x00000000000292d5                rpl_process_dao
                0x0000000000029364                rpl_process_dao_ack
                0x00000000000293fb                rpl_process_hbh
                0x000000000002944b                rpl_dag_init_root
                0x000000000002955f                rpl_dag_init
 .text          0x000000000002957f      0x9e7 build/cooja/mtype63.a(rpl-timers.o)
                0x000000000002957f                rpl_timers_schedule_periodic_dis
                0x00000000000296cd                rpl_timers_dio_reset
                0x00000000000297db                rpl_timers_schedule_unicast_dio
                0x000000000002992f                rpl_timers_schedule_dao
                0x00000000000299ee                rpl_timers_schedule_dao_ack
                0x0000000000029a74                rpl_timers_notify_dao_ack
                0x0000000000029ad2                get_probing_delay
                0x0000000000029b06                get_probing_target
                0x0000000000029cf0                rpl_schedule_probing
                0x0000000000029d1e                rpl_schedule_probing_now
                0x0000000000029d88                rpl_timers_unschedule_leaving
                0x0000000000029dc0                rpl_timers_schedule_leaving
                0x0000000000029e01                rpl_timers_init
                0x0000000000029e91                rpl_timers_stop_dag_timers
                0x0000000000029f0a                rpl_timers_unschedule_state_update
                0x0000000000029f2e                rpl_timers_schedule_state_update
 .text          0x0000000000029f66      0xb8e build/cooja/mtype63.a(rpl-ext-header.)
                0x0000000000029f66                rpl_ext_header_srh_get_next_hop
                0x000000000002a04d                rpl_ext_header_srh_update
                0x000000000002a5b9                rpl_ext_header_hbh_update
                0x000000000002a8b9                rpl_ext_header_update
                0x000000000002a942                rpl_ext_header_remove
 .text          0x000000000002aaf4      0x31b build/cooja/mtype63.a(rpl-mrhof.o)
 *fill*         0x000000000002ae0f        0x1 
 .text          0x000000000002ae10      0x122 /usr/lib/gcc/i686-linux-gnu/5/libgcc.a(_udivdi3.o)
                0x000000000002ae10                __udivdi3
 .text          0x000000000002af32        0x0 /usr/lib/gcc/i686-linux-gnu/5/crtendS.o
 .text          0x000000000002af32        0x0 /usr/lib/gcc/i686-linux-gnu/5/../../../i386-linux-gnu/crtn.o
 *(.gnu.warning)

.fini           0x000000000002af34       0x14
 *(SORT(.fini))
 .fini          0x000000000002af34        0xf /usr/lib/gcc/i686-linux-gnu/5/../../../i386-linux-gnu/crti.o
                0x000000000002af34                _fini
 .fini          0x000000000002af43        0x5 /usr/lib/gcc/i686-linux-gnu/5/../../../i386-linux-gnu/crtn.o
                [!provide]                        PROVIDE (__etext, .)
                [!provide]                        PROVIDE (_etext, .)
                [!provide]                        PROVIDE (etext, .)

.rodata         0x000000000002af60      0xd8b
 *(.rodata .rodata.* .gnu.linkonce.r.*)
 .rodata        0x000000000002af60      0x2b9 oxygen_actuator.o
                0x000000000002b074                autostart_processes
 *fill*         0x000000000002b219        0x3 
 .rodata        0x000000000002b21c        0x8 build/cooja/mtype63.a(beep.o)
                0x000000000002b21c                beep_interface
 .rodata        0x000000000002b224        0xe build/cooja/mtype63.a(leds-arch.o)
                0x000000000002b224                leds_interface
                0x000000000002b22c                leds_arch_leds
 *fill*         0x000000000002b232        0x2 
 .rodata        0x000000000002b234        0x8 build/cooja/mtype63.a(moteid.o)
                0x000000000002b234                moteid_interface
 .rodata        0x000000000002b23c       0x1c build/cooja/mtype63.a(pir-sensor.o)
                0x000000000002b23c                pir_interface
                0x000000000002b248                pir_sensor
 .rodata        0x000000000002b258        0xe build/cooja/mtype63.a(rs232.o)
                0x000000000002b258                rs232_interface
 *fill*         0x000000000002b266        0x2 
 .rodata        0x000000000002b268       0x24 build/cooja/mtype63.a(vib-sensor.o)
                0x000000000002b268                vib_interface
                0x000000000002b27c                vib_sensor
 .rodata        0x000000000002b28c        0x8 build/cooja/mtype63.a(clock.o)
                0x000000000002b28c                clock_interface
 .rodata        0x000000000002b294        0x8 build/cooja/mtype63.a(cooja-log.o)
                0x000000000002b294                simlog_interface
 .rodata        0x000000000002b29c       0x2f build/cooja/mtype63.a(cfs-cooja.o)
                0x000000000002b29c                cfs_interface
 *fill*         0x000000000002b2cb       0x15 
 .rodata        0x000000000002b2e0       0xb8 build/cooja/mtype63.a(cooja-radio.o)
                0x000000000002b2e0                radio_interface
                0x000000000002b360                cooja_radio_driver
 .rodata        0x000000000002b398        0x8 build/cooja/mtype63.a(eeprom.o)
                0x000000000002b398                eeprom_interface
 .rodata        0x000000000002b3a0        0x8 build/cooja/mtype63.a(sensors.o)
 .rodata        0x000000000002b3a8       0x2c build/cooja/mtype63.a(buttons.o)
                0x000000000002b3a8                button_interface
                0x000000000002b3bc                button_hal_button_count
                0x000000000002b3c4                button_sensor
 *fill*         0x000000000002b3d4        0x4 
 .rodata        0x000000000002b3d8      0x158 build/cooja/mtype63.a(oxygen_generato)
 .rodata        0x000000000002b530       0x41 build/cooja/mtype63.a(coap-engine.o)
 .rodata        0x000000000002b571       0x19 build/cooja/mtype63.a(coap-res-well-k)
 .rodata        0x000000000002b58a       0x11 build/cooja/mtype63.a(coap-observe.o)
 .rodata        0x000000000002b59b       0x35 build/cooja/mtype63.a(coap-uip.o)
 .rodata        0x000000000002b5d0      0x1ac build/cooja/mtype63.a(coap.o)
 .rodata        0x000000000002b77c       0xf8 build/cooja/mtype63.a(contiki-main.o)
 .rodata        0x000000000002b874        0xf build/cooja/mtype63.a(ctimer.o)
 *fill*         0x000000000002b883        0x1 
 .rodata        0x000000000002b884       0xc4 build/cooja/mtype63.a(log.o)
 .rodata        0x000000000002b948        0xc build/cooja/mtype63.a(etimer.o)
 .rodata        0x000000000002b954       0x13 build/cooja/mtype63.a(button-hal.o)
 .rodata        0x000000000002b967        0xe build/cooja/mtype63.a(serial-line.o)
 *fill*         0x000000000002b975        0x3 
 .rodata        0x000000000002b978        0x8 build/cooja/mtype63.a(linkaddr.o)
                0x000000000002b978                linkaddr_null
 .rodata        0x000000000002b980       0x24 build/cooja/mtype63.a(csma.o)
                0x000000000002b988                csma_driver
 .rodata        0x000000000002b9a4       0x24 build/cooja/mtype63.a(csma-output.o)
 .rodata        0x000000000002b9c8       0x4d build/cooja/mtype63.a(uip-ds6-route.o)
 .rodata        0x000000000002ba15        0xd build/cooja/mtype63.a(tcpip.o)
 *fill*         0x000000000002ba22        0x2 
 .rodata        0x000000000002ba24       0x30 build/cooja/mtype63.a(sicslowpan.o)
                0x000000000002ba24                unc_llconf
                0x000000000002ba28                unc_ctxconf
                0x000000000002ba2c                unc_mxconf
                0x000000000002ba30                llprefix
                0x000000000002ba44                sicslowpan_driver
 .rodata        0x000000000002ba54       0x2d build/cooja/mtype63.a(uiplib.o)
 *fill*         0x000000000002ba81       0x1f 
 .rodata        0x000000000002baa0       0x74 build/cooja/mtype63.a(rpl.o)
                0x000000000002bac0                rpl_lite_driver
 .rodata        0x000000000002bb14       0x20 build/cooja/mtype63.a(coap-timer-defa)
                0x000000000002bb28                coap_timer_default_driver
 .rodata        0x000000000002bb34       0x25 build/cooja/mtype63.a(assert.o)
 *fill*         0x000000000002bb59        0x3 
 .rodata        0x000000000002bb5c        0xc build/cooja/mtype63.a(framer-802154.o)
                0x000000000002bb5c                framer_802154
 .rodata        0x000000000002bb68       0x44 build/cooja/mtype63.a(uip-sr.o)
 .rodata        0x000000000002bbac       0x58 build/cooja/mtype63.a(rpl-neighbor.o)
 .rodata        0x000000000002bc04       0xdb build/cooja/mtype63.a(rpl-dag.o)
 .rodata        0x000000000002bcdf        0xc build/cooja/mtype63.a(rpl-timers.o)

.rodata1
 *(.rodata1)

.eh_frame_hdr   0x000000000002bcec     0x1a6c
 *(.eh_frame_hdr)
 .eh_frame_hdr  0x000000000002bcec     0x1a6c oxygen_actuator.o
                0x000000000002bcec                __GNU_EH_FRAME_HDR
 *(.eh_frame_entry .eh_frame_entry.*)

.eh_frame       0x000000000002d758     0x6b30
 *(.eh_frame)
 .eh_frame      0x000000000002d758       0x3c /usr/lib/gcc/i686-linux-gnu/5/../../../i386-linux-gnu/crti.o
                                         0x40 (size before relaxing)
 .eh_frame      0x000000000002d794       0xa4 oxygen_actuator.o
                                         0xbc (size before relaxing)
 .eh_frame      0x000000000002d838      0x178 build/cooja/mtype63.o
                                        0x190 (size before relaxing)
 .eh_frame      0x000000000002d9b0       0x40 build/cooja/mtype63.a(simEnvChange.o)
                                         0x58 (size before relaxing)
 .eh_frame      0x000000000002d9f0       0x60 build/cooja/mtype63.a(cooja_mt.o)
                                         0x78 (size before relaxing)
 .eh_frame      0x000000000002da50       0x80 build/cooja/mtype63.a(cooja_mtarch.o)
                                         0x98 (size before relaxing)
 .eh_frame      0x000000000002dad0       0xc8 build/cooja/mtype63.a(rtimer-arch.o)
                                         0xe0 (size before relaxing)
 .eh_frame      0x000000000002db98      0x160 build/cooja/mtype63.a(beep.o)
                                        0x178 (size before relaxing)
 .eh_frame      0x000000000002dcf8       0x80 build/cooja/mtype63.a(leds-arch.o)
                                         0x98 (size before relaxing)
 .eh_frame      0x000000000002dd78       0x40 build/cooja/mtype63.a(moteid.o)
                                         0x58 (size before relaxing)
 .eh_frame      0x000000000002ddb8       0xa0 build/cooja/mtype63.a(pir-sensor.o)
                                         0xb8 (size before relaxing)
 .eh_frame      0x000000000002de58      0x100 build/cooja/mtype63.a(rs232.o)
                                        0x118 (size before relaxing)
 .eh_frame      0x000000000002df58       0xa0 build/cooja/mtype63.a(vib-sensor.o)
                                         0xb8 (size before relaxing)
 .eh_frame      0x000000000002dff8       0xc0 build/cooja/mtype63.a(clock.o)
                                         0xd8 (size before relaxing)
 .eh_frame      0x000000000002e0b8      0x120 build/cooja/mtype63.a(cooja-log.o)
                                        0x138 (size before relaxing)
 .eh_frame      0x000000000002e1d8      0x160 build/cooja/mtype63.a(cfs-cooja.o)
                                        0x178 (size before relaxing)
 .eh_frame      0x000000000002e338      0x340 build/cooja/mtype63.a(cooja-radio.o)
                                        0x358 (size before relaxing)
 .eh_frame      0x000000000002e678       0xa0 build/cooja/mtype63.a(eeprom.o)
                                         0xb8 (size before relaxing)
 .eh_frame      0x000000000002e718       0x40 build/cooja/mtype63.a(random.o)
                                         0x58 (size before relaxing)
 .eh_frame      0x000000000002e758       0xc0 build/cooja/mtype63.a(sensors.o)
                                         0xd8 (size before relaxing)
 .eh_frame      0x000000000002e818      0x120 build/cooja/mtype63.a(leds.o)
                                        0x138 (size before relaxing)
 .eh_frame      0x000000000002e938      0x220 build/cooja/mtype63.a(gpio-hal-arch.o)
                                        0x238 (size before relaxing)
 .eh_frame      0x000000000002eb58       0xa0 build/cooja/mtype63.a(buttons.o)
                                         0xb8 (size before relaxing)
 .eh_frame      0x000000000002ebf8       0x80 build/cooja/mtype63.a(oxygen_generato)
                                         0x98 (size before relaxing)
 .eh_frame      0x000000000002ec78      0x1c4 build/cooja/mtype63.a(coap-observe-cl)
                                        0x1dc (size before relaxing)
 .eh_frame      0x000000000002ee3c       0x44 build/cooja/mtype63.a(coap-blocking-a)
                                         0x5c (size before relaxing)
 .eh_frame      0x000000000002ee80      0x220 build/cooja/mtype63.a(coap-engine.o)
                                        0x238 (size before relaxing)
 .eh_frame      0x000000000002f0a0       0x24 build/cooja/mtype63.a(coap-res-well-k)
                                         0x3c (size before relaxing)
 .eh_frame      0x000000000002f0c4      0x188 build/cooja/mtype63.a(coap-observe.o)
                                        0x1a0 (size before relaxing)
 .eh_frame      0x000000000002f24c      0x250 build/cooja/mtype63.a(coap-uip.o)
                                        0x268 (size before relaxing)
 .eh_frame      0x000000000002f49c      0x114 build/cooja/mtype63.a(coap-timer.o)
                                        0x12c (size before relaxing)
 .eh_frame      0x000000000002f5b0      0x100 build/cooja/mtype63.a(coap-transactio)
                                        0x118 (size before relaxing)
 .eh_frame      0x000000000002f6b0      0x6ec build/cooja/mtype63.a(coap.o)
                                        0x704 (size before relaxing)
 .eh_frame      0x000000000002fd9c       0x30 build/cooja/mtype63.a(contiki-main.o)
                                         0x48 (size before relaxing)
 .eh_frame      0x000000000002fdcc       0x40 build/cooja/mtype63.a(autostart.o)
                                         0x58 (size before relaxing)
 .eh_frame      0x000000000002fe0c      0x100 build/cooja/mtype63.a(ctimer.o)
                                        0x118 (size before relaxing)
 .eh_frame      0x000000000002ff0c      0x100 build/cooja/mtype63.a(log.o)
                                        0x118 (size before relaxing)
 .eh_frame      0x000000000003000c       0x60 build/cooja/mtype63.a(energest.o)
                                         0x78 (size before relaxing)
 .eh_frame      0x000000000003006c      0x1e0 build/cooja/mtype63.a(etimer.o)
                                        0x1f8 (size before relaxing)
 .eh_frame      0x000000000003024c       0x20 build/cooja/mtype63.a(node-id.o)
                                         0x38 (size before relaxing)
 .eh_frame      0x000000000003026c       0x60 build/cooja/mtype63.a(rtimer.o)
                                         0x78 (size before relaxing)
 .eh_frame      0x00000000000302cc      0x1c4 build/cooja/mtype63.a(process.o)
                                        0x1dc (size before relaxing)
 .eh_frame      0x0000000000030490       0xa4 build/cooja/mtype63.a(timer.o)
                                         0xbc (size before relaxing)
 .eh_frame      0x0000000000030534      0x1a0 build/cooja/mtype63.a(list.o)
                                        0x1b8 (size before relaxing)
 .eh_frame      0x00000000000306d4       0xa0 build/cooja/mtype63.a(memb.o)
                                         0xb8 (size before relaxing)
 .eh_frame      0x0000000000030774      0x144 build/cooja/mtype63.a(button-hal.o)
                                        0x15c (size before relaxing)
 .eh_frame      0x00000000000308b8       0x60 build/cooja/mtype63.a(serial-line.o)
                                         0x78 (size before relaxing)
 .eh_frame      0x0000000000030918       0xe0 build/cooja/mtype63.a(gpio-hal.o)
                                         0xf8 (size before relaxing)
 .eh_frame      0x00000000000309f8      0x1a0 build/cooja/mtype63.a(queuebuf.o)
                                        0x1b8 (size before relaxing)
 .eh_frame      0x0000000000030b98      0x28c build/cooja/mtype63.a(packetbuf.o)
                                        0x2a4 (size before relaxing)
 .eh_frame      0x0000000000030e24       0x80 build/cooja/mtype63.a(netstack.o)
                                         0x98 (size before relaxing)
 .eh_frame      0x0000000000030ea4       0x60 build/cooja/mtype63.a(linkaddr.o)
                                         0x78 (size before relaxing)
 .eh_frame      0x0000000000030f04       0xe0 build/cooja/mtype63.a(csma.o)
                                         0xf8 (size before relaxing)
 .eh_frame      0x0000000000030fe4      0x1d0 build/cooja/mtype63.a(csma-output.o)
                                        0x1e8 (size before relaxing)
 .eh_frame      0x00000000000311b4      0x328 build/cooja/mtype63.a(uip-ds6.o)
                                        0x340 (size before relaxing)
 .eh_frame      0x00000000000314dc       0x40 build/cooja/mtype63.a(uip-udp-packet.)
                                         0x58 (size before relaxing)
 .eh_frame      0x000000000003151c      0x220 build/cooja/mtype63.a(uip-ds6-route.o)
                                        0x238 (size before relaxing)
 .eh_frame      0x000000000003173c      0x244 build/cooja/mtype63.a(tcpip.o)
                                        0x25c (size before relaxing)
 .eh_frame      0x0000000000031980      0x1e8 build/cooja/mtype63.a(uip6.o)
                                        0x200 (size before relaxing)
 .eh_frame      0x0000000000031b68      0x1c0 build/cooja/mtype63.a(uip-ds6-nbr.o)
                                        0x1d8 (size before relaxing)
 .eh_frame      0x0000000000031d28       0x84 build/cooja/mtype63.a(uip-nd6.o)
                                         0x9c (size before relaxing)
 .eh_frame      0x0000000000031dac      0x2f8 build/cooja/mtype63.a(sicslowpan.o)
                                        0x310 (size before relaxing)
 .eh_frame      0x00000000000320a4       0x88 build/cooja/mtype63.a(uiplib.o)
                                         0xa0 (size before relaxing)
 .eh_frame      0x000000000003212c      0x1e0 build/cooja/mtype63.a(rpl.o)
                                        0x1f8 (size before relaxing)
 .eh_frame      0x000000000003230c      0x1c4 build/cooja/mtype63.a(rpl-icmp6.o)
                                        0x1dc (size before relaxing)
 .eh_frame      0x00000000000324d0       0xa0 build/cooja/mtype63.a(rpl-dag-root.o)
                                         0xb8 (size before relaxing)
 .eh_frame      0x0000000000032570       0xa0 build/cooja/mtype63.a(watchdog.o)
                                         0xb8 (size before relaxing)
 .eh_frame      0x0000000000032610       0x80 build/cooja/mtype63.a(int-master.o)
                                         0x98 (size before relaxing)
 .eh_frame      0x0000000000032690       0xa4 build/cooja/mtype63.a(coap-timer-defa)
                                         0xbc (size before relaxing)
 .eh_frame      0x0000000000032734       0xc4 build/cooja/mtype63.a(stimer.o)
                                         0xdc (size before relaxing)
 .eh_frame      0x00000000000327f8       0xa0 build/cooja/mtype63.a(ringbuf.o)
                                         0xb8 (size before relaxing)
 .eh_frame      0x0000000000032898       0x20 build/cooja/mtype63.a(assert.o)
                                         0x38 (size before relaxing)
 .eh_frame      0x00000000000328b8      0x2ac build/cooja/mtype63.a(nbr-table.o)
                                        0x2c4 (size before relaxing)
 .eh_frame      0x0000000000032b64      0x120 build/cooja/mtype63.a(link-stats.o)
                                        0x138 (size before relaxing)
 .eh_frame      0x0000000000032c84       0x48 build/cooja/mtype63.a(mac-sequence.o)
                                         0x60 (size before relaxing)
 .eh_frame      0x0000000000032ccc       0x20 build/cooja/mtype63.a(mac.o)
                                         0x38 (size before relaxing)
 .eh_frame      0x0000000000032cec       0xa4 build/cooja/mtype63.a(framer-802154.o)
                                         0xbc (size before relaxing)
 .eh_frame      0x0000000000032d90      0x1a4 build/cooja/mtype63.a(frame802154.o)
                                        0x1bc (size before relaxing)
 .eh_frame      0x0000000000032f34       0x40 build/cooja/mtype63.a(csma-security.o)
                                         0x58 (size before relaxing)
 .eh_frame      0x0000000000032f74      0x200 build/cooja/mtype63.a(uipbuf.o)
                                        0x218 (size before relaxing)
 .eh_frame      0x0000000000033174      0x150 build/cooja/mtype63.a(uip-icmp6.o)
                                        0x168 (size before relaxing)
 .eh_frame      0x00000000000332c4      0x184 build/cooja/mtype63.a(uip-sr.o)
                                        0x19c (size before relaxing)
 .eh_frame      0x0000000000033448       0xe0 build/cooja/mtype63.a(uip-packetqueue)
                                         0xf8 (size before relaxing)
 .eh_frame      0x0000000000033528       0x80 build/cooja/mtype63.a(rpl-nbr-policy.)
                                         0x98 (size before relaxing)
 .eh_frame      0x00000000000335a8      0x2d4 build/cooja/mtype63.a(rpl-neighbor.o)
                                        0x2ec (size before relaxing)
 .eh_frame      0x000000000003387c      0x370 build/cooja/mtype63.a(rpl-dag.o)
                                        0x388 (size before relaxing)
 .eh_frame      0x0000000000033bec      0x3a8 build/cooja/mtype63.a(rpl-timers.o)
                                        0x3c0 (size before relaxing)
 .eh_frame      0x0000000000033f94      0x124 build/cooja/mtype63.a(rpl-ext-header.)
                                        0x13c (size before relaxing)
 .eh_frame      0x00000000000340b8      0x148 build/cooja/mtype63.a(rpl-mrhof.o)
                                        0x160 (size before relaxing)
 .eh_frame      0x0000000000034200       0x84 /usr/lib/gcc/i686-linux-gnu/5/libgcc.a(_udivdi3.o)
                                         0x9c (size before relaxing)
 .eh_frame      0x0000000000034284        0x4 /usr/lib/gcc/i686-linux-gnu/5/crtendS.o
 *(.eh_frame.*)

.gcc_except_table
 *(.gcc_except_table .gcc_except_table.*)

.gnu_extab
 *(.gnu_extab*)

.exception_ranges
 *(.exception_ranges .exception_ranges*)
                0x0000000000035f10                . = DATA_SEGMENT_ALIGN (0x1000, 0x1000)

.eh_frame
 *(.eh_frame)
 *(.eh_frame.*)

.gnu_extab
 *(.gnu_extab)

.gcc_except_table
 *(.gcc_except_table .gcc_except_table.*)

.exception_ranges
 *(.exception_ranges .exception_ranges*)

.tdata
 *(.tdata .tdata.* .gnu.linkonce.td.*)

.tbss
 *(.tbss .tbss.* .gnu.linkonce.tb.*)
 *(.tcommon)

.preinit_array
 *(.preinit_array)

.init_array     0x0000000000035f10        0x4
 *(SORT(.init_array.*) SORT(.ctors.*))
 *(.init_array EXCLUDE_FILE(*crtend?.o *crtend.o *crtbegin?.o *crtbegin.o) .ctors)
 .init_array    0x0000000000035f10        0x4 /usr/lib/gcc/i686-linux-gnu/5/crtbeginS.o

.fini_array     0x0000000000035f14        0x4
 *(SORT(.fini_array.*) SORT(.dtors.*))
 *(.fini_array EXCLUDE_FILE(*crtend?.o *crtend.o *crtbegin?.o *crtbegin.o) .dtors)
 .fini_array    0x0000000000035f14        0x4 /usr/lib/gcc/i686-linux-gnu/5/crtbeginS.o

.ctors
 *crtbegin.o(.ctors)
 *crtbegin?.o(.ctors)
 *(EXCLUDE_FILE(*crtend?.o *crtend.o) .ctors)
 *(SORT(.ctors.*))
 *(.ctors)

.dtors
 *crtbegin.o(.dtors)
 *crtbegin?.o(.dtors)
 *(EXCLUDE_FILE(*crtend?.o *crtend.o) .dtors)
 *(SORT(.dtors.*))
 *(.dtors)

.jcr            0x0000000000035f18        0x4
 *(.jcr)
 .jcr           0x0000000000035f18        0x0 /usr/lib/gcc/i686-linux-gnu/5/crtbeginS.o
 .jcr           0x0000000000035f18        0x4 /usr/lib/gcc/i686-linux-gnu/5/crtendS.o

.data.rel.ro
 *(.data.rel.ro.local* .gnu.linkonce.d.rel.ro.local.*)
 *(.data.rel.ro .data.rel.ro.* .gnu.linkonce.d.rel.ro.*)

.dynamic        0x0000000000035f1c       0xd0
 *(.dynamic)
 .dynamic       0x0000000000035f1c       0xd0 /usr/lib/gcc/i686-linux-gnu/5/../../../i386-linux-gnu/crti.o
                0x0000000000035f1c                _DYNAMIC

.got            0x0000000000035fec       0x14
 *(.got)
 .got           0x0000000000035fec       0x14 /usr/lib/gcc/i686-linux-gnu/5/../../../i386-linux-gnu/crti.o
 *(.igot)
                0x0000000000036ff4                . = DATA_SEGMENT_RELRO_END (., (SIZEOF (.got.plt) >= 0xc)?0xc:0x0)

.got.plt        0x0000000000036000        0xc
 *(.got.plt)
 .got.plt       0x0000000000036000        0xc /usr/lib/gcc/i686-linux-gnu/5/../../../i386-linux-gnu/crti.o
                0x0000000000036000                _GLOBAL_OFFSET_TABLE_
 *(.igot.plt)

.data           0x0000000000036020      0x464
 *(.data .data.* .gnu.linkonce.d.*)
 .data          0x0000000000036020        0x0 /usr/lib/gcc/i686-linux-gnu/5/../../../i386-linux-gnu/crti.o
 .data          0x0000000000036020        0x0 /usr/lib/gcc/i686-linux-gnu/5/crtbeginS.o
 .data.rel.local
                0x0000000000036020        0x4 /usr/lib/gcc/i686-linux-gnu/5/crtbeginS.o
                0x0000000000036020                __dso_handle
 .data          0x0000000000036024       0x14 oxygen_actuator.o
                0x0000000000036028                oxygen_actuator
 *fill*         0x0000000000036038        0x8 
 .data          0x0000000000036040       0x44 build/cooja/mtype63.o
                0x0000000000036040                simInterfaces
                0x0000000000036074                sensors
 .data          0x0000000000036084        0x0 build/cooja/mtype63.a(simEnvChange.o)
 .data          0x0000000000036084        0x0 build/cooja/mtype63.a(cooja_mt.o)
 .data          0x0000000000036084        0x0 build/cooja/mtype63.a(cooja_mtarch.o)
 .data          0x0000000000036084        0x0 build/cooja/mtype63.a(rtimer-arch.o)
 .data          0x0000000000036084        0x0 build/cooja/mtype63.a(beep.o)
 .data          0x0000000000036084        0x0 build/cooja/mtype63.a(leds-arch.o)
 .data          0x0000000000036084        0x0 build/cooja/mtype63.a(moteid.o)
 .data          0x0000000000036084        0x0 build/cooja/mtype63.a(pir-sensor.o)
 .data          0x0000000000036084        0x0 build/cooja/mtype63.a(rs232.o)
 .data          0x0000000000036084        0x0 build/cooja/mtype63.a(vib-sensor.o)
 .data          0x0000000000036084        0x0 build/cooja/mtype63.a(clock.o)
 .data          0x0000000000036084        0x0 build/cooja/mtype63.a(cooja-log.o)
 .data          0x0000000000036084        0x0 build/cooja/mtype63.a(cfs-cooja.o)
 .data          0x0000000000036084       0x2c build/cooja/mtype63.a(cooja-radio.o)
                0x0000000000036084                simRadioHWOn
                0x0000000000036088                simSignalStrength
                0x000000000003608c                simLastSignalStrength
                0x0000000000036090                simPower
                0x0000000000036094                simRadioChannel
                0x0000000000036098                simLQI
                0x00000000000360a0                cooja_radio_process
 .data          0x00000000000360b0        0x0 build/cooja/mtype63.a(eeprom.o)
 .data          0x00000000000360b0        0x0 build/cooja/mtype63.a(random.o)
 .data          0x00000000000360b0       0x10 build/cooja/mtype63.a(sensors.o)
                0x00000000000360b0                sensors_process
 .data          0x00000000000360c0        0x0 build/cooja/mtype63.a(leds.o)
 .data          0x00000000000360c0        0x0 build/cooja/mtype63.a(gpio-hal-arch.o)
 .data          0x00000000000360c0       0x78 build/cooja/mtype63.a(buttons.o)
                0x00000000000360c0                simButtonIsActive
                0x0000000000036130                button_hal_buttons
 *fill*         0x0000000000036138        0x8 
 .data          0x0000000000036140       0x44 build/cooja/mtype63.a(oxygen_generato)
                0x0000000000036140                GOOD_OXYGEN_LEVEL
                0x0000000000036160                oxygen_generator
 .data          0x0000000000036184       0x10 build/cooja/mtype63.a(coap-observe-cl)
 .data          0x0000000000036194        0x0 build/cooja/mtype63.a(coap-blocking-a)
 .data          0x0000000000036194        0x8 build/cooja/mtype63.a(coap-engine.o)
 *fill*         0x000000000003619c        0x4 
 .data          0x00000000000361a0       0x24 build/cooja/mtype63.a(coap-res-well-k)
                0x00000000000361a0                res_well_known_core
 .data          0x00000000000361c4       0x10 build/cooja/mtype63.a(coap-observe.o)
 .data          0x00000000000361d4       0x10 build/cooja/mtype63.a(coap-uip.o)
                0x00000000000361d4                coap_engine
 .data          0x00000000000361e4        0x4 build/cooja/mtype63.a(coap-timer.o)
 .data          0x00000000000361e8       0x10 build/cooja/mtype63.a(coap-transactio)
 .data          0x00000000000361f8        0x4 build/cooja/mtype63.a(coap.o)
                0x00000000000361f8                coap_error_message
 .data          0x00000000000361fc        0x0 build/cooja/mtype63.a(contiki-main.o)
 .data          0x00000000000361fc        0x0 build/cooja/mtype63.a(autostart.o)
 .data          0x00000000000361fc       0x14 build/cooja/mtype63.a(ctimer.o)
                0x0000000000036200                ctimer_process
 *fill*         0x0000000000036210       0x10 
 .data          0x0000000000036220       0xbc build/cooja/mtype63.a(log.o)
                0x0000000000036220                curr_log_level_main
                0x0000000000036240                all_modules
 .data          0x00000000000362dc        0x0 build/cooja/mtype63.a(energest.o)
 .data          0x00000000000362dc       0x10 build/cooja/mtype63.a(etimer.o)
                0x00000000000362dc                etimer_process
 .data          0x00000000000362ec        0x0 build/cooja/mtype63.a(node-id.o)
 .data          0x00000000000362ec        0x0 build/cooja/mtype63.a(rtimer.o)
 .data          0x00000000000362ec        0x0 build/cooja/mtype63.a(process.o)
 .data          0x00000000000362ec        0x0 build/cooja/mtype63.a(timer.o)
 .data          0x00000000000362ec        0x0 build/cooja/mtype63.a(list.o)
 .data          0x00000000000362ec        0x0 build/cooja/mtype63.a(memb.o)
 .data          0x00000000000362ec       0x10 build/cooja/mtype63.a(button-hal.o)
                0x00000000000362ec                button_hal_process
 .data          0x00000000000362fc       0x10 build/cooja/mtype63.a(serial-line.o)
                0x00000000000362fc                serial_line_process
 .data          0x000000000003630c        0x4 build/cooja/mtype63.a(gpio-hal.o)
 .data          0x0000000000036310       0x18 build/cooja/mtype63.a(queuebuf.o)
 .data          0x0000000000036328        0x4 build/cooja/mtype63.a(packetbuf.o)
 .data          0x000000000003632c        0x4 build/cooja/mtype63.a(netstack.o)
 .data          0x0000000000036330        0x0 build/cooja/mtype63.a(linkaddr.o)
 .data          0x0000000000036330        0x0 build/cooja/mtype63.a(csma.o)
 .data          0x0000000000036330       0x28 build/cooja/mtype63.a(csma-output.o)
 .data          0x0000000000036358        0x0 build/cooja/mtype63.a(uip-ds6.o)
 .data          0x0000000000036358        0x0 build/cooja/mtype63.a(uip-udp-packet.)
 .data          0x0000000000036358       0x10 build/cooja/mtype63.a(uip-ds6-route.o)
 .data          0x0000000000036368       0x10 build/cooja/mtype63.a(tcpip.o)
                0x0000000000036368                tcpip_process
 .data          0x0000000000036378        0x0 build/cooja/mtype63.a(uip6.o)
 .data          0x0000000000036378       0x14 build/cooja/mtype63.a(uip-ds6-nbr.o)
 .data          0x000000000003638c        0xc build/cooja/mtype63.a(uip-nd6.o)
 .data          0x0000000000036398        0x0 build/cooja/mtype63.a(sicslowpan.o)
 .data          0x0000000000036398        0x0 build/cooja/mtype63.a(uiplib.o)
 .data          0x0000000000036398        0x0 build/cooja/mtype63.a(rpl.o)
 .data          0x0000000000036398       0x30 build/cooja/mtype63.a(rpl-icmp6.o)
 .data          0x00000000000363c8        0x0 build/cooja/mtype63.a(rpl-dag-root.o)
 .data          0x00000000000363c8        0x0 build/cooja/mtype63.a(watchdog.o)
 .data          0x00000000000363c8        0x0 build/cooja/mtype63.a(int-master.o)
 .data          0x00000000000363c8       0x10 build/cooja/mtype63.a(coap-timer-defa)
                0x00000000000363c8                coap_timer_process
 .data          0x00000000000363d8        0x0 build/cooja/mtype63.a(stimer.o)
 .data          0x00000000000363d8        0x0 build/cooja/mtype63.a(ringbuf.o)
 .data          0x00000000000363d8        0x0 build/cooja/mtype63.a(assert.o)
 .data          0x00000000000363d8       0x10 build/cooja/mtype63.a(nbr-table.o)
 .data          0x00000000000363e8       0x14 build/cooja/mtype63.a(link-stats.o)
 .data          0x00000000000363fc        0x0 build/cooja/mtype63.a(mac-sequence.o)
 .data          0x00000000000363fc        0x0 build/cooja/mtype63.a(mac.o)
 .data          0x00000000000363fc        0x0 build/cooja/mtype63.a(framer-802154.o)
 .data          0x00000000000363fc        0x2 build/cooja/mtype63.a(frame802154.o)
 .data          0x00000000000363fe        0x0 build/cooja/mtype63.a(csma-security.o)
 .data          0x00000000000363fe        0x0 build/cooja/mtype63.a(uipbuf.o)
 *fill*         0x00000000000363fe        0x2 
 .data          0x0000000000036400       0x20 build/cooja/mtype63.a(uip-icmp6.o)
 .data          0x0000000000036420       0x10 build/cooja/mtype63.a(uip-sr.o)
 .data          0x0000000000036430        0xc build/cooja/mtype63.a(uip-packetqueue)
 .data          0x000000000003643c        0x0 build/cooja/mtype63.a(rpl-nbr-policy.)
 .data          0x000000000003643c       0x14 build/cooja/mtype63.a(rpl-neighbor.o)
                0x000000000003644c                rpl_neighbors
 .data          0x0000000000036450        0x0 build/cooja/mtype63.a(rpl-dag.o)
 .data          0x0000000000036450        0x0 build/cooja/mtype63.a(rpl-timers.o)
 .data          0x0000000000036450        0x0 build/cooja/mtype63.a(rpl-ext-header.)
 *fill*         0x0000000000036450       0x10 
 .data          0x0000000000036460       0x24 build/cooja/mtype63.a(rpl-mrhof.o)
                0x0000000000036460                rpl_mrhof
 .data          0x0000000000036484        0x0 /usr/lib/gcc/i686-linux-gnu/5/libgcc.a(_udivdi3.o)
 .data          0x0000000000036484        0x0 /usr/lib/gcc/i686-linux-gnu/5/crtendS.o
 .data          0x0000000000036484        0x0 /usr/lib/gcc/i686-linux-gnu/5/../../../i386-linux-gnu/crtn.o

.tm_clone_table
                0x0000000000036484        0x0
 .tm_clone_table
                0x0000000000036484        0x0 /usr/lib/gcc/i686-linux-gnu/5/crtbeginS.o
 .tm_clone_table
                0x0000000000036484        0x0 /usr/lib/gcc/i686-linux-gnu/5/crtendS.o

.data1
 *(.data1)
                0x0000000000036484                _edata = .
                [!provide]                        PROVIDE (edata, .)
                0x0000000000036484                . = .
                0x0000000000036484                __bss_start = .

.bss            0x00000000000364a0    0x141a4
 *(.dynbss)
 .dynbss        0x00000000000364a0        0x0 /usr/lib/gcc/i686-linux-gnu/5/../../../i386-linux-gnu/crti.o
 *(.bss .bss.* .gnu.linkonce.b.*)
 .bss           0x00000000000364a0        0x0 /usr/lib/gcc/i686-linux-gnu/5/../../../i386-linux-gnu/crti.o
 .bss           0x00000000000364a0        0x1 /usr/lib/gcc/i686-linux-gnu/5/crtbeginS.o
 *fill*         0x00000000000364a1       0x1f 
 .bss           0x00000000000364c0      0x18c oxygen_actuator.o
                0x00000000000364c0                oxygen_level
 *fill*         0x000000000003664c       0x14 
 .bss           0x0000000000036660     0x2030 build/cooja/mtype63.o
 .bss           0x0000000000038690        0x1 build/cooja/mtype63.a(simEnvChange.o)
                0x0000000000038690                simDontFallAsleep
 *fill*         0x0000000000038691        0x3 
 .bss           0x0000000000038694        0x4 build/cooja/mtype63.a(cooja_mt.o)
 .bss           0x0000000000038698        0x4 build/cooja/mtype63.a(cooja_mtarch.o)
 .bss           0x000000000003869c        0x0 build/cooja/mtype63.a(rtimer-arch.o)
 .bss           0x000000000003869c        0x0 build/cooja/mtype63.a(beep.o)
 .bss           0x000000000003869c        0x1 build/cooja/mtype63.a(leds-arch.o)
                0x000000000003869c                simLedsValue
 .bss           0x000000000003869d        0x0 build/cooja/mtype63.a(moteid.o)
 .bss           0x000000000003869d        0x1 build/cooja/mtype63.a(pir-sensor.o)
                0x000000000003869d                simPirValue
 *fill*         0x000000000003869e        0x2 
 .bss           0x00000000000386a0        0x4 build/cooja/mtype63.a(rs232.o)
 .bss           0x00000000000386a4        0x1 build/cooja/mtype63.a(vib-sensor.o)
                0x00000000000386a4                simVibValue
 .bss           0x00000000000386a5        0x0 build/cooja/mtype63.a(clock.o)
 *fill*         0x00000000000386a5       0x1b 
 .bss           0x00000000000386c0     0x2020 build/cooja/mtype63.a(cooja-log.o)
 .bss           0x000000000003a6e0      0xfc0 build/cooja/mtype63.a(cfs-cooja.o)
                0x000000000003a6e0                simCFSData
                0x000000000003b680                simCFSSize
                0x000000000003b684                simCFSChanged
                0x000000000003b688                simCFSRead
                0x000000000003b68c                simCFSWritten
 .bss           0x000000000003b6a0       0x24 build/cooja/mtype63.a(cooja-radio.o)
                0x000000000003b6a0                simReceiving
                0x000000000003b6a4                simInSize
                0x000000000003b6a8                simLastPacketTimestamp
                0x000000000003b6b0                simOutSize
 .bss           0x000000000003b6c4        0xc build/cooja/mtype63.a(eeprom.o)
                0x000000000003b6c4                simEEPROMChanged
                0x000000000003b6c8                simEEPROMRead
                0x000000000003b6cc                simEEPROMWritten
 .bss           0x000000000003b6d0        0x0 build/cooja/mtype63.a(random.o)
 .bss           0x000000000003b6d0        0xc build/cooja/mtype63.a(sensors.o)
 .bss           0x000000000003b6dc        0x0 build/cooja/mtype63.a(leds.o)
 .bss           0x000000000003b6dc       0x24 build/cooja/mtype63.a(gpio-hal-arch.o)
 .bss           0x000000000003b700        0x0 build/cooja/mtype63.a(buttons.o)
 .bss           0x000000000003b700       0x10 build/cooja/mtype63.a(oxygen_generato)
                0x000000000003b700                alert_level
                0x000000000003b704                status
                0x000000000003b708                manualMode
 *fill*         0x000000000003b710       0x10 
 .bss           0x000000000003b720      0x1b1 build/cooja/mtype63.a(coap-observe-cl)
 .bss           0x000000000003b8d1        0x0 build/cooja/mtype63.a(coap-blocking-a)
 *fill*         0x000000000003b8d1        0xf 
 .bss           0x000000000003b8e0      0x190 build/cooja/mtype63.a(coap-engine.o)
 .bss           0x000000000003ba70        0x0 build/cooja/mtype63.a(coap-res-well-k)
 *fill*         0x000000000003ba70       0x10 
 .bss           0x000000000003ba80      0x120 build/cooja/mtype63.a(coap-observe.o)
 .bss           0x000000000003bba0       0x18 build/cooja/mtype63.a(coap-uip.o)
 .bss           0x000000000003bbb8        0x5 build/cooja/mtype63.a(coap-timer.o)
 *fill*         0x000000000003bbbd        0x3 
 .bss           0x000000000003bbc0      0x334 build/cooja/mtype63.a(coap-transactio)
 .bss           0x000000000003bef4        0x6 build/cooja/mtype63.a(coap.o)
                0x000000000003bef4                coap_status_code
 .bss           0x000000000003befa        0x0 build/cooja/mtype63.a(contiki-main.o)
 .bss           0x000000000003befa        0x0 build/cooja/mtype63.a(autostart.o)
 *fill*         0x000000000003befa        0x2 
 .bss           0x000000000003befc        0x5 build/cooja/mtype63.a(ctimer.o)
 *fill*         0x000000000003bf01        0x3 
 .bss           0x000000000003bf04       0x2c build/cooja/mtype63.a(log.o)
                0x000000000003bf04                curr_log_level_rpl
                0x000000000003bf08                curr_log_level_tcpip
                0x000000000003bf0c                curr_log_level_ipv6
                0x000000000003bf10                curr_log_level_6lowpan
                0x000000000003bf14                curr_log_level_nullnet
                0x000000000003bf18                curr_log_level_mac
                0x000000000003bf1c                curr_log_level_framer
                0x000000000003bf20                curr_log_level_6top
                0x000000000003bf24                curr_log_level_coap
                0x000000000003bf28                curr_log_level_snmp
                0x000000000003bf2c                curr_log_level_lwm2m
 .bss           0x000000000003bf30        0x0 build/cooja/mtype63.a(energest.o)
 .bss           0x000000000003bf30        0x8 build/cooja/mtype63.a(etimer.o)
 .bss           0x000000000003bf38        0x2 build/cooja/mtype63.a(node-id.o)
                0x000000000003bf38                node_id
 *fill*         0x000000000003bf3a        0x2 
 .bss           0x000000000003bf3c        0x4 build/cooja/mtype63.a(rtimer.o)
 .bss           0x000000000003bf40      0x1a1 build/cooja/mtype63.a(process.o)
                0x000000000003bf40                process_list
                0x000000000003bf44                process_current
 .bss           0x000000000003c0e1        0x0 build/cooja/mtype63.a(timer.o)
 .bss           0x000000000003c0e1        0x0 build/cooja/mtype63.a(list.o)
 .bss           0x000000000003c0e1        0x0 build/cooja/mtype63.a(memb.o)
 *fill*         0x000000000003c0e1        0x3 
 .bss           0x000000000003c0e4       0x10 build/cooja/mtype63.a(button-hal.o)
 *fill*         0x000000000003c0f4        0xc 
 .bss           0x000000000003c100      0x140 build/cooja/mtype63.a(serial-line.o)
 .bss           0x000000000003c240        0x4 build/cooja/mtype63.a(gpio-hal.o)
 *fill*         0x000000000003c244       0x1c 
 .bss           0x000000000003c260     0x2c80 build/cooja/mtype63.a(queuebuf.o)
 .bss           0x000000000003eee0       0xa0 build/cooja/mtype63.a(packetbuf.o)
 .bss           0x000000000003ef80        0x4 build/cooja/mtype63.a(netstack.o)
 .bss           0x000000000003ef84        0x0 build/cooja/mtype63.a(linkaddr.o)
 .bss           0x000000000003ef84        0x0 build/cooja/mtype63.a(csma.o)
 *fill*         0x000000000003ef84       0x1c 
 .bss           0x000000000003efa0      0x726 build/cooja/mtype63.a(csma-output.o)
 *fill*         0x000000000003f6c6        0x2 
 .bss           0x000000000003f6c8       0x30 build/cooja/mtype63.a(uip-ds6.o)
 .bss           0x000000000003f6f8        0x0 build/cooja/mtype63.a(uip-udp-packet.)
 *fill*         0x000000000003f6f8        0x8 