Archive member included to satisfy reference by file (symbol)

build/cooja/mtype281.a(simEnvChange.o)
                              build/cooja/mtype281.o (simDontFallAsleep)
build/cooja/mtype281.a(cooja_mt.o)
                              build/cooja/mtype281.o (cooja_mt_start)
build/cooja/mtype281.a(cooja_mtarch.o)
                              build/cooja/mtype281.a(cooja_mt.o) (cooja_mtarch_start)
build/cooja/mtype281.a(rtimer-arch.o)
                              build/cooja/mtype281.o (rtimer_arch_check)
build/cooja/mtype281.a(beep.o)
                              build/cooja/mtype281.o (beep_interface)
build/cooja/mtype281.a(leds-arch.o)
                              build/cooja/mtype281.o (leds_interface)
build/cooja/mtype281.a(moteid.o)
                              build/cooja/mtype281.o (moteid_interface)
build/cooja/mtype281.a(pir-sensor.o)
                              build/cooja/mtype281.o (pir_interface)
build/cooja/mtype281.a(rs232.o)
                              build/cooja/mtype281.o (rs232_interface)
build/cooja/mtype281.a(vib-sensor.o)
                              build/cooja/mtype281.o (vib_interface)
build/cooja/mtype281.a(clock.o)
                              build/cooja/mtype281.o (clock_interface)
build/cooja/mtype281.a(cooja-log.o)
                              build/cooja/mtype281.o (simlog_interface)
build/cooja/mtype281.a(cfs-cooja.o)
                              build/cooja/mtype281.o (cfs_interface)
build/cooja/mtype281.a(cooja-radio.o)
                              build/cooja/mtype281.o (radio_interface)
build/cooja/mtype281.a(eeprom.o)
                              build/cooja/mtype281.o (eeprom_interface)
build/cooja/mtype281.a(random.o)
                              build/cooja/mtype281.a(moteid.o) (random_init)
build/cooja/mtype281.a(sensors.o)
                              build/cooja/mtype281.a(pir-sensor.o) (sensors_changed)
build/cooja/mtype281.a(leds.o)
                              oxygen_actuator.o (leds_set)
build/cooja/mtype281.a(gpio-hal-arch.o)
                              build/cooja/mtype281.a(leds-arch.o) (gpio_hal_arch_register_pin_callback)
build/cooja/mtype281.a(buttons.o)
                              build/cooja/mtype281.o (button_interface)
build/cooja/mtype281.a(oxygen_generato)
                              oxygen_actuator.o (alert_level)
build/cooja/mtype281.a(coap-observe-cl)
                              oxygen_actuator.o (coap_obs_request_registration)
build/cooja/mtype281.a(coap-blocking-a)
                              oxygen_actuator.o (coap_blocking_request)
build/cooja/mtype281.a(coap-engine.o)
                              oxygen_actuator.o (coap_activate_resource)
build/cooja/mtype281.a(coap-res-well-k)
                              build/cooja/mtype281.a(coap-engine.o) (res_well_known_core)
build/cooja/mtype281.a(coap-observe.o)
                              build/cooja/mtype281.a(coap-engine.o) (coap_remove_observer_by_mid)
build/cooja/mtype281.a(coap-uip.o)
                              oxygen_actuator.o (coap_endpoint_log)
build/cooja/mtype281.a(coap-timer.o)
                              build/cooja/mtype281.a(coap-engine.o) (coap_timer_set)
build/cooja/mtype281.a(coap-transactio)
                              build/cooja/mtype281.a(coap-observe-cl) (coap_send_transaction)
build/cooja/mtype281.a(coap.o)
                              build/cooja/mtype281.a(coap-engine.o) (coap_status_code)
build/cooja/mtype281.a(contiki-main.o)
                              build/cooja/mtype281.o (main)
build/cooja/mtype281.a(autostart.o)
                              build/cooja/mtype281.a(contiki-main.o) (autostart_start)
build/cooja/mtype281.a(ctimer.o)
                              build/cooja/mtype281.a(contiki-main.o) (ctimer_init)
build/cooja/mtype281.a(log.o)
                              build/cooja/mtype281.a(contiki-main.o) (curr_log_level_main)
build/cooja/mtype281.a(energest.o)
                              build/cooja/mtype281.a(contiki-main.o) (energest_init)
build/cooja/mtype281.a(etimer.o)
                              build/cooja/mtype281.a(contiki-main.o) (etimer_process)
build/cooja/mtype281.a(node-id.o)
                              build/cooja/mtype281.a(contiki-main.o) (node_id)
build/cooja/mtype281.a(rtimer.o)
                              build/cooja/mtype281.a(contiki-main.o) (rtimer_init)
build/cooja/mtype281.a(process.o)
                              build/cooja/mtype281.a(coap-blocking-a) (process_current)
build/cooja/mtype281.a(timer.o)
                              build/cooja/mtype281.a(etimer.o) (timer_set)
build/cooja/mtype281.a(list.o)
                              build/cooja/mtype281.a(coap-engine.o) (list_init)
build/cooja/mtype281.a(memb.o)
                              build/cooja/mtype281.a(coap-observe-cl) (memb_alloc)
build/cooja/mtype281.a(button-hal.o)
                              oxygen_actuator.o (button_hal_press_event)
build/cooja/mtype281.a(serial-line.o)
[...]
Memory Configuration

Name             Origin             Length             Attributes
*default*        0x0000000000000000 0xffffffffffffffff

Linker script and memory map

LOAD /usr/lib/gcc/i686-linux-gnu/5/../../../i386-linux-gnu/crti.o
LOAD /usr/lib/gcc/i686-linux-gnu/5/crtbeginS.o
LOAD oxygen_actuator.o
LOAD build/cooja/mtype281.o
LOAD build/cooja/mtype281.a
LOAD /usr/lib/gcc/i686-linux-gnu/5/libgcc.a
LOAD /usr/lib/gcc/i686-linux-gnu/5/libgcc_s.so
LOAD /usr/lib/gcc/i686-linux-gnu/5/../../../i386-linux-gnu/libc.so
START GROUP
LOAD /lib/i386-linux-gnu/libc.so.6
LOAD /usr/lib/i386-linux-gnu/libc_nonshared.a
LOAD /lib/i386-linux-gnu/ld-linux.so.2
END GROUP
LOAD /usr/lib/gcc/i686-linux-gnu/5/libgcc.a
LOAD /usr/lib/gcc/i686-linux-gnu/5/libgcc_s.so
LOAD /usr/lib/gcc/i686-linux-gnu/5/crtendS.o
LOAD /usr/lib/gcc/i686-linux-gnu/5/../../../i386-linux-gnu/crtn.o
                0x0000000000000114                . = (0x0 + SIZEOF_HEADERS)

.note.gnu.build-id
                0x0000000000000114       0x24
 *(.note.gnu.build-id)
 .note.gnu.build-id
                0x0000000000000114       0x24 /usr/lib/gcc/i686-linux-gnu/5/../../../i386-linux-gnu/crti.o

.hash
 *(.hash)

.gnu.hash       0x0000000000000138     0x15c8
 *(.gnu.hash)
 .gnu.hash      0x0000000000000138     0x15c8 /usr/lib/gcc/i686-linux-gnu/5/../../../i386-linux-gnu/crti.o

.dynsym         0x0000000000001700     0x2ff0
 *(.dynsym)
 .dynsym        0x0000000000001700     0x2ff0 /usr/lib/gcc/i686-linux-gnu/5/../../../i386-linux-gnu/crti.o

.dynstr         0x00000000000046f0     0x37d9
 *(.dynstr)
 .dynstr        0x00000000000046f0     0x37d9 /usr/lib/gcc/i686-linux-gnu/5/../../../i386-linux-gnu/crti.o

.gnu.version    0x0000000000007eca      0x5fe
 *(.gnu.version)
 .gnu.version   0x0000000000007eca      0x5fe /usr/lib/gcc/i686-linux-gnu/5/../../../i386-linux-gnu/crti.o

.gnu.version_d  0x00000000000084c8        0x0
 *(.gnu.version_d)
 .gnu.version_d
                0x00000000000084c8        0x0 /usr/lib/gcc/i686-linux-gnu/5/../../../i386-linux-gnu/crti.o

.gnu.version_r  0x00000000000084c8       0x40
 *(.gnu.version_r)
 .gnu.version_r
                0x00000000000084c8       0x40 /usr/lib/gcc/i686-linux-gnu/5/../../../i386-linux-gnu/crti.o

.rel.dyn        0x0000000000008508     0x96d8
 *(.rel.init)
 .rel.init      0x0000000000008508        0x0 /usr/lib/gcc/i686-linux-gnu/5/../../../i386-linux-gnu/crti.o
 *(.rel.text .rel.text.* .rel.gnu.linkonce.t.*)
 .rel.text      0x0000000000008508     0x8cd8 /usr/lib/gcc/i686-linux-gnu/5/../../../i386-linux-gnu/crti.o
 *(.rel.fini)
 .rel.fini      0x00000000000111e0        0x0 /usr/lib/gcc/i686-linux-gnu/5/../../../i386-linux-gnu/crti.o
 *(.rel.rodata .rel.rodata.* .rel.gnu.linkonce.r.*)
 .rel.rodata    0x00000000000111e0      0x5b0 /usr/lib/gcc/i686-linux-gnu/5/../../../i386-linux-gnu/crti.o
 *(.rel.data.rel.ro .rel.data.rel.ro.* .rel.gnu.linkonce.d.rel.ro.*)
 *(.rel.data .rel.data.* .rel.gnu.linkonce.d.*)
 .rel.data.rel.local
                0x0000000000011790        0x8 /usr/lib/gcc/i686-linux-gnu/5/../../../i386-linux-gnu/crti.o
 .rel.data      0x0000000000011798      0x410 /usr/lib/gcc/i686-linux-gnu/5/../../../i386-linux-gnu/crti.o
 *(.rel.tdata .rel.tdata.* .rel.gnu.linkonce.td.*)
 *(.rel.tbss .rel.tbss.* .rel.gnu.linkonce.tb.*)
 *(.rel.ctors)
 *(.rel.dtors)
 *(.rel.got)
 .rel.got       0x0000000000011ba8       0x28 /usr/lib/gcc/i686-linux-gnu/5/../../../i386-linux-gnu/crti.o
 *(.rel.bss .rel.bss.* .rel.gnu.linkonce.b.*)
 *(.rel.ifunc)
 .rel.ifunc     0x0000000000011bd0        0x0 /usr/lib/gcc/i686-linux-gnu/5/../../../i386-linux-gnu/crti.o
 .rel.fini_array
                0x0000000000011bd0        0x8 /usr/lib/gcc/i686-linux-gnu/5/../../../i386-linux-gnu/crti.o
 .rel.init_array
                0x0000000000011bd8        0x8 /usr/lib/gcc/i686-linux-gnu/5/../../../i386-linux-gnu/crti.o

.rel.plt        0x0000000000011be0        0x0
 *(.rel.plt)
 .rel.plt       0x0000000000011be0        0x0 /usr/lib/gcc/i686-linux-gnu/5/../../../i386-linux-gnu/crti.o
 *(.rel.iplt)

.init           0x0000000000011be0       0x23
 *(SORT(.init))
 .init          0x0000000000011be0       0x1e /usr/lib/gcc/i686-linux-gnu/5/../../../i386-linux-gnu/crti.o
                0x0000000000011be0                _init
 .init          0x0000000000011bfe        0x5 /usr/lib/gcc/i686-linux-gnu/5/../../../i386-linux-gnu/crtn.o

.plt            0x0000000000011c10       0x10
 *(.plt)
 .plt           0x0000000000011c10       0x10 /usr/lib/gcc/i686-linux-gnu/5/../../../i386-linux-gnu/crti.o
 *(.iplt)

.plt.got        0x0000000000011c20       0x10
 *(.plt.got)
 .plt.got       0x0000000000011c20       0x10 /usr/lib/gcc/i686-linux-gnu/5/../../../i386-linux-gnu/crti.o

.text           0x0000000000011c30    0x19312
 *(.text.unlikely .text.*_unlikely .text.unlikely.*)
 .text.unlikely
                0x0000000000011c30        0x0 /usr/lib/gcc/i686-linux-gnu/5/crtbeginS.o
 .text.unlikely
                0x0000000000011c30        0x0 /usr/lib/gcc/i686-linux-gnu/5/libgcc.a(_udivdi3.o)
 *(.text.exit .text.exit.*)
 *(.text.startup .text.startup.*)
 *(.text.hot .text.hot.*)
 *(.text .stub .text.* .gnu.linkonce.t.*)
 .text          0x0000000000011c30        0x0 /usr/lib/gcc/i686-linux-gnu/5/../../../i386-linux-gnu/crti.o
 .gnu.linkonce.t.__x86.get_pc_thunk.bx
                0x0000000000011c30        0x4 /usr/lib/gcc/i686-linux-gnu/5/../../../i386-linux-gnu/crti.o
                0x0000000000011c30                __x86.get_pc_thunk.bx
 *fill*         0x0000000000011c34        0xc 
 .text          0x0000000000011c40      0x11c /usr/lib/gcc/i686-linux-gnu/5/crtbeginS.o
 .text.__x86.get_pc_thunk.dx
                0x0000000000011d5c        0x4 /usr/lib/gcc/i686-linux-gnu/5/crtbeginS.o
                0x0000000000011d5c                __x86.get_pc_thunk.dx
 .text          0x0000000000011d60      0x6f2 oxygen_actuator.o
                0x0000000000011d60                update_leds
                0x0000000000011ded                wait_for_ack
                0x0000000000011e42                wait_for_discovery
 .text          0x0000000000012452      0x283 build/cooja/mtype281.o
                0x00000000000124e4                platform_init_stage_one
                0x00000000000124f7                platform_init_stage_two
                0x000000000001250a                platform_init_stage_three
                0x000000000001251d                platform_main_loop
                0x0000000000012590                Java_org_contikios_cooja_corecomm_Lib141_init
                0x00000000000125c7                Java_org_contikios_cooja_corecomm_Lib141_getMemory
                0x00000000000125fa                Java_org_contikios_cooja_corecomm_Lib141_setMemory
                0x000000000001265a                Java_org_contikios_cooja_corecomm_Lib141_tick
                0x00000000000126c2                Java_org_contikios_cooja_corecomm_Lib141_setReferenceAddress
 .text          0x00000000000126d5       0x65 build/cooja/mtype281.a(simEnvChange.o)
                0x00000000000126d5                doActionsBeforeTick
                0x0000000000012707                doActionsAfterTick
 .text          0x000000000001273a       0x83 build/cooja/mtype281.a(cooja_mt.o)
                0x000000000001273a                cooja_mt_start
                0x0000000000012764                cooja_mt_exec
                0x000000000001279a                cooja_mt_yield
 .text          0x00000000000127bd       0xbe build/cooja/mtype281.a(cooja_mtarch.o)
                0x00000000000127bd                cooja_mtarch_start
                0x0000000000012830                cooja_sw
                0x0000000000012853                cooja_mtarch_exec
                0x0000000000012870                cooja_mtarch_yield
 .text          0x000000000001287b       0xc5 build/cooja/mtype281.a(rtimer-arch.o)
                0x000000000001287b                rtimer_arch_init
                0x000000000001289f                rtimer_arch_schedule
                0x00000000000128cf                rtimer_arch_next
                0x00000000000128df                rtimer_arch_pending
                0x00000000000128e9                rtimer_arch_check
                0x0000000000012930                rtimer_arch_now
 .text          0x0000000000012940       0x81 build/cooja/mtype281.a(beep.o)
                0x0000000000012940                beep_alarm
                0x000000000001294d                beep_beep
                0x000000000001295a                beep
                0x0000000000012967                beep_down
                0x0000000000012974                beep_on
                0x0000000000012981                beep_off
                0x000000000001298e                beep_spinup
                0x000000000001299b                beep_quick
                0x00000000000129a8                beep_long
 .text          0x00000000000129c1       0x65 build/cooja/mtype281.a(leds-arch.o)
                0x00000000000129d4                leds_arch_init
 .text          0x0000000000012a26       0x35 build/cooja/mtype281.a(moteid.o)
 .text          0x0000000000012a5b       0xb7 build/cooja/mtype281.a(pir-sensor.o)
 .text          0x0000000000012b12      0x148 build/cooja/mtype281.a(rs232.o)
                0x0000000000012b12                rs232_init
                0x0000000000012b18                rs232_set_speed
                0x0000000000012b27                rs232_set_input
                0x0000000000012b35                rs232_send
                0x0000000000012b59                rs232_print
                0x0000000000012b75                slip_arch_writeb
 .text          0x0000000000012c5a       0xb7 build/cooja/mtype281.a(vib-sensor.o)
 .text          0x0000000000012d11       0x38 build/cooja/mtype281.a(clock.o)
                0x0000000000012d11                clock_init
                0x0000000000012d17                clock_time
                0x0000000000012d21                clock_seconds
                0x0000000000012d37                clock_delay
 .text          0x0000000000012d49      0x219 build/cooja/mtype281.a(cooja-log.o)
                0x0000000000012d49                simlog_char
                0x0000000000012d8c                simlog
                0x0000000000012e02                log_message
                0x0000000000012e33                log_set_putchar_with_slip
                0x0000000000012e41                log_putchar
                0x0000000000012ebc                log_puts
                0x0000000000012ee4                log_printf
 .text          0x0000000000012f62      0x2b9 build/cooja/mtype281.a(cfs-cooja.o)
                0x0000000000012f62                cfs_open
                0x0000000000012fcb                cfs_close
                0x0000000000012fd8                cfs_read
                0x000000000001306d                cfs_write
                0x0000000000013149                cfs_seek
                0x00000000000131d1                cfs_remove
                0x00000000000131f5                cfs_opendir
                0x00000000000131ff                cfs_readdir
                0x0000000000013209                cfs_closedir
 .text          0x000000000001321b      0x620 build/cooja/mtype281.a(cooja-radio.o)
                0x000000000001325d                radio_set_channel
                0x000000000001326b                radio_set_txpower
                0x0000000000013283                radio_signal_strength_last
                0x000000000001328d                radio_signal_strength_current
                0x0000000000013297                radio_LQI
 .text          0x000000000001383b       0xee build/cooja/mtype281.a(eeprom.o)
                0x000000000001383b                eeprom_init
                0x0000000000013841                eeprom_read
                0x00000000000138af                eeprom_write
 .text          0x0000000000013929       0x2d build/cooja/mtype281.a(random.o)
                0x0000000000013929                random_init
                0x0000000000013949                random_rand
 .text          0x0000000000013956      0x29c build/cooja/mtype281.a(sensors.o)
                0x0000000000013991                sensors_first
                0x000000000001399b                sensors_next
                0x00000000000139b5                sensors_changed
                0x00000000000139e9                sensors_find
 .text          0x0000000000013bf2      0x349 build/cooja/mtype281.a(leds.o)
                0x0000000000013bf2                leds_init
                0x0000000000013c39                leds_single_on
                0x0000000000013c98                leds_single_off
                0x0000000000013cf7                leds_single_toggle
                0x0000000000013d29                leds_on
                0x0000000000013dab                leds_off
                0x0000000000013e2d                leds_toggle
                0x0000000000013e82                leds_set
                0x0000000000013eae                leds_get
 .text          0x0000000000013f3b      0x343 build/cooja/mtype281.a(gpio-hal-arch.o)
                0x0000000000013f3b                gpio_hal_arch_register_pin_callback
                0x0000000000013fa7                gpio_hal_arch_init
                0x0000000000013fec                gpio_hal_arch_no_port_interrupt_enable
                0x000000000001401c                gpio_hal_arch_no_port_interrupt_disable
                0x000000000001404c                gpio_hal_arch_no_port_pin_cfg_set
                0x0000000000014071                gpio_hal_arch_no_port_pin_cfg_get
                0x0000000000014097                gpio_hal_arch_no_port_pin_set_input
                0x00000000000140a9                gpio_hal_arch_no_port_pin_set_output
                0x00000000000140bb                gpio_hal_arch_no_port_set_pin
                0x00000000000140dc                gpio_hal_arch_no_port_clear_pin
                0x00000000000140fd                gpio_hal_arch_no_port_read_pin
                0x0000000000014123                gpio_hal_arch_no_port_write_pin
                0x000000000001414d                gpio_hal_arch_no_port_set_pins
                0x0000000000014194                gpio_hal_arch_no_port_clear_pins
                0x00000000000141db                gpio_hal_arch_no_port_read_pins
                0x000000000001421e                gpio_hal_arch_no_port_write_pins
 .text          0x000000000001427e       0x89 build/cooja/mtype281.a(buttons.o)
 .text          0x0000000000014307      0x442 build/cooja/mtype281.a(oxygen_generato)
 .text          0x0000000000014749      0x6ee build/cooja/mtype281.a(coap-observe-cl)
                0x00000000000147e7                coap_obs_add_observee
                0x0000000000014883                coap_obs_remove_observee
                0x00000000000148b3                coap_get_obs_subject_by_token
                0x000000000001491b                coap_obs_remove_observee_by_token
                0x00000000000149ae                coap_obs_remove_observee_by_url
                0x0000000000014b06                coap_handle_notification
                0x0000000000014c61                coap_generate_token
                0x0000000000014c83                coap_obs_request_registration
 .text          0x0000000000014e37      0x27b build/cooja/mtype281.a(coap-blocking-a)
                0x0000000000014e37                coap_blocking_request_callback
                0x0000000000014e61                coap_blocking_request
 .text          0x00000000000150b2      0xc26 build/cooja/mtype281.a(coap-engine.o)
                0x0000000000015147                coap_add_handler
                0x0000000000015164                coap_remove_handler
                0x0000000000015181                coap_call_handlers
                0x0000000000015289                coap_receive
                0x00000000000158c0                coap_engine_init
                0x000000000001591e                coap_activate_resource
                0x00000000000159c9                coap_get_first_resource
                0x00000000000159e2                coap_get_next_resource
 .text          0x0000000000015cd8      0x2d9 build/cooja/mtype281.a(coap-res-well-k)
 .text          0x0000000000015fb1      0x96a build/cooja/mtype281.a(coap-observe.o)
                0x00000000000160c6                coap_remove_observer
                0x00000000000160f6                coap_remove_observer_by_client
                0x000000000001615e                coap_remove_observer_by_token
                0x00000000000161f1                coap_remove_observer_by_uri
                0x0000000000016298                coap_remove_observer_by_mid
                0x0000000000016314                coap_notify_observers
                0x000000000001632d                coap_notify_observers_sub
                0x0000000000016797                coap_observe_handler
                0x00000000000168b2                coap_has_observers
 .text          0x000000000001691b      0x733 build/cooja/mtype281.a(coap-uip.o)
                0x000000000001691b                coap_endpoint_log
                0x00000000000169a1                coap_endpoint_print
                0x0000000000016a27                coap_endpoint_snprint
                0x0000000000016b5a                coap_endpoint_copy
                0x0000000000016b97                coap_endpoint_cmp
                0x0000000000016ca5                coap_endpoint_parse
                0x0000000000016e90                coap_endpoint_is_secure
                0x0000000000016e9f                coap_endpoint_is_connected
                0x0000000000016ed3                coap_endpoint_connect
                0x0000000000016eef                coap_endpoint_disconnect
                0x0000000000016ef5                coap_databuf
                0x0000000000016eff                coap_transport_init
                0x0000000000016f4f                coap_sendto
 .text          0x000000000001704e      0x324 build/cooja/mtype281.a(coap-timer.o)
                0x000000000001714b                coap_timer_stop
                0x0000000000017176                coap_timer_set
                0x00000000000171b9                coap_timer_reset
                0x00000000000171fc                coap_timer_time_to_next_expiration
                0x0000000000017268                coap_timer_run
                0x0000000000017334                coap_timer_init
 .text          0x0000000000017372      0x2c6 build/cooja/mtype281.a(coap-transactio)
                0x00000000000173d8                coap_new_transaction
                0x000000000001743e                coap_send_transaction
                0x000000000001759f                coap_clear_transaction
                0x00000000000175e7                coap_get_transaction_by_mid
 .text          0x0000000000017638     0x1c53 build/cooja/mtype281.a(coap.o)
                0x0000000000017ba5                coap_init_connection
                0x0000000000017bb9                coap_get_mid
                0x0000000000017bd5                coap_init_message
                0x0000000000017c1e                coap_serialize_message
                0x00000000000182a0                coap_parse_message
                0x0000000000018907                coap_get_query_variable
                0x0000000000018949                coap_get_post_variable
                0x000000000001898d                coap_set_status_code
                0x00000000000189b2                coap_set_token
                0x00000000000189f9                coap_get_header_content_format
                0x0000000000018a2a                coap_set_header_content_format
                0x0000000000018a4d                coap_get_header_accept
                0x0000000000018a7e                coap_set_header_accept
                0x0000000000018aa1                coap_get_header_max_age
                0x0000000000018ad2                coap_set_header_max_age
                0x0000000000018af2                coap_get_header_etag
                0x0000000000018b24                coap_set_header_etag
                0x0000000000018b7b                coap_get_header_if_match
                0x0000000000018bad                coap_set_header_if_match
                0x0000000000018c04                coap_get_header_if_none_match
                0x0000000000018c1e                coap_set_header_if_none_match
                0x0000000000018c35                coap_get_header_proxy_uri
                0x0000000000018c63                coap_set_header_proxy_uri
                0x0000000000018ca0                coap_get_header_uri_host
                0x0000000000018cce                coap_set_header_uri_host
                0x0000000000018d0b                coap_get_header_uri_path
                0x0000000000018d39                coap_set_header_uri_path
                0x0000000000018d86                coap_get_header_uri_query
                0x0000000000018dba                coap_set_header_uri_query
                0x0000000000018e10                coap_get_header_location_path
                0x0000000000018e3e                coap_set_header_location_path
                0x0000000000018ed7                coap_get_header_location_query
                0x0000000000018f05                coap_set_header_location_query
                0x0000000000018f52                coap_get_header_observe
                0x0000000000018f81                coap_set_header_observe
                0x0000000000018fa1                coap_get_header_block2
                0x000000000001900d                coap_set_header_block2
                0x0000000000019084                coap_get_header_block1
                0x00000000000190f9                coap_set_header_block1
                0x0000000000019174                coap_get_header_size2
                0x00000000000191a4                coap_set_header_size2
                0x00000000000191c7                coap_get_header_size1
                0x00000000000191f7                coap_set_header_size1
                0x000000000001921a                coap_get_payload
                0x0000000000019254                coap_set_payload
 .text          0x000000000001928b      0x332 build/cooja/mtype281.a(contiki-main.o)
                0x000000000001928b                main
 .text          0x00000000000195bd       0x92 build/cooja/mtype281.a(autostart.o)
                0x00000000000195bd                autostart_start
                0x0000000000019607                autostart_exit
 .text          0x000000000001964f      0x355 build/cooja/mtype281.a(ctimer.o)
                0x0000000000019777                ctimer_init
                0x00000000000197aa                ctimer_set
                0x00000000000197d0                ctimer_set_with_process
                0x000000000001984d                ctimer_reset
                0x00000000000198a1                ctimer_restart
                0x00000000000198f5                ctimer_stop
                0x0000000000019945                ctimer_expired
 .text          0x00000000000199a4      0x394 build/cooja/mtype281.a(log.o)
                0x00000000000199a4                log_6addr
                0x00000000000199f7                log_6addr_compact_snprint
                0x0000000000019a95                log_6addr_compact
                0x0000000000019ae8                log_lladdr
                0x0000000000019b5a                log_lladdr_compact
                0x0000000000019bc2                log_set_level
                0x0000000000019c7d                log_get_level
                0x0000000000019cf6                log_level_to_str
 .text          0x0000000000019d38       0x1b build/cooja/mtype281.a(energest.o)
                0x0000000000019d38                energest_init
                0x0000000000019d3e                energest_flush
                0x0000000000019d44                energest_get_total_time
 .text          0x0000000000019d53      0x43f build/cooja/mtype281.a(etimer.o)
                0x0000000000019f77                etimer_request_poll
                0x000000000001a000                etimer_set
                0x000000000001a029                etimer_reset_with_new_interval
                0x000000000001a058                etimer_reset
                0x000000000001a07e                etimer_restart
                0x000000000001a0a4                etimer_adjust
                0x000000000001a0c1                etimer_expired
                0x000000000001a0d4                etimer_expiration_time
                0x000000000001a0e6                etimer_start_time
                0x000000000001a0f0                etimer_pending
                0x000000000001a102                etimer_next_expiration_time
                0x000000000001a11c                etimer_stop
 .text          0x000000000001a192       0x25 build/cooja/mtype281.a(node-id.o)
                0x000000000001a192                node_id_init
 .text          0x000000000001a1b7       0xeb build/cooja/mtype281.a(rtimer.o)
                0x000000000001a1b7                rtimer_init
                0x000000000001a1c5                rtimer_set
                0x000000000001a240                rtimer_run_next
 .text          0x000000000001a2a2      0x4fb build/cooja/mtype281.a(process.o)
                0x000000000001a2a2                process_alloc_event
                0x000000000001a2b7                process_start
                0x000000000001a491                process_exit
                0x000000000001a4ae                process_init
                0x000000000001a643                process_run
                0x000000000001a676                process_nevents
                0x000000000001a691                process_post
                0x000000000001a724                process_post_synch
                0x000000000001a759                process_poll
                0x000000000001a789                process_is_running
 .text          0x000000000001a79d       0xb1 build/cooja/mtype281.a(timer.o)
                0x000000000001a79d                timer_set
                0x000000000001a7bb                timer_reset
                0x000000000001a7e8                timer_restart
                0x000000000001a7fd                timer_expired
                0x000000000001a82a                timer_remaining
 .text          0x000000000001a84e      0x28f build/cooja/mtype281.a(list.o)
                0x000000000001a84e                list_init
                0x000000000001a85d                list_head
                0x000000000001a867                list_copy
                0x000000000001a877                list_tail
                0x000000000001a8ad                list_add
                0x000000000001a8f9                list_push
                0x000000000001a925                list_chop
                0x000000000001a98f                list_pop
                0x000000000001a9b7                list_remove
                0x000000000001aa1f                list_length
                0x000000000001aa4d                list_insert
                0x000000000001aa92                list_item_next
                0x000000000001aaa9                list_contains
 .text          0x000000000001aadd      0x1b5 build/cooja/mtype281.a(memb.o)
                0x000000000001aadd                memb_init
                0x000000000001ab32                memb_alloc
                0x000000000001ab95                memb_free
                0x000000000001ac0c                memb_inmemb
                0x000000000001ac4b                memb_numfree
 .text          0x000000000001ac92      0x41c build/cooja/mtype281.a(button-hal.o)
                0x000000000001ae0b                button_hal_get_by_id
                0x000000000001ae49                button_hal_get_by_index
                0x000000000001ae75                button_hal_get_state
                0x000000000001aec7                button_hal_init
 .text          0x000000000001b0ae      0x1f3 build/cooja/mtype281.a(serial-line.o)
                0x000000000001b0ae                serial_line_input_byte
                0x000000000001b26c                serial_line_init
 .text          0x000000000001b2a1      0x168 build/cooja/mtype281.a(gpio-hal.o)
                0x000000000001b2a1                gpio_hal_register_handler
                0x000000000001b2be                gpio_hal_event_handler
                0x000000000001b31a                gpio_hal_init
                0x000000000001b339                gpio_hal_arch_port_toggle_pin
                0x000000000001b375                gpio_hal_arch_port_toggle_pins
                0x000000000001b3a3                gpio_hal_arch_no_port_toggle_pin
                0x000000000001b3e1                gpio_hal_arch_no_port_toggle_pins
 .text          0x000000000001b409      0x2e7 build/cooja/mtype281.a(queuebuf.o)
                0x000000000001b413                queuebuf_init
                0x000000000001b43c                queuebuf_numfree
                0x000000000001b454                queuebuf_new_from_packetbuf
                0x000000000001b4f3                queuebuf_update_attr_from_packetbuf
                0x000000000001b528                queuebuf_update_from_packetbuf
                0x000000000001b578                queuebuf_free
                0x000000000001b5c1                queuebuf_to_packetbuf
                0x000000000001b62d                queuebuf_dataptr
                0x000000000001b667                queuebuf_datalen
                0x000000000001b68a                queuebuf_addr
                0x000000000001b6bf                queuebuf_attr
                0x000000000001b6ea                queuebuf_debug_print
 .text          0x000000000001b6f0      0x407 build/cooja/mtype281.a(packetbuf.o)
                0x000000000001b6f0                packetbuf_clear
                0x000000000001b71b                packetbuf_copyfrom
                0x000000000001b76a                packetbuf_copyto
                0x000000000001b7fd                packetbuf_hdralloc
                0x000000000001b879                packetbuf_hdrreduce
                0x000000000001b8bf                packetbuf_set_datalen
                0x000000000001b8d9                packetbuf_dataptr
                0x000000000001b8f6                packetbuf_hdrptr
                0x000000000001b900                packetbuf_datalen
                0x000000000001b90c                packetbuf_hdrlen
                0x000000000001b923                packetbuf_totlen
                0x000000000001b939                packetbuf_remaininglen
                0x000000000001b94c                packetbuf_attr_clear
                0x000000000001b998                packetbuf_attr_copyto
                0x000000000001b9f0                packetbuf_attr_copyfrom
                0x000000000001ba48                packetbuf_set_attr
                0x000000000001ba72                packetbuf_attr
                0x000000000001ba8c                packetbuf_set_addr
                0x000000000001babd                packetbuf_addr
                0x000000000001bada                packetbuf_holds_broadcast
 .text          0x000000000001baf7       0xef build/cooja/mtype281.a(netstack.o)
                0x000000000001baf7                netstack_process_ip_callback
                0x000000000001bb88                netstack_ip_packet_processor_add
                0x000000000001bbab                uip_ds6_ip_packet_processor_rm
                0x000000000001bbc8                netstack_init
 .text          0x000000000001bbe6       0x4f build/cooja/mtype281.a(linkaddr.o)
                0x000000000001bbe6                linkaddr_copy
                0x000000000001bbfc                linkaddr_cmp
                0x000000000001bc1f                linkaddr_set_node_addr
 .text          0x000000000001bc35      0x1f6 build/cooja/mtype281.a(csma.o)
 .text          0x000000000001be2b      0x95d build/cooja/mtype281.a(csma-output.o)
                0x000000000001c4c2                csma_output_packet
                0x000000000001c74f                csma_output_init
 .text          0x000000000001c788      0xc11 build/cooja/mtype281.a(uip-ds6.o)
                0x000000000001c788                uip_ds6_default_prefix
                0x000000000001c792                uip_ds6_set_default_prefix
                0x000000000001c7bd                uip_ds6_init
                0x000000000001ca1f                uip_ds6_periodic
                0x000000000001caa6                uip_ds6_list_loop
                0x000000000001cb66                uip_ds6_prefix_add
                0x000000000001cc12                uip_ds6_prefix_rm
                0x000000000001cc25                uip_ds6_prefix_lookup
                0x000000000001cc64                uip_ds6_is_addr_onlink
                0x000000000001ccd7                uip_ds6_addr_add
                0x000000000001cdf7                uip_ds6_addr_rm
                0x000000000001cea0                uip_ds6_addr_lookup
                0x000000000001ced9                uip_ds6_get_link_local
                0x000000000001cf5a                uip_ds6_get_global
                0x000000000001cfdb                uip_ds6_maddr_add
                0x000000000001d03b                uip_ds6_maddr_rm
                0x000000000001d04e                uip_ds6_maddr_lookup
                0x000000000001d087                uip_ds6_aaddr_add
                0x000000000001d0e7                uip_ds6_aaddr_rm
                0x000000000001d0fa                uip_ds6_aaddr_lookup
                0x000000000001d133                uip_ds6_select_src
                0x000000000001d27c                uip_ds6_set_addr_iid
                0x000000000001d2a7                uip_ds6_set_lladdr_from_iid
                0x000000000001d2d0                get_match_length
                0x000000000001d361                uip_ds6_compute_reachable_time
 .text          0x000000000001d399      0x128 build/cooja/mtype281.a(uip-udp-packet.)
                0x000000000001d399                uip_udp_packet_send
                0x000000000001d3f4                uip_udp_packet_sendto
 .text          0x000000000001d4c1      0x35b build/cooja/mtype281.a(uip-ds6-route.o)
                0x000000000001d512                uip_ds6_route_init
                0x000000000001d53c                uip_ds6_route_nexthop
                0x000000000001d546                uip_ds6_route_head
                0x000000000001d550                uip_ds6_route_next
                0x000000000001d55a                uip_ds6_route_is_nexthop
                0x000000000001d564                uip_ds6_route_num_routes
                0x000000000001d56e                uip_ds6_route_lookup
                0x000000000001d578                uip_ds6_route_add
                0x000000000001d58b                uip_ds6_route_rm
                0x000000000001d591                uip_ds6_route_rm_by_nexthop
                0x000000000001d597                uip_ds6_defrt_head
                0x000000000001d5b0                uip_ds6_defrt_add
                0x000000000001d65e                uip_ds6_defrt_rm
                0x000000000001d6c4                uip_ds6_defrt_lookup
                0x000000000001d72b                uip_ds6_defrt_choose
                0x000000000001d7a1                uip_ds6_defrt_periodic
 .text          0x000000000001d81c      0x6f7 build/cooja/mtype281.a(tcpip.o)
                0x000000000001d836                tcpip_output
                0x000000000001d8b5                udp_attach
                0x000000000001d8cd                udp_new
                0x000000000001d917                udp_broadcast_new
                0x000000000001da89                tcpip_input
                0x000000000001dc19                tcpip_ipv6_output
                0x000000000001de0d                tcpip_poll_udp
                0x000000000001de2b                tcpip_uipcall
 .text          0x000000000001df13     0x1205 build/cooja/mtype281.a(uip6.o)
                0x000000000001dfc2                uip_chksum
                0x000000000001e099                uip_icmp6chksum
                0x000000000001e0ae                uip_udpchksum
                0x000000000001e0c3                uip_init
                0x000000000001e10c                uip_remove_ext_hdr
                0x000000000001e1e6                uip_udp_new
                0x000000000001e4fa                uip_process
                0x000000000001eff2                uip_htons
                0x000000000001f014                uip_htonl
                0x000000000001f052                uip_send
 .text          0x000000000001f118      0x369 build/cooja/mtype281.a(uip-ds6-nbr.o)
                0x000000000001f118                uip_ds6_neighbors_init
                0x000000000001f13c                uip_ds6_nbr_add
                0x000000000001f1c2                uip_ds6_nbr_rm
                0x000000000001f20d                uip_ds6_nbr_update_ll
                0x000000000001f2fb                uip_ds6_nbr_get_ipaddr
                0x000000000001f310                uip_ds6_nbr_get_ll
                0x000000000001f32c                uip_ds6_nbr_num
                0x000000000001f375                uip_ds6_nbr_head
                0x000000000001f38e                uip_ds6_nbr_next
                0x000000000001f3aa                uip_ds6_nbr_lookup
                0x000000000001f402                uip_ds6_nbr_ll_lookup
                0x000000000001f41e                uip_ds6_nbr_ipaddr_from_lladdr
                0x000000000001f447                uip_ds6_nbr_lladdr_from_ipaddr
                0x000000000001f47b                uip_ds6_link_callback
 .text          0x000000000001f481      0x6a7 build/cooja/mtype281.a(uip-nd6.o)
                0x000000000001fb0f                uip_nd6_init
 .text          0x000000000001fb28     0x2c17 build/cooja/mtype281.a(sicslowpan.o)
                0x000000000002012f                netstack_sniffer_add
                0x000000000002013d                netstack_sniffer_remove
                0x0000000000022713                sicslowpan_init
                0x0000000000022735                sicslowpan_get_last_rssi
 .text          0x000000000002273f      0x4d1 build/cooja/mtype281.a(uiplib.o)
                0x000000000002273f                uiplib_ip6addrconv
                0x00000000000228f7                uiplib_ip4addrconv
                0x00000000000229ba                uiplib_ipaddr_print
                0x0000000000022a0d                uiplib_ipaddr_snprint
 .text          0x0000000000022c10      0x4c9 build/cooja/mtype281.a(rpl.o)
                0x0000000000022c10                rpl_lollipop_greater_than
                0x0000000000022c6a                rpl_get_global_address
                0x0000000000022d62                rpl_link_callback
                0x0000000000022da6                rpl_has_joined
                0x0000000000022dcb                rpl_is_reachable
                0x0000000000022e4c                rpl_reset_prefix
                0x0000000000022eb6                rpl_set_prefix_from_addr
                0x0000000000022f9b                rpl_set_prefix
                0x00000000000230b5                rpl_set_leaf_only
                0x00000000000230cd                rpl_get_leaf_only
 .text          0x00000000000230d9     0x138c build/cooja/mtype281.a(rpl-icmp6.o)
                0x00000000000231fe                rpl_icmp6_update_nbr_table
                0x0000000000023287                rpl_icmp6_dis_output
                0x00000000000238cd                rpl_icmp6_dio_output
                0x00000000000240cb                rpl_icmp6_dao_output
                0x00000000000243ac                rpl_icmp6_dao_ack_output
                0x000000000002441c                rpl_icmp6_init
 .text          0x0000000000024465      0x264 build/cooja/mtype281.a(rpl-dag-root.o)
                0x0000000000024465                rpl_dag_root_print_links
                0x0000000000024591                rpl_dag_root_set_prefix
                0x00000000000245bd                rpl_dag_root_start
                0x000000000002469a                rpl_dag_root_is_root
 .text          0x00000000000246c9       0x30 build/cooja/mtype281.a(watchdog.o)
                0x00000000000246c9                watchdog_init
                0x00000000000246cf                watchdog_start
                0x00000000000246d5                watchdog_periodic
                0x00000000000246ed                watchdog_stop
                0x00000000000246f3                watchdog_reboot
 .text          0x00000000000246f9       0x4a build/cooja/mtype281.a(int-master.o)
                0x00000000000246f9                int_master_enable
                0x0000000000024709                int_master_read_and_disable
                0x0000000000024726                int_master_status_set
                0x0000000000024734                int_master_is_enabled
 .text          0x0000000000024743      0x226 build/cooja/mtype281.a(coap-timer-defa)
 .text          0x0000000000024969       0xc7 build/cooja/mtype281.a(stimer.o)
                0x0000000000024969                stimer_set
                0x0000000000024987                stimer_reset
                0x00000000000249b4                stimer_restart
                0x00000000000249c9                stimer_expired
                0x00000000000249f4                stimer_remaining
                0x0000000000024a18                stimer_elapsed
 .text          0x0000000000024a30      0x156 build/cooja/mtype281.a(ringbuf.o)
                0x0000000000024a30                ringbuf_init
                0x0000000000024a62                ringbuf_put
                0x0000000000024ae0                ringbuf_get
                0x0000000000024b4d                ringbuf_size
                0x0000000000024b5f                ringbuf_elements
 .text          0x0000000000024b86       0x1f build/cooja/mtype281.a(assert.o)
                0x0000000000024b86                _xassert
 .text          0x0000000000024ba5      0x79b build/cooja/mtype281.a(nbr-table.o)
                0x000000000002501e                nbr_table_register
                0x000000000002508b                nbr_table_is_registered
                0x00000000000250c6                nbr_table_head
                0x0000000000025121                nbr_table_next
                0x0000000000025182                nbr_table_add_lladdr
                0x000000000002525c                nbr_table_get_from_lladdr
                0x00000000000252a8                nbr_table_remove
                0x00000000000252e0                nbr_table_lock
                0x00000000000252fa                nbr_table_unlock
                0x0000000000025314                nbr_table_get_lladdr
 .text          0x0000000000025340      0x3a5 build/cooja/mtype281.a(link-stats.o)
                0x0000000000025340                link_stats_from_lladdr
                0x000000000002535c                link_stats_get_lladdr
                0x0000000000025378                link_stats_is_fresh
                0x00000000000253b4                guess_etx_from_rssi
                0x0000000000025430                link_stats_packet_sent
                0x0000000000025550                link_stats_input_callback
                0x0000000000025660                link_stats_reset
                0x00000000000256b0                link_stats_init
 .text          0x00000000000256e5      0x187 build/cooja/mtype281.a(mac-sequence.o)
                0x00000000000256e5                mac_sequence_is_duplicate
                0x0000000000025785                mac_sequence_register_seqno
 .text          0x000000000002586c       0x23 build/cooja/mtype281.a(mac.o)
                0x000000000002586c                mac_call_sent_callback
 .text          0x000000000002588f      0x432 build/cooja/mtype281.a(framer-802154.o)
                0x0000000000025a1e                framer_802154_setup_params
 .text          0x0000000000025cc1      0xb6f build/cooja/mtype281.a(frame802154.o)
                0x0000000000025cf2                frame802154_get_pan_id
                0x0000000000025cfe                frame802154_set_pan_id
                0x0000000000025d18                frame802154_has_panid
                0x0000000000025ec7                frame802154_check_dest_panid
                0x0000000000025f4f                frame802154_is_broadcast_addr
                0x0000000000025f9c                frame802154_extract_linkaddr
                0x0000000000026201                frame802154_hdrlen
                0x0000000000026274                frame802154_create_fcf
                0x000000000002632c                frame802154_create
                0x00000000000264a1                frame802154_parse_fcf
                0x0000000000026583                frame802154_parse
 .text          0x0000000000026830       0x2d build/cooja/mtype281.a(csma-security.o)
                0x0000000000026830                csma_security_create_frame
                0x000000000002684e                csma_security_parse_frame
 .text          0x000000000002685d      0x4e4 build/cooja/mtype281.a(uipbuf.o)
                0x000000000002685d                uipbuf_clear
                0x0000000000026884                uipbuf_add_ext_hdr
                0x0000000000026904                uipbuf_set_len
                0x0000000000026931                uipbuf_set_len_field
                0x000000000002695d                uipbuf_get_len_field
                0x000000000002697d                uipbuf_get_next_header
                0x0000000000026aaf                uipbuf_get_last_header
                0x0000000000026b28                uipbuf_search_header
                0x0000000000026bde                uipbuf_get_attr
                0x0000000000026c05                uipbuf_set_attr
                0x0000000000026c3c                uipbuf_set_default_attr
                0x0000000000026c73                uipbuf_clear_attr
                0x0000000000026c97                uipbuf_set_attr_flag
                0x0000000000026cb8                uipbuf_clr_attr_flag
                0x0000000000026cdf                uipbuf_is_attr_flag
                0x0000000000026d03                uipbuf_init
 .text          0x0000000000026d41      0x73f build/cooja/mtype281.a(uip-icmp6.o)
                0x0000000000026db6                uip_icmp6_input
                0x0000000000026e0d                uip_icmp6_register_input_handler
                0x0000000000026f60                uip_icmp6_error_output
                0x0000000000027211                uip_icmp6_send
                0x0000000000027408                uip_icmp6_echo_reply_callback_add
                0x000000000002743a                uip_icmp6_echo_reply_callback_rm
                0x0000000000027457                uip_icmp6_init
 .text          0x0000000000027480      0x69b build/cooja/mtype281.a(uip-sr.o)
                0x0000000000027480                uip_sr_num_nodes
                0x000000000002750e                uip_sr_get_node
                0x0000000000027565                uip_sr_is_addr_reachable
                0x0000000000027613                uip_sr_expire_parent
                0x000000000002765c                uip_sr_update_node
                0x000000000002778c                uip_sr_init
                0x00000000000277c0                uip_sr_node_head
                0x00000000000277d9                uip_sr_node_next
                0x00000000000277ef                uip_sr_periodic
                0x00000000000278f5                uip_sr_free_all
                0x0000000000027965                uip_sr_link_snprint
 .text          0x0000000000027b1b      0x146 build/cooja/mtype281.a(uip-packetqueue)
                0x0000000000027b49                uip_packetqueue_new
                0x0000000000027b58                uip_packetqueue_alloc
                0x0000000000027bb3                uip_packetqueue_free
                0x0000000000027bfa                uip_packetqueue_buf
                0x0000000000027c17                uip_packetqueue_buflen
                0x0000000000027c38                uip_packetqueue_set_buflen
 .text          0x0000000000027c61      0x1b0 build/cooja/mtype281.a(rpl-nbr-policy.)
                0x0000000000027dce                rpl_nbr_policy_find_removable
 .text          0x0000000000027e11      0x915 build/cooja/mtype281.a(rpl-neighbor.o)
                0x0000000000027e8d                rpl_neighbor_snprint
                0x0000000000028140                rpl_neighbor_print_list
                0x00000000000281f5                rpl_neighbor_count
                0x000000000002829c                rpl_neighbor_get_from_lladdr
                0x00000000000282b8                rpl_neighbor_is_acceptable_parent
                0x00000000000282ec                rpl_neighbor_get_link_metric
                0x0000000000028320                rpl_neighbor_rank_via_nbr
                0x0000000000028354                rpl_neighbor_get_lladdr
                0x0000000000028370                rpl_neighbor_get_ipaddr
                0x0000000000028397                rpl_neighbor_get_link_stats
                0x00000000000283be                rpl_neighbor_is_fresh
                0x00000000000283e5                rpl_neighbor_is_reachable
                0x0000000000028430                rpl_neighbor_is_parent
                0x000000000002845a                rpl_neighbor_set_preferred_parent
                0x00000000000284f1                rpl_neighbor_remove_all
                0x000000000002854d                rpl_neighbor_get_from_ipaddr
                0x000000000002865b                rpl_neighbor_select_best
                0x0000000000028707                rpl_neighbor_init
 .text          0x0000000000028726      0xe69 build/cooja/mtype281.a(rpl-dag.o)
                0x0000000000028726                rpl_dag_state_to_str
                0x0000000000028765                rpl_dag_get_root_ipaddr
                0x00000000000287ad                rpl_dag_leave
                0x0000000000028836                rpl_dag_poison_and_leave
                0x000000000002884e                rpl_dag_periodic
                0x00000000000288d6                rpl_is_addr_in_our_dag
                0x000000000002891a                rpl_get_default_instance
                0x0000000000028936                rpl_get_any_dag
                0x000000000002898f                rpl_refresh_routes
                0x00000000000289cf                rpl_global_repair
                0x0000000000028a68                rpl_local_repair
                0x0000000000028ab2                rpl_dag_ready_to_advertise
                0x0000000000028af5                rpl_dag_update_state
                0x0000000000029222                rpl_process_dio
                0x00000000000292a0                rpl_process_dis
                0x00000000000292e5                rpl_process_dao
                0x0000000000029374                rpl_process_dao_ack
                0x000000000002940b                rpl_process_hbh
                0x000000000002945b                rpl_dag_init_root
                0x000000000002956f                rpl_dag_init
 .text          0x000000000002958f      0x9e7 build/cooja/mtype281.a(rpl-timers.o)
                0x000000000002958f                rpl_timers_schedule_periodic_dis
                0x00000000000296dd                rpl_timers_dio_reset
                0x00000000000297eb                rpl_timers_schedule_unicast_dio
                0x000000000002993f                rpl_timers_schedule_dao
                0x00000000000299fe                rpl_timers_schedule_dao_ack
                0x0000000000029a84                rpl_timers_notify_dao_ack
                0x0000000000029ae2                get_probing_delay
                0x0000000000029b16                get_probing_target
                0x0000000000029d00                rpl_schedule_probing
                0x0000000000029d2e                rpl_schedule_probing_now
                0x0000000000029d98                rpl_timers_unschedule_leaving
                0x0000000000029dd0                rpl_timers_schedule_leaving
                0x0000000000029e11                rpl_timers_init
                0x0000000000029ea1                rpl_timers_stop_dag_timers
                0x0000000000029f1a                rpl_timers_unschedule_state_update
                0x0000000000029f3e                rpl_timers_schedule_state_update
 .text          0x0000000000029f76      0xb8e build/cooja/mtype281.a(rpl-ext-header.)
                0x0000000000029f76                rpl_ext_header_srh_get_next_hop
                0x000000000002a05d                rpl_ext_header_srh_update
                0x000000000002a5c9                rpl_ext_header_hbh_update
                0x000000000002a8c9                rpl_ext_header_update
                0x000000000002a952                rpl_ext_header_remove
 .text          0x000000000002ab04      0x31b build/cooja/mtype281.a(rpl-mrhof.o)
 *fill*         0x000000000002ae1f        0x1 
 .text          0x000000000002ae20      0x122 /usr/lib/gcc/i686-linux-gnu/5/libgcc.a(_udivdi3.o)
                0x000000000002ae20                __udivdi3
 .text          0x000000000002af42        0x0 /usr/lib/gcc/i686-linux-gnu/5/crtendS.o
 .text          0x000000000002af42        0x0 /usr/lib/gcc/i686-linux-gnu/5/../../../i386-linux-gnu/crtn.o
 *(.gnu.warning)

.fini           0x000000000002af44       0x14
 *(SORT(.fini))
 .fini          0x000000000002af44        0xf /usr/lib/gcc/i686-linux-gnu/5/../../../i386-linux-gnu/crti.o
                0x000000000002af44                _fini
 .fini          0x000000000002af53        0x5 /usr/lib/gcc/i686-linux-gnu/5/../../../i386-linux-gnu/crtn.o
                [!provide]                        PROVIDE (__etext, .)
                [!provide]                        PROVIDE (_etext, .)
                [!provide]                        PROVIDE (etext, .)

.rodata         0x000000000002af60      0xd8b
 *(.rodata .rodata.* .gnu.linkonce.r.*)
 .rodata        0x000000000002af60      0x2b9 oxygen_actuator.o
                0x000000000002b074                autostart_processes
 *fill*         0x000000000002b219        0x3 
 .rodata        0x000000000002b21c        0x8 build/cooja/mtype281.a(beep.o)
                0x000000000002b21c                beep_interface
 .rodata        0x000000000002b224        0xe build/cooja/mtype281.a(leds-arch.o)
                0x000000000002b224                leds_interface
                0x000000000002b22c                leds_arch_leds
 *fill*         0x000000000002b232        0x2 
 .rodata        0x000000000002b234        0x8 build/cooja/mtype281.a(moteid.o)
                0x000000000002b234                moteid_interface
 .rodata        0x000000000002b23c       0x1c build/cooja/mtype281.a(pir-sensor.o)
                0x000000000002b23c                pir_interface
                0x000000000002b248                pir_sensor
 .rodata        0x000000000002b258        0xe build/cooja/mtype281.a(rs232.o)
                0x000000000002b258                rs232_interface
 *fill*         0x000000000002b266        0x2 
 .rodata        0x000000000002b268       0x24 build/cooja/mtype281.a(vib-sensor.o)
                0x000000000002b268                vib_interface
                0x000000000002b27c                vib_sensor
 .rodata        0x000000000002b28c        0x8 build/cooja/mtype281.a(clock.o)
                0x000000000002b28c                clock_interface
 .rodata        0x000000000002b294        0x8 build/cooja/mtype281.a(cooja-log.o)
                0x000000000002b294                simlog_interface
 .rodata        0x000000000002b29c       0x2f build/cooja/mtype281.a(cfs-cooja.o)
                0x000000000002b29c                cfs_interface
 *fill*         0x000000000002b2cb       0x15 
 .rodata        0x000000000002b2e0       0xb8 build/cooja/mtype281.a(cooja-radio.o)
                0x000000000002b2e0                radio_interface
                0x000000000002b360                cooja_radio_driver
 .rodata        0x000000000002b398        0x8 build/cooja/mtype281.a(eeprom.o)
                0x000000000002b398                eeprom_interface
 .rodata        0x000000000002b3a0        0x8 build/cooja/mtype281.a(sensors.o)
 .rodata        0x000000000002b3a8       0x2c build/cooja/mtype281.a(buttons.o)
                0x000000000002b3a8                button_interface
                0x000000000002b3bc                button_hal_button_count
                0x000000000002b3c4                button_sensor
 *fill*         0x000000000002b3d4        0x4 
 .rodata        0x000000000002b3d8      0x158 build/cooja/mtype281.a(oxygen_generato)
 .rodata        0x000000000002b530       0x41 build/cooja/mtype281.a(coap-engine.o)
 .rodata        0x000000000002b571       0x19 build/cooja/mtype281.a(coap-res-well-k)
 .rodata        0x000000000002b58a       0x11 build/cooja/mtype281.a(coap-observe.o)
 .rodata        0x000000000002b59b       0x35 build/cooja/mtype281.a(coap-uip.o)
 .rodata        0x000000000002b5d0      0x1ac build/cooja/mtype281.a(coap.o)
 .rodata        0x000000000002b77c       0xf8 build/cooja/mtype281.a(contiki-main.o)
 .rodata        0x000000000002b874        0xf build/cooja/mtype281.a(ctimer.o)
 *fill*         0x000000000002b883        0x1 
 .rodata        0x000000000002b884       0xc4 build/cooja/mtype281.a(log.o)
 .rodata        0x000000000002b948        0xc build/cooja/mtype281.a(etimer.o)
 .rodata        0x000000000002b954       0x13 build/cooja/mtype281.a(button-hal.o)
 .rodata        0x000000000002b967        0xe build/cooja/mtype281.a(serial-line.o)
 *fill*         0x000000000002b975        0x3 
 .rodata        0x000000000002b978        0x8 build/cooja/mtype281.a(linkaddr.o)
                0x000000000002b978                linkaddr_null
 .rodata        0x000000000002b980       0x24 build/cooja/mtype281.a(csma.o)
                0x000000000002b988                csma_driver
 .rodata        0x000000000002b9a4       0x24 build/cooja/mtype281.a(csma-output.o)
 .rodata        0x000000000002b9c8       0x4d build/cooja/mtype281.a(uip-ds6-route.o)
 .rodata        0x000000000002ba15        0xd build/cooja/mtype281.a(tcpip.o)
 *fill*         0x000000000002ba22        0x2 
 .rodata        0x000000000002ba24       0x30 build/cooja/mtype281.a(sicslowpan.o)
                0x000000000002ba24                unc_llconf
                0x000000000002ba28                unc_ctxconf
                0x000000000002ba2c                unc_mxconf
                0x000000000002ba30                llprefix
                0x000000000002ba44                sicslowpan_driver
 .rodata        0x000000000002ba54       0x2d build/cooja/mtype281.a(uiplib.o)
 *fill*         0x000000000002ba81       0x1f 
 .rodata        0x000000000002baa0       0x74 build/cooja/mtype281.a(rpl.o)
                0x000000000002bac0                rpl_lite_driver
 .rodata        0x000000000002bb14       0x20 build/cooja/mtype281.a(coap-timer-defa)
                0x000000000002bb28                coap_timer_default_driver
 .rodata        0x000000000002bb34       0x25 build/cooja/mtype281.a(assert.o)
 *fill*         0x000000000002bb59        0x3 
 .rodata        0x000000000002bb5c        0xc build/cooja/mtype281.a(framer-802154.o)
                0x000000000002bb5c                framer_802154
 .rodata        0x000000000002bb68       0x44 build/cooja/mtype281.a(uip-sr.o)
 .rodata        0x000000000002bbac       0x58 build/cooja/mtype281.a(rpl-neighbor.o)
 .rodata        0x000000000002bc04       0xdb build/cooja/mtype281.a(rpl-dag.o)
 .rodata        0x000000000002bcdf        0xc build/cooja/mtype281.a(rpl-timers.o)

.rodata1
 *(.rodata1)

.eh_frame_hdr   0x000000000002bcec     0x1a6c
 *(.eh_frame_hdr)
 .eh_frame_hdr  0x000000000002bcec     0x1a6c oxygen_actuator.o
                0x000000000002bcec                __GNU_EH_FRAME_HDR
 *(.eh_frame_entry .eh_frame_entry.*)

.eh_frame       0x000000000002d758     0x6b30
 *(.eh_frame)
 .eh_frame      0x000000000002d758       0x3c /usr/lib/gcc/i686-linux-gnu/5/../../../i386-linux-gnu/crti.o
                                         0x40 (size before relaxing)
 .eh_frame      0x000000000002d794       0xa4 oxygen_actuator.o
                                         0xbc (size before relaxing)
 .eh_frame      0x000000000002d838      0x178 build/cooja/mtype281.o
                                        0x190 (size before relaxing)
 .eh_frame      0x000000000002d9b0       0x40 build/cooja/mtype281.a(simEnvChange.o)
                                         0x58 (size before relaxing)
 .eh_frame      0x000000000002d9f0       0x60 build/cooja/mtype281.a(cooja_mt.o)
                                         0x78 (size before relaxing)
 .eh_frame      0x000000000002da50       0x80 build/cooja/mtype281.a(cooja_mtarch.o)
                                         0x98 (size before relaxing)
 .eh_frame      0x000000000002dad0       0xc8 build/cooja/mtype281.a(rtimer-arch.o)
                                         0xe0 (size before relaxing)
 .eh_frame      0x000000000002db98      0x160 build/cooja/mtype281.a(beep.o)
                                        0x178 (size before relaxing)
 .eh_frame      0x000000000002dcf8       0x80 build/cooja/mtype281.a(leds-arch.o)
                                         0x98 (size before relaxing)
 .eh_frame      0x000000000002dd78       0x40 build/cooja/mtype281.a(moteid.o)
                                         0x58 (size before relaxing)
 .eh_frame      0x000000000002ddb8       0xa0 build/cooja/mtype281.a(pir-sensor.o)
                                         0xb8 (size before relaxing)
 .eh_frame      0x000000000002de58      0x100 build/cooja/mtype281.a(rs232.o)
                                        0x118 (size before relaxing)
 .eh_frame      0x000000000002df58       0xa0 build/cooja/mtype281.a(vib-sensor.o)
                                         0xb8 (size before relaxing)
 .eh_frame      0x000000000002dff8       0xc0 build/cooja/mtype281.a(clock.o)
                                         0xd8 (size before relaxing)
 .eh_frame      0x000000000002e0b8      0x120 build/cooja/mtype281.a(cooja-log.o)
                                        0x138 (size before relaxing)
 .eh_frame      0x000000000002e1d8      0x160 build/cooja/mtype281.a(cfs-cooja.o)
                                        0x178 (size before relaxing)
 .eh_frame      0x000000000002e338      0x340 build/cooja/mtype281.a(cooja-radio.o)
                                        0x358 (size before relaxing)
 .eh_frame      0x000000000002e678       0xa0 build/cooja/mtype281.a(eeprom.o)
                                         0xb8 (size before relaxing)
 .eh_frame      0x000000000002e718       0x40 build/cooja/mtype281.a(random.o)
                                         0x58 (size before relaxing)
 .eh_frame      0x000000000002e758       0xc0 build/cooja/mtype281.a(sensors.o)
                                         0xd8 (size before relaxing)
 .eh_frame      0x000000000002e818      0x120 build/cooja/mtype281.a(leds.o)
                                        0x138 (size before relaxing)
 .eh_frame      0x000000000002e938      0x220 build/cooja/mtype281.a(gpio-hal-arch.o)
                                        0x238 (size before relaxing)
 .eh_frame      0x000000000002eb58       0xa0 build/cooja/mtype281.a(buttons.o)
                                         0xb8 (size before relaxing)
 .eh_frame      0x000000000002ebf8       0x80 build/cooja/mtype281.a(oxygen_generato)
                                         0x98 (size before relaxing)
 .eh_frame      0x000000000002ec78      0x1c4 build/cooja/mtype281.a(coap-observe-cl)
                                        0x1dc (size before relaxing)
 .eh_frame      0x000000000002ee3c       0x44 build/cooja/mtype281.a(coap-blocking-a)
                                         0x5c (size before relaxing)
 .eh_frame      0x000000000002ee80      0x220 build/cooja/mtype281.a(coap-engine.o)
                                        0x238 (size before relaxing)
 .eh_frame      0x000000000002f0a0       0x24 build/cooja/mtype281.a(coap-res-well-k)
                                         0x3c (size before relaxing)
 .eh_frame      0x000000000002f0c4      0x188 build/cooja/mtype281.a(coap-observe.o)
                                        0x1a0 (size before relaxing)
 .eh_frame      0x000000000002f24c      0x250 build/cooja/mtype281.a(coap-uip.o)
                                        0x268 (size before relaxing)
 .eh_frame      0x000000000002f49c      0x114 build/cooja/mtype281.a(coap-timer.o)
                                        0x12c (size before relaxing)
 .eh_frame      0x000000000002f5b0      0x100 build/cooja/mtype281.a(coap-transactio)
                                        0x118 (size before relaxing)
 .eh_frame      0x000000000002f6b0      0x6ec build/cooja/mtype281.a(coap.o)
                                        0x704 (size before relaxing)
 .eh_frame      0x000000000002fd9c       0x30 build/cooja/mtype281.a(contiki-main.o)
                                         0x48 (size before relaxing)
 .eh_frame      0x000000000002fdcc       0x40 build/cooja/mtype281.a(autostart.o)
                                         0x58 (size before relaxing)
 .eh_frame      0x000000000002fe0c      0x100 build/cooja/mtype281.a(ctimer.o)
                                        0x118 (size before relaxing)
 .eh_frame      0x000000000002ff0c      0x100 build/cooja/mtype281.a(log.o)
                                        0x118 (size before relaxing)
 .eh_frame      0x000000000003000c       0x60 build/cooja/mtype281.a(energest.o)
                                         0x78 (size before relaxing)
 .eh_frame      0x000000000003006c      0x1e0 build/cooja/mtype281.a(etimer.o)
                                        0x1f8 (size before relaxing)
 .eh_frame      0x000000000003024c       0x20 build/cooja/mtype281.a(node-id.o)
                                         0x38 (size before relaxing)
 .eh_frame      0x000000000003026c       0x60 build/cooja/mtype281.a(rtimer.o)
                                         0x78 (size before relaxing)
 .eh_frame      0x00000000000302cc      0x1c4 build/cooja/mtype281.a(process.o)
                                        0x1dc (size before relaxing)
 .eh_frame      0x0000000000030490       0xa4 build/cooja/mtype281.a(timer.o)
                                         0xbc (size before relaxing)
 .eh_frame      0x0000000000030534      0x1a0 build/cooja/mtype281.a(list.o)
                                        0x1b8 (size before relaxing)
 .eh_frame      0x00000000000306d4       0xa0 build/cooja/mtype281.a(memb.o)
                                         0xb8 (size before relaxing)
 .eh_frame      0x0000000000030774      0x144 build/cooja/mtype281.a(button-hal.o)
                                        0x15c (size before relaxing)
 .eh_frame      0x00000000000308b8       0x60 build/cooja/mtype281.a(serial-line.o)
                                         0x78 (size before relaxing)
 .eh_frame      0x0000000000030918       0xe0 build/cooja/mtype281.a(gpio-hal.o)
                                         0xf8 (size before relaxing)
 .eh_frame      0x00000000000309f8      0x1a0 build/cooja/mtype281.a(queuebuf.o)
                                        0x1b8 (size before relaxing)
 .eh_frame      0x0000000000030b98      0x28c build/cooja/mtype281.a(packetbuf.o)
                                        0x2a4 (size before relaxing)
 .eh_frame      0x0000000000030e24       0x80 build/cooja/mtype281.a(netstack.o)
                                         0x98 (size before relaxing)
 .eh_frame      0x0000000000030ea4       0x60 build/cooja/mtype281.a(linkaddr.o)
                                         0x78 (size before relaxing)
 .eh_frame      0x0000000000030f04       0xe0 build/cooja/mtype281.a(csma.o)
                                         0xf8 (size before relaxing)
 .eh_frame      0x0000000000030fe4      0x1d0 build/cooja/mtype281.a(csma-output.o)
                                        0x1e8 (size before relaxing)
 .eh_frame      0x00000000000311b4      0x328 build/cooja/mtype281.a(uip-ds6.o)
                                        0x340 (size before relaxing)
 .eh_frame      0x00000000000314dc       0x40 build/cooja/mtype281.a(uip-udp-packet.)
                                         0x58 (size before relaxing)
 .eh_frame      0x000000000003151c      0x220 build/cooja/mtype281.a(uip-ds6-route.o)
                                        0x238 (size before relaxing)
 .eh_frame      0x000000000003173c      0x244 build/cooja/mtype281.a(tcpip.o)
                                        0x25c (size before relaxing)
 .eh_frame      0x0000000000031980      0x1e8 build/cooja/mtype281.a(uip6.o)
                                        0x200 (size before relaxing)
 .eh_frame      0x0000000000031b68      0x1c0 build/cooja/mtype281.a(uip-ds6-nbr.o)
                                        0x1d8 (size before relaxing)
 .eh_frame      0x0000000000031d28       0x84 build/cooja/mtype281.a(uip-nd6.o)
                                         0x9c (size before relaxing)
 .eh_frame      0x0000000000031dac      0x2f8 build/cooja/mtype281.a(sicslowpan.o)
                                        0x310 (size before relaxing)
 .eh_frame      0x00000000000320a4       0x88 build/cooja/mtype281.a(uiplib.o)
                                         0xa0 (size before relaxing)
 .eh_frame      0x000000000003212c      0x1e0 build/cooja/mtype281.a(rpl.o)
                                        0x1f8 (size before relaxing)
 .eh_frame      0x000000000003230c      0x1c4 build/cooja/mtype281.a(rpl-icmp6.o)
                                        0x1dc (size before relaxing)
 .eh_frame      0x00000000000324d0       0xa0 build/cooja/mtype281.a(rpl-dag-root.o)
                                         0xb8 (size before relaxing)
 .eh_frame      0x0000000000032570       0xa0 build/cooja/mtype281.a(watchdog.o)
                                         0xb8 (size before relaxing)
 .eh_frame      0x0000000000032610       0x80 build/cooja/mtype281.a(int-master.o)
                                         0x98 (size before relaxing)
 .eh_frame      0x0000000000032690       0xa4 build/cooja/mtype281.a(coap-timer-defa)
                                         0xbc (size before relaxing)
 .eh_frame      0x0000000000032734       0xc4 build/cooja/mtype281.a(stimer.o)
                                         0xdc (size before relaxing)
 .eh_frame      0x00000000000327f8       0xa0 build/cooja/mtype281.a(ringbuf.o)
                                         0xb8 (size before relaxing)
 .eh_frame      0x0000000000032898       0x20 build/cooja/mtype281.a(assert.o)
                                         0x38 (size before relaxing)
 .eh_frame      0x00000000000328b8      0x2ac build/cooja/mtype281.a(nbr-table.o)
                                        0x2c4 (size before relaxing)
 .eh_frame      0x0000000000032b64      0x120 build/cooja/mtype281.a(link-stats.o)
                                        0x138 (size before relaxing)
 .eh_frame      0x0000000000032c84       0x48 build/cooja/mtype281.a(mac-sequence.o)
                                         0x60 (size before relaxing)
 .eh_frame      0x0000000000032ccc       0x20 build/cooja/mtype281.a(mac.o)
                                         0x38 (size before relaxing)
 .eh_frame      0x0000000000032cec       0xa4 build/cooja/mtype281.a(framer-802154.o)
                                         0xbc (size before relaxing)
 .eh_frame      0x0000000000032d90      0x1a4 build/cooja/mtype281.a(frame802154.o)
                                        0x1bc (size before relaxing)
 .eh_frame      0x0000000000032f34       0x40 build/cooja/mtype281.a(csma-security.o)
                                         0x58 (size before relaxing)
 .eh_frame      0x0000000000032f74      0x200 build/cooja/mtype281.a(uipbuf.o)
                                        0x218 (size before relaxing)
 .eh_frame      0x0000000000033174      0x150 build/cooja/mtype281.a(uip-icmp6.o)
                                        0x168 (size before relaxing)
 .eh_frame      0x00000000000332c4      0x184 build/cooja/mtype281.a(uip-sr.o)
                                        0x19c (size before relaxing)
 .eh_frame      0x0000000000033448       0xe0 build/cooja/mtype281.a(uip-packetqueue)
                                         0xf8 (size before relaxing)
 .eh_frame      0x0000000000033528       0x80 build/cooja/mtype281.a(rpl-nbr-policy.)
                                         0x98 (size before relaxing)
 .eh_frame      0x00000000000335a8      0x2d4 build/cooja/mtype281.a(rpl-neighbor.o)
                                        0x2ec (size before relaxing)
 .eh_frame      0x000000000003387c      0x370 build/cooja/mtype281.a(rpl-dag.o)
                                        0x388 (size before relaxing)
 .eh_frame      0x0000000000033bec      0x3a8 build/cooja/mtype281.a(rpl-timers.o)
                                        0x3c0 (size before relaxing)
 .eh_frame      0x0000000000033f94      0x124 build/cooja/mtype281.a(rpl-ext-header.)
                                        0x13c (size before relaxing)
 .eh_frame      0x00000000000340b8      0x148 build/cooja/mtype281.a(rpl-mrhof.o)
                                        0x160 (size before relaxing)
 .eh_frame      0x0000000000034200       0x84 /usr/lib/gcc/i686-linux-gnu/5/libgcc.a(_udivdi3.o)
                                         0x9c (size before relaxing)
 .eh_frame      0x0000000000034284        0x4 /usr/lib/gcc/i686-linux-gnu/5/crtendS.o
 *(.eh_frame.*)

.gcc_except_table
 *(.gcc_except_table .gcc_except_table.*)

.gnu_extab
 *(.gnu_extab*)

.exception_ranges
 *(.exception_ranges .exception_ranges*)
                0x0000000000035f10                . = DATA_SEGMENT_ALIGN (0x1000, 0x1000)

.eh_frame
 *(.eh_frame)
 *(.eh_frame.*)

.gnu_extab
 *(.gnu_extab)

.gcc_except_table
 *(.gcc_except_table .gcc_except_table.*)

.exception_ranges
 *(.exception_ranges .exception_ranges*)

.tdata
 *(.tdata .tdata.* .gnu.linkonce.td.*)

.tbss
 *(.tbss .tbss.* .gnu.linkonce.tb.*)
 *(.tcommon)

.preinit_array
 *(.preinit_array)

.init_array     0x0000000000035f10        0x4
 *(SORT(.init_array.*) SORT(.ctors.*))
 *(.init_array EXCLUDE_FILE(*crtend?.o *crtend.o *crtbegin?.o *crtbegin.o) .ctors)
 .init_array    0x0000000000035f10        0x4 /usr/lib/gcc/i686-linux-gnu/5/crtbeginS.o

.fini_array     0x0000000000035f14        0x4
 *(SORT(.fini_array.*) SORT(.dtors.*))
 *(.fini_array EXCLUDE_FILE(*crtend?.o *crtend.o *crtbegin?.o *crtbegin.o) .dtors)
 .fini_array    0x0000000000035f14        0x4 /usr/lib/gcc/i686-linux-gnu/5/crtbeginS.o

.ctors
 *crtbegin.o(.ctors)
 *crtbegin?.o(.ctors)
 *(EXCLUDE_FILE(*crtend?.o *crtend.o) .ctors)
 *(SORT(.ctors.*))
 *(.ctors)

.dtors
 *crtbegin.o(.dtors)
 *crtbegin?.o(.dtors)
 *(EXCLUDE_FILE(*crtend?.o *crtend.o) .dtors)
 *(SORT(.dtors.*))
 *(.dtors)

.jcr            0x0000000000035f18        0x4
 *(.jcr)
 .jcr           0x0000000000035f18        0x0 /usr/lib/gcc/i686-linux-gnu/5/crtbeginS.o
 .jcr           0x0000000000035f18        0x4 /usr/lib/gcc/i686-linux-gnu/5/crtendS.o

.data.rel.ro
 *(.data.rel.ro.local* .gnu.linkonce.d.rel.ro.local.*)
 *(.data.rel.ro .data.rel.ro.* .gnu.linkonce.d.rel.ro.*)

.dynamic        0x0000000000035f1c       0xd0
 *(.dynamic)
 .dynamic       0x0000000000035f1c       0xd0 /usr/lib/gcc/i686-linux-gnu/5/../../../i386-linux-gnu/crti.o
                0x0000000000035f1c                _DYNAMIC

.got            0x0000000000035fec       0x14
 *(.got)
 .got           0x0000000000035fec       0x14 /usr/lib/gcc/i686-linux-gnu/5/../../../i386-linux-gnu/crti.o
 *(.igot)
                0x0000000000036ff4                . = DATA_SEGMENT_RELRO_END (., (SIZEOF (.got.plt) >= 0xc)?0xc:0x0)

.got.plt        0x0000000000036000        0xc
 *(.got.plt)
 .got.plt       0x0000000000036000        0xc /usr/lib/gcc/i686-linux-gnu/5/../../../i386-linux-gnu/crti.o
                0x0000000000036000                _GLOBAL_OFFSET_TABLE_
 *(.igot.plt)

.data           0x0000000000036020      0x464
 *(.data .data.* .gnu.linkonce.d.*)
 .data          0x0000000000036020        0x0 /usr/lib/gcc/i686-linux-gnu/5/../../../i386-linux-gnu/crti.o
 .data          0x0000000000036020        0x0 /usr/lib/gcc/i686-linux-gnu/5/crtbeginS.o
 .data.rel.local
                0x0000000000036020        0x4 /usr/lib/gcc/i686-linux-gnu/5/crtbeginS.o
                0x0000000000036020                __dso_handle
 .data          0x0000000000036024       0x14 oxygen_actuator.o
                0x0000000000036028                oxygen_actuator
 *fill*         0x0000000000036038        0x8 
 .data          0x0000000000036040       0x44 build/cooja/mtype281.o
                0x0000000000036040                simInterfaces
                0x0000000000036074                sensors
 .data          0x0000000000036084        0x0 build/cooja/mtype281.a(simEnvChange.o)
 .data          0x0000000000036084        0x0 build/cooja/mtype281.a(cooja_mt.o)
 .data          0x0000000000036084        0x0 build/cooja/mtype281.a(cooja_mtarch.o)
 .data          0x0000000000036084        0x0 build/cooja/mtype281.a(rtimer-arch.o)
 .data          0x0000000000036084        0x0 build/cooja/mtype281.a(beep.o)
 .data          0x0000000000036084        0x0 build/cooja/mtype281.a(leds-arch.o)
 .data          0x0000000000036084        0x0 build/cooja/mtype281.a(moteid.o)
 .data          0x0000000000036084        0x0 build/cooja/mtype281.a(pir-sensor.o)
 .data          0x0000000000036084        0x0 build/cooja/mtype281.a(rs232.o)
 .data          0x0000000000036084        0x0 build/cooja/mtype281.a(vib-sensor.o)
 .data          0x0000000000036084        0x0 build/cooja/mtype281.a(clock.o)
 .data          0x0000000000036084        0x0 build/cooja/mtype281.a(cooja-log.o)
 .data          0x0000000000036084        0x0 build/cooja/mtype281.a(cfs-cooja.o)
 .data          0x0000000000036084       0x2c build/cooja/mtype281.a(cooja-radio.o)
                0x0000000000036084                simRadioHWOn
                0x0000000000036088                simSignalStrength
                0x000000000003608c                simLastSignalStrength
                0x0000000000036090                simPower
                0x0000000000036094                simRadioChannel
                0x0000000000036098                simLQI
                0x00000000000360a0                cooja_radio_process
 .data          0x00000000000360b0        0x0 build/cooja/mtype281.a(eeprom.o)
 .data          0x00000000000360b0        0x0 build/cooja/mtype281.a(random.o)
 .data          0x00000000000360b0       0x10 build/cooja/mtype281.a(sensors.o)
                0x00000000000360b0                sensors_process
 .data          0x00000000000360c0        0x0 build/cooja/mtype281.a(leds.o)
 .data          0x00000000000360c0        0x0 build/cooja/mtype281.a(gpio-hal-arch.o)
 .data          0x00000000000360c0       0x78 build/cooja/mtype281.a(buttons.o)
                0x00000000000360c0                simButtonIsActive
                0x0000000000036130                button_hal_buttons
 *fill*         0x0000000000036138        0x8 
 .data          0x0000000000036140       0x44 build/cooja/mtype281.a(oxygen_generato)
                0x0000000000036140                GOOD_OXYGEN_LEVEL
                0x0000000000036160                oxygen_generator
 .data          0x0000000000036184       0x10 build/cooja/mtype281.a(coap-observe-cl)
 .data          0x0000000000036194        0x0 build/cooja/mtype281.a(coap-blocking-a)
 .data          0x0000000000036194        0x8 build/cooja/mtype281.a(coap-engine.o)
 *fill*         0x000000000003619c        0x4 
 .data          0x00000000000361a0       0x24 build/cooja/mtype281.a(coap-res-well-k)
                0x00000000000361a0                res_well_known_core
 .data          0x00000000000361c4       0x10 build/cooja/mtype281.a(coap-observe.o)
 .data          0x00000000000361d4       0x10 build/cooja/mtype281.a(coap-uip.o)
                0x00000000000361d4                coap_engine
 .data          0x00000000000361e4        0x4 build/cooja/mtype281.a(coap-timer.o)
 .data          0x00000000000361e8       0x10 build/cooja/mtype281.a(coap-transactio)
 .data          0x00000000000361f8        0x4 build/cooja/mtype281.a(coap.o)
                0x00000000000361f8                coap_error_message
 .data          0x00000000000361fc        0x0 build/cooja/mtype281.a(contiki-main.o)
 .data          0x00000000000361fc        0x0 build/cooja/mtype281.a(autostart.o)
 .data          0x00000000000361fc       0x14 build/cooja/mtype281.a(ctimer.o)
                0x0000000000036200                ctimer_process
 *fill*         0x0000000000036210       0x10 
 .data          0x0000000000036220       0xbc build/cooja/mtype281.a(log.o)
                0x0000000000036220                curr_log_level_main
                0x0000000000036240                all_modules
 .data          0x00000000000362dc        0x0 build/cooja/mtype281.a(energest.o)
 .data          0x00000000000362dc       0x10 build/cooja/mtype281.a(etimer.o)
                0x00000000000362dc                etimer_process
 .data          0x00000000000362ec        0x0 build/cooja/mtype281.a(node-id.o)
 .data          0x00000000000362ec        0x0 build/cooja/mtype281.a(rtimer.o)
 .data          0x00000000000362ec        0x0 build/cooja/mtype281.a(process.o)
 .data          0x00000000000362ec        0x0 build/cooja/mtype281.a(timer.o)
 .data          0x00000000000362ec        0x0 build/cooja/mtype281.a(list.o)
 .data          0x00000000000362ec        0x0 build/cooja/mtype281.a(memb.o)
 .data          0x00000000000362ec       0x10 build/cooja/mtype281.a(button-hal.o)
                0x00000000000362ec                button_hal_process
 .data          0x00000000000362fc       0x10 build/cooja/mtype281.a(serial-line.o)
                0x00000000000362fc                serial_line_process
 .data          0x000000000003630c        0x4 build/cooja/mtype281.a(gpio-hal.o)
 .data          0x0000000000036310       0x18 build/cooja/mtype281.a(queuebuf.o)
 .data          0x0000000000036328        0x4 build/cooja/mtype281.a(packetbuf.o)
 .data          0x000000000003632c        0x4 build/cooja/mtype281.a(netstack.o)
 .data          0x0000000000036330        0x0 build/cooja/mtype281.a(linkaddr.o)
 .data          0x0000000000036330        0x0 build/cooja/mtype281.a(csma.o)
 .data          0x0000000000036330       0x28 build/cooja/mtype281.a(csma-output.o)
 .data          0x0000000000036358        0x0 build/cooja/mtype281.a(uip-ds6.o)
 .data          0x0000000000036358        0x0 build/cooja/mtype281.a(uip-udp-packet.)
 .data          0x0000000000036358       0x10 build/cooja/mtype281.a(uip-ds6-route.o)
 .data          0x0000000000036368       0x10 build/cooja/mtype281.a(tcpip.o)
                0x0000000000036368                tcpip_process
 .data          0x0000000000036378        0x0 build/cooja/mtype281.a(uip6.o)
 .data          0x0000000000036378       0x14 build/cooja/mtype281.a(uip-ds6-nbr.o)
 .data          0x000000000003638c        0xc build/cooja/mtype281.a(uip-nd6.o)
 .data          0x0000000000036398        0x0 build/cooja/mtype281.a(sicslowpan.o)
 .data          0x0000000000036398        0x0 build/cooja/mtype281.a(uiplib.o)
 .data          0x0000000000036398        0x0 build/cooja/mtype281.a(rpl.o)
 .data          0x0000000000036398       0x30 build/cooja/mtype281.a(rpl-icmp6.o)
 .data          0x00000000000363c8        0x0 build/cooja/mtype281.a(rpl-dag-root.o)
 .data          0x00000000000363c8        0x0 build/cooja/mtype281.a(watchdog.o)
 .data          0x00000000000363c8        0x0 build/cooja/mtype281.a(int-master.o)
 .data          0x00000000000363c8       0x10 build/cooja/mtype281.a(coap-timer-defa)
                0x00000000000363c8                coap_timer_process
 .data          0x00000000000363d8        0x0 build/cooja/mtype281.a(stimer.o)
 .data          0x00000000000363d8        0x0 build/cooja/mtype281.a(ringbuf.o)
 .data          0x00000000000363d8        0x0 build/cooja/mtype281.a(assert.o)
 .data          0x00000000000363d8       0x10 build/cooja/mtype281.a(nbr-table.o)
 .data          0x00000000000363e8       0x14 build/cooja/mtype281.a(link-stats.o)
 .data          0x00000000000363fc        0x0 build/cooja/mtype281.a(mac-sequence.o)
 .data          0x00000000000363fc        0x0 build/cooja/mtype281.a(mac.o)
 .data          0x00000000000363fc        0x0 build/cooja/mtype281.a(framer-802154.o)
 .data          0x00000000000363fc        0x2 build/cooja/mtype281.a(frame802154.o)
 .data          0x00000000000363fe        0x0 build/cooja/mtype281.a(csma-security.o)
 .data          0x00000000000363fe        0x0 build/cooja/mtype281.a(uipbuf.o)
 *fill*         0x00000000000363fe        0x2 
 .data          0x0000000000036400       0x20 build/cooja/mtype281.a(uip-icmp6.o)
 .data          0x0000000000036420       0x10 build/cooja/mtype281.a(uip-sr.o)
 .data          0x0000000000036430        0xc build/cooja/mtype281.a(uip-packetqueue)
 .data          0x000000000003643c        0x0 build/cooja/mtype281.a(rpl-nbr-policy.)
 .data          0x000000000003643c       0x14 build/cooja/mtype281.a(rpl-neighbor.o)
                0x000000000003644c                rpl_neighbors
 .data          0x0000000000036450        0x0 build/cooja/mtype281.a(rpl-dag.o)
 .data          0x0000000000036450        0x0 build/cooja/mtype281.a(rpl-timers.o)
 .data          0x0000000000036450        0x0 build/cooja/mtype281.a(rpl-ext-header.)
 *fill*         0x0000000000036450       0x10 
 .data          0x0000000000036460       0x24 build/cooja/mtype281.a(rpl-mrhof.o)
                0x0000000000036460                rpl_mrhof
 .data          0x0000000000036484        0x0 /usr/lib/gcc/i686-linux-gnu/5/libgcc.a(_udivdi3.o)
 .data          0x0000000000036484        0x0 /usr/lib/gcc/i686-linux-gnu/5/crtendS.o
 .data          0x0000000000036484        0x0 /usr/lib/gcc/i686-linux-gnu/5/../../../i386-linux-gnu/crtn.o

.tm_clone_table
                0x0000000000036484        0x0
 .tm_clone_table
                0x0000000000036484        0x0 /usr/lib/gcc/i686-linux-gnu/5/crtbeginS.o
 .tm_clone_table
                0x0000000000036484        0x0 /usr/lib/gcc/i686-linux-gnu/5/crtendS.o

.data1
 *(.data1)
                0x0000000000036484                _edata = .
                [!provide]                        PROVIDE (edata, .)
                0x0000000000036484                . = .
                0x0000000000036484                __bss_start = .

.bss            0x00000000000364a0    0x141a4
 *(.dynbss)
 .dynbss        0x00000000000364a0        0x0 /usr/lib/gcc/i686-linux-gnu/5/../../../i386-linux-gnu/crti.o
 *(.bss .bss.* .gnu.linkonce.b.*)
 .bss           0x00000000000364a0        0x0 /usr/lib/gcc/i686-linux-gnu/5/../../../i386-linux-gnu/crti.o
 .bss           0x00000000000364a0        0x1 /usr/lib/gcc/i686-linux-gnu/5/crtbeginS.o
 *fill*         0x00000000000364a1       0x1f 
 .bss           0x00000000000364c0      0x18c oxygen_actuator.o
                0x00000000000364c0                oxygen_level
 *fill*         0x000000000003664c       0x14 
 .bss           0x0000000000036660     0x2030 build/cooja/mtype281.o
 .bss           0x0000000000038690        0x1 build/cooja/mtype281.a(simEnvChange.o)
                0x0000000000038690                simDontFallAsleep
 *fill*         0x0000000000038691        0x3 
 .bss           0x0000000000038694        0x4 build/cooja/mtype281.a(cooja_mt.o)
 .bss           0x0000000000038698        0x4 build/cooja/mtype281.a(cooja_mtarch.o)
 .bss           0x000000000003869c        0x0 build/cooja/mtype281.a(rtimer-arch.o)
 .bss           0x000000000003869c        0x0 build/cooja/mtype281.a(beep.o)
 .bss           0x000000000003869c        0x1 build/cooja/mtype281.a(leds-arch.o)
                0x000000000003869c                simLedsValue
 .bss           0x000000000003869d        0x0 build/cooja/mtype281.a(moteid.o)
 .bss           0x000000000003869d        0x1 build/cooja/mtype281.a(pir-sensor.o)
                0x000000000003869d                simPirValue
 *fill*         0x000000000003869e        0x2 
 .bss           0x00000000000386a0        0x4 build/cooja/mtype281.a(rs232.o)
 .bss           0x00000000000386a4        0x1 build/cooja/mtype281.a(vib-sensor.o)
                0x00000000000386a4                simVibValue
 .bss           0x00000000000386a5        0x0 build/cooja/mtype281.a(clock.o)
 *fill*         0x00000000000386a5       0x1b 
 .bss           0x00000000000386c0     0x2020 build/cooja/mtype281.a(cooja-log.o)
 .bss           0x000000000003a6e0      0xfc0 build/cooja/mtype281.a(cfs-cooja.o)
                0x000000000003a6e0                simCFSData
                0x000000000003b680                simCFSSize
                0x000000000003b684                simCFSChanged
                0x000000000003b688                simCFSRead
                0x000000000003b68c                simCFSWritten
 .bss           0x000000000003b6a0       0x24 build/cooja/mtype281.a(cooja-radio.o)
                0x000000000003b6a0                simReceiving
                0x000000000003b6a4                simInSize
                0x000000000003b6a8                simLastPacketTimestamp
                0x000000000003b6b0                simOutSize
 .bss           0x000000000003b6c4        0xc build/cooja/mtype281.a(eeprom.o)
                0x000000000003b6c4                simEEPROMChanged
                0x000000000003b6c8                simEEPROMRead
                0x000000000003b6cc                simEEPROMWritten
 .bss           0x000000000003b6d0        0x0 build/cooja/mtype281.a(random.o)
 .bss           0x000000000003b6d0        0xc build/cooja/mtype281.a(sensors.o)
 .bss           0x000000000003b6dc        0x0 build/cooja/mtype281.a(leds.o)
 .bss           0x000000000003b6dc       0x24 build/cooja/mtype281.a(gpio-hal-arch.o)
 .bss           0x000000000003b700        0x0 build/cooja/mtype281.a(buttons.o)
 .bss           0x000000000003b700       0x10 build/cooja/mtype281.a(oxygen_generato)
                0x000000000003b700                alert_level
                0x000000000003b704                status
                0x000000000003b708                manualMode
 *fill*         0x000000000003b710       0x10 
 .bss           0x000000000003b720      0x1b1 build/cooja/mtype281.a(coap-observe-cl)
 .bss           0x000000000003b8d1        0x0 build/cooja/mtype281.a(coap-blocking-a)
 *fill*         0x000000000003b8d1        0xf 
 .bss           0x000000000003b8e0      0x190 build/cooja/mtype281.a(coap-engine.o)
 .bss           0x000000000003ba70        0x0 build/cooja/mtype281.a(coap-res-well-k)
 *fill*         0x000000000003ba70       0x10 
 .bss           0x000000000003ba80      0x120 build/cooja/mtype281.a(coap-observe.o)
 .bss           0x000000000003bba0       0x18 build/cooja/mtype281.a(coap-uip.o)
 .bss           0x000000000003bbb8        0x5 build/cooja/mtype281.a(coap-timer.o)
 *fill*         0x000000000003bbbd        0x3 
 .bss           0x000000000003bbc0      0x334 build/cooja/mtype281.a(coap-transactio)
 .bss           0x000000000003bef4        0x6 build/cooja/mtype281.a(coap.o)
                0x000000000003bef4                coap_status_code
 .bss           0x000000000003befa        0x0 build/cooja/mtype281.a(contiki-main.o)
 .bss           0x000000000003befa        0x0 build/cooja/mtype281.a(autostart.o)
 *fill*         0x000000000003befa        0x2 
 .bss           0x000000000003befc        0x5 build/cooja/mtype281.a(ctimer.o)
 *fill*         0x000000000003bf01        0x3 
 .bss           0x000000000003bf04       0x2c build/cooja/mtype281.a(log.o)
                0x000000000003bf04                curr_log_level_rpl
                0x000000000003bf08                curr_log_level_tcpip
                0x000000000003bf0c                curr_log_level_ipv6
                0x000000000003bf10                curr_log_level_6lowpan
                0x000000000003bf14                curr_log_level_nullnet
                0x000000000003bf18                curr_log_level_mac
                0x000000000003bf1c                curr_log_level_framer
                0x000000000003bf20                curr_log_level_6top
                0x000000000003bf24                curr_log_level_coap
                0x000000000003bf28                curr_log_level_snmp
                0x000000000003bf2c                curr_log_level_lwm2m
 .bss           0x000000000003bf30        0x0 build/cooja/mtype281.a(energest.o)
 .bss           0x000000000003bf30        0x8 build/cooja/mtype281.a(etimer.o)
 .bss           0x000000000003bf38        0x2 build/cooja/mtype281.a(node-id.o)
                0x000000000003bf38                node_id
 *fill*         0x000000000003bf3a        0x2 
 .bss           0x000000000003bf3c        0x4 build/cooja/mtype281.a(rtimer.o)
 .bss           0x000000000003bf40      0x1a1 build/cooja/mtype281.a(process.o)
                0x000000000003bf40                process_list
                0x000000000003bf44                process_current
 .bss           0x000000000003c0e1        0x0 build/cooja/mtype281.a(timer.o)
 .bss           0x000000000003c0e1        0x0 build/cooja/mtype281.a(list.o)
 .bss           0x000000000003c0e1        0x0 build/cooja/mtype281.a(memb.o)
 *fill*         0x000000000003c0e1        0x3 
 .bss           0x000000000003c0e4       0x10 build/cooja/mtype281.a(button-hal.o)
 *fill*         0x000000000003c0f4        0xc 
 .bss           0x000000000003c100      0x140 build/cooja/mtype281.a(serial-line.o)
 .bss           0x000000000003c240        0x4 build/cooja/mtype281.a(gpio-hal.o)
 *fill*         0x000000000003c244       0x1c 
 .bss           0x000000000003c260     0x2c80 build/cooja/mtype281.a(queuebuf.o)
 .bss           0x000000000003eee0       0xa0 build/cooja/mtype281.a(packetbuf.o)
 .bss           0x000000000003ef80        0x4 build/cooja/mtype281.a(netstack.o)
 .bss           0x000000000003ef84        0x0 build/cooja/mtype281.a(linkaddr.o)
 .bss           0x000000000003ef84        0x0 build/cooja/mtype281.a(csma.o)
 *fill*         0x000000000003ef84       0x1c 