Archive member included to satisfy reference by file (symbol)

build/cooja/mtype664.a(simEnvChange.o)
                              build/cooja/mtype664.o (simDontFallAsleep)
build/cooja/mtype664.a(cooja_mt.o)
                              build/cooja/mtype664.o (cooja_mt_start)
build/cooja/mtype664.a(cooja_mtarch.o)
                              build/cooja/mtype664.a(cooja_mt.o) (cooja_mtarch_start)
build/cooja/mtype664.a(rtimer-arch.o)
                              build/cooja/mtype664.o (rtimer_arch_check)
build/cooja/mtype664.a(beep.o)
                              build/cooja/mtype664.o (beep_interface)
build/cooja/mtype664.a(leds-arch.o)
                              build/cooja/mtype664.o (leds_interface)
build/cooja/mtype664.a(moteid.o)
                              build/cooja/mtype664.o (moteid_interface)
build/cooja/mtype664.a(pir-sensor.o)
                              build/cooja/mtype664.o (pir_interface)
build/cooja/mtype664.a(rs232.o)
                              build/cooja/mtype664.o (rs232_interface)
build/cooja/mtype664.a(vib-sensor.o)
                              build/cooja/mtype664.o (vib_interface)
build/cooja/mtype664.a(clock.o)
                              build/cooja/mtype664.o (clock_interface)
build/cooja/mtype664.a(cooja-log.o)
                              build/cooja/mtype664.o (simlog_interface)
build/cooja/mtype664.a(cfs-cooja.o)
                              build/cooja/mtype664.o (cfs_interface)
build/cooja/mtype664.a(cooja-radio.o)
                              build/cooja/mtype664.o (radio_interface)
build/cooja/mtype664.a(eeprom.o)
                              build/cooja/mtype664.o (eeprom_interface)
build/cooja/mtype664.a(random.o)
                              build/cooja/mtype664.a(moteid.o) (random_init)
build/cooja/mtype664.a(sensors.o)
                              build/cooja/mtype664.a(pir-sensor.o) (sensors_changed)
build/cooja/mtype664.a(leds.o)
                              oxygen_actuator.o (leds_set)
build/cooja/mtype664.a(gpio-hal-arch.o)
                              build/cooja/mtype664.a(leds-arch.o) (gpio_hal_arch_register_pin_callback)
build/cooja/mtype664.a(buttons.o)
                              build/cooja/mtype664.o (button_interface)
build/cooja/mtype664.a(oxygen_generato)
                              oxygen_actuator.o (alert_level)
build/cooja/mtype664.a(coap-observe-cl)
                              oxygen_actuator.o (coap_obs_request_registration)
build/cooja/mtype664.a(coap-blocking-a)
                              oxygen_actuator.o (coap_blocking_request)
build/cooja/mtype664.a(coap-engine.o)
                              oxygen_actuator.o (coap_activate_resource)
build/cooja/mtype664.a(coap-res-well-k)
                              build/cooja/mtype664.a(coap-engine.o) (res_well_known_core)
build/cooja/mtype664.a(coap-observe.o)
                              build/cooja/mtype664.a(coap-engine.o) (coap_remove_observer_by_mid)
build/cooja/mtype664.a(coap-uip.o)
                              oxygen_actuator.o (coap_endpoint_log)
build/cooja/mtype664.a(coap-timer.o)
                              build/cooja/mtype664.a(coap-engine.o) (coap_timer_set)
build/cooja/mtype664.a(coap-transactio)
                              build/cooja/mtype664.a(coap-observe-cl) (coap_send_transaction)
build/cooja/mtype664.a(coap.o)
                              build/cooja/mtype664.a(coap-engine.o) (coap_status_code)
build/cooja/mtype664.a(contiki-main.o)
                              build/cooja/mtype664.o (main)
build/cooja/mtype664.a(autostart.o)
                              build/cooja/mtype664.a(contiki-main.o) (autostart_start)
build/cooja/mtype664.a(ctimer.o)
                              build/cooja/mtype664.a(contiki-main.o) (ctimer_init)
build/cooja/mtype664.a(log.o)
                              build/cooja/mtype664.a(contiki-main.o) (curr_log_level_main)
build/cooja/mtype664.a(energest.o)
                              build/cooja/mtype664.a(contiki-main.o) (energest_init)
build/cooja/mtype664.a(etimer.o)
                              build/cooja/mtype664.a(contiki-main.o) (etimer_process)
build/cooja/mtype664.a(node-id.o)
                              build/cooja/mtype664.a(contiki-main.o) (node_id)
build/cooja/mtype664.a(rtimer.o)
                              build/cooja/mtype664.a(contiki-main.o) (rtimer_init)
build/cooja/mtype664.a(process.o)
                              build/cooja/mtype664.a(coap-blocking-a) (process_current)
build/cooja/mtype664.a(timer.o)
                              build/cooja/mtype664.a(etimer.o) (timer_set)
build/cooja/mtype664.a(list.o)
                              build/cooja/mtype664.a(coap-engine.o) (list_init)
build/cooja/mtype664.a(memb.o)
                              build/cooja/mtype664.a(coap-observe-cl) (memb_alloc)
build/cooja/mtype664.a(button-hal.o)
                              oxygen_actuator.o (button_hal_press_event)
build/cooja/mtype664.a(serial-line.o)
[...]
Memory Configuration

Name             Origin             Length             Attributes
*default*        0x0000000000000000 0xffffffffffffffff

Linker script and memory map

LOAD /usr/lib/gcc/i686-linux-gnu/5/../../../i386-linux-gnu/crti.o
LOAD /usr/lib/gcc/i686-linux-gnu/5/crtbeginS.o
LOAD oxygen_actuator.o
LOAD build/cooja/mtype664.o
LOAD build/cooja/mtype664.a
LOAD /usr/lib/gcc/i686-linux-gnu/5/libgcc.a
LOAD /usr/lib/gcc/i686-linux-gnu/5/libgcc_s.so
LOAD /usr/lib/gcc/i686-linux-gnu/5/../../../i386-linux-gnu/libc.so
START GROUP
LOAD /lib/i386-linux-gnu/libc.so.6
LOAD /usr/lib/i386-linux-gnu/libc_nonshared.a
LOAD /lib/i386-linux-gnu/ld-linux.so.2
END GROUP
LOAD /usr/lib/gcc/i686-linux-gnu/5/libgcc.a
LOAD /usr/lib/gcc/i686-linux-gnu/5/libgcc_s.so
LOAD /usr/lib/gcc/i686-linux-gnu/5/crtendS.o
LOAD /usr/lib/gcc/i686-linux-gnu/5/../../../i386-linux-gnu/crtn.o
                0x0000000000000114                . = (0x0 + SIZEOF_HEADERS)

.note.gnu.build-id
                0x0000000000000114       0x24
 *(.note.gnu.build-id)
 .note.gnu.build-id
                0x0000000000000114       0x24 /usr/lib/gcc/i686-linux-gnu/5/../../../i386-linux-gnu/crti.o

.hash
 *(.hash)

.gnu.hash       0x0000000000000138     0x15c8
 *(.gnu.hash)
 .gnu.hash      0x0000000000000138     0x15c8 /usr/lib/gcc/i686-linux-gnu/5/../../../i386-linux-gnu/crti.o

.dynsym         0x0000000000001700     0x2ff0
 *(.dynsym)
 .dynsym        0x0000000000001700     0x2ff0 /usr/lib/gcc/i686-linux-gnu/5/../../../i386-linux-gnu/crti.o

.dynstr         0x00000000000046f0     0x37da
 *(.dynstr)
 .dynstr        0x00000000000046f0     0x37da /usr/lib/gcc/i686-linux-gnu/5/../../../i386-linux-gnu/crti.o

.gnu.version    0x0000000000007eca      0x5fe
 *(.gnu.version)
 .gnu.version   0x0000000000007eca      0x5fe /usr/lib/gcc/i686-linux-gnu/5/../../../i386-linux-gnu/crti.o

.gnu.version_d  0x00000000000084c8        0x0
 *(.gnu.version_d)
 .gnu.version_d
                0x00000000000084c8        0x0 /usr/lib/gcc/i686-linux-gnu/5/../../../i386-linux-gnu/crti.o

.gnu.version_r  0x00000000000084c8       0x40
 *(.gnu.version_r)
 .gnu.version_r
                0x00000000000084c8       0x40 /usr/lib/gcc/i686-linux-gnu/5/../../../i386-linux-gnu/crti.o

.rel.dyn        0x0000000000008508     0x9648
 *(.rel.init)
 .rel.init      0x0000000000008508        0x0 /usr/lib/gcc/i686-linux-gnu/5/../../../i386-linux-gnu/crti.o
 *(.rel.text .rel.text.* .rel.gnu.linkonce.t.*)
 .rel.text      0x0000000000008508     0x8c48 /usr/lib/gcc/i686-linux-gnu/5/../../../i386-linux-gnu/crti.o
 *(.rel.fini)
 .rel.fini      0x0000000000011150        0x0 /usr/lib/gcc/i686-linux-gnu/5/../../../i386-linux-gnu/crti.o
 *(.rel.rodata .rel.rodata.* .rel.gnu.linkonce.r.*)
 .rel.rodata    0x0000000000011150      0x5b0 /usr/lib/gcc/i686-linux-gnu/5/../../../i386-linux-gnu/crti.o
 *(.rel.data.rel.ro .rel.data.rel.ro.* .rel.gnu.linkonce.d.rel.ro.*)
 *(.rel.data .rel.data.* .rel.gnu.linkonce.d.*)
 .rel.data.rel.local
                0x0000000000011700        0x8 /usr/lib/gcc/i686-linux-gnu/5/../../../i386-linux-gnu/crti.o
 .rel.data      0x0000000000011708      0x410 /usr/lib/gcc/i686-linux-gnu/5/../../../i386-linux-gnu/crti.o
 *(.rel.tdata .rel.tdata.* .rel.gnu.linkonce.td.*)
 *(.rel.tbss .rel.tbss.* .rel.gnu.linkonce.tb.*)
 *(.rel.ctors)
 *(.rel.dtors)
 *(.rel.got)
 .rel.got       0x0000000000011b18       0x28 /usr/lib/gcc/i686-linux-gnu/5/../../../i386-linux-gnu/crti.o
 *(.rel.bss .rel.bss.* .rel.gnu.linkonce.b.*)
 *(.rel.ifunc)
 .rel.ifunc     0x0000000000011b40        0x0 /usr/lib/gcc/i686-linux-gnu/5/../../../i386-linux-gnu/crti.o
 .rel.fini_array
                0x0000000000011b40        0x8 /usr/lib/gcc/i686-linux-gnu/5/../../../i386-linux-gnu/crti.o
 .rel.init_array
                0x0000000000011b48        0x8 /usr/lib/gcc/i686-linux-gnu/5/../../../i386-linux-gnu/crti.o

.rel.plt        0x0000000000011b50        0x0
 *(.rel.plt)
 .rel.plt       0x0000000000011b50        0x0 /usr/lib/gcc/i686-linux-gnu/5/../../../i386-linux-gnu/crti.o
 *(.rel.iplt)

.init           0x0000000000011b50       0x23
 *(SORT(.init))
 .init          0x0000000000011b50       0x1e /usr/lib/gcc/i686-linux-gnu/5/../../../i386-linux-gnu/crti.o
                0x0000000000011b50                _init
 .init          0x0000000000011b6e        0x5 /usr/lib/gcc/i686-linux-gnu/5/../../../i386-linux-gnu/crtn.o

.plt            0x0000000000011b80       0x10
 *(.plt)
 .plt           0x0000000000011b80       0x10 /usr/lib/gcc/i686-linux-gnu/5/../../../i386-linux-gnu/crti.o
 *(.iplt)

.plt.got        0x0000000000011b90       0x10
 *(.plt.got)
 .plt.got       0x0000000000011b90       0x10 /usr/lib/gcc/i686-linux-gnu/5/../../../i386-linux-gnu/crti.o

.text           0x0000000000011ba0    0x192a2
 *(.text.unlikely .text.*_unlikely .text.unlikely.*)
 .text.unlikely
                0x0000000000011ba0        0x0 /usr/lib/gcc/i686-linux-gnu/5/crtbeginS.o
 .text.unlikely
                0x0000000000011ba0        0x0 /usr/lib/gcc/i686-linux-gnu/5/libgcc.a(_udivdi3.o)
 *(.text.exit .text.exit.*)
 *(.text.startup .text.startup.*)
 *(.text.hot .text.hot.*)
 *(.text .stub .text.* .gnu.linkonce.t.*)
 .text          0x0000000000011ba0        0x0 /usr/lib/gcc/i686-linux-gnu/5/../../../i386-linux-gnu/crti.o
 .gnu.linkonce.t.__x86.get_pc_thunk.bx
                0x0000000000011ba0        0x4 /usr/lib/gcc/i686-linux-gnu/5/../../../i386-linux-gnu/crti.o
                0x0000000000011ba0                __x86.get_pc_thunk.bx
 *fill*         0x0000000000011ba4        0xc 
 .text          0x0000000000011bb0      0x11c /usr/lib/gcc/i686-linux-gnu/5/crtbeginS.o
 .text.__x86.get_pc_thunk.dx
                0x0000000000011ccc        0x4 /usr/lib/gcc/i686-linux-gnu/5/crtbeginS.o
                0x0000000000011ccc                __x86.get_pc_thunk.dx
 .text          0x0000000000011cd0      0x723 oxygen_actuator.o
                0x0000000000011cd0                update_leds
                0x0000000000011d5d                wait_for_ack
                0x0000000000011db2                wait_for_discovery
 .text          0x00000000000123f3      0x283 build/cooja/mtype664.o
                0x0000000000012485                platform_init_stage_one
                0x0000000000012498                platform_init_stage_two
                0x00000000000124ab                platform_init_stage_three
                0x00000000000124be                platform_main_loop
                0x0000000000012531                Java_org_contikios_cooja_corecomm_Lib233_init
                0x0000000000012568                Java_org_contikios_cooja_corecomm_Lib233_getMemory
                0x000000000001259b                Java_org_contikios_cooja_corecomm_Lib233_setMemory
                0x00000000000125fb                Java_org_contikios_cooja_corecomm_Lib233_tick
                0x0000000000012663                Java_org_contikios_cooja_corecomm_Lib233_setReferenceAddress
 .text          0x0000000000012676       0x65 build/cooja/mtype664.a(simEnvChange.o)
                0x0000000000012676                doActionsBeforeTick
                0x00000000000126a8                doActionsAfterTick
 .text          0x00000000000126db       0x83 build/cooja/mtype664.a(cooja_mt.o)
                0x00000000000126db                cooja_mt_start
                0x0000000000012705                cooja_mt_exec
                0x000000000001273b                cooja_mt_yield
 .text          0x000000000001275e       0xbe build/cooja/mtype664.a(cooja_mtarch.o)
                0x000000000001275e                cooja_mtarch_start
                0x00000000000127d1                cooja_sw
                0x00000000000127f4                cooja_mtarch_exec
                0x0000000000012811                cooja_mtarch_yield
 .text          0x000000000001281c       0xc5 build/cooja/mtype664.a(rtimer-arch.o)
                0x000000000001281c                rtimer_arch_init
                0x0000000000012840                rtimer_arch_schedule
                0x0000000000012870                rtimer_arch_next
                0x0000000000012880                rtimer_arch_pending
                0x000000000001288a                rtimer_arch_check
                0x00000000000128d1                rtimer_arch_now
 .text          0x00000000000128e1       0x81 build/cooja/mtype664.a(beep.o)
                0x00000000000128e1                beep_alarm
                0x00000000000128ee                beep_beep
                0x00000000000128fb                beep
                0x0000000000012908                beep_down
                0x0000000000012915                beep_on
                0x0000000000012922                beep_off
                0x000000000001292f                beep_spinup
                0x000000000001293c                beep_quick
                0x0000000000012949                beep_long
 .text          0x0000000000012962       0x65 build/cooja/mtype664.a(leds-arch.o)
                0x0000000000012975                leds_arch_init
 .text          0x00000000000129c7       0x35 build/cooja/mtype664.a(moteid.o)
 .text          0x00000000000129fc       0xb7 build/cooja/mtype664.a(pir-sensor.o)
 .text          0x0000000000012ab3      0x148 build/cooja/mtype664.a(rs232.o)
                0x0000000000012ab3                rs232_init
                0x0000000000012ab9                rs232_set_speed
                0x0000000000012ac8                rs232_set_input
                0x0000000000012ad6                rs232_send
                0x0000000000012afa                rs232_print
                0x0000000000012b16                slip_arch_writeb
 .text          0x0000000000012bfb       0xb7 build/cooja/mtype664.a(vib-sensor.o)
 .text          0x0000000000012cb2       0x38 build/cooja/mtype664.a(clock.o)
                0x0000000000012cb2                clock_init
                0x0000000000012cb8                clock_time
                0x0000000000012cc2                clock_seconds
                0x0000000000012cd8                clock_delay
 .text          0x0000000000012cea      0x219 build/cooja/mtype664.a(cooja-log.o)
                0x0000000000012cea                simlog_char
                0x0000000000012d2d                simlog
                0x0000000000012da3                log_message
                0x0000000000012dd4                log_set_putchar_with_slip
                0x0000000000012de2                log_putchar
                0x0000000000012e5d                log_puts
                0x0000000000012e85                log_printf
 .text          0x0000000000012f03      0x2b9 build/cooja/mtype664.a(cfs-cooja.o)
                0x0000000000012f03                cfs_open
                0x0000000000012f6c                cfs_close
                0x0000000000012f79                cfs_read
                0x000000000001300e                cfs_write
                0x00000000000130ea                cfs_seek
                0x0000000000013172                cfs_remove
                0x0000000000013196                cfs_opendir
                0x00000000000131a0                cfs_readdir
                0x00000000000131aa                cfs_closedir
 .text          0x00000000000131bc      0x620 build/cooja/mtype664.a(cooja-radio.o)
                0x00000000000131fe                radio_set_channel
                0x000000000001320c                radio_set_txpower
                0x0000000000013224                radio_signal_strength_last
                0x000000000001322e                radio_signal_strength_current
                0x0000000000013238                radio_LQI
 .text          0x00000000000137dc       0xee build/cooja/mtype664.a(eeprom.o)
                0x00000000000137dc                eeprom_init
                0x00000000000137e2                eeprom_read
                0x0000000000013850                eeprom_write
 .text          0x00000000000138ca       0x2d build/cooja/mtype664.a(random.o)
                0x00000000000138ca                random_init
                0x00000000000138ea                random_rand
 .text          0x00000000000138f7      0x29c build/cooja/mtype664.a(sensors.o)
                0x0000000000013932                sensors_first
                0x000000000001393c                sensors_next
                0x0000000000013956                sensors_changed
                0x000000000001398a                sensors_find
 .text          0x0000000000013b93      0x349 build/cooja/mtype664.a(leds.o)
                0x0000000000013b93                leds_init
                0x0000000000013bda                leds_single_on
                0x0000000000013c39                leds_single_off
                0x0000000000013c98                leds_single_toggle
                0x0000000000013cca                leds_on
                0x0000000000013d4c                leds_off
                0x0000000000013dce                leds_toggle
                0x0000000000013e23                leds_set
                0x0000000000013e4f                leds_get
 .text          0x0000000000013edc      0x343 build/cooja/mtype664.a(gpio-hal-arch.o)
                0x0000000000013edc                gpio_hal_arch_register_pin_callback
                0x0000000000013f48                gpio_hal_arch_init
                0x0000000000013f8d                gpio_hal_arch_no_port_interrupt_enable
                0x0000000000013fbd                gpio_hal_arch_no_port_interrupt_disable
                0x0000000000013fed                gpio_hal_arch_no_port_pin_cfg_set
                0x0000000000014012                gpio_hal_arch_no_port_pin_cfg_get
                0x0000000000014038                gpio_hal_arch_no_port_pin_set_input
                0x000000000001404a                gpio_hal_arch_no_port_pin_set_output
                0x000000000001405c                gpio_hal_arch_no_port_set_pin
                0x000000000001407d                gpio_hal_arch_no_port_clear_pin
                0x000000000001409e                gpio_hal_arch_no_port_read_pin
                0x00000000000140c4                gpio_hal_arch_no_port_write_pin
                0x00000000000140ee                gpio_hal_arch_no_port_set_pins
                0x0000000000014135                gpio_hal_arch_no_port_clear_pins
                0x000000000001417c                gpio_hal_arch_no_port_read_pins
                0x00000000000141bf                gpio_hal_arch_no_port_write_pins
 .text          0x000000000001421f       0x89 build/cooja/mtype664.a(buttons.o)
 .text          0x00000000000142a8      0x399 build/cooja/mtype664.a(oxygen_generato)
 .text          0x0000000000014641      0x6ee build/cooja/mtype664.a(coap-observe-cl)
                0x00000000000146df                coap_obs_add_observee
                0x000000000001477b                coap_obs_remove_observee
                0x00000000000147ab                coap_get_obs_subject_by_token
                0x0000000000014813                coap_obs_remove_observee_by_token
                0x00000000000148a6                coap_obs_remove_observee_by_url
                0x00000000000149fe                coap_handle_notification
                0x0000000000014b59                coap_generate_token
                0x0000000000014b7b                coap_obs_request_registration
 .text          0x0000000000014d2f      0x27b build/cooja/mtype664.a(coap-blocking-a)
                0x0000000000014d2f                coap_blocking_request_callback
                0x0000000000014d59                coap_blocking_request
 .text          0x0000000000014faa      0xc26 build/cooja/mtype664.a(coap-engine.o)
                0x000000000001503f                coap_add_handler
                0x000000000001505c                coap_remove_handler
                0x0000000000015079                coap_call_handlers
                0x0000000000015181                coap_receive
                0x00000000000157b8                coap_engine_init
                0x0000000000015816                coap_activate_resource
                0x00000000000158c1                coap_get_first_resource
                0x00000000000158da                coap_get_next_resource
 .text          0x0000000000015bd0      0x2d9 build/cooja/mtype664.a(coap-res-well-k)
 .text          0x0000000000015ea9      0x96a build/cooja/mtype664.a(coap-observe.o)
                0x0000000000015fbe                coap_remove_observer
                0x0000000000015fee                coap_remove_observer_by_client
                0x0000000000016056                coap_remove_observer_by_token
                0x00000000000160e9                coap_remove_observer_by_uri
                0x0000000000016190                coap_remove_observer_by_mid
                0x000000000001620c                coap_notify_observers
                0x0000000000016225                coap_notify_observers_sub
                0x000000000001668f                coap_observe_handler
                0x00000000000167aa                coap_has_observers
 .text          0x0000000000016813      0x733 build/cooja/mtype664.a(coap-uip.o)
                0x0000000000016813                coap_endpoint_log
                0x0000000000016899                coap_endpoint_print
                0x000000000001691f                coap_endpoint_snprint
                0x0000000000016a52                coap_endpoint_copy
                0x0000000000016a8f                coap_endpoint_cmp
                0x0000000000016b9d                coap_endpoint_parse
                0x0000000000016d88                coap_endpoint_is_secure
                0x0000000000016d97                coap_endpoint_is_connected
                0x0000000000016dcb                coap_endpoint_connect
                0x0000000000016de7                coap_endpoint_disconnect
                0x0000000000016ded                coap_databuf
                0x0000000000016df7                coap_transport_init
                0x0000000000016e47                coap_sendto
 .text          0x0000000000016f46      0x324 build/cooja/mtype664.a(coap-timer.o)
                0x0000000000017043                coap_timer_stop
                0x000000000001706e                coap_timer_set
                0x00000000000170b1                coap_timer_reset
                0x00000000000170f4                coap_timer_time_to_next_expiration
                0x0000000000017160                coap_timer_run
                0x000000000001722c                coap_timer_init
 .text          0x000000000001726a      0x2c6 build/cooja/mtype664.a(coap-transactio)
                0x00000000000172d0                coap_new_transaction
                0x0000000000017336                coap_send_transaction
                0x0000000000017497                coap_clear_transaction
                0x00000000000174df                coap_get_transaction_by_mid
 .text          0x0000000000017530     0x1c53 build/cooja/mtype664.a(coap.o)
                0x0000000000017a9d                coap_init_connection
                0x0000000000017ab1                coap_get_mid
                0x0000000000017acd                coap_init_message
                0x0000000000017b16                coap_serialize_message
                0x0000000000018198                coap_parse_message
                0x00000000000187ff                coap_get_query_variable
                0x0000000000018841                coap_get_post_variable
                0x0000000000018885                coap_set_status_code
                0x00000000000188aa                coap_set_token
                0x00000000000188f1                coap_get_header_content_format
                0x0000000000018922                coap_set_header_content_format
                0x0000000000018945                coap_get_header_accept
                0x0000000000018976                coap_set_header_accept
                0x0000000000018999                coap_get_header_max_age
                0x00000000000189ca                coap_set_header_max_age
                0x00000000000189ea                coap_get_header_etag
                0x0000000000018a1c                coap_set_header_etag
                0x0000000000018a73                coap_get_header_if_match
                0x0000000000018aa5                coap_set_header_if_match
                0x0000000000018afc                coap_get_header_if_none_match
                0x0000000000018b16                coap_set_header_if_none_match
                0x0000000000018b2d                coap_get_header_proxy_uri
                0x0000000000018b5b                coap_set_header_proxy_uri
                0x0000000000018b98                coap_get_header_uri_host
                0x0000000000018bc6                coap_set_header_uri_host
                0x0000000000018c03                coap_get_header_uri_path
                0x0000000000018c31                coap_set_header_uri_path
                0x0000000000018c7e                coap_get_header_uri_query
                0x0000000000018cb2                coap_set_header_uri_query
                0x0000000000018d08                coap_get_header_location_path
                0x0000000000018d36                coap_set_header_location_path
                0x0000000000018dcf                coap_get_header_location_query
                0x0000000000018dfd                coap_set_header_location_query
                0x0000000000018e4a                coap_get_header_observe
                0x0000000000018e79                coap_set_header_observe
                0x0000000000018e99                coap_get_header_block2
                0x0000000000018f05                coap_set_header_block2
                0x0000000000018f7c                coap_get_header_block1
                0x0000000000018ff1                coap_set_header_block1
                0x000000000001906c                coap_get_header_size2
                0x000000000001909c                coap_set_header_size2
                0x00000000000190bf                coap_get_header_size1
                0x00000000000190ef                coap_set_header_size1
                0x0000000000019112                coap_get_payload
                0x000000000001914c                coap_set_payload
 .text          0x0000000000019183      0x332 build/cooja/mtype664.a(contiki-main.o)
                0x0000000000019183                main
 .text          0x00000000000194b5       0x92 build/cooja/mtype664.a(autostart.o)
                0x00000000000194b5                autostart_start
                0x00000000000194ff                autostart_exit
 .text          0x0000000000019547      0x355 build/cooja/mtype664.a(ctimer.o)
                0x000000000001966f                ctimer_init
                0x00000000000196a2                ctimer_set
                0x00000000000196c8                ctimer_set_with_process
                0x0000000000019745                ctimer_reset
                0x0000000000019799                ctimer_restart
                0x00000000000197ed                ctimer_stop
                0x000000000001983d                ctimer_expired
 .text          0x000000000001989c      0x394 build/cooja/mtype664.a(log.o)
                0x000000000001989c                log_6addr
                0x00000000000198ef                log_6addr_compact_snprint
                0x000000000001998d                log_6addr_compact
                0x00000000000199e0                log_lladdr
                0x0000000000019a52                log_lladdr_compact
                0x0000000000019aba                log_set_level
                0x0000000000019b75                log_get_level
                0x0000000000019bee                log_level_to_str
 .text          0x0000000000019c30       0x1b build/cooja/mtype664.a(energest.o)
                0x0000000000019c30                energest_init
                0x0000000000019c36                energest_flush
                0x0000000000019c3c                energest_get_total_time
 .text          0x0000000000019c4b      0x43f build/cooja/mtype664.a(etimer.o)
                0x0000000000019e6f                etimer_request_poll
                0x0000000000019ef8                etimer_set
                0x0000000000019f21                etimer_reset_with_new_interval
                0x0000000000019f50                etimer_reset
                0x0000000000019f76                etimer_restart
                0x0000000000019f9c                etimer_adjust
                0x0000000000019fb9                etimer_expired
                0x0000000000019fcc                etimer_expiration_time
                0x0000000000019fde                etimer_start_time
                0x0000000000019fe8                etimer_pending
                0x0000000000019ffa                etimer_next_expiration_time
                0x000000000001a014                etimer_stop
 .text          0x000000000001a08a       0x25 build/cooja/mtype664.a(node-id.o)
                0x000000000001a08a                node_id_init
 .text          0x000000000001a0af       0xeb build/cooja/mtype664.a(rtimer.o)
                0x000000000001a0af                rtimer_init
                0x000000000001a0bd                rtimer_set
                0x000000000001a138                rtimer_run_next
 .text          0x000000000001a19a      0x4fb build/cooja/mtype664.a(process.o)
                0x000000000001a19a                process_alloc_event
                0x000000000001a1af                process_start
                0x000000000001a389                process_exit
                0x000000000001a3a6                process_init
                0x000000000001a53b                process_run
                0x000000000001a56e                process_nevents
                0x000000000001a589                process_post
                0x000000000001a61c                process_post_synch
                0x000000000001a651                process_poll
                0x000000000001a681                process_is_running
 .text          0x000000000001a695       0xb1 build/cooja/mtype664.a(timer.o)
                0x000000000001a695                timer_set
                0x000000000001a6b3                timer_reset
                0x000000000001a6e0                timer_restart
                0x000000000001a6f5                timer_expired
                0x000000000001a722                timer_remaining
 .text          0x000000000001a746      0x28f build/cooja/mtype664.a(list.o)
                0x000000000001a746                list_init
                0x000000000001a755                list_head
                0x000000000001a75f                list_copy
                0x000000000001a76f                list_tail
                0x000000000001a7a5                list_add
                0x000000000001a7f1                list_push
                0x000000000001a81d                list_chop
                0x000000000001a887                list_pop
                0x000000000001a8af                list_remove
                0x000000000001a917                list_length
                0x000000000001a945                list_insert
                0x000000000001a98a                list_item_next
                0x000000000001a9a1                list_contains
 .text          0x000000000001a9d5      0x1b5 build/cooja/mtype664.a(memb.o)
                0x000000000001a9d5                memb_init
                0x000000000001aa2a                memb_alloc
                0x000000000001aa8d                memb_free
                0x000000000001ab04                memb_inmemb
                0x000000000001ab43                memb_numfree
 .text          0x000000000001ab8a      0x41c build/cooja/mtype664.a(button-hal.o)
                0x000000000001ad03                button_hal_get_by_id
                0x000000000001ad41                button_hal_get_by_index
                0x000000000001ad6d                button_hal_get_state
                0x000000000001adbf                button_hal_init
 .text          0x000000000001afa6      0x1f3 build/cooja/mtype664.a(serial-line.o)
                0x000000000001afa6                serial_line_input_byte
                0x000000000001b164                serial_line_init
 .text          0x000000000001b199      0x168 build/cooja/mtype664.a(gpio-hal.o)
                0x000000000001b199                gpio_hal_register_handler
                0x000000000001b1b6                gpio_hal_event_handler
                0x000000000001b212                gpio_hal_init
                0x000000000001b231                gpio_hal_arch_port_toggle_pin
                0x000000000001b26d                gpio_hal_arch_port_toggle_pins
                0x000000000001b29b                gpio_hal_arch_no_port_toggle_pin
                0x000000000001b2d9                gpio_hal_arch_no_port_toggle_pins
 .text          0x000000000001b301      0x2e7 build/cooja/mtype664.a(queuebuf.o)
                0x000000000001b30b                queuebuf_init
                0x000000000001b334                queuebuf_numfree
                0x000000000001b34c                queuebuf_new_from_packetbuf
                0x000000000001b3eb                queuebuf_update_attr_from_packetbuf
                0x000000000001b420                queuebuf_update_from_packetbuf
                0x000000000001b470                queuebuf_free
                0x000000000001b4b9                queuebuf_to_packetbuf
                0x000000000001b525                queuebuf_dataptr
                0x000000000001b55f                queuebuf_datalen
                0x000000000001b582                queuebuf_addr
                0x000000000001b5b7                queuebuf_attr
                0x000000000001b5e2                queuebuf_debug_print
 .text          0x000000000001b5e8      0x407 build/cooja/mtype664.a(packetbuf.o)
                0x000000000001b5e8                packetbuf_clear
                0x000000000001b613                packetbuf_copyfrom
                0x000000000001b662                packetbuf_copyto
                0x000000000001b6f5                packetbuf_hdralloc
                0x000000000001b771                packetbuf_hdrreduce
                0x000000000001b7b7                packetbuf_set_datalen
                0x000000000001b7d1                packetbuf_dataptr
                0x000000000001b7ee                packetbuf_hdrptr
                0x000000000001b7f8                packetbuf_datalen
                0x000000000001b804                packetbuf_hdrlen
                0x000000000001b81b                packetbuf_totlen
                0x000000000001b831                packetbuf_remaininglen
                0x000000000001b844                packetbuf_attr_clear
                0x000000000001b890                packetbuf_attr_copyto
                0x000000000001b8e8                packetbuf_attr_copyfrom
                0x000000000001b940                packetbuf_set_attr
                0x000000000001b96a                packetbuf_attr
                0x000000000001b984                packetbuf_set_addr
                0x000000000001b9b5                packetbuf_addr
                0x000000000001b9d2                packetbuf_holds_broadcast
 .text          0x000000000001b9ef       0xef build/cooja/mtype664.a(netstack.o)
                0x000000000001b9ef                netstack_process_ip_callback
                0x000000000001ba80                netstack_ip_packet_processor_add
                0x000000000001baa3                uip_ds6_ip_packet_processor_rm
                0x000000000001bac0                netstack_init
 .text          0x000000000001bade       0x4f build/cooja/mtype664.a(linkaddr.o)
                0x000000000001bade                linkaddr_copy
                0x000000000001baf4                linkaddr_cmp
                0x000000000001bb17                linkaddr_set_node_addr
 .text          0x000000000001bb2d      0x1f6 build/cooja/mtype664.a(csma.o)
 .text          0x000000000001bd23      0x95d build/cooja/mtype664.a(csma-output.o)
                0x000000000001c3ba                csma_output_packet
                0x000000000001c647                csma_output_init
 .text          0x000000000001c680      0xc11 build/cooja/mtype664.a(uip-ds6.o)
                0x000000000001c680                uip_ds6_default_prefix
                0x000000000001c68a                uip_ds6_set_default_prefix
                0x000000000001c6b5                uip_ds6_init
                0x000000000001c917                uip_ds6_periodic
                0x000000000001c99e                uip_ds6_list_loop
                0x000000000001ca5e                uip_ds6_prefix_add
                0x000000000001cb0a                uip_ds6_prefix_rm
                0x000000000001cb1d                uip_ds6_prefix_lookup
                0x000000000001cb5c                uip_ds6_is_addr_onlink
                0x000000000001cbcf                uip_ds6_addr_add
                0x000000000001ccef                uip_ds6_addr_rm
                0x000000000001cd98                uip_ds6_addr_lookup
                0x000000000001cdd1                uip_ds6_get_link_local
                0x000000000001ce52                uip_ds6_get_global
                0x000000000001ced3                uip_ds6_maddr_add
                0x000000000001cf33                uip_ds6_maddr_rm
                0x000000000001cf46                uip_ds6_maddr_lookup
                0x000000000001cf7f                uip_ds6_aaddr_add
                0x000000000001cfdf                uip_ds6_aaddr_rm
                0x000000000001cff2                uip_ds6_aaddr_lookup
                0x000000000001d02b                uip_ds6_select_src
                0x000000000001d174                uip_ds6_set_addr_iid
                0x000000000001d19f                uip_ds6_set_lladdr_from_iid
                0x000000000001d1c8                get_match_length
                0x000000000001d259                uip_ds6_compute_reachable_time
 .text          0x000000000001d291      0x128 build/cooja/mtype664.a(uip-udp-packet.)
                0x000000000001d291                uip_udp_packet_send
                0x000000000001d2ec                uip_udp_packet_sendto
 .text          0x000000000001d3b9      0x35b build/cooja/mtype664.a(uip-ds6-route.o)
                0x000000000001d40a                uip_ds6_route_init
                0x000000000001d434                uip_ds6_route_nexthop
                0x000000000001d43e                uip_ds6_route_head
                0x000000000001d448                uip_ds6_route_next
                0x000000000001d452                uip_ds6_route_is_nexthop
                0x000000000001d45c                uip_ds6_route_num_routes
                0x000000000001d466                uip_ds6_route_lookup
                0x000000000001d470                uip_ds6_route_add
                0x000000000001d483                uip_ds6_route_rm
                0x000000000001d489                uip_ds6_route_rm_by_nexthop
                0x000000000001d48f                uip_ds6_defrt_head
                0x000000000001d4a8                uip_ds6_defrt_add
                0x000000000001d556                uip_ds6_defrt_rm
                0x000000000001d5bc                uip_ds6_defrt_lookup
                0x000000000001d623                uip_ds6_defrt_choose
                0x000000000001d699                uip_ds6_defrt_periodic
 .text          0x000000000001d714      0x6f7 build/cooja/mtype664.a(tcpip.o)
                0x000000000001d72e                tcpip_output
                0x000000000001d7ad                udp_attach
                0x000000000001d7c5                udp_new
                0x000000000001d80f                udp_broadcast_new
                0x000000000001d981                tcpip_input
                0x000000000001db11                tcpip_ipv6_output
                0x000000000001dd05                tcpip_poll_udp
                0x000000000001dd23                tcpip_uipcall
 .text          0x000000000001de0b     0x1205 build/cooja/mtype664.a(uip6.o)
                0x000000000001deba                uip_chksum
                0x000000000001df91                uip_icmp6chksum
                0x000000000001dfa6                uip_udpchksum
                0x000000000001dfbb                uip_init
                0x000000000001e004                uip_remove_ext_hdr
                0x000000000001e0de                uip_udp_new
                0x000000000001e3f2                uip_process
                0x000000000001eeea                uip_htons
                0x000000000001ef0c                uip_htonl
                0x000000000001ef4a                uip_send
 .text          0x000000000001f010      0x369 build/cooja/mtype664.a(uip-ds6-nbr.o)
                0x000000000001f010                uip_ds6_neighbors_init
                0x000000000001f034                uip_ds6_nbr_add
                0x000000000001f0ba                uip_ds6_nbr_rm
                0x000000000001f105                uip_ds6_nbr_update_ll
                0x000000000001f1f3                uip_ds6_nbr_get_ipaddr
                0x000000000001f208                uip_ds6_nbr_get_ll
                0x000000000001f224                uip_ds6_nbr_num
                0x000000000001f26d                uip_ds6_nbr_head
                0x000000000001f286                uip_ds6_nbr_next
                0x000000000001f2a2                uip_ds6_nbr_lookup
                0x000000000001f2fa                uip_ds6_nbr_ll_lookup
                0x000000000001f316                uip_ds6_nbr_ipaddr_from_lladdr
                0x000000000001f33f                uip_ds6_nbr_lladdr_from_ipaddr
                0x000000000001f373                uip_ds6_link_callback
 .text          0x000000000001f379      0x6a7 build/cooja/mtype664.a(uip-nd6.o)
                0x000000000001fa07                uip_nd6_init
 .text          0x000000000001fa20     0x2c17 build/cooja/mtype664.a(sicslowpan.o)
                0x0000000000020027                netstack_sniffer_add
                0x0000000000020035                netstack_sniffer_remove
                0x000000000002260b                sicslowpan_init
                0x000000000002262d                sicslowpan_get_last_rssi
 .text          0x0000000000022637      0x4d1 build/cooja/mtype664.a(uiplib.o)
                0x0000000000022637                uiplib_ip6addrconv
                0x00000000000227ef                uiplib_ip4addrconv
                0x00000000000228b2                uiplib_ipaddr_print
                0x0000000000022905                uiplib_ipaddr_snprint
 .text          0x0000000000022b08      0x4c9 build/cooja/mtype664.a(rpl.o)
                0x0000000000022b08                rpl_lollipop_greater_than
                0x0000000000022b62                rpl_get_global_address
                0x0000000000022c5a                rpl_link_callback
                0x0000000000022c9e                rpl_has_joined
                0x0000000000022cc3                rpl_is_reachable
                0x0000000000022d44                rpl_reset_prefix
                0x0000000000022dae                rpl_set_prefix_from_addr
                0x0000000000022e93                rpl_set_prefix
                0x0000000000022fad                rpl_set_leaf_only
                0x0000000000022fc5                rpl_get_leaf_only
 .text          0x0000000000022fd1     0x138c build/cooja/mtype664.a(rpl-icmp6.o)
                0x00000000000230f6                rpl_icmp6_update_nbr_table
                0x000000000002317f                rpl_icmp6_dis_output
                0x00000000000237c5                rpl_icmp6_dio_output
                0x0000000000023fc3                rpl_icmp6_dao_output
                0x00000000000242a4                rpl_icmp6_dao_ack_output
                0x0000000000024314                rpl_icmp6_init
 .text          0x000000000002435d      0x264 build/cooja/mtype664.a(rpl-dag-root.o)
                0x000000000002435d                rpl_dag_root_print_links
                0x0000000000024489                rpl_dag_root_set_prefix
                0x00000000000244b5                rpl_dag_root_start
                0x0000000000024592                rpl_dag_root_is_root
 .text          0x00000000000245c1       0x30 build/cooja/mtype664.a(watchdog.o)
                0x00000000000245c1                watchdog_init
                0x00000000000245c7                watchdog_start
                0x00000000000245cd                watchdog_periodic
                0x00000000000245e5                watchdog_stop
                0x00000000000245eb                watchdog_reboot
 .text          0x00000000000245f1       0x4a build/cooja/mtype664.a(int-master.o)
                0x00000000000245f1                int_master_enable
                0x0000000000024601                int_master_read_and_disable
                0x000000000002461e                int_master_status_set
                0x000000000002462c                int_master_is_enabled
 .text          0x000000000002463b      0x226 build/cooja/mtype664.a(coap-timer-defa)
 .text          0x0000000000024861       0xc7 build/cooja/mtype664.a(stimer.o)
                0x0000000000024861                stimer_set
                0x000000000002487f                stimer_reset
                0x00000000000248ac                stimer_restart
                0x00000000000248c1                stimer_expired
                0x00000000000248ec                stimer_remaining
                0x0000000000024910                stimer_elapsed
 .text          0x0000000000024928      0x156 build/cooja/mtype664.a(ringbuf.o)
                0x0000000000024928                ringbuf_init
                0x000000000002495a                ringbuf_put
                0x00000000000249d8                ringbuf_get
                0x0000000000024a45                ringbuf_size
                0x0000000000024a57                ringbuf_elements
 .text          0x0000000000024a7e       0x1f build/cooja/mtype664.a(assert.o)
                0x0000000000024a7e                _xassert
 .text          0x0000000000024a9d      0x79b build/cooja/mtype664.a(nbr-table.o)
                0x0000000000024f16                nbr_table_register
                0x0000000000024f83                nbr_table_is_registered
                0x0000000000024fbe                nbr_table_head
                0x0000000000025019                nbr_table_next
                0x000000000002507a                nbr_table_add_lladdr
                0x0000000000025154                nbr_table_get_from_lladdr
                0x00000000000251a0                nbr_table_remove
                0x00000000000251d8                nbr_table_lock
                0x00000000000251f2                nbr_table_unlock
                0x000000000002520c                nbr_table_get_lladdr
 .text          0x0000000000025238      0x3a5 build/cooja/mtype664.a(link-stats.o)
                0x0000000000025238                link_stats_from_lladdr
                0x0000000000025254                link_stats_get_lladdr
                0x0000000000025270                link_stats_is_fresh
                0x00000000000252ac                guess_etx_from_rssi
                0x0000000000025328                link_stats_packet_sent
                0x0000000000025448                link_stats_input_callback
                0x0000000000025558                link_stats_reset
                0x00000000000255a8                link_stats_init
 .text          0x00000000000255dd      0x187 build/cooja/mtype664.a(mac-sequence.o)
                0x00000000000255dd                mac_sequence_is_duplicate
                0x000000000002567d                mac_sequence_register_seqno
 .text          0x0000000000025764       0x23 build/cooja/mtype664.a(mac.o)
                0x0000000000025764                mac_call_sent_callback
 .text          0x0000000000025787      0x432 build/cooja/mtype664.a(framer-802154.o)
                0x0000000000025916                framer_802154_setup_params
 .text          0x0000000000025bb9      0xb6f build/cooja/mtype664.a(frame802154.o)
                0x0000000000025bea                frame802154_get_pan_id
                0x0000000000025bf6                frame802154_set_pan_id
                0x0000000000025c10                frame802154_has_panid
                0x0000000000025dbf                frame802154_check_dest_panid
                0x0000000000025e47                frame802154_is_broadcast_addr
                0x0000000000025e94                frame802154_extract_linkaddr
                0x00000000000260f9                frame802154_hdrlen
                0x000000000002616c                frame802154_create_fcf
                0x0000000000026224                frame802154_create
                0x0000000000026399                frame802154_parse_fcf
                0x000000000002647b                frame802154_parse
 .text          0x0000000000026728       0x2d build/cooja/mtype664.a(csma-security.o)
                0x0000000000026728                csma_security_create_frame
                0x0000000000026746                csma_security_parse_frame
 .text          0x0000000000026755      0x4e4 build/cooja/mtype664.a(uipbuf.o)
                0x0000000000026755                uipbuf_clear
                0x000000000002677c                uipbuf_add_ext_hdr
                0x00000000000267fc                uipbuf_set_len
                0x0000000000026829                uipbuf_set_len_field
                0x0000000000026855                uipbuf_get_len_field
                0x0000000000026875                uipbuf_get_next_header
                0x00000000000269a7                uipbuf_get_last_header
                0x0000000000026a20                uipbuf_search_header
                0x0000000000026ad6                uipbuf_get_attr
                0x0000000000026afd                uipbuf_set_attr
                0x0000000000026b34                uipbuf_set_default_attr
                0x0000000000026b6b                uipbuf_clear_attr
                0x0000000000026b8f                uipbuf_set_attr_flag
                0x0000000000026bb0                uipbuf_clr_attr_flag
                0x0000000000026bd7                uipbuf_is_attr_flag
                0x0000000000026bfb                uipbuf_init
 .text          0x0000000000026c39      0x73f build/cooja/mtype664.a(uip-icmp6.o)
                0x0000000000026cae                uip_icmp6_input
                0x0000000000026d05                uip_icmp6_register_input_handler
                0x0000000000026e58                uip_icmp6_error_output
                0x0000000000027109                uip_icmp6_send
                0x0000000000027300                uip_icmp6_echo_reply_callback_add
                0x0000000000027332                uip_icmp6_echo_reply_callback_rm
                0x000000000002734f                uip_icmp6_init
 .text          0x0000000000027378      0x69b build/cooja/mtype664.a(uip-sr.o)
                0x0000000000027378                uip_sr_num_nodes
                0x0000000000027406                uip_sr_get_node
                0x000000000002745d                uip_sr_is_addr_reachable
                0x000000000002750b                uip_sr_expire_parent
                0x0000000000027554                uip_sr_update_node
                0x0000000000027684                uip_sr_init
                0x00000000000276b8                uip_sr_node_head
                0x00000000000276d1                uip_sr_node_next
                0x00000000000276e7                uip_sr_periodic
                0x00000000000277ed                uip_sr_free_all
                0x000000000002785d                uip_sr_link_snprint
 .text          0x0000000000027a13      0x146 build/cooja/mtype664.a(uip-packetqueue)
                0x0000000000027a41                uip_packetqueue_new
                0x0000000000027a50                uip_packetqueue_alloc
                0x0000000000027aab                uip_packetqueue_free
                0x0000000000027af2                uip_packetqueue_buf
                0x0000000000027b0f                uip_packetqueue_buflen
                0x0000000000027b30                uip_packetqueue_set_buflen
 .text          0x0000000000027b59      0x1b0 build/cooja/mtype664.a(rpl-nbr-policy.)
                0x0000000000027cc6                rpl_nbr_policy_find_removable
 .text          0x0000000000027d09      0x915 build/cooja/mtype664.a(rpl-neighbor.o)
                0x0000000000027d85                rpl_neighbor_snprint
                0x0000000000028038                rpl_neighbor_print_list
                0x00000000000280ed                rpl_neighbor_count
                0x0000000000028194                rpl_neighbor_get_from_lladdr
                0x00000000000281b0                rpl_neighbor_is_acceptable_parent
                0x00000000000281e4                rpl_neighbor_get_link_metric
                0x0000000000028218                rpl_neighbor_rank_via_nbr
                0x000000000002824c                rpl_neighbor_get_lladdr
                0x0000000000028268                rpl_neighbor_get_ipaddr
                0x000000000002828f                rpl_neighbor_get_link_stats
                0x00000000000282b6                rpl_neighbor_is_fresh
                0x00000000000282dd                rpl_neighbor_is_reachable
                0x0000000000028328                rpl_neighbor_is_parent
                0x0000000000028352                rpl_neighbor_set_preferred_parent
                0x00000000000283e9                rpl_neighbor_remove_all
                0x0000000000028445                rpl_neighbor_get_from_ipaddr
                0x0000000000028553                rpl_neighbor_select_best
                0x00000000000285ff                rpl_neighbor_init
 .text          0x000000000002861e      0xe69 build/cooja/mtype664.a(rpl-dag.o)
                0x000000000002861e                rpl_dag_state_to_str
                0x000000000002865d                rpl_dag_get_root_ipaddr
                0x00000000000286a5                rpl_dag_leave
                0x000000000002872e                rpl_dag_poison_and_leave
                0x0000000000028746                rpl_dag_periodic
                0x00000000000287ce                rpl_is_addr_in_our_dag
                0x0000000000028812                rpl_get_default_instance
                0x000000000002882e                rpl_get_any_dag
                0x0000000000028887                rpl_refresh_routes
                0x00000000000288c7                rpl_global_repair
                0x0000000000028960                rpl_local_repair
                0x00000000000289aa                rpl_dag_ready_to_advertise
                0x00000000000289ed                rpl_dag_update_state
                0x000000000002911a                rpl_process_dio
                0x0000000000029198                rpl_process_dis
                0x00000000000291dd                rpl_process_dao
                0x000000000002926c                rpl_process_dao_ack
                0x0000000000029303                rpl_process_hbh
                0x0000000000029353                rpl_dag_init_root
                0x0000000000029467                rpl_dag_init
 .text          0x0000000000029487      0x9e7 build/cooja/mtype664.a(rpl-timers.o)
                0x0000000000029487                rpl_timers_schedule_periodic_dis
                0x00000000000295d5                rpl_timers_dio_reset
                0x00000000000296e3                rpl_timers_schedule_unicast_dio
                0x0000000000029837                rpl_timers_schedule_dao
                0x00000000000298f6                rpl_timers_schedule_dao_ack
                0x000000000002997c                rpl_timers_notify_dao_ack
                0x00000000000299da                get_probing_delay
                0x0000000000029a0e                get_probing_target
                0x0000000000029bf8                rpl_schedule_probing
                0x0000000000029c26                rpl_schedule_probing_now
                0x0000000000029c90                rpl_timers_unschedule_leaving
                0x0000000000029cc8                rpl_timers_schedule_leaving
                0x0000000000029d09                rpl_timers_init
                0x0000000000029d99                rpl_timers_stop_dag_timers
                0x0000000000029e12                rpl_timers_unschedule_state_update
                0x0000000000029e36                rpl_timers_schedule_state_update
 .text          0x0000000000029e6e      0xb8e build/cooja/mtype664.a(rpl-ext-header.)
                0x0000000000029e6e                rpl_ext_header_srh_get_next_hop
                0x0000000000029f55                rpl_ext_header_srh_update
                0x000000000002a4c1                rpl_ext_header_hbh_update
                0x000000000002a7c1                rpl_ext_header_update
                0x000000000002a84a                rpl_ext_header_remove
 .text          0x000000000002a9fc      0x31b build/cooja/mtype664.a(rpl-mrhof.o)
 *fill*         0x000000000002ad17        0x9 
 .text          0x000000000002ad20      0x122 /usr/lib/gcc/i686-linux-gnu/5/libgcc.a(_udivdi3.o)
                0x000000000002ad20                __udivdi3
 .text          0x000000000002ae42        0x0 /usr/lib/gcc/i686-linux-gnu/5/crtendS.o
 .text          0x000000000002ae42        0x0 /usr/lib/gcc/i686-linux-gnu/5/../../../i386-linux-gnu/crtn.o
 *(.gnu.warning)

.fini           0x000000000002ae44       0x14
 *(SORT(.fini))
 .fini          0x000000000002ae44        0xf /usr/lib/gcc/i686-linux-gnu/5/../../../i386-linux-gnu/crti.o
                0x000000000002ae44                _fini
 .fini          0x000000000002ae53        0x5 /usr/lib/gcc/i686-linux-gnu/5/../../../i386-linux-gnu/crtn.o
                [!provide]                        PROVIDE (__etext, .)
                [!provide]                        PROVIDE (_etext, .)
                [!provide]                        PROVIDE (etext, .)

.rodata         0x000000000002ae60      0xd0b
 *(.rodata .rodata.* .gnu.linkonce.r.*)
 .rodata        0x000000000002ae60      0x281 oxygen_actuator.o
                0x000000000002af74                autostart_processes
 *fill*         0x000000000002b0e1        0x3 
 .rodata        0x000000000002b0e4        0x8 build/cooja/mtype664.a(beep.o)
                0x000000000002b0e4                beep_interface
 .rodata        0x000000000002b0ec        0xe build/cooja/mtype664.a(leds-arch.o)
                0x000000000002b0ec                leds_interface
                0x000000000002b0f4                leds_arch_leds
 *fill*         0x000000000002b0fa        0x2 
 .rodata        0x000000000002b0fc        0x8 build/cooja/mtype664.a(moteid.o)
                0x000000000002b0fc                moteid_interface
 .rodata        0x000000000002b104       0x1c build/cooja/mtype664.a(pir-sensor.o)
                0x000000000002b104                pir_interface
                0x000000000002b110                pir_sensor
 .rodata        0x000000000002b120        0xe build/cooja/mtype664.a(rs232.o)
                0x000000000002b120                rs232_interface
 *fill*         0x000000000002b12e        0x2 
 .rodata        0x000000000002b130       0x24 build/cooja/mtype664.a(vib-sensor.o)
                0x000000000002b130                vib_interface
                0x000000000002b144                vib_sensor
 .rodata        0x000000000002b154        0x8 build/cooja/mtype664.a(clock.o)
                0x000000000002b154                clock_interface
 .rodata        0x000000000002b15c        0x8 build/cooja/mtype664.a(cooja-log.o)
                0x000000000002b15c                simlog_interface
 .rodata        0x000000000002b164       0x2f build/cooja/mtype664.a(cfs-cooja.o)
                0x000000000002b164                cfs_interface
 *fill*         0x000000000002b193        0xd 
 .rodata        0x000000000002b1a0       0xb8 build/cooja/mtype664.a(cooja-radio.o)
                0x000000000002b1a0                radio_interface
                0x000000000002b220                cooja_radio_driver
 .rodata        0x000000000002b258        0x8 build/cooja/mtype664.a(eeprom.o)
                0x000000000002b258                eeprom_interface
 .rodata        0x000000000002b260        0x8 build/cooja/mtype664.a(sensors.o)
 .rodata        0x000000000002b268       0x2c build/cooja/mtype664.a(buttons.o)
                0x000000000002b268                button_interface
                0x000000000002b27c                button_hal_button_count
                0x000000000002b284                button_sensor
 *fill*         0x000000000002b294        0x4 
 .rodata        0x000000000002b298      0x120 build/cooja/mtype664.a(oxygen_generato)
 .rodata        0x000000000002b3b8       0x41 build/cooja/mtype664.a(coap-engine.o)
 .rodata        0x000000000002b3f9       0x19 build/cooja/mtype664.a(coap-res-well-k)
 .rodata        0x000000000002b412       0x11 build/cooja/mtype664.a(coap-observe.o)
 .rodata        0x000000000002b423       0x35 build/cooja/mtype664.a(coap-uip.o)
 .rodata        0x000000000002b458      0x1ac build/cooja/mtype664.a(coap.o)
 .rodata        0x000000000002b604       0xf8 build/cooja/mtype664.a(contiki-main.o)
 .rodata        0x000000000002b6fc        0xf build/cooja/mtype664.a(ctimer.o)
 *fill*         0x000000000002b70b        0x1 
 .rodata        0x000000000002b70c       0xc4 build/cooja/mtype664.a(log.o)
 .rodata        0x000000000002b7d0        0xc build/cooja/mtype664.a(etimer.o)
 .rodata        0x000000000002b7dc       0x13 build/cooja/mtype664.a(button-hal.o)
 .rodata        0x000000000002b7ef        0xe build/cooja/mtype664.a(serial-line.o)
 *fill*         0x000000000002b7fd        0x3 
 .rodata        0x000000000002b800        0x8 build/cooja/mtype664.a(linkaddr.o)
                0x000000000002b800                linkaddr_null
 .rodata        0x000000000002b808       0x24 build/cooja/mtype664.a(csma.o)
                0x000000000002b810                csma_driver
 .rodata        0x000000000002b82c       0x24 build/cooja/mtype664.a(csma-output.o)
 .rodata        0x000000000002b850       0x4d build/cooja/mtype664.a(uip-ds6-route.o)
 .rodata        0x000000000002b89d        0xd build/cooja/mtype664.a(tcpip.o)
 *fill*         0x000000000002b8aa        0x2 
 .rodata        0x000000000002b8ac       0x30 build/cooja/mtype664.a(sicslowpan.o)
                0x000000000002b8ac                unc_llconf
                0x000000000002b8b0                unc_ctxconf
                0x000000000002b8b4                unc_mxconf
                0x000000000002b8b8                llprefix
                0x000000000002b8cc                sicslowpan_driver
 .rodata        0x000000000002b8dc       0x2d build/cooja/mtype664.a(uiplib.o)
 *fill*         0x000000000002b909       0x17 
 .rodata        0x000000000002b920       0x74 build/cooja/mtype664.a(rpl.o)
                0x000000000002b940                rpl_lite_driver
 .rodata        0x000000000002b994       0x20 build/cooja/mtype664.a(coap-timer-defa)
                0x000000000002b9a8                coap_timer_default_driver
 .rodata        0x000000000002b9b4       0x25 build/cooja/mtype664.a(assert.o)
 *fill*         0x000000000002b9d9        0x3 
 .rodata        0x000000000002b9dc        0xc build/cooja/mtype664.a(framer-802154.o)
                0x000000000002b9dc                framer_802154
 .rodata        0x000000000002b9e8       0x44 build/cooja/mtype664.a(uip-sr.o)
 .rodata        0x000000000002ba2c       0x58 build/cooja/mtype664.a(rpl-neighbor.o)
 .rodata        0x000000000002ba84       0xdb build/cooja/mtype664.a(rpl-dag.o)
 .rodata        0x000000000002bb5f        0xc build/cooja/mtype664.a(rpl-timers.o)

.rodata1
 *(.rodata1)

.eh_frame_hdr   0x000000000002bb6c     0x1a64
 *(.eh_frame_hdr)
 .eh_frame_hdr  0x000000000002bb6c     0x1a64 oxygen_actuator.o
                0x000000000002bb6c                __GNU_EH_FRAME_HDR
 *(.eh_frame_entry .eh_frame_entry.*)

.eh_frame       0x000000000002d5d0     0x6b10
 *(.eh_frame)
 .eh_frame      0x000000000002d5d0       0x3c /usr/lib/gcc/i686-linux-gnu/5/../../../i386-linux-gnu/crti.o
                                         0x40 (size before relaxing)
 .eh_frame      0x000000000002d60c       0xa4 oxygen_actuator.o
                                         0xbc (size before relaxing)
 .eh_frame      0x000000000002d6b0      0x178 build/cooja/mtype664.o
                                        0x190 (size before relaxing)
 .eh_frame      0x000000000002d828       0x40 build/cooja/mtype664.a(simEnvChange.o)
                                         0x58 (size before relaxing)
 .eh_frame      0x000000000002d868       0x60 build/cooja/mtype664.a(cooja_mt.o)
                                         0x78 (size before relaxing)
 .eh_frame      0x000000000002d8c8       0x80 build/cooja/mtype664.a(cooja_mtarch.o)
                                         0x98 (size before relaxing)
 .eh_frame      0x000000000002d948       0xc8 build/cooja/mtype664.a(rtimer-arch.o)
                                         0xe0 (size before relaxing)
 .eh_frame      0x000000000002da10      0x160 build/cooja/mtype664.a(beep.o)
                                        0x178 (size before relaxing)
 .eh_frame      0x000000000002db70       0x80 build/cooja/mtype664.a(leds-arch.o)
                                         0x98 (size before relaxing)
 .eh_frame      0x000000000002dbf0       0x40 build/cooja/mtype664.a(moteid.o)
                                         0x58 (size before relaxing)
 .eh_frame      0x000000000002dc30       0xa0 build/cooja/mtype664.a(pir-sensor.o)
                                         0xb8 (size before relaxing)
 .eh_frame      0x000000000002dcd0      0x100 build/cooja/mtype664.a(rs232.o)
                                        0x118 (size before relaxing)
 .eh_frame      0x000000000002ddd0       0xa0 build/cooja/mtype664.a(vib-sensor.o)
                                         0xb8 (size before relaxing)
 .eh_frame      0x000000000002de70       0xc0 build/cooja/mtype664.a(clock.o)
                                         0xd8 (size before relaxing)
 .eh_frame      0x000000000002df30      0x120 build/cooja/mtype664.a(cooja-log.o)
                                        0x138 (size before relaxing)
 .eh_frame      0x000000000002e050      0x160 build/cooja/mtype664.a(cfs-cooja.o)
                                        0x178 (size before relaxing)
 .eh_frame      0x000000000002e1b0      0x340 build/cooja/mtype664.a(cooja-radio.o)
                                        0x358 (size before relaxing)
 .eh_frame      0x000000000002e4f0       0xa0 build/cooja/mtype664.a(eeprom.o)
                                         0xb8 (size before relaxing)
 .eh_frame      0x000000000002e590       0x40 build/cooja/mtype664.a(random.o)
                                         0x58 (size before relaxing)
 .eh_frame      0x000000000002e5d0       0xc0 build/cooja/mtype664.a(sensors.o)
                                         0xd8 (size before relaxing)
 .eh_frame      0x000000000002e690      0x120 build/cooja/mtype664.a(leds.o)
                                        0x138 (size before relaxing)
 .eh_frame      0x000000000002e7b0      0x220 build/cooja/mtype664.a(gpio-hal-arch.o)
                                        0x238 (size before relaxing)
 .eh_frame      0x000000000002e9d0       0xa0 build/cooja/mtype664.a(buttons.o)
                                         0xb8 (size before relaxing)
 .eh_frame      0x000000000002ea70       0x60 build/cooja/mtype664.a(oxygen_generato)
                                         0x78 (size before relaxing)
 .eh_frame      0x000000000002ead0      0x1c4 build/cooja/mtype664.a(coap-observe-cl)
                                        0x1dc (size before relaxing)
 .eh_frame      0x000000000002ec94       0x44 build/cooja/mtype664.a(coap-blocking-a)
                                         0x5c (size before relaxing)
 .eh_frame      0x000000000002ecd8      0x220 build/cooja/mtype664.a(coap-engine.o)
                                        0x238 (size before relaxing)
 .eh_frame      0x000000000002eef8       0x24 build/cooja/mtype664.a(coap-res-well-k)
                                         0x3c (size before relaxing)
 .eh_frame      0x000000000002ef1c      0x188 build/cooja/mtype664.a(coap-observe.o)
                                        0x1a0 (size before relaxing)
 .eh_frame      0x000000000002f0a4      0x250 build/cooja/mtype664.a(coap-uip.o)
                                        0x268 (size before relaxing)
 .eh_frame      0x000000000002f2f4      0x114 build/cooja/mtype664.a(coap-timer.o)
                                        0x12c (size before relaxing)
 .eh_frame      0x000000000002f408      0x100 build/cooja/mtype664.a(coap-transactio)
                                        0x118 (size before relaxing)
 .eh_frame      0x000000000002f508      0x6ec build/cooja/mtype664.a(coap.o)
                                        0x704 (size before relaxing)
 .eh_frame      0x000000000002fbf4       0x30 build/cooja/mtype664.a(contiki-main.o)
                                         0x48 (size before relaxing)
 .eh_frame      0x000000000002fc24       0x40 build/cooja/mtype664.a(autostart.o)
                                         0x58 (size before relaxing)
 .eh_frame      0x000000000002fc64      0x100 build/cooja/mtype664.a(ctimer.o)
                                        0x118 (size before relaxing)
 .eh_frame      0x000000000002fd64      0x100 build/cooja/mtype664.a(log.o)
                                        0x118 (size before relaxing)
 .eh_frame      0x000000000002fe64       0x60 build/cooja/mtype664.a(energest.o)
                                         0x78 (size before relaxing)
 .eh_frame      0x000000000002fec4      0x1e0 build/cooja/mtype664.a(etimer.o)
                                        0x1f8 (size before relaxing)
 .eh_frame      0x00000000000300a4       0x20 build/cooja/mtype664.a(node-id.o)
                                         0x38 (size before relaxing)
 .eh_frame      0x00000000000300c4       0x60 build/cooja/mtype664.a(rtimer.o)
                                         0x78 (size before relaxing)
 .eh_frame      0x0000000000030124      0x1c4 build/cooja/mtype664.a(process.o)
                                        0x1dc (size before relaxing)
 .eh_frame      0x00000000000302e8       0xa4 build/cooja/mtype664.a(timer.o)
                                         0xbc (size before relaxing)
 .eh_frame      0x000000000003038c      0x1a0 build/cooja/mtype664.a(list.o)
                                        0x1b8 (size before relaxing)
 .eh_frame      0x000000000003052c       0xa0 build/cooja/mtype664.a(memb.o)
                                         0xb8 (size before relaxing)
 .eh_frame      0x00000000000305cc      0x144 build/cooja/mtype664.a(button-hal.o)
                                        0x15c (size before relaxing)
 .eh_frame      0x0000000000030710       0x60 build/cooja/mtype664.a(serial-line.o)
                                         0x78 (size before relaxing)
 .eh_frame      0x0000000000030770       0xe0 build/cooja/mtype664.a(gpio-hal.o)
                                         0xf8 (size before relaxing)
 .eh_frame      0x0000000000030850      0x1a0 build/cooja/mtype664.a(queuebuf.o)
                                        0x1b8 (size before relaxing)
 .eh_frame      0x00000000000309f0      0x28c build/cooja/mtype664.a(packetbuf.o)
                                        0x2a4 (size before relaxing)
 .eh_frame      0x0000000000030c7c       0x80 build/cooja/mtype664.a(netstack.o)
                                         0x98 (size before relaxing)
 .eh_frame      0x0000000000030cfc       0x60 build/cooja/mtype664.a(linkaddr.o)
                                         0x78 (size before relaxing)
 .eh_frame      0x0000000000030d5c       0xe0 build/cooja/mtype664.a(csma.o)
                                         0xf8 (size before relaxing)
 .eh_frame      0x0000000000030e3c      0x1d0 build/cooja/mtype664.a(csma-output.o)
                                        0x1e8 (size before relaxing)
 .eh_frame      0x000000000003100c      0x328 build/cooja/mtype664.a(uip-ds6.o)
                                        0x340 (size before relaxing)
 .eh_frame      0x0000000000031334       0x40 build/cooja/mtype664.a(uip-udp-packet.)
                                         0x58 (size before relaxing)
 .eh_frame      0x0000000000031374      0x220 build/cooja/mtype664.a(uip-ds6-route.o)
                                        0x238 (size before relaxing)
 .eh_frame      0x0000000000031594      0x244 build/cooja/mtype664.a(tcpip.o)
                                        0x25c (size before relaxing)
 .eh_frame      0x00000000000317d8      0x1e8 build/cooja/mtype664.a(uip6.o)
                                        0x200 (size before relaxing)
 .eh_frame      0x00000000000319c0      0x1c0 build/cooja/mtype664.a(uip-ds6-nbr.o)
                                        0x1d8 (size before relaxing)
 .eh_frame      0x0000000000031b80       0x84 build/cooja/mtype664.a(uip-nd6.o)
                                         0x9c (size before relaxing)
 .eh_frame      0x0000000000031c04      0x2f8 build/cooja/mtype664.a(sicslowpan.o)
                                        0x310 (size before relaxing)
 .eh_frame      0x0000000000031efc       0x88 build/cooja/mtype664.a(uiplib.o)
                                         0xa0 (size before relaxing)
 .eh_frame      0x0000000000031f84      0x1e0 build/cooja/mtype664.a(rpl.o)
                                        0x1f8 (size before relaxing)
 .eh_frame      0x0000000000032164      0x1c4 build/cooja/mtype664.a(rpl-icmp6.o)
                                        0x1dc (size before relaxing)
 .eh_frame      0x0000000000032328       0xa0 build/cooja/mtype664.a(rpl-dag-root.o)
                                         0xb8 (size before relaxing)
 .eh_frame      0x00000000000323c8       0xa0 build/cooja/mtype664.a(watchdog.o)
                                         0xb8 (size before relaxing)
 .eh_frame      0x0000000000032468       0x80 build/cooja/mtype664.a(int-master.o)
                                         0x98 (size before relaxing)
 .eh_frame      0x00000000000324e8       0xa4 build/cooja/mtype664.a(coap-timer-defa)
                                         0xbc (size before relaxing)
 .eh_frame      0x000000000003258c       0xc4 build/cooja/mtype664.a(stimer.o)
                                         0xdc (size before relaxing)
 .eh_frame      0x0000000000032650       0xa0 build/cooja/mtype664.a(ringbuf.o)
                                         0xb8 (size before relaxing)
 .eh_frame      0x00000000000326f0       0x20 build/cooja/mtype664.a(assert.o)
                                         0x38 (size before relaxing)
 .eh_frame      0x0000000000032710      0x2ac build/cooja/mtype664.a(nbr-table.o)
                                        0x2c4 (size before relaxing)
 .eh_frame      0x00000000000329bc      0x120 build/cooja/mtype664.a(link-stats.o)
                                        0x138 (size before relaxing)
 .eh_frame      0x0000000000032adc       0x48 build/cooja/mtype664.a(mac-sequence.o)
                                         0x60 (size before relaxing)
 .eh_frame      0x0000000000032b24       0x20 build/cooja/mtype664.a(mac.o)
                                         0x38 (size before relaxing)
 .eh_frame      0x0000000000032b44       0xa4 build/cooja/mtype664.a(framer-802154.o)
                                         0xbc (size before relaxing)
 .eh_frame      0x0000000000032be8      0x1a4 build/cooja/mtype664.a(frame802154.o)
                                        0x1bc (size before relaxing)
 .eh_frame      0x0000000000032d8c       0x40 build/cooja/mtype664.a(csma-security.o)
                                         0x58 (size before relaxing)
 .eh_frame      0x0000000000032dcc      0x200 build/cooja/mtype664.a(uipbuf.o)
                                        0x218 (size before relaxing)
 .eh_frame      0x0000000000032fcc      0x150 build/cooja/mtype664.a(uip-icmp6.o)
                                        0x168 (size before relaxing)
 .eh_frame      0x000000000003311c      0x184 build/cooja/mtype664.a(uip-sr.o)
                                        0x19c (size before relaxing)
 .eh_frame      0x00000000000332a0       0xe0 build/cooja/mtype664.a(uip-packetqueue)
                                         0xf8 (size before relaxing)
 .eh_frame      0x0000000000033380       0x80 build/cooja/mtype664.a(rpl-nbr-policy.)
                                         0x98 (size before relaxing)
 .eh_frame      0x0000000000033400      0x2d4 build/cooja/mtype664.a(rpl-neighbor.o)
                                        0x2ec (size before relaxing)
 .eh_frame      0x00000000000336d4      0x370 build/cooja/mtype664.a(rpl-dag.o)
                                        0x388 (size before relaxing)
 .eh_frame      0x0000000000033a44      0x3a8 build/cooja/mtype664.a(rpl-timers.o)
                                        0x3c0 (size before relaxing)
 .eh_frame      0x0000000000033dec      0x124 build/cooja/mtype664.a(rpl-ext-header.)
                                        0x13c (size before relaxing)
 .eh_frame      0x0000000000033f10      0x148 build/cooja/mtype664.a(rpl-mrhof.o)
                                        0x160 (size before relaxing)
 .eh_frame      0x0000000000034058       0x84 /usr/lib/gcc/i686-linux-gnu/5/libgcc.a(_udivdi3.o)
                                         0x9c (size before relaxing)
 .eh_frame      0x00000000000340dc        0x4 /usr/lib/gcc/i686-linux-gnu/5/crtendS.o
 *(.eh_frame.*)

.gcc_except_table
 *(.gcc_except_table .gcc_except_table.*)

.gnu_extab
 *(.gnu_extab*)

.exception_ranges
 *(.exception_ranges .exception_ranges*)
                0x0000000000035f10                . = DATA_SEGMENT_ALIGN (0x1000, 0x1000)

.eh_frame
 *(.eh_frame)
 *(.eh_frame.*)

.gnu_extab
 *(.gnu_extab)

.gcc_except_table
 *(.gcc_except_table .gcc_except_table.*)

.exception_ranges
 *(.exception_ranges .exception_ranges*)

.tdata
 *(.tdata .tdata.* .gnu.linkonce.td.*)

.tbss
 *(.tbss .tbss.* .gnu.linkonce.tb.*)
 *(.tcommon)

.preinit_array
 *(.preinit_array)

.init_array     0x0000000000035f10        0x4
 *(SORT(.init_array.*) SORT(.ctors.*))
 *(.init_array EXCLUDE_FILE(*crtend?.o *crtend.o *crtbegin?.o *crtbegin.o) .ctors)
 .init_array    0x0000000000035f10        0x4 /usr/lib/gcc/i686-linux-gnu/5/crtbeginS.o

.fini_array     0x0000000000035f14        0x4
 *(SORT(.fini_array.*) SORT(.dtors.*))
 *(.fini_array EXCLUDE_FILE(*crtend?.o *crtend.o *crtbegin?.o *crtbegin.o) .dtors)
 .fini_array    0x0000000000035f14        0x4 /usr/lib/gcc/i686-linux-gnu/5/crtbeginS.o

.ctors
 *crtbegin.o(.ctors)
 *crtbegin?.o(.ctors)
 *(EXCLUDE_FILE(*crtend?.o *crtend.o) .ctors)
 *(SORT(.ctors.*))
 *(.ctors)

.dtors
 *crtbegin.o(.dtors)
 *crtbegin?.o(.dtors)
 *(EXCLUDE_FILE(*crtend?.o *crtend.o) .dtors)
 *(SORT(.dtors.*))
 *(.dtors)

.jcr            0x0000000000035f18        0x4
 *(.jcr)
 .jcr           0x0000000000035f18        0x0 /usr/lib/gcc/i686-linux-gnu/5/crtbeginS.o
 .jcr           0x0000000000035f18        0x4 /usr/lib/gcc/i686-linux-gnu/5/crtendS.o

.data.rel.ro
 *(.data.rel.ro.local* .gnu.linkonce.d.rel.ro.local.*)
 *(.data.rel.ro .data.rel.ro.* .gnu.linkonce.d.rel.ro.*)

.dynamic        0x0000000000035f1c       0xd0
 *(.dynamic)
 .dynamic       0x0000000000035f1c       0xd0 /usr/lib/gcc/i686-linux-gnu/5/../../../i386-linux-gnu/crti.o
                0x0000000000035f1c                _DYNAMIC

.got            0x0000000000035fec       0x14
 *(.got)
 .got           0x0000000000035fec       0x14 /usr/lib/gcc/i686-linux-gnu/5/../../../i386-linux-gnu/crti.o
 *(.igot)
                0x0000000000036ff4                . = DATA_SEGMENT_RELRO_END (., (SIZEOF (.got.plt) >= 0xc)?0xc:0x0)

.got.plt        0x0000000000036000        0xc
 *(.got.plt)
 .got.plt       0x0000000000036000        0xc /usr/lib/gcc/i686-linux-gnu/5/../../../i386-linux-gnu/crti.o
                0x0000000000036000                _GLOBAL_OFFSET_TABLE_
 *(.igot.plt)

.data           0x0000000000036020      0x464
 *(.data .data.* .gnu.linkonce.d.*)
 .data          0x0000000000036020        0x0 /usr/lib/gcc/i686-linux-gnu/5/../../../i386-linux-gnu/crti.o
 .data          0x0000000000036020        0x0 /usr/lib/gcc/i686-linux-gnu/5/crtbeginS.o
 .data.rel.local
                0x0000000000036020        0x4 /usr/lib/gcc/i686-linux-gnu/5/crtbeginS.o
                0x0000000000036020                __dso_handle
 .data          0x0000000000036024       0x14 oxygen_actuator.o
                0x0000000000036028                oxygen_actuator
 *fill*         0x0000000000036038        0x8 
 .data          0x0000000000036040       0x44 build/cooja/mtype664.o
                0x0000000000036040                simInterfaces
                0x0000000000036074                sensors
 .data          0x0000000000036084        0x0 build/cooja/mtype664.a(simEnvChange.o)
 .data          0x0000000000036084        0x0 build/cooja/mtype664.a(cooja_mt.o)
 .data          0x0000000000036084        0x0 build/cooja/mtype664.a(cooja_mtarch.o)
 .data          0x0000000000036084        0x0 build/cooja/mtype664.a(rtimer-arch.o)
 .data          0x0000000000036084        0x0 build/cooja/mtype664.a(beep.o)
 .data          0x0000000000036084        0x0 build/cooja/mtype664.a(leds-arch.o)
 .data          0x0000000000036084        0x0 build/cooja/mtype664.a(moteid.o)
 .data          0x0000000000036084        0x0 build/cooja/mtype664.a(pir-sensor.o)
 .data          0x0000000000036084        0x0 build/cooja/mtype664.a(rs232.o)
 .data          0x0000000000036084        0x0 build/cooja/mtype664.a(vib-sensor.o)
 .data          0x0000000000036084        0x0 build/cooja/mtype664.a(clock.o)
 .data          0x0000000000036084        0x0 build/cooja/mtype664.a(cooja-log.o)
 .data          0x0000000000036084        0x0 build/cooja/mtype664.a(cfs-cooja.o)
 .data          0x0000000000036084       0x2c build/cooja/mtype664.a(cooja-radio.o)
                0x0000000000036084                simRadioHWOn
                0x0000000000036088                simSignalStrength
                0x000000000003608c                simLastSignalStrength
                0x0000000000036090                simPower
                0x0000000000036094                simRadioChannel
                0x0000000000036098                simLQI
                0x00000000000360a0                cooja_radio_process
 .data          0x00000000000360b0        0x0 build/cooja/mtype664.a(eeprom.o)
 .data          0x00000000000360b0        0x0 build/cooja/mtype664.a(random.o)
 .data          0x00000000000360b0       0x10 build/cooja/mtype664.a(sensors.o)
                0x00000000000360b0                sensors_process
 .data          0x00000000000360c0        0x0 build/cooja/mtype664.a(leds.o)
 .data          0x00000000000360c0        0x0 build/cooja/mtype664.a(gpio-hal-arch.o)
 .data          0x00000000000360c0       0x78 build/cooja/mtype664.a(buttons.o)
                0x00000000000360c0                simButtonIsActive
                0x0000000000036130                button_hal_buttons
 *fill*         0x0000000000036138        0x8 
 .data          0x0000000000036140       0x44 build/cooja/mtype664.a(oxygen_generato)
                0x0000000000036140                GOOD_OXYGEN_LEVEL
                0x0000000000036160                oxygen_generator
 .data          0x0000000000036184       0x10 build/cooja/mtype664.a(coap-observe-cl)
 .data          0x0000000000036194        0x0 build/cooja/mtype664.a(coap-blocking-a)
 .data          0x0000000000036194        0x8 build/cooja/mtype664.a(coap-engine.o)
 *fill*         0x000000000003619c        0x4 
 .data          0x00000000000361a0       0x24 build/cooja/mtype664.a(coap-res-well-k)
                0x00000000000361a0                res_well_known_core
 .data          0x00000000000361c4       0x10 build/cooja/mtype664.a(coap-observe.o)
 .data          0x00000000000361d4       0x10 build/cooja/mtype664.a(coap-uip.o)
                0x00000000000361d4                coap_engine
 .data          0x00000000000361e4        0x4 build/cooja/mtype664.a(coap-timer.o)
 .data          0x00000000000361e8       0x10 build/cooja/mtype664.a(coap-transactio)
 .data          0x00000000000361f8        0x4 build/cooja/mtype664.a(coap.o)
                0x00000000000361f8                coap_error_message
 .data          0x00000000000361fc        0x0 build/cooja/mtype664.a(contiki-main.o)
 .data          0x00000000000361fc        0x0 build/cooja/mtype664.a(autostart.o)
 .data          0x00000000000361fc       0x14 build/cooja/mtype664.a(ctimer.o)
                0x0000000000036200                ctimer_process
 *fill*         0x0000000000036210       0x10 
 .data          0x0000000000036220       0xbc build/cooja/mtype664.a(log.o)
                0x0000000000036220                curr_log_level_main
                0x0000000000036240                all_modules
 .data          0x00000000000362dc        0x0 build/cooja/mtype664.a(energest.o)
 .data          0x00000000000362dc       0x10 build/cooja/mtype664.a(etimer.o)
                0x00000000000362dc                etimer_process
 .data          0x00000000000362ec        0x0 build/cooja/mtype664.a(node-id.o)
 .data          0x00000000000362ec        0x0 build/cooja/mtype664.a(rtimer.o)
 .data          0x00000000000362ec        0x0 build/cooja/mtype664.a(process.o)
 .data          0x00000000000362ec        0x0 build/cooja/mtype664.a(timer.o)
 .data          0x00000000000362ec        0x0 build/cooja/mtype664.a(list.o)
 .data          0x00000000000362ec        0x0 build/cooja/mtype664.a(memb.o)
 .data          0x00000000000362ec       0x10 build/cooja/mtype664.a(button-hal.o)
                0x00000000000362ec                button_hal_process
 .data          0x00000000000362fc       0x10 build/cooja/mtype664.a(serial-line.o)
                0x00000000000362fc                serial_line_process
 .data          0x000000000003630c        0x4 build/cooja/mtype664.a(gpio-hal.o)
 .data          0x0000000000036310       0x18 build/cooja/mtype664.a(queuebuf.o)
 .data          0x0000000000036328        0x4 build/cooja/mtype664.a(packetbuf.o)
 .data          0x000000000003632c        0x4 build/cooja/mtype664.a(netstack.o)
 .data          0x0000000000036330        0x0 build/cooja/mtype664.a(linkaddr.o)
 .data          0x0000000000036330        0x0 build/cooja/mtype664.a(csma.o)
 .data          0x0000000000036330       0x28 build/cooja/mtype664.a(csma-output.o)
 .data          0x0000000000036358        0x0 build/cooja/mtype664.a(uip-ds6.o)
 .data          0x0000000000036358        0x0 build/cooja/mtype664.a(uip-udp-packet.)
 .data          0x0000000000036358       0x10 build/cooja/mtype664.a(uip-ds6-route.o)
 .data          0x0000000000036368       0x10 build/cooja/mtype664.a(tcpip.o)
                0x0000000000036368                tcpip_process
 .data          0x0000000000036378        0x0 build/cooja/mtype664.a(uip6.o)
 .data          0x0000000000036378       0x14 build/cooja/mtype664.a(uip-ds6-nbr.o)
 .data          0x000000000003638c        0xc build/cooja/mtype664.a(uip-nd6.o)
 .data          0x0000000000036398        0x0 build/cooja/mtype664.a(sicslowpan.o)
 .data          0x0000000000036398        0x0 build/cooja/mtype664.a(uiplib.o)
 .data          0x0000000000036398        0x0 build/cooja/mtype664.a(rpl.o)
 .data          0x0000000000036398       0x30 build/cooja/mtype664.a(rpl-icmp6.o)
 .data          0x00000000000363c8        0x0 build/cooja/mtype664.a(rpl-dag-root.o)
 .data          0x00000000000363c8        0x0 build/cooja/mtype664.a(watchdog.o)
 .data          0x00000000000363c8        0x0 build/cooja/mtype664.a(int-master.o)
 .data          0x00000000000363c8       0x10 build/cooja/mtype664.a(coap-timer-defa)
                0x00000000000363c8                coap_timer_process
 .data          0x00000000000363d8        0x0 build/cooja/mtype664.a(stimer.o)
 .data          0x00000000000363d8        0x0 build/cooja/mtype664.a(ringbuf.o)
 .data          0x00000000000363d8        0x0 build/cooja/mtype664.a(assert.o)
 .data          0x00000000000363d8       0x10 build/cooja/mtype664.a(nbr-table.o)
 .data          0x00000000000363e8       0x14 build/cooja/mtype664.a(link-stats.o)
 .data          0x00000000000363fc        0x0 build/cooja/mtype664.a(mac-sequence.o)
 .data          0x00000000000363fc        0x0 build/cooja/mtype664.a(mac.o)
 .data          0x00000000000363fc        0x0 build/cooja/mtype664.a(framer-802154.o)
 .data          0x00000000000363fc        0x2 build/cooja/mtype664.a(frame802154.o)
 .data          0x00000000000363fe        0x0 build/cooja/mtype664.a(csma-security.o)
 .data          0x00000000000363fe        0x0 build/cooja/mtype664.a(uipbuf.o)
 *fill*         0x00000000000363fe        0x2 
 .data          0x0000000000036400       0x20 build/cooja/mtype664.a(uip-icmp6.o)
 .data          0x0000000000036420       0x10 build/cooja/mtype664.a(uip-sr.o)
 .data          0x0000000000036430        0xc build/cooja/mtype664.a(uip-packetqueue)
 .data          0x000000000003643c        0x0 build/cooja/mtype664.a(rpl-nbr-policy.)
 .data          0x000000000003643c       0x14 build/cooja/mtype664.a(rpl-neighbor.o)
                0x000000000003644c                rpl_neighbors
 .data          0x0000000000036450        0x0 build/cooja/mtype664.a(rpl-dag.o)
 .data          0x0000000000036450        0x0 build/cooja/mtype664.a(rpl-timers.o)
 .data          0x0000000000036450        0x0 build/cooja/mtype664.a(rpl-ext-header.)
 *fill*         0x0000000000036450       0x10 
 .data          0x0000000000036460       0x24 build/cooja/mtype664.a(rpl-mrhof.o)
                0x0000000000036460                rpl_mrhof
 .data          0x0000000000036484        0x0 /usr/lib/gcc/i686-linux-gnu/5/libgcc.a(_udivdi3.o)
 .data          0x0000000000036484        0x0 /usr/lib/gcc/i686-linux-gnu/5/crtendS.o
 .data          0x0000000000036484        0x0 /usr/lib/gcc/i686-linux-gnu/5/../../../i386-linux-gnu/crtn.o

.tm_clone_table
                0x0000000000036484        0x0
 .tm_clone_table
                0x0000000000036484        0x0 /usr/lib/gcc/i686-linux-gnu/5/crtbeginS.o
 .tm_clone_table
                0x0000000000036484        0x0 /usr/lib/gcc/i686-linux-gnu/5/crtendS.o

.data1
 *(.data1)
                0x0000000000036484                _edata = .
                [!provide]                        PROVIDE (edata, .)
                0x0000000000036484                . = .
                0x0000000000036484                __bss_start = .

.bss            0x00000000000364a0    0x141a4
 *(.dynbss)
 .dynbss        0x00000000000364a0        0x0 /usr/lib/gcc/i686-linux-gnu/5/../../../i386-linux-gnu/crti.o
 *(.bss .bss.* .gnu.linkonce.b.*)
 .bss           0x00000000000364a0        0x0 /usr/lib/gcc/i686-linux-gnu/5/../../../i386-linux-gnu/crti.o
 .bss           0x00000000000364a0        0x1 /usr/lib/gcc/i686-linux-gnu/5/crtbeginS.o
 *fill*         0x00000000000364a1       0x1f 
 .bss           0x00000000000364c0      0x18c oxygen_actuator.o
                0x00000000000364c0                oxygen_level
 *fill*         0x000000000003664c       0x14 
 .bss           0x0000000000036660     0x2030 build/cooja/mtype664.o
 .bss           0x0000000000038690        0x1 build/cooja/mtype664.a(simEnvChange.o)
                0x0000000000038690                simDontFallAsleep
 *fill*         0x0000000000038691        0x3 
 .bss           0x0000000000038694        0x4 build/cooja/mtype664.a(cooja_mt.o)
 .bss           0x0000000000038698        0x4 build/cooja/mtype664.a(cooja_mtarch.o)
 .bss           0x000000000003869c        0x0 build/cooja/mtype664.a(rtimer-arch.o)
 .bss           0x000000000003869c        0x0 build/cooja/mtype664.a(beep.o)
 .bss           0x000000000003869c        0x1 build/cooja/mtype664.a(leds-arch.o)
                0x000000000003869c                simLedsValue
 .bss           0x000000000003869d        0x0 build/cooja/mtype664.a(moteid.o)
 .bss           0x000000000003869d        0x1 build/cooja/mtype664.a(pir-sensor.o)
                0x000000000003869d                simPirValue
 *fill*         0x000000000003869e        0x2 
 .bss           0x00000000000386a0        0x4 build/cooja/mtype664.a(rs232.o)
 .bss           0x00000000000386a4        0x1 build/cooja/mtype664.a(vib-sensor.o)
                0x00000000000386a4                simVibValue
 .bss           0x00000000000386a5        0x0 build/cooja/mtype664.a(clock.o)
 *fill*         0x00000000000386a5       0x1b 
 .bss           0x00000000000386c0     0x2020 build/cooja/mtype664.a(cooja-log.o)
 .bss           0x000000000003a6e0      0xfc0 build/cooja/mtype664.a(cfs-cooja.o)
                0x000000000003a6e0                simCFSData
                0x000000000003b680                simCFSSize
                0x000000000003b684                simCFSChanged
                0x000000000003b688                simCFSRead
                0x000000000003b68c                simCFSWritten
 .bss           0x000000000003b6a0       0x24 build/cooja/mtype664.a(cooja-radio.o)
                0x000000000003b6a0                simReceiving
                0x000000000003b6a4                simInSize
                0x000000000003b6a8                simLastPacketTimestamp
                0x000000000003b6b0                simOutSize
 .bss           0x000000000003b6c4        0xc build/cooja/mtype664.a(eeprom.o)
                0x000000000003b6c4                simEEPROMChanged
                0x000000000003b6c8                simEEPROMRead
                0x000000000003b6cc                simEEPROMWritten
 .bss           0x000000000003b6d0        0x0 build/cooja/mtype664.a(random.o)
 .bss           0x000000000003b6d0        0xc build/cooja/mtype664.a(sensors.o)
 .bss           0x000000000003b6dc        0x0 build/cooja/mtype664.a(leds.o)
 .bss           0x000000000003b6dc       0x24 build/cooja/mtype664.a(gpio-hal-arch.o)
 .bss           0x000000000003b700        0x0 build/cooja/mtype664.a(buttons.o)
 .bss           0x000000000003b700       0x10 build/cooja/mtype664.a(oxygen_generato)
                0x000000000003b700                alert_level
                0x000000000003b704                status
                0x000000000003b708                forceActive
 *fill*         0x000000000003b710       0x10 
 .bss           0x000000000003b720      0x1b1 build/cooja/mtype664.a(coap-observe-cl)
 .bss           0x000000000003b8d1        0x0 build/cooja/mtype664.a(coap-blocking-a)
 *fill*         0x000000000003b8d1        0xf 
 .bss           0x000000000003b8e0      0x190 build/cooja/mtype664.a(coap-engine.o)
 .bss           0x000000000003ba70        0x0 build/cooja/mtype664.a(coap-res-well-k)
 *fill*         0x000000000003ba70       0x10 
 .bss           0x000000000003ba80      0x120 build/cooja/mtype664.a(coap-observe.o)
 .bss           0x000000000003bba0       0x18 build/cooja/mtype664.a(coap-uip.o)
 .bss           0x000000000003bbb8        0x5 build/cooja/mtype664.a(coap-timer.o)
 *fill*         0x000000000003bbbd        0x3 
 .bss           0x000000000003bbc0      0x334 build/cooja/mtype664.a(coap-transactio)
 .bss           0x000000000003bef4        0x6 build/cooja/mtype664.a(coap.o)
                0x000000000003bef4                coap_status_code
 .bss           0x000000000003befa        0x0 build/cooja/mtype664.a(contiki-main.o)
 .bss           0x000000000003befa        0x0 build/cooja/mtype664.a(autostart.o)
 *fill*         0x000000000003befa        0x2 
 .bss           0x000000000003befc        0x5 build/cooja/mtype664.a(ctimer.o)
 *fill*         0x000000000003bf01        0x3 
 .bss           0x000000000003bf04       0x2c build/cooja/mtype664.a(log.o)
                0x000000000003bf04                curr_log_level_rpl
                0x000000000003bf08                curr_log_level_tcpip
                0x000000000003bf0c                curr_log_level_ipv6
                0x000000000003bf10                curr_log_level_6lowpan
                0x000000000003bf14                curr_log_level_nullnet
                0x000000000003bf18                curr_log_level_mac
                0x000000000003bf1c                curr_log_level_framer
                0x000000000003bf20                curr_log_level_6top
                0x000000000003bf24                curr_log_level_coap
                0x000000000003bf28                curr_log_level_snmp
                0x000000000003bf2c                curr_log_level_lwm2m
 .bss           0x000000000003bf30        0x0 build/cooja/mtype664.a(energest.o)
 .bss           0x000000000003bf30        0x8 build/cooja/mtype664.a(etimer.o)
 .bss           0x000000000003bf38        0x2 build/cooja/mtype664.a(node-id.o)
                0x000000000003bf38                node_id
 *fill*         0x000000000003bf3a        0x2 
 .bss           0x000000000003bf3c        0x4 build/cooja/mtype664.a(rtimer.o)
 .bss           0x000000000003bf40      0x1a1 build/cooja/mtype664.a(process.o)
                0x000000000003bf40                process_list
                0x000000000003bf44                process_current
 .bss           0x000000000003c0e1        0x0 build/cooja/mtype664.a(timer.o)
 .bss           0x000000000003c0e1        0x0 build/cooja/mtype664.a(list.o)
 .bss           0x000000000003c0e1        0x0 build/cooja/mtype664.a(memb.o)
 *fill*         0x000000000003c0e1        0x3 
 .bss           0x000000000003c0e4       0x10 build/cooja/mtype664.a(button-hal.o)
 *fill*         0x000000000003c0f4        0xc 
 .bss           0x000000000003c100      0x140 build/cooja/mtype664.a(serial-line.o)
 .bss           0x000000000003c240        0x4 build/cooja/mtype664.a(gpio-hal.o)
 *fill*         0x000000000003c244       0x1c 
 .bss           0x000000000003c260     0x2c80 build/cooja/mtype664.a(queuebuf.o)
 .bss           0x000000000003eee0       0xa0 build/cooja/mtype664.a(packetbuf.o)
 .bss           0x000000000003ef80        0x4 build/cooja/mtype664.a(netstack.o)
 .bss           0x000000000003ef84        0x0 build/cooja/mtype664.a(linkaddr.o)
 .bss           0x000000000003ef84        0x0 build/cooja/mtype664.a(csma.o)
 *fill*         0x000000000003ef84       0x1c 