Archive member included to satisfy reference by file (symbol)

build/cooja/mtype476.a(simEnvChange.o)
                              build/cooja/mtype476.o (simDontFallAsleep)
build/cooja/mtype476.a(cooja_mt.o)
                              build/cooja/mtype476.o (cooja_mt_start)
build/cooja/mtype476.a(cooja_mtarch.o)
                              build/cooja/mtype476.a(cooja_mt.o) (cooja_mtarch_start)
build/cooja/mtype476.a(rtimer-arch.o)
                              build/cooja/mtype476.o (rtimer_arch_check)
build/cooja/mtype476.a(beep.o)
                              build/cooja/mtype476.o (beep_interface)
build/cooja/mtype476.a(leds-arch.o)
                              build/cooja/mtype476.o (leds_interface)
build/cooja/mtype476.a(moteid.o)
                              build/cooja/mtype476.o (moteid_interface)
build/cooja/mtype476.a(pir-sensor.o)
                              build/cooja/mtype476.o (pir_interface)
build/cooja/mtype476.a(rs232.o)
                              build/cooja/mtype476.o (rs232_interface)
build/cooja/mtype476.a(vib-sensor.o)
                              build/cooja/mtype476.o (vib_interface)
build/cooja/mtype476.a(clock.o)
                              build/cooja/mtype476.o (clock_interface)
build/cooja/mtype476.a(cooja-log.o)
                              build/cooja/mtype476.o (simlog_interface)
build/cooja/mtype476.a(cfs-cooja.o)
                              build/cooja/mtype476.o (cfs_interface)
build/cooja/mtype476.a(cooja-radio.o)
                              build/cooja/mtype476.o (radio_interface)
build/cooja/mtype476.a(eeprom.o)
                              build/cooja/mtype476.o (eeprom_interface)
build/cooja/mtype476.a(random.o)
                              build/cooja/mtype476.a(moteid.o) (random_init)
build/cooja/mtype476.a(sensors.o)
                              build/cooja/mtype476.a(pir-sensor.o) (sensors_changed)
build/cooja/mtype476.a(leds.o)
                              build/cooja/mtype476.a(leds-arch.o) (leds_get)
build/cooja/mtype476.a(gpio-hal-arch.o)
                              build/cooja/mtype476.a(leds-arch.o) (gpio_hal_arch_register_pin_callback)
build/cooja/mtype476.a(buttons.o)
                              build/cooja/mtype476.o (button_interface)
build/cooja/mtype476.a(oxygen_measurin)
                              oxygen_sensor.o (oxygen_measuring_device)
build/cooja/mtype476.a(coap-blocking-a)
                              oxygen_sensor.o (coap_blocking_request)
build/cooja/mtype476.a(coap-engine.o)
                              oxygen_sensor.o (coap_activate_resource)
build/cooja/mtype476.a(coap-res-well-k)
                              build/cooja/mtype476.a(coap-engine.o) (res_well_known_core)
build/cooja/mtype476.a(coap-observe.o)
                              build/cooja/mtype476.a(coap-engine.o) (coap_remove_observer_by_mid)
build/cooja/mtype476.a(coap-uip.o)
                              build/cooja/mtype476.a(coap-observe.o) (coap_endpoint_copy)
build/cooja/mtype476.a(coap-timer.o)
                              build/cooja/mtype476.a(coap-engine.o) (coap_timer_set)
build/cooja/mtype476.a(coap-transactio)
                              build/cooja/mtype476.a(coap-blocking-a) (coap_send_transaction)
build/cooja/mtype476.a(coap.o)
                              build/cooja/mtype476.a(coap-engine.o) (coap_status_code)
build/cooja/mtype476.a(contiki-main.o)
                              build/cooja/mtype476.o (main)
build/cooja/mtype476.a(autostart.o)
                              build/cooja/mtype476.a(contiki-main.o) (autostart_start)
build/cooja/mtype476.a(ctimer.o)
                              build/cooja/mtype476.a(contiki-main.o) (ctimer_init)
build/cooja/mtype476.a(log.o)
                              build/cooja/mtype476.a(contiki-main.o) (curr_log_level_main)
build/cooja/mtype476.a(energest.o)
                              build/cooja/mtype476.a(contiki-main.o) (energest_init)
build/cooja/mtype476.a(etimer.o)
                              build/cooja/mtype476.a(contiki-main.o) (etimer_process)
build/cooja/mtype476.a(node-id.o)
                              build/cooja/mtype476.a(contiki-main.o) (node_id)
build/cooja/mtype476.a(rtimer.o)
                              build/cooja/mtype476.a(contiki-main.o) (rtimer_init)
build/cooja/mtype476.a(process.o)
                              build/cooja/mtype476.a(coap-blocking-a) (process_current)
build/cooja/mtype476.a(timer.o)
                              build/cooja/mtype476.a(etimer.o) (timer_set)
build/cooja/mtype476.a(list.o)
                              build/cooja/mtype476.a(coap-engine.o) (list_init)
build/cooja/mtype476.a(memb.o)
                              build/cooja/mtype476.a(coap-observe.o) (memb_alloc)
build/cooja/mtype476.a(button-hal.o)
                              build/cooja/mtype476.o (button_hal_init)
build/cooja/mtype476.a(serial-line.o)
                              build/cooja/mtype476.a(rs232.o) (serial_line_input_byte)
[...]
Memory Configuration

Name             Origin             Length             Attributes
*default*        0x0000000000000000 0xffffffffffffffff

Linker script and memory map

LOAD /usr/lib/gcc/i686-linux-gnu/5/../../../i386-linux-gnu/crti.o
LOAD /usr/lib/gcc/i686-linux-gnu/5/crtbeginS.o
LOAD oxygen_sensor.o
LOAD build/cooja/mtype476.o
LOAD build/cooja/mtype476.a
LOAD /usr/lib/gcc/i686-linux-gnu/5/libgcc.a
LOAD /usr/lib/gcc/i686-linux-gnu/5/libgcc_s.so
LOAD /usr/lib/gcc/i686-linux-gnu/5/../../../i386-linux-gnu/libc.so
START GROUP
LOAD /lib/i386-linux-gnu/libc.so.6
LOAD /usr/lib/i386-linux-gnu/libc_nonshared.a
LOAD /lib/i386-linux-gnu/ld-linux.so.2
END GROUP
LOAD /usr/lib/gcc/i686-linux-gnu/5/libgcc.a
LOAD /usr/lib/gcc/i686-linux-gnu/5/libgcc_s.so
LOAD /usr/lib/gcc/i686-linux-gnu/5/crtendS.o
LOAD /usr/lib/gcc/i686-linux-gnu/5/../../../i386-linux-gnu/crtn.o
                0x0000000000000114                . = (0x0 + SIZEOF_HEADERS)

.note.gnu.build-id
                0x0000000000000114       0x24
 *(.note.gnu.build-id)
 .note.gnu.build-id
                0x0000000000000114       0x24 /usr/lib/gcc/i686-linux-gnu/5/../../../i386-linux-gnu/crti.o

.hash
 *(.hash)

.gnu.hash       0x0000000000000138     0x15c4
 *(.gnu.hash)
 .gnu.hash      0x0000000000000138     0x15c4 /usr/lib/gcc/i686-linux-gnu/5/../../../i386-linux-gnu/crti.o

.dynsym         0x00000000000016fc     0x2f90
 *(.dynsym)
 .dynsym        0x00000000000016fc     0x2f90 /usr/lib/gcc/i686-linux-gnu/5/../../../i386-linux-gnu/crti.o

.dynstr         0x000000000000468c     0x37c6
 *(.dynstr)
 .dynstr        0x000000000000468c     0x37c6 /usr/lib/gcc/i686-linux-gnu/5/../../../i386-linux-gnu/crti.o

.gnu.version    0x0000000000007e52      0x5f2
 *(.gnu.version)
 .gnu.version   0x0000000000007e52      0x5f2 /usr/lib/gcc/i686-linux-gnu/5/../../../i386-linux-gnu/crti.o

.gnu.version_d  0x0000000000008444        0x0
 *(.gnu.version_d)
 .gnu.version_d
                0x0000000000008444        0x0 /usr/lib/gcc/i686-linux-gnu/5/../../../i386-linux-gnu/crti.o

.gnu.version_r  0x0000000000008444       0x40
 *(.gnu.version_r)
 .gnu.version_r
                0x0000000000008444       0x40 /usr/lib/gcc/i686-linux-gnu/5/../../../i386-linux-gnu/crti.o

.rel.dyn        0x0000000000008484     0x92f8
 *(.rel.init)
 .rel.init      0x0000000000008484        0x0 /usr/lib/gcc/i686-linux-gnu/5/../../../i386-linux-gnu/crti.o
 *(.rel.text .rel.text.* .rel.gnu.linkonce.t.*)
 .rel.text      0x0000000000008484     0x8930 /usr/lib/gcc/i686-linux-gnu/5/../../../i386-linux-gnu/crti.o
 *(.rel.fini)
 .rel.fini      0x0000000000010db4        0x0 /usr/lib/gcc/i686-linux-gnu/5/../../../i386-linux-gnu/crti.o
 *(.rel.rodata .rel.rodata.* .rel.gnu.linkonce.r.*)
 .rel.rodata    0x0000000000010db4      0x588 /usr/lib/gcc/i686-linux-gnu/5/../../../i386-linux-gnu/crti.o
 *(.rel.data.rel.ro .rel.data.rel.ro.* .rel.gnu.linkonce.d.rel.ro.*)
 *(.rel.data .rel.data.* .rel.gnu.linkonce.d.*)
 .rel.data.rel.local
                0x000000000001133c        0x8 /usr/lib/gcc/i686-linux-gnu/5/../../../i386-linux-gnu/crti.o
 .rel.data      0x0000000000011344      0x400 /usr/lib/gcc/i686-linux-gnu/5/../../../i386-linux-gnu/crti.o
 *(.rel.tdata .rel.tdata.* .rel.gnu.linkonce.td.*)
 *(.rel.tbss .rel.tbss.* .rel.gnu.linkonce.tb.*)
 *(.rel.ctors)
 *(.rel.dtors)
 *(.rel.got)
 .rel.got       0x0000000000011744       0x28 /usr/lib/gcc/i686-linux-gnu/5/../../../i386-linux-gnu/crti.o
 *(.rel.bss .rel.bss.* .rel.gnu.linkonce.b.*)
 *(.rel.ifunc)
 .rel.ifunc     0x000000000001176c        0x0 /usr/lib/gcc/i686-linux-gnu/5/../../../i386-linux-gnu/crti.o
 .rel.fini_array
                0x000000000001176c        0x8 /usr/lib/gcc/i686-linux-gnu/5/../../../i386-linux-gnu/crti.o
 .rel.init_array
                0x0000000000011774        0x8 /usr/lib/gcc/i686-linux-gnu/5/../../../i386-linux-gnu/crti.o

.rel.plt        0x000000000001177c        0x0
 *(.rel.plt)
 .rel.plt       0x000000000001177c        0x0 /usr/lib/gcc/i686-linux-gnu/5/../../../i386-linux-gnu/crti.o
 *(.rel.iplt)

.init           0x000000000001177c       0x23
 *(SORT(.init))
 .init          0x000000000001177c       0x1e /usr/lib/gcc/i686-linux-gnu/5/../../../i386-linux-gnu/crti.o
                0x000000000001177c                _init
 .init          0x000000000001179a        0x5 /usr/lib/gcc/i686-linux-gnu/5/../../../i386-linux-gnu/crtn.o

.plt            0x00000000000117a0       0x10
 *(.plt)
 .plt           0x00000000000117a0       0x10 /usr/lib/gcc/i686-linux-gnu/5/../../../i386-linux-gnu/crti.o
 *(.iplt)

.plt.got        0x00000000000117b0       0x10
 *(.plt.got)
 .plt.got       0x00000000000117b0       0x10 /usr/lib/gcc/i686-linux-gnu/5/../../../i386-linux-gnu/crti.o

.text           0x00000000000117c0    0x19232
 *(.text.unlikely .text.*_unlikely .text.unlikely.*)
 .text.unlikely
                0x00000000000117c0        0x0 /usr/lib/gcc/i686-linux-gnu/5/crtbeginS.o
 .text.unlikely
                0x00000000000117c0        0x0 /usr/lib/gcc/i686-linux-gnu/5/libgcc.a(_udivdi3.o)
 *(.text.exit .text.exit.*)
 *(.text.startup .text.startup.*)
 *(.text.hot .text.hot.*)
 *(.text .stub .text.* .gnu.linkonce.t.*)
 .text          0x00000000000117c0        0x0 /usr/lib/gcc/i686-linux-gnu/5/../../../i386-linux-gnu/crti.o
 .gnu.linkonce.t.__x86.get_pc_thunk.bx
                0x00000000000117c0        0x4 /usr/lib/gcc/i686-linux-gnu/5/../../../i386-linux-gnu/crti.o
                0x00000000000117c0                __x86.get_pc_thunk.bx
 *fill*         0x00000000000117c4        0xc 
 .text          0x00000000000117d0      0x11c /usr/lib/gcc/i686-linux-gnu/5/crtbeginS.o
 .text.__x86.get_pc_thunk.dx
                0x00000000000118ec        0x4 /usr/lib/gcc/i686-linux-gnu/5/crtbeginS.o
                0x00000000000118ec                __x86.get_pc_thunk.dx
 .text          0x00000000000118f0      0x30e oxygen_sensor.o
 .text          0x0000000000011bfe      0x283 build/cooja/mtype476.o
                0x0000000000011c90                platform_init_stage_one
                0x0000000000011ca3                platform_init_stage_two
                0x0000000000011cb6                platform_init_stage_three
                0x0000000000011cc9                platform_main_loop
                0x0000000000011d3c                Java_org_contikios_cooja_corecomm_Lib2_init
                0x0000000000011d73                Java_org_contikios_cooja_corecomm_Lib2_getMemory
                0x0000000000011da6                Java_org_contikios_cooja_corecomm_Lib2_setMemory
                0x0000000000011e06                Java_org_contikios_cooja_corecomm_Lib2_tick
                0x0000000000011e6e                Java_org_contikios_cooja_corecomm_Lib2_setReferenceAddress
 .text          0x0000000000011e81       0x65 build/cooja/mtype476.a(simEnvChange.o)
                0x0000000000011e81                doActionsBeforeTick
                0x0000000000011eb3                doActionsAfterTick
 .text          0x0000000000011ee6       0x83 build/cooja/mtype476.a(cooja_mt.o)
                0x0000000000011ee6                cooja_mt_start
                0x0000000000011f10                cooja_mt_exec
                0x0000000000011f46                cooja_mt_yield
 .text          0x0000000000011f69       0xbe build/cooja/mtype476.a(cooja_mtarch.o)
                0x0000000000011f69                cooja_mtarch_start
                0x0000000000011fdc                cooja_sw
                0x0000000000011fff                cooja_mtarch_exec
                0x000000000001201c                cooja_mtarch_yield
 .text          0x0000000000012027       0xc5 build/cooja/mtype476.a(rtimer-arch.o)
                0x0000000000012027                rtimer_arch_init
                0x000000000001204b                rtimer_arch_schedule
                0x000000000001207b                rtimer_arch_next
                0x000000000001208b                rtimer_arch_pending
                0x0000000000012095                rtimer_arch_check
                0x00000000000120dc                rtimer_arch_now
 .text          0x00000000000120ec       0x81 build/cooja/mtype476.a(beep.o)
                0x00000000000120ec                beep_alarm
                0x00000000000120f9                beep_beep
                0x0000000000012106                beep
                0x0000000000012113                beep_down
                0x0000000000012120                beep_on
                0x000000000001212d                beep_off
                0x000000000001213a                beep_spinup
                0x0000000000012147                beep_quick
                0x0000000000012154                beep_long
 .text          0x000000000001216d       0x65 build/cooja/mtype476.a(leds-arch.o)
                0x0000000000012180                leds_arch_init
 .text          0x00000000000121d2       0x35 build/cooja/mtype476.a(moteid.o)
 .text          0x0000000000012207       0xb7 build/cooja/mtype476.a(pir-sensor.o)
 .text          0x00000000000122be      0x148 build/cooja/mtype476.a(rs232.o)
                0x00000000000122be                rs232_init
                0x00000000000122c4                rs232_set_speed
                0x00000000000122d3                rs232_set_input
                0x00000000000122e1                rs232_send
                0x0000000000012305                rs232_print
                0x0000000000012321                slip_arch_writeb
 .text          0x0000000000012406       0xb7 build/cooja/mtype476.a(vib-sensor.o)
 .text          0x00000000000124bd       0x38 build/cooja/mtype476.a(clock.o)
                0x00000000000124bd                clock_init
                0x00000000000124c3                clock_time
                0x00000000000124cd                clock_seconds
                0x00000000000124e3                clock_delay
 .text          0x00000000000124f5      0x219 build/cooja/mtype476.a(cooja-log.o)
                0x00000000000124f5                simlog_char
                0x0000000000012538                simlog
                0x00000000000125ae                log_message
                0x00000000000125df                log_set_putchar_with_slip
                0x00000000000125ed                log_putchar
                0x0000000000012668                log_puts
                0x0000000000012690                log_printf
 .text          0x000000000001270e      0x2b9 build/cooja/mtype476.a(cfs-cooja.o)
                0x000000000001270e                cfs_open
                0x0000000000012777                cfs_close
                0x0000000000012784                cfs_read
                0x0000000000012819                cfs_write
                0x00000000000128f5                cfs_seek
                0x000000000001297d                cfs_remove
                0x00000000000129a1                cfs_opendir
                0x00000000000129ab                cfs_readdir
                0x00000000000129b5                cfs_closedir
 .text          0x00000000000129c7      0x62b build/cooja/mtype476.a(cooja-radio.o)
                0x0000000000012a09                radio_set_channel
                0x0000000000012a17                radio_set_txpower
                0x0000000000012a2f                radio_signal_strength_last
                0x0000000000012a39                radio_signal_strength_current
                0x0000000000012a43                radio_LQI
 .text          0x0000000000012ff2       0xee build/cooja/mtype476.a(eeprom.o)
                0x0000000000012ff2                eeprom_init
                0x0000000000012ff8                eeprom_read
                0x0000000000013066                eeprom_write
 .text          0x00000000000130e0       0x2d build/cooja/mtype476.a(random.o)
                0x00000000000130e0                random_init
                0x0000000000013100                random_rand
 .text          0x000000000001310d      0x29c build/cooja/mtype476.a(sensors.o)
                0x0000000000013148                sensors_first
                0x0000000000013152                sensors_next
                0x000000000001316c                sensors_changed
                0x00000000000131a0                sensors_find
 .text          0x00000000000133a9      0x349 build/cooja/mtype476.a(leds.o)
                0x00000000000133a9                leds_init
                0x00000000000133f0                leds_single_on
                0x000000000001344f                leds_single_off
                0x00000000000134ae                leds_single_toggle
                0x00000000000134e0                leds_on
                0x0000000000013562                leds_off
                0x00000000000135e4                leds_toggle
                0x0000000000013639                leds_set
                0x0000000000013665                leds_get
 .text          0x00000000000136f2      0x343 build/cooja/mtype476.a(gpio-hal-arch.o)
                0x00000000000136f2                gpio_hal_arch_register_pin_callback
                0x000000000001375e                gpio_hal_arch_init
                0x00000000000137a3                gpio_hal_arch_no_port_interrupt_enable
                0x00000000000137d3                gpio_hal_arch_no_port_interrupt_disable
                0x0000000000013803                gpio_hal_arch_no_port_pin_cfg_set
                0x0000000000013828                gpio_hal_arch_no_port_pin_cfg_get
                0x000000000001384e                gpio_hal_arch_no_port_pin_set_input
                0x0000000000013860                gpio_hal_arch_no_port_pin_set_output
                0x0000000000013872                gpio_hal_arch_no_port_set_pin
                0x0000000000013893                gpio_hal_arch_no_port_clear_pin
                0x00000000000138b4                gpio_hal_arch_no_port_read_pin
                0x00000000000138da                gpio_hal_arch_no_port_write_pin
                0x0000000000013904                gpio_hal_arch_no_port_set_pins
                0x000000000001394b                gpio_hal_arch_no_port_clear_pins
                0x0000000000013992                gpio_hal_arch_no_port_read_pins
                0x00000000000139d5                gpio_hal_arch_no_port_write_pins
 .text          0x0000000000013a35       0x89 build/cooja/mtype476.a(buttons.o)
 .text          0x0000000000013abe      0x146 build/cooja/mtype476.a(oxygen_measurin)
                0x0000000000013abe                randInRange
 .text          0x0000000000013c04      0x27b build/cooja/mtype476.a(coap-blocking-a)
                0x0000000000013c04                coap_blocking_request_callback
                0x0000000000013c2e                coap_blocking_request
 .text          0x0000000000013e7f      0xc26 build/cooja/mtype476.a(coap-engine.o)
                0x0000000000013f14                coap_add_handler
                0x0000000000013f31                coap_remove_handler
                0x0000000000013f4e                coap_call_handlers
                0x0000000000014056                coap_receive
                0x000000000001468d                coap_engine_init
                0x00000000000146eb                coap_activate_resource
                0x0000000000014796                coap_get_first_resource
                0x00000000000147af                coap_get_next_resource
 .text          0x0000000000014aa5      0x2d9 build/cooja/mtype476.a(coap-res-well-k)
 .text          0x0000000000014d7e      0x96a build/cooja/mtype476.a(coap-observe.o)
                0x0000000000014e93                coap_remove_observer
                0x0000000000014ec3                coap_remove_observer_by_client
                0x0000000000014f2b                coap_remove_observer_by_token
                0x0000000000014fbe                coap_remove_observer_by_uri
                0x0000000000015065                coap_remove_observer_by_mid
                0x00000000000150e1                coap_notify_observers
                0x00000000000150fa                coap_notify_observers_sub
                0x0000000000015564                coap_observe_handler
                0x000000000001567f                coap_has_observers
 .text          0x00000000000156e8      0x733 build/cooja/mtype476.a(coap-uip.o)
                0x00000000000156e8                coap_endpoint_log
                0x000000000001576e                coap_endpoint_print
                0x00000000000157f4                coap_endpoint_snprint
                0x0000000000015927                coap_endpoint_copy
                0x0000000000015964                coap_endpoint_cmp
                0x0000000000015a72                coap_endpoint_parse
                0x0000000000015c5d                coap_endpoint_is_secure
                0x0000000000015c6c                coap_endpoint_is_connected
                0x0000000000015ca0                coap_endpoint_connect
                0x0000000000015cbc                coap_endpoint_disconnect
                0x0000000000015cc2                coap_databuf
                0x0000000000015ccc                coap_transport_init
                0x0000000000015d1c                coap_sendto
 .text          0x0000000000015e1b      0x324 build/cooja/mtype476.a(coap-timer.o)
                0x0000000000015f18                coap_timer_stop
                0x0000000000015f43                coap_timer_set
                0x0000000000015f86                coap_timer_reset
                0x0000000000015fc9                coap_timer_time_to_next_expiration
                0x0000000000016035                coap_timer_run
                0x0000000000016101                coap_timer_init
 .text          0x000000000001613f      0x2c6 build/cooja/mtype476.a(coap-transactio)
                0x00000000000161a5                coap_new_transaction
                0x000000000001620b                coap_send_transaction
                0x000000000001636c                coap_clear_transaction
                0x00000000000163b4                coap_get_transaction_by_mid
 .text          0x0000000000016405     0x1ceb build/cooja/mtype476.a(coap.o)
                0x0000000000016972                coap_init_connection
                0x0000000000016986                coap_get_mid
                0x00000000000169a2                coap_init_message
                0x00000000000169eb                coap_serialize_message
                0x000000000001706d                coap_parse_message
                0x000000000001776c                coap_get_query_variable
                0x00000000000177ae                coap_get_post_variable
                0x00000000000177f2                coap_set_status_code
                0x0000000000017817                coap_set_token
                0x000000000001785e                coap_get_header_content_format
                0x000000000001788f                coap_set_header_content_format
                0x00000000000178b2                coap_get_header_accept
                0x00000000000178e3                coap_set_header_accept
                0x0000000000017906                coap_get_header_max_age
                0x0000000000017937                coap_set_header_max_age
                0x0000000000017957                coap_get_header_etag
                0x0000000000017989                coap_set_header_etag
                0x00000000000179e0                coap_get_header_if_match
                0x0000000000017a12                coap_set_header_if_match
                0x0000000000017a69                coap_get_header_if_none_match
                0x0000000000017a83                coap_set_header_if_none_match
                0x0000000000017a9a                coap_get_header_proxy_uri
                0x0000000000017ac8                coap_set_header_proxy_uri
                0x0000000000017b05                coap_get_header_uri_host
                0x0000000000017b33                coap_set_header_uri_host
                0x0000000000017b70                coap_get_header_uri_path
                0x0000000000017b9e                coap_set_header_uri_path
                0x0000000000017beb                coap_get_header_uri_query
                0x0000000000017c1f                coap_set_header_uri_query
                0x0000000000017c75                coap_get_header_location_path
                0x0000000000017ca3                coap_set_header_location_path
                0x0000000000017d3c                coap_get_header_location_query
                0x0000000000017d6a                coap_set_header_location_query
                0x0000000000017db7                coap_get_header_observe
                0x0000000000017de6                coap_set_header_observe
                0x0000000000017e06                coap_get_header_block2
                0x0000000000017e72                coap_set_header_block2
                0x0000000000017ee9                coap_get_header_block1
                0x0000000000017f5e                coap_set_header_block1
                0x0000000000017fd9                coap_get_header_size2
                0x0000000000018009                coap_set_header_size2
                0x000000000001802c                coap_get_header_size1
                0x000000000001805c                coap_set_header_size1
                0x000000000001807f                coap_get_payload
                0x00000000000180b9                coap_set_payload
 .text          0x00000000000180f0      0x332 build/cooja/mtype476.a(contiki-main.o)
                0x00000000000180f0                main
 .text          0x0000000000018422       0x92 build/cooja/mtype476.a(autostart.o)
                0x0000000000018422                autostart_start
                0x000000000001846c                autostart_exit
 .text          0x00000000000184b4      0x355 build/cooja/mtype476.a(ctimer.o)
                0x00000000000185dc                ctimer_init
                0x000000000001860f                ctimer_set
                0x0000000000018635                ctimer_set_with_process
                0x00000000000186b2                ctimer_reset
                0x0000000000018706                ctimer_restart
                0x000000000001875a                ctimer_stop
                0x00000000000187aa                ctimer_expired
 .text          0x0000000000018809      0x3d7 build/cooja/mtype476.a(log.o)
                0x0000000000018809                log_6addr
                0x000000000001885c                log_6addr_compact_snprint
                0x00000000000188fa                log_6addr_compact
                0x000000000001894d                log_lladdr
                0x00000000000189bf                log_lladdr_compact
                0x0000000000018a27                log_bytes
                0x0000000000018a6a                log_set_level
                0x0000000000018b25                log_get_level
                0x0000000000018b9e                log_level_to_str
 .text          0x0000000000018be0       0x1b build/cooja/mtype476.a(energest.o)
                0x0000000000018be0                energest_init
                0x0000000000018be6                energest_flush
                0x0000000000018bec                energest_get_total_time
 .text          0x0000000000018bfb      0x43f build/cooja/mtype476.a(etimer.o)
                0x0000000000018e1f                etimer_request_poll
                0x0000000000018ea8                etimer_set
                0x0000000000018ed1                etimer_reset_with_new_interval
                0x0000000000018f00                etimer_reset
                0x0000000000018f26                etimer_restart
                0x0000000000018f4c                etimer_adjust
                0x0000000000018f69                etimer_expired
                0x0000000000018f7c                etimer_expiration_time
                0x0000000000018f8e                etimer_start_time
                0x0000000000018f98                etimer_pending
                0x0000000000018faa                etimer_next_expiration_time
                0x0000000000018fc4                etimer_stop
 .text          0x000000000001903a       0x25 build/cooja/mtype476.a(node-id.o)
                0x000000000001903a                node_id_init
 .text          0x000000000001905f       0xeb build/cooja/mtype476.a(rtimer.o)
                0x000000000001905f                rtimer_init
                0x000000000001906d                rtimer_set
                0x00000000000190e8                rtimer_run_next
 .text          0x000000000001914a      0x4fb build/cooja/mtype476.a(process.o)
                0x000000000001914a                process_alloc_event
                0x000000000001915f                process_start
                0x0000000000019339                process_exit
                0x0000000000019356                process_init
                0x00000000000194eb                process_run
                0x000000000001951e                process_nevents
                0x0000000000019539                process_post
                0x00000000000195cc                process_post_synch
                0x0000000000019601                process_poll
                0x0000000000019631                process_is_running
 .text          0x0000000000019645       0xb1 build/cooja/mtype476.a(timer.o)
                0x0000000000019645                timer_set
                0x0000000000019663                timer_reset
                0x0000000000019690                timer_restart
                0x00000000000196a5                timer_expired
                0x00000000000196d2                timer_remaining
 .text          0x00000000000196f6      0x28f build/cooja/mtype476.a(list.o)
                0x00000000000196f6                list_init
                0x0000000000019705                list_head
                0x000000000001970f                list_copy
                0x000000000001971f                list_tail
                0x0000000000019755                list_add
                0x00000000000197a1                list_push
                0x00000000000197cd                list_chop
                0x0000000000019837                list_pop
                0x000000000001985f                list_remove
                0x00000000000198c7                list_length
                0x00000000000198f5                list_insert
                0x000000000001993a                list_item_next
                0x0000000000019951                list_contains
 .text          0x0000000000019985      0x1b5 build/cooja/mtype476.a(memb.o)
                0x0000000000019985                memb_init
                0x00000000000199da                memb_alloc
                0x0000000000019a3d                memb_free
                0x0000000000019ab4                memb_inmemb
                0x0000000000019af3                memb_numfree
 .text          0x0000000000019b3a      0x493 build/cooja/mtype476.a(button-hal.o)
                0x0000000000019cc6                button_hal_get_by_id
                0x0000000000019d04                button_hal_get_by_index
                0x0000000000019d30                button_hal_get_state
                0x0000000000019d82                button_hal_init
 .text          0x0000000000019fcd      0x1f3 build/cooja/mtype476.a(serial-line.o)
                0x0000000000019fcd                serial_line_input_byte
                0x000000000001a18b                serial_line_init
 .text          0x000000000001a1c0      0x168 build/cooja/mtype476.a(gpio-hal.o)
                0x000000000001a1c0                gpio_hal_register_handler
                0x000000000001a1dd                gpio_hal_event_handler
                0x000000000001a239                gpio_hal_init
                0x000000000001a258                gpio_hal_arch_port_toggle_pin
                0x000000000001a294                gpio_hal_arch_port_toggle_pins
                0x000000000001a2c2                gpio_hal_arch_no_port_toggle_pin
                0x000000000001a300                gpio_hal_arch_no_port_toggle_pins
 .text          0x000000000001a328      0x2e7 build/cooja/mtype476.a(queuebuf.o)
                0x000000000001a332                queuebuf_init
                0x000000000001a35b                queuebuf_numfree
                0x000000000001a373                queuebuf_new_from_packetbuf
                0x000000000001a412                queuebuf_update_attr_from_packetbuf
                0x000000000001a447                queuebuf_update_from_packetbuf
                0x000000000001a497                queuebuf_free
                0x000000000001a4e0                queuebuf_to_packetbuf
                0x000000000001a54c                queuebuf_dataptr
                0x000000000001a586                queuebuf_datalen
                0x000000000001a5a9                queuebuf_addr
                0x000000000001a5de                queuebuf_attr
                0x000000000001a609                queuebuf_debug_print
 .text          0x000000000001a60f      0x407 build/cooja/mtype476.a(packetbuf.o)
                0x000000000001a60f                packetbuf_clear
                0x000000000001a63a                packetbuf_copyfrom
                0x000000000001a689                packetbuf_copyto
                0x000000000001a71c                packetbuf_hdralloc
                0x000000000001a798                packetbuf_hdrreduce
                0x000000000001a7de                packetbuf_set_datalen
                0x000000000001a7f8                packetbuf_dataptr
                0x000000000001a815                packetbuf_hdrptr
                0x000000000001a81f                packetbuf_datalen
                0x000000000001a82b                packetbuf_hdrlen
                0x000000000001a842                packetbuf_totlen
                0x000000000001a858                packetbuf_remaininglen
                0x000000000001a86b                packetbuf_attr_clear
                0x000000000001a8b7                packetbuf_attr_copyto
                0x000000000001a90f                packetbuf_attr_copyfrom
                0x000000000001a967                packetbuf_set_attr
                0x000000000001a991                packetbuf_attr
                0x000000000001a9ab                packetbuf_set_addr
                0x000000000001a9dc                packetbuf_addr
                0x000000000001a9f9                packetbuf_holds_broadcast
 .text          0x000000000001aa16       0xef build/cooja/mtype476.a(netstack.o)
                0x000000000001aa16                netstack_process_ip_callback
                0x000000000001aaa7                netstack_ip_packet_processor_add
                0x000000000001aaca                uip_ds6_ip_packet_processor_rm
                0x000000000001aae7                netstack_init
 .text          0x000000000001ab05       0x4f build/cooja/mtype476.a(linkaddr.o)
                0x000000000001ab05                linkaddr_copy
                0x000000000001ab1b                linkaddr_cmp
                0x000000000001ab3e                linkaddr_set_node_addr
 .text          0x000000000001ab54      0x229 build/cooja/mtype476.a(csma.o)
 .text          0x000000000001ad7d      0x95d build/cooja/mtype476.a(csma-output.o)
                0x000000000001b414                csma_output_packet
                0x000000000001b6a1                csma_output_init
 .text          0x000000000001b6da      0xc11 build/cooja/mtype476.a(uip-ds6.o)
                0x000000000001b6da                uip_ds6_default_prefix
                0x000000000001b6e4                uip_ds6_set_default_prefix
                0x000000000001b70f                uip_ds6_init
                0x000000000001b971                uip_ds6_periodic
                0x000000000001b9f8                uip_ds6_list_loop
                0x000000000001bab8                uip_ds6_prefix_add
                0x000000000001bb64                uip_ds6_prefix_rm
                0x000000000001bb77                uip_ds6_prefix_lookup
                0x000000000001bbb6                uip_ds6_is_addr_onlink
                0x000000000001bc29                uip_ds6_addr_add
                0x000000000001bd49                uip_ds6_addr_rm
                0x000000000001bdf2                uip_ds6_addr_lookup
                0x000000000001be2b                uip_ds6_get_link_local
                0x000000000001beac                uip_ds6_get_global
                0x000000000001bf2d                uip_ds6_maddr_add
                0x000000000001bf8d                uip_ds6_maddr_rm
                0x000000000001bfa0                uip_ds6_maddr_lookup
                0x000000000001bfd9                uip_ds6_aaddr_add
                0x000000000001c039                uip_ds6_aaddr_rm
                0x000000000001c04c                uip_ds6_aaddr_lookup
                0x000000000001c085                uip_ds6_select_src
                0x000000000001c1ce                uip_ds6_set_addr_iid
                0x000000000001c1f9                uip_ds6_set_lladdr_from_iid
                0x000000000001c222                get_match_length
                0x000000000001c2b3                uip_ds6_compute_reachable_time
 .text          0x000000000001c2eb      0x128 build/cooja/mtype476.a(uip-udp-packet.)
                0x000000000001c2eb                uip_udp_packet_send
                0x000000000001c346                uip_udp_packet_sendto
 .text          0x000000000001c413      0x365 build/cooja/mtype476.a(uip-ds6-route.o)
                0x000000000001c464                uip_ds6_route_init
                0x000000000001c48e                uip_ds6_route_count_nexthop_neighbors
                0x000000000001c498                uip_ds6_route_nexthop
                0x000000000001c4a2                uip_ds6_route_head
                0x000000000001c4ac                uip_ds6_route_next
                0x000000000001c4b6                uip_ds6_route_is_nexthop
                0x000000000001c4c0                uip_ds6_route_num_routes
                0x000000000001c4ca                uip_ds6_route_lookup
                0x000000000001c4d4                uip_ds6_route_add
                0x000000000001c4e7                uip_ds6_route_rm
                0x000000000001c4ed                uip_ds6_route_rm_by_nexthop
                0x000000000001c4f3                uip_ds6_defrt_head
                0x000000000001c50c                uip_ds6_defrt_add
                0x000000000001c5ba                uip_ds6_defrt_rm
                0x000000000001c620                uip_ds6_defrt_lookup
                0x000000000001c687                uip_ds6_defrt_choose
                0x000000000001c6fd                uip_ds6_defrt_periodic
 .text          0x000000000001c778      0x6f7 build/cooja/mtype476.a(tcpip.o)
                0x000000000001c792                tcpip_output
                0x000000000001c811                udp_attach
                0x000000000001c829                udp_new
                0x000000000001c873                udp_broadcast_new
                0x000000000001c9e5                tcpip_input
                0x000000000001cb75                tcpip_ipv6_output
                0x000000000001cd69                tcpip_poll_udp
                0x000000000001cd87                tcpip_uipcall
 .text          0x000000000001ce6f     0x1205 build/cooja/mtype476.a(uip6.o)
                0x000000000001cf1e                uip_chksum
                0x000000000001cff5                uip_icmp6chksum
                0x000000000001d00a                uip_udpchksum
                0x000000000001d01f                uip_init
                0x000000000001d068                uip_remove_ext_hdr
                0x000000000001d142                uip_udp_new
                0x000000000001d456                uip_process
                0x000000000001df4e                uip_htons
                0x000000000001df70                uip_htonl
                0x000000000001dfae                uip_send
 .text          0x000000000001e074      0x369 build/cooja/mtype476.a(uip-ds6-nbr.o)
                0x000000000001e074                uip_ds6_neighbors_init
                0x000000000001e098                uip_ds6_nbr_add
                0x000000000001e11e                uip_ds6_nbr_rm
                0x000000000001e169                uip_ds6_nbr_update_ll
                0x000000000001e257                uip_ds6_nbr_get_ipaddr
                0x000000000001e26c                uip_ds6_nbr_get_ll
                0x000000000001e288                uip_ds6_nbr_num
                0x000000000001e2d1                uip_ds6_nbr_head
                0x000000000001e2ea                uip_ds6_nbr_next
                0x000000000001e306                uip_ds6_nbr_lookup
                0x000000000001e35e                uip_ds6_nbr_ll_lookup
                0x000000000001e37a                uip_ds6_nbr_ipaddr_from_lladdr
                0x000000000001e3a3                uip_ds6_nbr_lladdr_from_ipaddr
                0x000000000001e3d7                uip_ds6_link_callback
 .text          0x000000000001e3dd      0x6ad build/cooja/mtype476.a(uip-nd6.o)
                0x000000000001ea71                uip_nd6_init
 .text          0x000000000001ea8a     0x2f35 build/cooja/mtype476.a(sicslowpan.o)
                0x000000000001f091                netstack_sniffer_add
                0x000000000001f09f                netstack_sniffer_remove
                0x0000000000021993                sicslowpan_init
                0x00000000000219b5                sicslowpan_get_last_rssi
 .text          0x00000000000219bf      0x4d1 build/cooja/mtype476.a(uiplib.o)
                0x00000000000219bf                uiplib_ip6addrconv
                0x0000000000021b77                uiplib_ip4addrconv
                0x0000000000021c3a                uiplib_ipaddr_print
                0x0000000000021c8d                uiplib_ipaddr_snprint
 .text          0x0000000000021e90      0x4c9 build/cooja/mtype476.a(rpl.o)
                0x0000000000021e90                rpl_lollipop_greater_than
                0x0000000000021eea                rpl_get_global_address
                0x0000000000021fe2                rpl_link_callback
                0x0000000000022026                rpl_has_joined
                0x000000000002204b                rpl_is_reachable
                0x00000000000220cc                rpl_reset_prefix
                0x0000000000022136                rpl_set_prefix_from_addr
                0x000000000002221b                rpl_set_prefix
                0x0000000000022335                rpl_set_leaf_only
                0x000000000002234d                rpl_get_leaf_only
 .text          0x0000000000022359     0x138c build/cooja/mtype476.a(rpl-icmp6.o)
                0x000000000002247e                rpl_icmp6_update_nbr_table
                0x0000000000022507                rpl_icmp6_dis_output
                0x0000000000022b4d                rpl_icmp6_dio_output
                0x000000000002334b                rpl_icmp6_dao_output
                0x000000000002362c                rpl_icmp6_dao_ack_output
                0x000000000002369c                rpl_icmp6_init
 .text          0x00000000000236e5      0x264 build/cooja/mtype476.a(rpl-dag-root.o)
                0x00000000000236e5                rpl_dag_root_print_links
                0x0000000000023811                rpl_dag_root_set_prefix
                0x000000000002383d                rpl_dag_root_start
                0x000000000002391a                rpl_dag_root_is_root
 .text          0x0000000000023949       0x30 build/cooja/mtype476.a(watchdog.o)
                0x0000000000023949                watchdog_init
                0x000000000002394f                watchdog_start
                0x0000000000023955                watchdog_periodic
                0x000000000002396d                watchdog_stop
                0x0000000000023973                watchdog_reboot
 .text          0x0000000000023979       0x4a build/cooja/mtype476.a(int-master.o)
                0x0000000000023979                int_master_enable
                0x0000000000023989                int_master_read_and_disable
                0x00000000000239a6                int_master_status_set
                0x00000000000239b4                int_master_is_enabled
 .text          0x00000000000239c3      0x6ee build/cooja/mtype476.a(coap-observe-cl)
                0x0000000000023a61                coap_obs_add_observee
                0x0000000000023afd                coap_obs_remove_observee
                0x0000000000023b2d                coap_get_obs_subject_by_token
                0x0000000000023b95                coap_obs_remove_observee_by_token
                0x0000000000023c28                coap_obs_remove_observee_by_url
                0x0000000000023d80                coap_handle_notification
                0x0000000000023edb                coap_generate_token
                0x0000000000023efd                coap_obs_request_registration
 .text          0x00000000000240b1      0x226 build/cooja/mtype476.a(coap-timer-defa)
 .text          0x00000000000242d7       0xc7 build/cooja/mtype476.a(stimer.o)
                0x00000000000242d7                stimer_set
                0x00000000000242f5                stimer_reset
                0x0000000000024322                stimer_restart
                0x0000000000024337                stimer_expired
                0x0000000000024362                stimer_remaining
                0x0000000000024386                stimer_elapsed
 .text          0x000000000002439e      0x156 build/cooja/mtype476.a(ringbuf.o)
                0x000000000002439e                ringbuf_init
                0x00000000000243d0                ringbuf_put
                0x000000000002444e                ringbuf_get
                0x00000000000244bb                ringbuf_size
                0x00000000000244cd                ringbuf_elements
 .text          0x00000000000244f4       0x1f build/cooja/mtype476.a(assert.o)
                0x00000000000244f4                _xassert
 .text          0x0000000000024513      0x9aa build/cooja/mtype476.a(nbr-table.o)
                0x0000000000024836                nbr_table_count_entries
                0x00000000000248c4                nbr_table_gc_get_worst
                0x00000000000248fa                nbr_table_can_accept_new
                0x0000000000024a55                nbr_table_entry_is_allowed
                0x0000000000024ad9                nbr_table_register
                0x0000000000024b46                nbr_table_is_registered
                0x0000000000024b81                nbr_table_head
                0x0000000000024bdc                nbr_table_next
                0x0000000000024c3d                nbr_table_add_lladdr
                0x0000000000024d75                nbr_table_get_from_lladdr
                0x0000000000024dc1                nbr_table_remove
                0x0000000000024df9                nbr_table_lock
                0x0000000000024e13                nbr_table_unlock
                0x0000000000024e2d                nbr_table_get_lladdr
                0x0000000000024e59                nbr_table_clear
                0x0000000000024e8e                nbr_table_key_head
                0x0000000000024ea7                nbr_table_key_next
 .text          0x0000000000024ebd      0x3a5 build/cooja/mtype476.a(link-stats.o)
                0x0000000000024ebd                link_stats_from_lladdr
                0x0000000000024ed9                link_stats_get_lladdr
                0x0000000000024ef5                link_stats_is_fresh
                0x0000000000024f31                guess_etx_from_rssi
                0x0000000000024fad                link_stats_packet_sent
                0x00000000000250cd                link_stats_input_callback
                0x00000000000251dd                link_stats_reset
                0x000000000002522d                link_stats_init
 .text          0x0000000000025262      0x187 build/cooja/mtype476.a(mac-sequence.o)
                0x0000000000025262                mac_sequence_is_duplicate
                0x0000000000025302                mac_sequence_register_seqno
 .text          0x00000000000253e9       0x23 build/cooja/mtype476.a(mac.o)
                0x00000000000253e9                mac_call_sent_callback
 .text          0x000000000002540c      0x432 build/cooja/mtype476.a(framer-802154.o)
                0x000000000002559b                framer_802154_setup_params
 .text          0x000000000002583e      0xb6f build/cooja/mtype476.a(frame802154.o)
                0x000000000002586f                frame802154_get_pan_id
                0x000000000002587b                frame802154_set_pan_id
                0x0000000000025895                frame802154_has_panid
                0x0000000000025a44                frame802154_check_dest_panid
                0x0000000000025acc                frame802154_is_broadcast_addr
                0x0000000000025b19                frame802154_extract_linkaddr
                0x0000000000025d7e                frame802154_hdrlen
                0x0000000000025df1                frame802154_create_fcf
                0x0000000000025ea9                frame802154_create
                0x000000000002601e                frame802154_parse_fcf
                0x0000000000026100                frame802154_parse
 .text          0x00000000000263ad       0x2d build/cooja/mtype476.a(csma-security.o)
                0x00000000000263ad                csma_security_create_frame
                0x00000000000263cb                csma_security_parse_frame
 .text          0x00000000000263da      0x509 build/cooja/mtype476.a(uipbuf.o)
                0x00000000000263da                uipbuf_clear
                0x0000000000026401                uipbuf_add_ext_hdr
                0x0000000000026481                uipbuf_set_len
                0x00000000000264ae                uipbuf_set_len_field
                0x00000000000264da                uipbuf_get_len_field
                0x00000000000264fa                uipbuf_get_next_header
                0x000000000002662c                uipbuf_get_last_header
                0x00000000000266a5                uipbuf_search_header
                0x000000000002675b                uipbuf_get_attr
                0x0000000000026782                uipbuf_set_attr
                0x00000000000267b9                uipbuf_set_default_attr
                0x00000000000267f0                uipbuf_clear_attr
                0x0000000000026839                uipbuf_set_attr_flag
                0x000000000002685a                uipbuf_clr_attr_flag
                0x0000000000026881                uipbuf_is_attr_flag
                0x00000000000268a5                uipbuf_init
 .text          0x00000000000268e3      0x73f build/cooja/mtype476.a(uip-icmp6.o)
                0x0000000000026958                uip_icmp6_input
                0x00000000000269af                uip_icmp6_register_input_handler
                0x0000000000026b02                uip_icmp6_error_output
                0x0000000000026db3                uip_icmp6_send
                0x0000000000026faa                uip_icmp6_echo_reply_callback_add
                0x0000000000026fdc                uip_icmp6_echo_reply_callback_rm
                0x0000000000026ff9                uip_icmp6_init
 .text          0x0000000000027022      0x69b build/cooja/mtype476.a(uip-sr.o)
                0x0000000000027022                uip_sr_num_nodes
                0x00000000000270b0                uip_sr_get_node
                0x0000000000027107                uip_sr_is_addr_reachable
                0x00000000000271b5                uip_sr_expire_parent
                0x00000000000271fe                uip_sr_update_node
                0x000000000002732e                uip_sr_init
                0x0000000000027362                uip_sr_node_head
                0x000000000002737b                uip_sr_node_next
                0x0000000000027391                uip_sr_periodic
                0x0000000000027497                uip_sr_free_all
                0x0000000000027507                uip_sr_link_snprint
 .text          0x00000000000276bd      0x146 build/cooja/mtype476.a(uip-packetqueue)
                0x00000000000276eb                uip_packetqueue_new
                0x00000000000276fa                uip_packetqueue_alloc
                0x0000000000027755                uip_packetqueue_free
                0x000000000002779c                uip_packetqueue_buf
                0x00000000000277b9                uip_packetqueue_buflen
                0x00000000000277da                uip_packetqueue_set_buflen
 .text          0x0000000000027803       0x70 build/cooja/mtype476.a(rpl-nbr-policy.)
                0x000000000002783c                rpl_nbr_gc_get_worst
 .text          0x0000000000027873      0x915 build/cooja/mtype476.a(rpl-neighbor.o)
                0x00000000000278ef                rpl_neighbor_snprint
                0x0000000000027ba2                rpl_neighbor_print_list
                0x0000000000027c57                rpl_neighbor_count
                0x0000000000027cfe                rpl_neighbor_get_from_lladdr
                0x0000000000027d1a                rpl_neighbor_is_acceptable_parent
                0x0000000000027d4e                rpl_neighbor_get_link_metric
                0x0000000000027d82                rpl_neighbor_rank_via_nbr
                0x0000000000027db6                rpl_neighbor_get_lladdr
                0x0000000000027dd2                rpl_neighbor_get_ipaddr
                0x0000000000027df9                rpl_neighbor_get_link_stats
                0x0000000000027e20                rpl_neighbor_is_fresh
                0x0000000000027e47                rpl_neighbor_is_reachable
                0x0000000000027e92                rpl_neighbor_is_parent
                0x0000000000027ebc                rpl_neighbor_set_preferred_parent
                0x0000000000027f53                rpl_neighbor_remove_all
                0x0000000000027faf                rpl_neighbor_get_from_ipaddr
                0x00000000000280bd                rpl_neighbor_select_best
                0x0000000000028169                rpl_neighbor_init
 .text          0x0000000000028188      0xe69 build/cooja/mtype476.a(rpl-dag.o)
                0x0000000000028188                rpl_dag_state_to_str
                0x00000000000281c7                rpl_dag_get_root_ipaddr
                0x000000000002820f                rpl_dag_leave
                0x0000000000028298                rpl_dag_poison_and_leave
                0x00000000000282b0                rpl_dag_periodic
                0x0000000000028338                rpl_is_addr_in_our_dag
                0x000000000002837c                rpl_get_default_instance
                0x0000000000028398                rpl_get_any_dag
                0x00000000000283f1                rpl_refresh_routes
                0x0000000000028431                rpl_global_repair
                0x00000000000284ca                rpl_local_repair
                0x0000000000028514                rpl_dag_ready_to_advertise
                0x0000000000028557                rpl_dag_update_state
                0x0000000000028c84                rpl_process_dio
                0x0000000000028d02                rpl_process_dis
                0x0000000000028d47                rpl_process_dao
                0x0000000000028dd6                rpl_process_dao_ack
                0x0000000000028e6d                rpl_process_hbh
                0x0000000000028ebd                rpl_dag_init_root
                0x0000000000028fd1                rpl_dag_init
 .text          0x0000000000028ff1      0x9e7 build/cooja/mtype476.a(rpl-timers.o)
                0x0000000000028ff1                rpl_timers_schedule_periodic_dis
                0x000000000002913f                rpl_timers_dio_reset
                0x000000000002924d                rpl_timers_schedule_unicast_dio
                0x00000000000293a1                rpl_timers_schedule_dao
                0x0000000000029460                rpl_timers_schedule_dao_ack
                0x00000000000294e6                rpl_timers_notify_dao_ack
                0x0000000000029544                get_probing_delay
                0x0000000000029578                get_probing_target
                0x0000000000029762                rpl_schedule_probing
                0x0000000000029790                rpl_schedule_probing_now
                0x00000000000297fa                rpl_timers_unschedule_leaving
                0x0000000000029832                rpl_timers_schedule_leaving
                0x0000000000029873                rpl_timers_init
                0x0000000000029903                rpl_timers_stop_dag_timers
                0x000000000002997c                rpl_timers_unschedule_state_update
                0x00000000000299a0                rpl_timers_schedule_state_update
 .text          0x00000000000299d8      0xbd8 build/cooja/mtype476.a(rpl-ext-header.)
                0x00000000000299d8                rpl_ext_header_srh_get_next_hop
                0x0000000000029abf                rpl_ext_header_srh_update
                0x000000000002a075                rpl_ext_header_hbh_update
                0x000000000002a375                rpl_ext_header_update
                0x000000000002a3fe                rpl_ext_header_remove
 .text          0x000000000002a5b0      0x31b build/cooja/mtype476.a(rpl-mrhof.o)
 *fill*         0x000000000002a8cb        0x5 
 .text          0x000000000002a8d0      0x122 /usr/lib/gcc/i686-linux-gnu/5/libgcc.a(_udivdi3.o)
                0x000000000002a8d0                __udivdi3
 .text          0x000000000002a9f2        0x0 /usr/lib/gcc/i686-linux-gnu/5/crtendS.o
 .text          0x000000000002a9f2        0x0 /usr/lib/gcc/i686-linux-gnu/5/../../../i386-linux-gnu/crtn.o
 *(.gnu.warning)

.fini           0x000000000002a9f4       0x14
 *(SORT(.fini))
 .fini          0x000000000002a9f4        0xf /usr/lib/gcc/i686-linux-gnu/5/../../../i386-linux-gnu/crti.o
                0x000000000002a9f4                _fini
 .fini          0x000000000002aa03        0x5 /usr/lib/gcc/i686-linux-gnu/5/../../../i386-linux-gnu/crtn.o
                [!provide]                        PROVIDE (__etext, .)
                [!provide]                        PROVIDE (_etext, .)
                [!provide]                        PROVIDE (etext, .)

.rodata         0x000000000002aa20      0xaab
 *(.rodata .rodata.* .gnu.linkonce.r.*)
 .rodata        0x000000000002aa20       0xed oxygen_sensor.o
                0x000000000002aa70                autostart_processes
 *fill*         0x000000000002ab0d        0x3 
 .rodata        0x000000000002ab10        0x8 build/cooja/mtype476.a(beep.o)
                0x000000000002ab10                beep_interface
 .rodata        0x000000000002ab18        0xe build/cooja/mtype476.a(leds-arch.o)
                0x000000000002ab18                leds_interface
                0x000000000002ab20                leds_arch_leds
 *fill*         0x000000000002ab26        0x2 
 .rodata        0x000000000002ab28        0x8 build/cooja/mtype476.a(moteid.o)
                0x000000000002ab28                moteid_interface
 .rodata        0x000000000002ab30       0x1c build/cooja/mtype476.a(pir-sensor.o)
                0x000000000002ab30                pir_interface
                0x000000000002ab3c                pir_sensor
 .rodata        0x000000000002ab4c        0xe build/cooja/mtype476.a(rs232.o)
                0x000000000002ab4c                rs232_interface
 *fill*         0x000000000002ab5a        0x2 
 .rodata        0x000000000002ab5c       0x24 build/cooja/mtype476.a(vib-sensor.o)
                0x000000000002ab5c                vib_interface
                0x000000000002ab70                vib_sensor
 .rodata        0x000000000002ab80        0x8 build/cooja/mtype476.a(clock.o)
                0x000000000002ab80                clock_interface
 .rodata        0x000000000002ab88        0x8 build/cooja/mtype476.a(cooja-log.o)
                0x000000000002ab88                simlog_interface
 .rodata        0x000000000002ab90       0x2f build/cooja/mtype476.a(cfs-cooja.o)
                0x000000000002ab90                cfs_interface
 *fill*         0x000000000002abbf        0x1 
 .rodata        0x000000000002abc0       0xb8 build/cooja/mtype476.a(cooja-radio.o)
                0x000000000002abc0                radio_interface
                0x000000000002ac40                cooja_radio_driver
 .rodata        0x000000000002ac78        0x8 build/cooja/mtype476.a(eeprom.o)
                0x000000000002ac78                eeprom_interface
 .rodata        0x000000000002ac80        0x8 build/cooja/mtype476.a(sensors.o)
 .rodata        0x000000000002ac88       0x2c build/cooja/mtype476.a(buttons.o)
                0x000000000002ac88                button_interface
                0x000000000002ac9c                button_hal_button_count
                0x000000000002aca4                button_sensor
 .rodata        0x000000000002acb4       0x69 build/cooja/mtype476.a(oxygen_measurin)
 .rodata        0x000000000002ad1d       0x41 build/cooja/mtype476.a(coap-engine.o)
 .rodata        0x000000000002ad5e       0x19 build/cooja/mtype476.a(coap-res-well-k)
 .rodata        0x000000000002ad77       0x11 build/cooja/mtype476.a(coap-observe.o)
 .rodata        0x000000000002ad88       0x35 build/cooja/mtype476.a(coap-uip.o)
 *fill*         0x000000000002adbd        0x3 
 .rodata        0x000000000002adc0      0x1ac build/cooja/mtype476.a(coap.o)
 .rodata        0x000000000002af6c       0xf8 build/cooja/mtype476.a(contiki-main.o)
 .rodata        0x000000000002b064        0xf build/cooja/mtype476.a(ctimer.o)
 *fill*         0x000000000002b073        0x1 
 .rodata        0x000000000002b074       0xc4 build/cooja/mtype476.a(log.o)
 .rodata        0x000000000002b138        0xc build/cooja/mtype476.a(etimer.o)
 .rodata        0x000000000002b144       0x13 build/cooja/mtype476.a(button-hal.o)
 .rodata        0x000000000002b157        0xe build/cooja/mtype476.a(serial-line.o)
 *fill*         0x000000000002b165        0x3 
 .rodata        0x000000000002b168        0x8 build/cooja/mtype476.a(linkaddr.o)
                0x000000000002b168                linkaddr_null
 .rodata        0x000000000002b170       0x24 build/cooja/mtype476.a(csma.o)
                0x000000000002b178                csma_driver
 .rodata        0x000000000002b194       0x24 build/cooja/mtype476.a(csma-output.o)
 .rodata        0x000000000002b1b8       0x4d build/cooja/mtype476.a(uip-ds6-route.o)
 .rodata        0x000000000002b205        0xd build/cooja/mtype476.a(tcpip.o)
 *fill*         0x000000000002b212        0x2 
 .rodata        0x000000000002b214       0x30 build/cooja/mtype476.a(sicslowpan.o)
                0x000000000002b214                unc_llconf
                0x000000000002b218                unc_ctxconf
                0x000000000002b21c                unc_mxconf
                0x000000000002b220                llprefix
                0x000000000002b234                sicslowpan_driver
 .rodata        0x000000000002b244       0x2d build/cooja/mtype476.a(uiplib.o)
 *fill*         0x000000000002b271        0xf 
 .rodata        0x000000000002b280       0x74 build/cooja/mtype476.a(rpl.o)
                0x000000000002b2a0                rpl_lite_driver
 .rodata        0x000000000002b2f4       0x20 build/cooja/mtype476.a(coap-timer-defa)
                0x000000000002b308                coap_timer_default_driver
 .rodata        0x000000000002b314       0x25 build/cooja/mtype476.a(assert.o)
 *fill*         0x000000000002b339        0x3 
 .rodata        0x000000000002b33c        0xc build/cooja/mtype476.a(framer-802154.o)
                0x000000000002b33c                framer_802154
 .rodata        0x000000000002b348       0x44 build/cooja/mtype476.a(uip-sr.o)
 .rodata        0x000000000002b38c       0x58 build/cooja/mtype476.a(rpl-neighbor.o)
 .rodata        0x000000000002b3e4       0xdb build/cooja/mtype476.a(rpl-dag.o)
 .rodata        0x000000000002b4bf        0xc build/cooja/mtype476.a(rpl-timers.o)

.rodata1
 *(.rodata1)

.eh_frame_hdr   0x000000000002b4cc     0x1aa4
 *(.eh_frame_hdr)
 .eh_frame_hdr  0x000000000002b4cc     0x1aa4 oxygen_sensor.o
                0x000000000002b4cc                __GNU_EH_FRAME_HDR
 *(.eh_frame_entry .eh_frame_entry.*)

.eh_frame       0x000000000002cf70     0x6c14
 *(.eh_frame)
 .eh_frame      0x000000000002cf70       0x3c /usr/lib/gcc/i686-linux-gnu/5/../../../i386-linux-gnu/crti.o
                                         0x40 (size before relaxing)
 .eh_frame      0x000000000002cfac       0x40 oxygen_sensor.o
                                         0x58 (size before relaxing)
 .eh_frame      0x000000000002cfec      0x178 build/cooja/mtype476.o
                                        0x190 (size before relaxing)
 .eh_frame      0x000000000002d164       0x40 build/cooja/mtype476.a(simEnvChange.o)
                                         0x58 (size before relaxing)
 .eh_frame      0x000000000002d1a4       0x60 build/cooja/mtype476.a(cooja_mt.o)
                                         0x78 (size before relaxing)
 .eh_frame      0x000000000002d204       0x80 build/cooja/mtype476.a(cooja_mtarch.o)
                                         0x98 (size before relaxing)
 .eh_frame      0x000000000002d284       0xc8 build/cooja/mtype476.a(rtimer-arch.o)
                                         0xe0 (size before relaxing)
 .eh_frame      0x000000000002d34c      0x160 build/cooja/mtype476.a(beep.o)
                                        0x178 (size before relaxing)
 .eh_frame      0x000000000002d4ac       0x80 build/cooja/mtype476.a(leds-arch.o)
                                         0x98 (size before relaxing)
 .eh_frame      0x000000000002d52c       0x40 build/cooja/mtype476.a(moteid.o)
                                         0x58 (size before relaxing)
 .eh_frame      0x000000000002d56c       0xa0 build/cooja/mtype476.a(pir-sensor.o)
                                         0xb8 (size before relaxing)
 .eh_frame      0x000000000002d60c      0x100 build/cooja/mtype476.a(rs232.o)
                                        0x118 (size before relaxing)
 .eh_frame      0x000000000002d70c       0xa0 build/cooja/mtype476.a(vib-sensor.o)
                                         0xb8 (size before relaxing)
 .eh_frame      0x000000000002d7ac       0xc0 build/cooja/mtype476.a(clock.o)
                                         0xd8 (size before relaxing)
 .eh_frame      0x000000000002d86c      0x120 build/cooja/mtype476.a(cooja-log.o)
                                        0x138 (size before relaxing)
 .eh_frame      0x000000000002d98c      0x160 build/cooja/mtype476.a(cfs-cooja.o)
                                        0x178 (size before relaxing)
 .eh_frame      0x000000000002daec      0x340 build/cooja/mtype476.a(cooja-radio.o)
                                        0x358 (size before relaxing)
 .eh_frame      0x000000000002de2c       0xa0 build/cooja/mtype476.a(eeprom.o)
                                         0xb8 (size before relaxing)
 .eh_frame      0x000000000002decc       0x40 build/cooja/mtype476.a(random.o)
                                         0x58 (size before relaxing)
 .eh_frame      0x000000000002df0c       0xc0 build/cooja/mtype476.a(sensors.o)
                                         0xd8 (size before relaxing)
 .eh_frame      0x000000000002dfcc      0x120 build/cooja/mtype476.a(leds.o)
                                        0x138 (size before relaxing)
 .eh_frame      0x000000000002e0ec      0x220 build/cooja/mtype476.a(gpio-hal-arch.o)
                                        0x238 (size before relaxing)
 .eh_frame      0x000000000002e30c       0xa0 build/cooja/mtype476.a(buttons.o)
                                         0xb8 (size before relaxing)
 .eh_frame      0x000000000002e3ac       0x60 build/cooja/mtype476.a(oxygen_measurin)
                                         0x78 (size before relaxing)
 .eh_frame      0x000000000002e40c       0x44 build/cooja/mtype476.a(coap-blocking-a)
                                         0x5c (size before relaxing)
 .eh_frame      0x000000000002e450      0x220 build/cooja/mtype476.a(coap-engine.o)
                                        0x238 (size before relaxing)
 .eh_frame      0x000000000002e670       0x24 build/cooja/mtype476.a(coap-res-well-k)
                                         0x3c (size before relaxing)
 .eh_frame      0x000000000002e694      0x188 build/cooja/mtype476.a(coap-observe.o)
                                        0x1a0 (size before relaxing)
 .eh_frame      0x000000000002e81c      0x250 build/cooja/mtype476.a(coap-uip.o)
                                        0x268 (size before relaxing)
 .eh_frame      0x000000000002ea6c      0x114 build/cooja/mtype476.a(coap-timer.o)
                                        0x12c (size before relaxing)
 .eh_frame      0x000000000002eb80      0x100 build/cooja/mtype476.a(coap-transactio)
                                        0x118 (size before relaxing)
 .eh_frame      0x000000000002ec80      0x6ec build/cooja/mtype476.a(coap.o)
                                        0x704 (size before relaxing)
 .eh_frame      0x000000000002f36c       0x30 build/cooja/mtype476.a(contiki-main.o)
                                         0x48 (size before relaxing)
 .eh_frame      0x000000000002f39c       0x40 build/cooja/mtype476.a(autostart.o)
                                         0x58 (size before relaxing)
 .eh_frame      0x000000000002f3dc      0x100 build/cooja/mtype476.a(ctimer.o)
                                        0x118 (size before relaxing)
 .eh_frame      0x000000000002f4dc      0x120 build/cooja/mtype476.a(log.o)
                                        0x138 (size before relaxing)
 .eh_frame      0x000000000002f5fc       0x60 build/cooja/mtype476.a(energest.o)
                                         0x78 (size before relaxing)
 .eh_frame      0x000000000002f65c      0x1e0 build/cooja/mtype476.a(etimer.o)
                                        0x1f8 (size before relaxing)
 .eh_frame      0x000000000002f83c       0x20 build/cooja/mtype476.a(node-id.o)
                                         0x38 (size before relaxing)
 .eh_frame      0x000000000002f85c       0x60 build/cooja/mtype476.a(rtimer.o)
                                         0x78 (size before relaxing)
 .eh_frame      0x000000000002f8bc      0x1c4 build/cooja/mtype476.a(process.o)
                                        0x1dc (size before relaxing)
 .eh_frame      0x000000000002fa80       0xa4 build/cooja/mtype476.a(timer.o)
                                         0xbc (size before relaxing)
 .eh_frame      0x000000000002fb24      0x1a0 build/cooja/mtype476.a(list.o)
                                        0x1b8 (size before relaxing)
 .eh_frame      0x000000000002fcc4       0xa0 build/cooja/mtype476.a(memb.o)
                                         0xb8 (size before relaxing)
 .eh_frame      0x000000000002fd64      0x164 build/cooja/mtype476.a(button-hal.o)
                                        0x17c (size before relaxing)
 .eh_frame      0x000000000002fec8       0x60 build/cooja/mtype476.a(serial-line.o)
                                         0x78 (size before relaxing)
 .eh_frame      0x000000000002ff28       0xe0 build/cooja/mtype476.a(gpio-hal.o)
                                         0xf8 (size before relaxing)
 .eh_frame      0x0000000000030008      0x1a0 build/cooja/mtype476.a(queuebuf.o)
                                        0x1b8 (size before relaxing)
 .eh_frame      0x00000000000301a8      0x28c build/cooja/mtype476.a(packetbuf.o)
                                        0x2a4 (size before relaxing)
 .eh_frame      0x0000000000030434       0x80 build/cooja/mtype476.a(netstack.o)
                                         0x98 (size before relaxing)
 .eh_frame      0x00000000000304b4       0x60 build/cooja/mtype476.a(linkaddr.o)
                                         0x78 (size before relaxing)
 .eh_frame      0x0000000000030514       0xe0 build/cooja/mtype476.a(csma.o)
                                         0xf8 (size before relaxing)
 .eh_frame      0x00000000000305f4      0x1d0 build/cooja/mtype476.a(csma-output.o)
                                        0x1e8 (size before relaxing)
 .eh_frame      0x00000000000307c4      0x328 build/cooja/mtype476.a(uip-ds6.o)
                                        0x340 (size before relaxing)
 .eh_frame      0x0000000000030aec       0x40 build/cooja/mtype476.a(uip-udp-packet.)
                                         0x58 (size before relaxing)
 .eh_frame      0x0000000000030b2c      0x240 build/cooja/mtype476.a(uip-ds6-route.o)
                                        0x258 (size before relaxing)
 .eh_frame      0x0000000000030d6c      0x244 build/cooja/mtype476.a(tcpip.o)
                                        0x25c (size before relaxing)
 .eh_frame      0x0000000000030fb0      0x1e8 build/cooja/mtype476.a(uip6.o)
                                        0x200 (size before relaxing)
 .eh_frame      0x0000000000031198      0x1c0 build/cooja/mtype476.a(uip-ds6-nbr.o)
                                        0x1d8 (size before relaxing)
 .eh_frame      0x0000000000031358       0x84 build/cooja/mtype476.a(uip-nd6.o)
                                         0x9c (size before relaxing)
 .eh_frame      0x00000000000313dc      0x2f8 build/cooja/mtype476.a(sicslowpan.o)
                                        0x310 (size before relaxing)
 .eh_frame      0x00000000000316d4       0x88 build/cooja/mtype476.a(uiplib.o)
                                         0xa0 (size before relaxing)
 .eh_frame      0x000000000003175c      0x1e0 build/cooja/mtype476.a(rpl.o)
                                        0x1f8 (size before relaxing)
 .eh_frame      0x000000000003193c      0x1c4 build/cooja/mtype476.a(rpl-icmp6.o)
                                        0x1dc (size before relaxing)
 .eh_frame      0x0000000000031b00       0xa0 build/cooja/mtype476.a(rpl-dag-root.o)
                                         0xb8 (size before relaxing)
 .eh_frame      0x0000000000031ba0       0xa0 build/cooja/mtype476.a(watchdog.o)
                                         0xb8 (size before relaxing)
 .eh_frame      0x0000000000031c40       0x80 build/cooja/mtype476.a(int-master.o)
                                         0x98 (size before relaxing)
 .eh_frame      0x0000000000031cc0      0x1c4 build/cooja/mtype476.a(coap-observe-cl)
                                        0x1dc (size before relaxing)
 .eh_frame      0x0000000000031e84       0xa4 build/cooja/mtype476.a(coap-timer-defa)
                                         0xbc (size before relaxing)
 .eh_frame      0x0000000000031f28       0xc4 build/cooja/mtype476.a(stimer.o)
                                         0xdc (size before relaxing)
 .eh_frame      0x0000000000031fec       0xa0 build/cooja/mtype476.a(ringbuf.o)
                                         0xb8 (size before relaxing)
 .eh_frame      0x000000000003208c       0x20 build/cooja/mtype476.a(assert.o)
                                         0x38 (size before relaxing)
 .eh_frame      0x00000000000320ac      0x3f0 build/cooja/mtype476.a(nbr-table.o)
                                        0x408 (size before relaxing)
 .eh_frame      0x000000000003249c      0x120 build/cooja/mtype476.a(link-stats.o)
                                        0x138 (size before relaxing)
 .eh_frame      0x00000000000325bc       0x48 build/cooja/mtype476.a(mac-sequence.o)
                                         0x60 (size before relaxing)
 .eh_frame      0x0000000000032604       0x20 build/cooja/mtype476.a(mac.o)
                                         0x38 (size before relaxing)
 .eh_frame      0x0000000000032624       0xa4 build/cooja/mtype476.a(framer-802154.o)
                                         0xbc (size before relaxing)
 .eh_frame      0x00000000000326c8      0x1a4 build/cooja/mtype476.a(frame802154.o)
                                        0x1bc (size before relaxing)
 .eh_frame      0x000000000003286c       0x40 build/cooja/mtype476.a(csma-security.o)
                                         0x58 (size before relaxing)
 .eh_frame      0x00000000000328ac      0x200 build/cooja/mtype476.a(uipbuf.o)
                                        0x218 (size before relaxing)
 .eh_frame      0x0000000000032aac      0x150 build/cooja/mtype476.a(uip-icmp6.o)
                                        0x168 (size before relaxing)
 .eh_frame      0x0000000000032bfc      0x184 build/cooja/mtype476.a(uip-sr.o)
                                        0x19c (size before relaxing)
 .eh_frame      0x0000000000032d80       0xe0 build/cooja/mtype476.a(uip-packetqueue)
                                         0xf8 (size before relaxing)
 .eh_frame      0x0000000000032e60       0x44 build/cooja/mtype476.a(rpl-nbr-policy.)
                                         0x5c (size before relaxing)
 .eh_frame      0x0000000000032ea4      0x2d4 build/cooja/mtype476.a(rpl-neighbor.o)
                                        0x2ec (size before relaxing)
 .eh_frame      0x0000000000033178      0x370 build/cooja/mtype476.a(rpl-dag.o)
                                        0x388 (size before relaxing)
 .eh_frame      0x00000000000334e8      0x3a8 build/cooja/mtype476.a(rpl-timers.o)
                                        0x3c0 (size before relaxing)
 .eh_frame      0x0000000000033890      0x124 build/cooja/mtype476.a(rpl-ext-header.)
                                        0x13c (size before relaxing)
 .eh_frame      0x00000000000339b4      0x148 build/cooja/mtype476.a(rpl-mrhof.o)
                                        0x160 (size before relaxing)
 .eh_frame      0x0000000000033afc       0x84 /usr/lib/gcc/i686-linux-gnu/5/libgcc.a(_udivdi3.o)
                                         0x9c (size before relaxing)
 .eh_frame      0x0000000000033b80        0x4 /usr/lib/gcc/i686-linux-gnu/5/crtendS.o
 *(.eh_frame.*)

.gcc_except_table
 *(.gcc_except_table .gcc_except_table.*)

.gnu_extab
 *(.gnu_extab*)

.exception_ranges
 *(.exception_ranges .exception_ranges*)
                0x0000000000034f10                . = DATA_SEGMENT_ALIGN (0x1000, 0x1000)

.eh_frame
 *(.eh_frame)
 *(.eh_frame.*)

.gnu_extab
 *(.gnu_extab)

.gcc_except_table
 *(.gcc_except_table .gcc_except_table.*)

.exception_ranges
 *(.exception_ranges .exception_ranges*)

.tdata
 *(.tdata .tdata.* .gnu.linkonce.td.*)

.tbss
 *(.tbss .tbss.* .gnu.linkonce.tb.*)
 *(.tcommon)

.preinit_array
 *(.preinit_array)

.init_array     0x0000000000034f10        0x4
 *(SORT(.init_array.*) SORT(.ctors.*))
 *(.init_array EXCLUDE_FILE(*crtend?.o *crtend.o *crtbegin?.o *crtbegin.o) .ctors)
 .init_array    0x0000000000034f10        0x4 /usr/lib/gcc/i686-linux-gnu/5/crtbeginS.o

.fini_array     0x0000000000034f14        0x4
 *(SORT(.fini_array.*) SORT(.dtors.*))
 *(.fini_array EXCLUDE_FILE(*crtend?.o *crtend.o *crtbegin?.o *crtbegin.o) .dtors)
 .fini_array    0x0000000000034f14        0x4 /usr/lib/gcc/i686-linux-gnu/5/crtbeginS.o

.ctors
 *crtbegin.o(.ctors)
 *crtbegin?.o(.ctors)
 *(EXCLUDE_FILE(*crtend?.o *crtend.o) .ctors)
 *(SORT(.ctors.*))
 *(.ctors)

.dtors
 *crtbegin.o(.dtors)
 *crtbegin?.o(.dtors)
 *(EXCLUDE_FILE(*crtend?.o *crtend.o) .dtors)
 *(SORT(.dtors.*))
 *(.dtors)

.jcr            0x0000000000034f18        0x4
 *(.jcr)
 .jcr           0x0000000000034f18        0x0 /usr/lib/gcc/i686-linux-gnu/5/crtbeginS.o
 .jcr           0x0000000000034f18        0x4 /usr/lib/gcc/i686-linux-gnu/5/crtendS.o

.data.rel.ro
 *(.data.rel.ro.local* .gnu.linkonce.d.rel.ro.local.*)
 *(.data.rel.ro .data.rel.ro.* .gnu.linkonce.d.rel.ro.*)

.dynamic        0x0000000000034f1c       0xd0
 *(.dynamic)
 .dynamic       0x0000000000034f1c       0xd0 /usr/lib/gcc/i686-linux-gnu/5/../../../i386-linux-gnu/crti.o
                0x0000000000034f1c                _DYNAMIC

.got            0x0000000000034fec       0x14
 *(.got)
 .got           0x0000000000034fec       0x14 /usr/lib/gcc/i686-linux-gnu/5/../../../i386-linux-gnu/crti.o
 *(.igot)
                0x0000000000035ff4                . = DATA_SEGMENT_RELRO_END (., (SIZEOF (.got.plt) >= 0xc)?0xc:0x0)

.got.plt        0x0000000000035000        0xc
 *(.got.plt)
 .got.plt       0x0000000000035000        0xc /usr/lib/gcc/i686-linux-gnu/5/../../../i386-linux-gnu/crti.o
                0x0000000000035000                _GLOBAL_OFFSET_TABLE_
 *(.igot.plt)

.data           0x0000000000035020      0x464
 *(.data .data.* .gnu.linkonce.d.*)
 .data          0x0000000000035020        0x0 /usr/lib/gcc/i686-linux-gnu/5/../../../i386-linux-gnu/crti.o
 .data          0x0000000000035020        0x0 /usr/lib/gcc/i686-linux-gnu/5/crtbeginS.o
 .data.rel.local
                0x0000000000035020        0x4 /usr/lib/gcc/i686-linux-gnu/5/crtbeginS.o
                0x0000000000035020                __dso_handle
 .data          0x0000000000035024       0x14 oxygen_sensor.o
                0x0000000000035028                oxygen_sensor
 *fill*         0x0000000000035038        0x8 
 .data          0x0000000000035040       0x44 build/cooja/mtype476.o
                0x0000000000035040                simInterfaces
                0x0000000000035074                sensors
 .data          0x0000000000035084        0x0 build/cooja/mtype476.a(simEnvChange.o)
 .data          0x0000000000035084        0x0 build/cooja/mtype476.a(cooja_mt.o)
 .data          0x0000000000035084        0x0 build/cooja/mtype476.a(cooja_mtarch.o)
 .data          0x0000000000035084        0x0 build/cooja/mtype476.a(rtimer-arch.o)
 .data          0x0000000000035084        0x0 build/cooja/mtype476.a(beep.o)
 .data          0x0000000000035084        0x0 build/cooja/mtype476.a(leds-arch.o)
 .data          0x0000000000035084        0x0 build/cooja/mtype476.a(moteid.o)
 .data          0x0000000000035084        0x0 build/cooja/mtype476.a(pir-sensor.o)
 .data          0x0000000000035084        0x0 build/cooja/mtype476.a(rs232.o)
 .data          0x0000000000035084        0x0 build/cooja/mtype476.a(vib-sensor.o)
 .data          0x0000000000035084        0x0 build/cooja/mtype476.a(clock.o)
 .data          0x0000000000035084        0x0 build/cooja/mtype476.a(cooja-log.o)
 .data          0x0000000000035084        0x0 build/cooja/mtype476.a(cfs-cooja.o)
 .data          0x0000000000035084       0x2c build/cooja/mtype476.a(cooja-radio.o)
                0x0000000000035084                simRadioHWOn
                0x0000000000035088                simSignalStrength
                0x000000000003508c                simLastSignalStrength
                0x0000000000035090                simPower
                0x0000000000035094                simRadioChannel
                0x0000000000035098                simLQI
                0x00000000000350a0                cooja_radio_process
 .data          0x00000000000350b0        0x0 build/cooja/mtype476.a(eeprom.o)
 .data          0x00000000000350b0        0x0 build/cooja/mtype476.a(random.o)
 .data          0x00000000000350b0       0x10 build/cooja/mtype476.a(sensors.o)
                0x00000000000350b0                sensors_process
 .data          0x00000000000350c0        0x0 build/cooja/mtype476.a(leds.o)
 .data          0x00000000000350c0        0x0 build/cooja/mtype476.a(gpio-hal-arch.o)
 .data          0x00000000000350c0       0x78 build/cooja/mtype476.a(buttons.o)
                0x00000000000350c0                simButtonIsActive
                0x0000000000035130                button_hal_buttons
 *fill*         0x0000000000035138        0x8 
 .data          0x0000000000035140       0x44 build/cooja/mtype476.a(oxygen_measurin)
                0x0000000000035140                oxygen_level
                0x0000000000035160                oxygen_measuring_device
 .data          0x0000000000035184        0x0 build/cooja/mtype476.a(coap-blocking-a)
 .data          0x0000000000035184        0x8 build/cooja/mtype476.a(coap-engine.o)
 *fill*         0x000000000003518c       0x14 
 .data          0x00000000000351a0       0x24 build/cooja/mtype476.a(coap-res-well-k)
                0x00000000000351a0                res_well_known_core
 .data          0x00000000000351c4       0x10 build/cooja/mtype476.a(coap-observe.o)
 .data          0x00000000000351d4       0x10 build/cooja/mtype476.a(coap-uip.o)
                0x00000000000351d4                coap_engine
 .data          0x00000000000351e4        0x4 build/cooja/mtype476.a(coap-timer.o)
 .data          0x00000000000351e8       0x10 build/cooja/mtype476.a(coap-transactio)
 .data          0x00000000000351f8        0x4 build/cooja/mtype476.a(coap.o)
                0x00000000000351f8                coap_error_message
 .data          0x00000000000351fc        0x0 build/cooja/mtype476.a(contiki-main.o)
 .data          0x00000000000351fc        0x0 build/cooja/mtype476.a(autostart.o)
 .data          0x00000000000351fc       0x14 build/cooja/mtype476.a(ctimer.o)
                0x0000000000035200                ctimer_process
 *fill*         0x0000000000035210       0x10 
 .data          0x0000000000035220       0xbc build/cooja/mtype476.a(log.o)
                0x0000000000035220                curr_log_level_main
                0x0000000000035240                all_modules
 .data          0x00000000000352dc        0x0 build/cooja/mtype476.a(energest.o)
 .data          0x00000000000352dc       0x10 build/cooja/mtype476.a(etimer.o)
                0x00000000000352dc                etimer_process
 .data          0x00000000000352ec        0x0 build/cooja/mtype476.a(node-id.o)
 .data          0x00000000000352ec        0x0 build/cooja/mtype476.a(rtimer.o)
 .data          0x00000000000352ec        0x0 build/cooja/mtype476.a(process.o)
 .data          0x00000000000352ec        0x0 build/cooja/mtype476.a(timer.o)
 .data          0x00000000000352ec        0x0 build/cooja/mtype476.a(list.o)
 .data          0x00000000000352ec        0x0 build/cooja/mtype476.a(memb.o)
 .data          0x00000000000352ec       0x10 build/cooja/mtype476.a(button-hal.o)
                0x00000000000352ec                button_hal_process
 .data          0x00000000000352fc       0x10 build/cooja/mtype476.a(serial-line.o)
                0x00000000000352fc                serial_line_process
 .data          0x000000000003530c        0x4 build/cooja/mtype476.a(gpio-hal.o)
 .data          0x0000000000035310       0x18 build/cooja/mtype476.a(queuebuf.o)
 .data          0x0000000000035328        0x4 build/cooja/mtype476.a(packetbuf.o)
 .data          0x000000000003532c        0x4 build/cooja/mtype476.a(netstack.o)
 .data          0x0000000000035330        0x0 build/cooja/mtype476.a(linkaddr.o)
 .data          0x0000000000035330        0x0 build/cooja/mtype476.a(csma.o)
 .data          0x0000000000035330       0x28 build/cooja/mtype476.a(csma-output.o)
 .data          0x0000000000035358        0x0 build/cooja/mtype476.a(uip-ds6.o)
 .data          0x0000000000035358        0x0 build/cooja/mtype476.a(uip-udp-packet.)
 .data          0x0000000000035358       0x10 build/cooja/mtype476.a(uip-ds6-route.o)
 .data          0x0000000000035368       0x10 build/cooja/mtype476.a(tcpip.o)
                0x0000000000035368                tcpip_process
 .data          0x0000000000035378        0x0 build/cooja/mtype476.a(uip6.o)
 .data          0x0000000000035378       0x14 build/cooja/mtype476.a(uip-ds6-nbr.o)
 .data          0x000000000003538c        0xc build/cooja/mtype476.a(uip-nd6.o)
 .data          0x0000000000035398        0x0 build/cooja/mtype476.a(sicslowpan.o)
 .data          0x0000000000035398        0x0 build/cooja/mtype476.a(uiplib.o)
 .data          0x0000000000035398        0x0 build/cooja/mtype476.a(rpl.o)
 .data          0x0000000000035398       0x30 build/cooja/mtype476.a(rpl-icmp6.o)
 .data          0x00000000000353c8        0x0 build/cooja/mtype476.a(rpl-dag-root.o)
 .data          0x00000000000353c8        0x0 build/cooja/mtype476.a(watchdog.o)
 .data          0x00000000000353c8        0x0 build/cooja/mtype476.a(int-master.o)
 .data          0x00000000000353c8       0x10 build/cooja/mtype476.a(coap-observe-cl)
 .data          0x00000000000353d8       0x10 build/cooja/mtype476.a(coap-timer-defa)
                0x00000000000353d8                coap_timer_process
 .data          0x00000000000353e8        0x0 build/cooja/mtype476.a(stimer.o)
 .data          0x00000000000353e8        0x0 build/cooja/mtype476.a(ringbuf.o)
 .data          0x00000000000353e8        0x0 build/cooja/mtype476.a(assert.o)
 .data          0x00000000000353e8       0x10 build/cooja/mtype476.a(nbr-table.o)
 .data          0x00000000000353f8       0x14 build/cooja/mtype476.a(link-stats.o)
 .data          0x000000000003540c        0x0 build/cooja/mtype476.a(mac-sequence.o)
 .data          0x000000000003540c        0x0 build/cooja/mtype476.a(mac.o)
 .data          0x000000000003540c        0x0 build/cooja/mtype476.a(framer-802154.o)
 .data          0x000000000003540c        0x2 build/cooja/mtype476.a(frame802154.o)
 .data          0x000000000003540e        0x0 build/cooja/mtype476.a(csma-security.o)
 .data          0x000000000003540e        0x0 build/cooja/mtype476.a(uipbuf.o)
 *fill*         0x000000000003540e        0x2 
 .data          0x0000000000035410       0x20 build/cooja/mtype476.a(uip-icmp6.o)
 .data          0x0000000000035430       0x10 build/cooja/mtype476.a(uip-sr.o)
 .data          0x0000000000035440        0xc build/cooja/mtype476.a(uip-packetqueue)
 .data          0x000000000003544c        0x0 build/cooja/mtype476.a(rpl-nbr-policy.)
 .data          0x000000000003544c       0x14 build/cooja/mtype476.a(rpl-neighbor.o)
                0x000000000003545c                rpl_neighbors
 .data          0x0000000000035460        0x0 build/cooja/mtype476.a(rpl-dag.o)
 .data          0x0000000000035460        0x0 build/cooja/mtype476.a(rpl-timers.o)
 .data          0x0000000000035460        0x0 build/cooja/mtype476.a(rpl-ext-header.)
 .data          0x0000000000035460       0x24 build/cooja/mtype476.a(rpl-mrhof.o)
                0x0000000000035460                rpl_mrhof
 .data          0x0000000000035484        0x0 /usr/lib/gcc/i686-linux-gnu/5/libgcc.a(_udivdi3.o)
 .data          0x0000000000035484        0x0 /usr/lib/gcc/i686-linux-gnu/5/crtendS.o
 .data          0x0000000000035484        0x0 /usr/lib/gcc/i686-linux-gnu/5/../../../i386-linux-gnu/crtn.o

.tm_clone_table
                0x0000000000035484        0x0
 .tm_clone_table
                0x0000000000035484        0x0 /usr/lib/gcc/i686-linux-gnu/5/crtbeginS.o
 .tm_clone_table
                0x0000000000035484        0x0 /usr/lib/gcc/i686-linux-gnu/5/crtendS.o

.data1
 *(.data1)
                0x0000000000035484                _edata = .
                [!provide]                        PROVIDE (edata, .)
                0x0000000000035484                . = .
                0x0000000000035484                __bss_start = .

.bss            0x00000000000354a0    0x140c4
 *(.dynbss)
 .dynbss        0x00000000000354a0        0x0 /usr/lib/gcc/i686-linux-gnu/5/../../../i386-linux-gnu/crti.o
 *(.bss .bss.* .gnu.linkonce.b.*)
 .bss           0x00000000000354a0        0x0 /usr/lib/gcc/i686-linux-gnu/5/../../../i386-linux-gnu/crti.o
 .bss           0x00000000000354a0        0x1 /usr/lib/gcc/i686-linux-gnu/5/crtbeginS.o
 *fill*         0x00000000000354a1       0x1f 
 .bss           0x00000000000354c0      0x12c oxygen_sensor.o
 *fill*         0x00000000000355ec       0x14 
 .bss           0x0000000000035600     0x2030 build/cooja/mtype476.o
 .bss           0x0000000000037630        0x1 build/cooja/mtype476.a(simEnvChange.o)
                0x0000000000037630                simDontFallAsleep
 *fill*         0x0000000000037631        0x3 
 .bss           0x0000000000037634        0x4 build/cooja/mtype476.a(cooja_mt.o)
 .bss           0x0000000000037638        0x4 build/cooja/mtype476.a(cooja_mtarch.o)
 .bss           0x000000000003763c        0x0 build/cooja/mtype476.a(rtimer-arch.o)
 .bss           0x000000000003763c        0x0 build/cooja/mtype476.a(beep.o)
 .bss           0x000000000003763c        0x1 build/cooja/mtype476.a(leds-arch.o)
                0x000000000003763c                simLedsValue
 .bss           0x000000000003763d        0x0 build/cooja/mtype476.a(moteid.o)
 .bss           0x000000000003763d        0x1 build/cooja/mtype476.a(pir-sensor.o)
                0x000000000003763d                simPirValue
 *fill*         0x000000000003763e        0x2 
 .bss           0x0000000000037640        0x4 build/cooja/mtype476.a(rs232.o)
 .bss           0x0000000000037644        0x1 build/cooja/mtype476.a(vib-sensor.o)
                0x0000000000037644                simVibValue
 .bss           0x0000000000037645        0x0 build/cooja/mtype476.a(clock.o)
 *fill*         0x0000000000037645       0x1b 
 .bss           0x0000000000037660     0x2020 build/cooja/mtype476.a(cooja-log.o)
 .bss           0x0000000000039680      0xfc0 build/cooja/mtype476.a(cfs-cooja.o)
                0x0000000000039680                simCFSData
                0x000000000003a620                simCFSSize
                0x000000000003a624                simCFSChanged
                0x000000000003a628                simCFSRead
                0x000000000003a62c                simCFSWritten
 .bss           0x000000000003a640       0x24 build/cooja/mtype476.a(cooja-radio.o)
                0x000000000003a640                simReceiving
                0x000000000003a644                simInSize
                0x000000000003a648                simLastPacketTimestamp
                0x000000000003a650                simOutSize
 .bss           0x000000000003a664        0xc build/cooja/mtype476.a(eeprom.o)
                0x000000000003a664                simEEPROMChanged
                0x000000000003a668                simEEPROMRead
                0x000000000003a66c                simEEPROMWritten
 .bss           0x000000000003a670        0x0 build/cooja/mtype476.a(random.o)
 .bss           0x000000000003a670        0xc build/cooja/mtype476.a(sensors.o)
 .bss           0x000000000003a67c        0x0 build/cooja/mtype476.a(leds.o)
 .bss           0x000000000003a67c       0x24 build/cooja/mtype476.a(gpio-hal-arch.o)
 .bss           0x000000000003a6a0        0x0 build/cooja/mtype476.a(buttons.o)
 .bss           0x000000000003a6a0        0x0 build/cooja/mtype476.a(oxygen_measurin)
 .bss           0x000000000003a6a0        0x0 build/cooja/mtype476.a(coap-blocking-a)
 .bss           0x000000000003a6a0      0x190 build/cooja/mtype476.a(coap-engine.o)
 .bss           0x000000000003a830        0x0 build/cooja/mtype476.a(coap-res-well-k)
 *fill*         0x000000000003a830       0x10 
 .bss           0x000000000003a840      0x120 build/cooja/mtype476.a(coap-observe.o)
 .bss           0x000000000003a960       0x18 build/cooja/mtype476.a(coap-uip.o)
 .bss           0x000000000003a978        0x5 build/cooja/mtype476.a(coap-timer.o)
 *fill*         0x000000000003a97d        0x3 
 .bss           0x000000000003a980      0x334 build/cooja/mtype476.a(coap-transactio)
 .bss           0x000000000003acb4        0x6 build/cooja/mtype476.a(coap.o)
                0x000000000003acb4                coap_status_code
 .bss           0x000000000003acba        0x0 build/cooja/mtype476.a(contiki-main.o)
 .bss           0x000000000003acba        0x0 build/cooja/mtype476.a(autostart.o)
 *fill*         0x000000000003acba        0x2 
 .bss           0x000000000003acbc        0x5 build/cooja/mtype476.a(ctimer.o)
 *fill*         0x000000000003acc1        0x3 
 .bss           0x000000000003acc4       0x2c build/cooja/mtype476.a(log.o)
                0x000000000003acc4                curr_log_level_rpl
                0x000000000003acc8                curr_log_level_tcpip
                0x000000000003accc                curr_log_level_ipv6
                0x000000000003acd0                curr_log_level_6lowpan
                0x000000000003acd4                curr_log_level_nullnet
                0x000000000003acd8                curr_log_level_mac
                0x000000000003acdc                curr_log_level_framer
                0x000000000003ace0                curr_log_level_6top
                0x000000000003ace4                curr_log_level_coap
                0x000000000003ace8                curr_log_level_snmp
                0x000000000003acec                curr_log_level_lwm2m
 .bss           0x000000000003acf0        0x0 build/cooja/mtype476.a(energest.o)
 .bss           0x000000000003acf0        0x8 build/cooja/mtype476.a(etimer.o)
 .bss           0x000000000003acf8        0x2 build/cooja/mtype476.a(node-id.o)
                0x000000000003acf8                node_id
 *fill*         0x000000000003acfa        0x2 
 .bss           0x000000000003acfc        0x4 build/cooja/mtype476.a(rtimer.o)
 .bss           0x000000000003ad00      0x1a1 build/cooja/mtype476.a(process.o)
                0x000000000003ad00                process_list
                0x000000000003ad04                process_current
 .bss           0x000000000003aea1        0x0 build/cooja/mtype476.a(timer.o)
 .bss           0x000000000003aea1        0x0 build/cooja/mtype476.a(list.o)
 .bss           0x000000000003aea1        0x0 build/cooja/mtype476.a(memb.o)
 *fill*         0x000000000003aea1        0x3 
 .bss           0x000000000003aea4       0x10 build/cooja/mtype476.a(button-hal.o)
 *fill*         0x000000000003aeb4        0xc 
 .bss           0x000000000003aec0      0x140 build/cooja/mtype476.a(serial-line.o)
 .bss           0x000000000003b000        0x4 build/cooja/mtype476.a(gpio-hal.o)
 *fill*         0x000000000003b004       0x1c 
 .bss           0x000000000003b020     0x2c80 build/cooja/mtype476.a(queuebuf.o)
 .bss           0x000000000003dca0       0xa0 build/cooja/mtype476.a(packetbuf.o)
 .bss           0x000000000003dd40        0x4 build/cooja/mtype476.a(netstack.o)
 .bss           0x000000000003dd44        0x0 build/cooja/mtype476.a(linkaddr.o)
 .bss           0x000000000003dd44        0x0 build/cooja/mtype476.a(csma.o)
 *fill*         0x000000000003dd44       0x1c 