Archive member included to satisfy reference by file (symbol)

build/cooja/mtype439.a(simEnvChange.o)
                              build/cooja/mtype439.o (simDontFallAsleep)
build/cooja/mtype439.a(cooja_mt.o)
                              build/cooja/mtype439.o (cooja_mt_start)
build/cooja/mtype439.a(cooja_mtarch.o)
                              build/cooja/mtype439.a(cooja_mt.o) (cooja_mtarch_start)
build/cooja/mtype439.a(rtimer-arch.o)
                              build/cooja/mtype439.o (rtimer_arch_check)
build/cooja/mtype439.a(beep.o)
                              build/cooja/mtype439.o (beep_interface)
build/cooja/mtype439.a(leds-arch.o)
                              build/cooja/mtype439.o (leds_interface)
build/cooja/mtype439.a(moteid.o)
                              build/cooja/mtype439.o (moteid_interface)
build/cooja/mtype439.a(pir-sensor.o)
                              build/cooja/mtype439.o (pir_interface)
build/cooja/mtype439.a(rs232.o)
                              build/cooja/mtype439.o (rs232_interface)
build/cooja/mtype439.a(vib-sensor.o)
                              build/cooja/mtype439.o (vib_interface)
build/cooja/mtype439.a(clock.o)
                              build/cooja/mtype439.o (clock_interface)
build/cooja/mtype439.a(cooja-log.o)
                              build/cooja/mtype439.o (simlog_interface)
build/cooja/mtype439.a(cfs-cooja.o)
                              build/cooja/mtype439.o (cfs_interface)
build/cooja/mtype439.a(cooja-radio.o)
                              build/cooja/mtype439.o (radio_interface)
build/cooja/mtype439.a(eeprom.o)
                              build/cooja/mtype439.o (eeprom_interface)
build/cooja/mtype439.a(random.o)
                              build/cooja/mtype439.a(moteid.o) (random_init)
build/cooja/mtype439.a(sensors.o)
                              build/cooja/mtype439.a(pir-sensor.o) (sensors_changed)
build/cooja/mtype439.a(leds.o)
                              build/cooja/mtype439.a(leds-arch.o) (leds_get)
build/cooja/mtype439.a(gpio-hal-arch.o)
                              build/cooja/mtype439.a(leds-arch.o) (gpio_hal_arch_register_pin_callback)
build/cooja/mtype439.a(buttons.o)
                              build/cooja/mtype439.o (button_interface)
build/cooja/mtype439.a(ph_measuring_de)
                              ph_sensor.o (ph_measuring_device)
build/cooja/mtype439.a(coap-blocking-a)
                              ph_sensor.o (coap_blocking_request)
build/cooja/mtype439.a(coap-engine.o)
                              ph_sensor.o (coap_activate_resource)
build/cooja/mtype439.a(coap-res-well-k)
                              build/cooja/mtype439.a(coap-engine.o) (res_well_known_core)
build/cooja/mtype439.a(coap-observe.o)
                              build/cooja/mtype439.a(coap-engine.o) (coap_remove_observer_by_mid)
build/cooja/mtype439.a(coap-uip.o)
                              build/cooja/mtype439.a(coap-observe.o) (coap_endpoint_copy)
build/cooja/mtype439.a(coap-timer.o)
                              build/cooja/mtype439.a(coap-engine.o) (coap_timer_set)
build/cooja/mtype439.a(coap-transactio)
                              build/cooja/mtype439.a(coap-blocking-a) (coap_send_transaction)
build/cooja/mtype439.a(coap.o)
                              build/cooja/mtype439.a(coap-engine.o) (coap_status_code)
build/cooja/mtype439.a(contiki-main.o)
                              build/cooja/mtype439.o (main)
build/cooja/mtype439.a(autostart.o)
                              build/cooja/mtype439.a(contiki-main.o) (autostart_start)
build/cooja/mtype439.a(ctimer.o)
                              build/cooja/mtype439.a(contiki-main.o) (ctimer_init)
build/cooja/mtype439.a(log.o)
                              build/cooja/mtype439.a(contiki-main.o) (curr_log_level_main)
build/cooja/mtype439.a(energest.o)
                              build/cooja/mtype439.a(contiki-main.o) (energest_init)
build/cooja/mtype439.a(etimer.o)
                              build/cooja/mtype439.a(contiki-main.o) (etimer_process)
build/cooja/mtype439.a(node-id.o)
                              build/cooja/mtype439.a(contiki-main.o) (node_id)
build/cooja/mtype439.a(rtimer.o)
                              build/cooja/mtype439.a(contiki-main.o) (rtimer_init)
build/cooja/mtype439.a(process.o)
                              build/cooja/mtype439.a(coap-blocking-a) (process_current)
build/cooja/mtype439.a(timer.o)
                              build/cooja/mtype439.a(etimer.o) (timer_set)
build/cooja/mtype439.a(list.o)
                              build/cooja/mtype439.a(coap-engine.o) (list_init)
build/cooja/mtype439.a(memb.o)
                              build/cooja/mtype439.a(coap-observe.o) (memb_alloc)
build/cooja/mtype439.a(button-hal.o)
                              ph_sensor.o (button_hal_press_event)
build/cooja/mtype439.a(serial-line.o)
                              build/cooja/mtype439.a(rs232.o) (serial_line_input_byte)
build/cooja/mtype439.a(gpio-hal.o)
[...]
Memory Configuration

Name             Origin             Length             Attributes
*default*        0x0000000000000000 0xffffffffffffffff

Linker script and memory map

LOAD /usr/lib/gcc/i686-linux-gnu/5/../../../i386-linux-gnu/crti.o
LOAD /usr/lib/gcc/i686-linux-gnu/5/crtbeginS.o
LOAD ph_sensor.o
LOAD build/cooja/mtype439.o
LOAD build/cooja/mtype439.a
LOAD /usr/lib/gcc/i686-linux-gnu/5/libgcc.a
LOAD /usr/lib/gcc/i686-linux-gnu/5/libgcc_s.so
LOAD /usr/lib/gcc/i686-linux-gnu/5/../../../i386-linux-gnu/libc.so
START GROUP
LOAD /lib/i386-linux-gnu/libc.so.6
LOAD /usr/lib/i386-linux-gnu/libc_nonshared.a
LOAD /lib/i386-linux-gnu/ld-linux.so.2
END GROUP
LOAD /usr/lib/gcc/i686-linux-gnu/5/libgcc.a
LOAD /usr/lib/gcc/i686-linux-gnu/5/libgcc_s.so
LOAD /usr/lib/gcc/i686-linux-gnu/5/crtendS.o
LOAD /usr/lib/gcc/i686-linux-gnu/5/../../../i386-linux-gnu/crtn.o
                0x0000000000000114                . = (0x0 + SIZEOF_HEADERS)

.note.gnu.build-id
                0x0000000000000114       0x24
 *(.note.gnu.build-id)
 .note.gnu.build-id
                0x0000000000000114       0x24 /usr/lib/gcc/i686-linux-gnu/5/../../../i386-linux-gnu/crti.o

.hash
 *(.hash)

.gnu.hash       0x0000000000000138     0x15b8
 *(.gnu.hash)
 .gnu.hash      0x0000000000000138     0x15b8 /usr/lib/gcc/i686-linux-gnu/5/../../../i386-linux-gnu/crti.o

.dynsym         0x00000000000016f0     0x2f90
 *(.dynsym)
 .dynsym        0x00000000000016f0     0x2f90 /usr/lib/gcc/i686-linux-gnu/5/../../../i386-linux-gnu/crti.o

.dynstr         0x0000000000004680     0x378b
 *(.dynstr)
 .dynstr        0x0000000000004680     0x378b /usr/lib/gcc/i686-linux-gnu/5/../../../i386-linux-gnu/crti.o

.gnu.version    0x0000000000007e0c      0x5f2
 *(.gnu.version)
 .gnu.version   0x0000000000007e0c      0x5f2 /usr/lib/gcc/i686-linux-gnu/5/../../../i386-linux-gnu/crti.o

.gnu.version_d  0x0000000000008400        0x0
 *(.gnu.version_d)
 .gnu.version_d
                0x0000000000008400        0x0 /usr/lib/gcc/i686-linux-gnu/5/../../../i386-linux-gnu/crti.o

.gnu.version_r  0x0000000000008400       0x40
 *(.gnu.version_r)
 .gnu.version_r
                0x0000000000008400       0x40 /usr/lib/gcc/i686-linux-gnu/5/../../../i386-linux-gnu/crti.o

.rel.dyn        0x0000000000008440     0x92f0
 *(.rel.init)
 .rel.init      0x0000000000008440        0x0 /usr/lib/gcc/i686-linux-gnu/5/../../../i386-linux-gnu/crti.o
 *(.rel.text .rel.text.* .rel.gnu.linkonce.t.*)
 .rel.text      0x0000000000008440     0x8918 /usr/lib/gcc/i686-linux-gnu/5/../../../i386-linux-gnu/crti.o
 *(.rel.fini)
 .rel.fini      0x0000000000010d58        0x0 /usr/lib/gcc/i686-linux-gnu/5/../../../i386-linux-gnu/crti.o
 *(.rel.rodata .rel.rodata.* .rel.gnu.linkonce.r.*)
 .rel.rodata    0x0000000000010d58      0x588 /usr/lib/gcc/i686-linux-gnu/5/../../../i386-linux-gnu/crti.o
 *(.rel.data.rel.ro .rel.data.rel.ro.* .rel.gnu.linkonce.d.rel.ro.*)
 *(.rel.data .rel.data.* .rel.gnu.linkonce.d.*)
 .rel.data.rel.local
                0x00000000000112e0        0x8 /usr/lib/gcc/i686-linux-gnu/5/../../../i386-linux-gnu/crti.o
 .rel.data      0x00000000000112e8      0x410 /usr/lib/gcc/i686-linux-gnu/5/../../../i386-linux-gnu/crti.o
 *(.rel.tdata .rel.tdata.* .rel.gnu.linkonce.td.*)
 *(.rel.tbss .rel.tbss.* .rel.gnu.linkonce.tb.*)
 *(.rel.ctors)
 *(.rel.dtors)
 *(.rel.got)
 .rel.got       0x00000000000116f8       0x28 /usr/lib/gcc/i686-linux-gnu/5/../../../i386-linux-gnu/crti.o
 *(.rel.bss .rel.bss.* .rel.gnu.linkonce.b.*)
 *(.rel.ifunc)
 .rel.ifunc     0x0000000000011720        0x0 /usr/lib/gcc/i686-linux-gnu/5/../../../i386-linux-gnu/crti.o
 .rel.fini_array
                0x0000000000011720        0x8 /usr/lib/gcc/i686-linux-gnu/5/../../../i386-linux-gnu/crti.o
 .rel.init_array
                0x0000000000011728        0x8 /usr/lib/gcc/i686-linux-gnu/5/../../../i386-linux-gnu/crti.o

.rel.plt        0x0000000000011730        0x0
 *(.rel.plt)
 .rel.plt       0x0000000000011730        0x0 /usr/lib/gcc/i686-linux-gnu/5/../../../i386-linux-gnu/crti.o
 *(.rel.iplt)

.init           0x0000000000011730       0x23
 *(SORT(.init))
 .init          0x0000000000011730       0x1e /usr/lib/gcc/i686-linux-gnu/5/../../../i386-linux-gnu/crti.o
                0x0000000000011730                _init
 .init          0x000000000001174e        0x5 /usr/lib/gcc/i686-linux-gnu/5/../../../i386-linux-gnu/crtn.o

.plt            0x0000000000011760       0x10
 *(.plt)
 .plt           0x0000000000011760       0x10 /usr/lib/gcc/i686-linux-gnu/5/../../../i386-linux-gnu/crti.o
 *(.iplt)

.plt.got        0x0000000000011770       0x10
 *(.plt.got)
 .plt.got       0x0000000000011770       0x10 /usr/lib/gcc/i686-linux-gnu/5/../../../i386-linux-gnu/crti.o

.text           0x0000000000011780    0x18d92
 *(.text.unlikely .text.*_unlikely .text.unlikely.*)
 .text.unlikely
                0x0000000000011780        0x0 /usr/lib/gcc/i686-linux-gnu/5/crtbeginS.o
 .text.unlikely
                0x0000000000011780        0x0 /usr/lib/gcc/i686-linux-gnu/5/libgcc.a(_udivdi3.o)
 *(.text.exit .text.exit.*)
 *(.text.startup .text.startup.*)
 *(.text.hot .text.hot.*)
 *(.text .stub .text.* .gnu.linkonce.t.*)
 .text          0x0000000000011780        0x0 /usr/lib/gcc/i686-linux-gnu/5/../../../i386-linux-gnu/crti.o
 .gnu.linkonce.t.__x86.get_pc_thunk.bx
                0x0000000000011780        0x4 /usr/lib/gcc/i686-linux-gnu/5/../../../i386-linux-gnu/crti.o
                0x0000000000011780                __x86.get_pc_thunk.bx
 *fill*         0x0000000000011784        0xc 
 .text          0x0000000000011790      0x11c /usr/lib/gcc/i686-linux-gnu/5/crtbeginS.o
 .text.__x86.get_pc_thunk.dx
                0x00000000000118ac        0x4 /usr/lib/gcc/i686-linux-gnu/5/crtbeginS.o
                0x00000000000118ac                __x86.get_pc_thunk.dx
 .text          0x00000000000118b0      0x2a0 ph_sensor.o
                0x00000000000118b0                wait_for_ack
 .text          0x0000000000011b50      0x283 build/cooja/mtype439.o
                0x0000000000011be2                platform_init_stage_one
                0x0000000000011bf5                platform_init_stage_two
                0x0000000000011c08                platform_init_stage_three
                0x0000000000011c1b                platform_main_loop
                0x0000000000011c8e                Java_org_contikios_cooja_corecomm_Lib149_init
                0x0000000000011cc5                Java_org_contikios_cooja_corecomm_Lib149_getMemory
                0x0000000000011cf8                Java_org_contikios_cooja_corecomm_Lib149_setMemory
                0x0000000000011d58                Java_org_contikios_cooja_corecomm_Lib149_tick
                0x0000000000011dc0                Java_org_contikios_cooja_corecomm_Lib149_setReferenceAddress
 .text          0x0000000000011dd3       0x65 build/cooja/mtype439.a(simEnvChange.o)
                0x0000000000011dd3                doActionsBeforeTick
                0x0000000000011e05                doActionsAfterTick
 .text          0x0000000000011e38       0x83 build/cooja/mtype439.a(cooja_mt.o)
                0x0000000000011e38                cooja_mt_start
                0x0000000000011e62                cooja_mt_exec
                0x0000000000011e98                cooja_mt_yield
 .text          0x0000000000011ebb       0xbe build/cooja/mtype439.a(cooja_mtarch.o)
                0x0000000000011ebb                cooja_mtarch_start
                0x0000000000011f2e                cooja_sw
                0x0000000000011f51                cooja_mtarch_exec
                0x0000000000011f6e                cooja_mtarch_yield
 .text          0x0000000000011f79       0xc5 build/cooja/mtype439.a(rtimer-arch.o)
                0x0000000000011f79                rtimer_arch_init
                0x0000000000011f9d                rtimer_arch_schedule
                0x0000000000011fcd                rtimer_arch_next
                0x0000000000011fdd                rtimer_arch_pending
                0x0000000000011fe7                rtimer_arch_check
                0x000000000001202e                rtimer_arch_now
 .text          0x000000000001203e       0x81 build/cooja/mtype439.a(beep.o)
                0x000000000001203e                beep_alarm
                0x000000000001204b                beep_beep
                0x0000000000012058                beep
                0x0000000000012065                beep_down
                0x0000000000012072                beep_on
                0x000000000001207f                beep_off
                0x000000000001208c                beep_spinup
                0x0000000000012099                beep_quick
                0x00000000000120a6                beep_long
 .text          0x00000000000120bf       0x65 build/cooja/mtype439.a(leds-arch.o)
                0x00000000000120d2                leds_arch_init
 .text          0x0000000000012124       0x35 build/cooja/mtype439.a(moteid.o)
 .text          0x0000000000012159       0xb7 build/cooja/mtype439.a(pir-sensor.o)
 .text          0x0000000000012210      0x148 build/cooja/mtype439.a(rs232.o)
                0x0000000000012210                rs232_init
                0x0000000000012216                rs232_set_speed
                0x0000000000012225                rs232_set_input
                0x0000000000012233                rs232_send
                0x0000000000012257                rs232_print
                0x0000000000012273                slip_arch_writeb
 .text          0x0000000000012358       0xb7 build/cooja/mtype439.a(vib-sensor.o)
 .text          0x000000000001240f       0x38 build/cooja/mtype439.a(clock.o)
                0x000000000001240f                clock_init
                0x0000000000012415                clock_time
                0x000000000001241f                clock_seconds
                0x0000000000012435                clock_delay
 .text          0x0000000000012447      0x219 build/cooja/mtype439.a(cooja-log.o)
                0x0000000000012447                simlog_char
                0x000000000001248a                simlog
                0x0000000000012500                log_message
                0x0000000000012531                log_set_putchar_with_slip
                0x000000000001253f                log_putchar
                0x00000000000125ba                log_puts
                0x00000000000125e2                log_printf
 .text          0x0000000000012660      0x2b9 build/cooja/mtype439.a(cfs-cooja.o)
                0x0000000000012660                cfs_open
                0x00000000000126c9                cfs_close
                0x00000000000126d6                cfs_read
                0x000000000001276b                cfs_write
                0x0000000000012847                cfs_seek
                0x00000000000128cf                cfs_remove
                0x00000000000128f3                cfs_opendir
                0x00000000000128fd                cfs_readdir
                0x0000000000012907                cfs_closedir
 .text          0x0000000000012919      0x620 build/cooja/mtype439.a(cooja-radio.o)
                0x000000000001295b                radio_set_channel
                0x0000000000012969                radio_set_txpower
                0x0000000000012981                radio_signal_strength_last
                0x000000000001298b                radio_signal_strength_current
                0x0000000000012995                radio_LQI
 .text          0x0000000000012f39       0xee build/cooja/mtype439.a(eeprom.o)
                0x0000000000012f39                eeprom_init
                0x0000000000012f3f                eeprom_read
                0x0000000000012fad                eeprom_write
 .text          0x0000000000013027       0x2d build/cooja/mtype439.a(random.o)
                0x0000000000013027                random_init
                0x0000000000013047                random_rand
 .text          0x0000000000013054      0x29c build/cooja/mtype439.a(sensors.o)
                0x000000000001308f                sensors_first
                0x0000000000013099                sensors_next
                0x00000000000130b3                sensors_changed
                0x00000000000130e7                sensors_find
 .text          0x00000000000132f0      0x349 build/cooja/mtype439.a(leds.o)
                0x00000000000132f0                leds_init
                0x0000000000013337                leds_single_on
                0x0000000000013396                leds_single_off
                0x00000000000133f5                leds_single_toggle
                0x0000000000013427                leds_on
                0x00000000000134a9                leds_off
                0x000000000001352b                leds_toggle
                0x0000000000013580                leds_set
                0x00000000000135ac                leds_get
 .text          0x0000000000013639      0x343 build/cooja/mtype439.a(gpio-hal-arch.o)
                0x0000000000013639                gpio_hal_arch_register_pin_callback
                0x00000000000136a5                gpio_hal_arch_init
                0x00000000000136ea                gpio_hal_arch_no_port_interrupt_enable
                0x000000000001371a                gpio_hal_arch_no_port_interrupt_disable
                0x000000000001374a                gpio_hal_arch_no_port_pin_cfg_set
                0x000000000001376f                gpio_hal_arch_no_port_pin_cfg_get
                0x0000000000013795                gpio_hal_arch_no_port_pin_set_input
                0x00000000000137a7                gpio_hal_arch_no_port_pin_set_output
                0x00000000000137b9                gpio_hal_arch_no_port_set_pin
                0x00000000000137da                gpio_hal_arch_no_port_clear_pin
                0x00000000000137fb                gpio_hal_arch_no_port_read_pin
                0x0000000000013821                gpio_hal_arch_no_port_write_pin
                0x000000000001384b                gpio_hal_arch_no_port_set_pins
                0x0000000000013892                gpio_hal_arch_no_port_clear_pins
                0x00000000000138d9                gpio_hal_arch_no_port_read_pins
                0x000000000001391c                gpio_hal_arch_no_port_write_pins
 .text          0x000000000001397c       0x89 build/cooja/mtype439.a(buttons.o)
 .text          0x0000000000013a05      0x30f build/cooja/mtype439.a(ph_measuring_de)
                0x0000000000013a05                randInRange
 .text          0x0000000000013d14      0x27b build/cooja/mtype439.a(coap-blocking-a)
                0x0000000000013d14                coap_blocking_request_callback
                0x0000000000013d3e                coap_blocking_request
 .text          0x0000000000013f8f      0xc26 build/cooja/mtype439.a(coap-engine.o)
                0x0000000000014024                coap_add_handler
                0x0000000000014041                coap_remove_handler
                0x000000000001405e                coap_call_handlers
                0x0000000000014166                coap_receive
                0x000000000001479d                coap_engine_init
                0x00000000000147fb                coap_activate_resource
                0x00000000000148a6                coap_get_first_resource
                0x00000000000148bf                coap_get_next_resource
 .text          0x0000000000014bb5      0x2d9 build/cooja/mtype439.a(coap-res-well-k)
 .text          0x0000000000014e8e      0x96a build/cooja/mtype439.a(coap-observe.o)
                0x0000000000014fa3                coap_remove_observer
                0x0000000000014fd3                coap_remove_observer_by_client
                0x000000000001503b                coap_remove_observer_by_token
                0x00000000000150ce                coap_remove_observer_by_uri
                0x0000000000015175                coap_remove_observer_by_mid
                0x00000000000151f1                coap_notify_observers
                0x000000000001520a                coap_notify_observers_sub
                0x0000000000015674                coap_observe_handler
                0x000000000001578f                coap_has_observers
 .text          0x00000000000157f8      0x733 build/cooja/mtype439.a(coap-uip.o)
                0x00000000000157f8                coap_endpoint_log
                0x000000000001587e                coap_endpoint_print
                0x0000000000015904                coap_endpoint_snprint
                0x0000000000015a37                coap_endpoint_copy
                0x0000000000015a74                coap_endpoint_cmp
                0x0000000000015b82                coap_endpoint_parse
                0x0000000000015d6d                coap_endpoint_is_secure
                0x0000000000015d7c                coap_endpoint_is_connected
                0x0000000000015db0                coap_endpoint_connect
                0x0000000000015dcc                coap_endpoint_disconnect
                0x0000000000015dd2                coap_databuf
                0x0000000000015ddc                coap_transport_init
                0x0000000000015e2c                coap_sendto
 .text          0x0000000000015f2b      0x324 build/cooja/mtype439.a(coap-timer.o)
                0x0000000000016028                coap_timer_stop
                0x0000000000016053                coap_timer_set
                0x0000000000016096                coap_timer_reset
                0x00000000000160d9                coap_timer_time_to_next_expiration
                0x0000000000016145                coap_timer_run
                0x0000000000016211                coap_timer_init
 .text          0x000000000001624f      0x2c6 build/cooja/mtype439.a(coap-transactio)
                0x00000000000162b5                coap_new_transaction
                0x000000000001631b                coap_send_transaction
                0x000000000001647c                coap_clear_transaction
                0x00000000000164c4                coap_get_transaction_by_mid
 .text          0x0000000000016515     0x1c53 build/cooja/mtype439.a(coap.o)
                0x0000000000016a82                coap_init_connection
                0x0000000000016a96                coap_get_mid
                0x0000000000016ab2                coap_init_message
                0x0000000000016afb                coap_serialize_message
                0x000000000001717d                coap_parse_message
                0x00000000000177e4                coap_get_query_variable
                0x0000000000017826                coap_get_post_variable
                0x000000000001786a                coap_set_status_code
                0x000000000001788f                coap_set_token
                0x00000000000178d6                coap_get_header_content_format
                0x0000000000017907                coap_set_header_content_format
                0x000000000001792a                coap_get_header_accept
                0x000000000001795b                coap_set_header_accept
                0x000000000001797e                coap_get_header_max_age
                0x00000000000179af                coap_set_header_max_age
                0x00000000000179cf                coap_get_header_etag
                0x0000000000017a01                coap_set_header_etag
                0x0000000000017a58                coap_get_header_if_match
                0x0000000000017a8a                coap_set_header_if_match
                0x0000000000017ae1                coap_get_header_if_none_match
                0x0000000000017afb                coap_set_header_if_none_match
                0x0000000000017b12                coap_get_header_proxy_uri
                0x0000000000017b40                coap_set_header_proxy_uri
                0x0000000000017b7d                coap_get_header_uri_host
                0x0000000000017bab                coap_set_header_uri_host
                0x0000000000017be8                coap_get_header_uri_path
                0x0000000000017c16                coap_set_header_uri_path
                0x0000000000017c63                coap_get_header_uri_query
                0x0000000000017c97                coap_set_header_uri_query
                0x0000000000017ced                coap_get_header_location_path
                0x0000000000017d1b                coap_set_header_location_path
                0x0000000000017db4                coap_get_header_location_query
                0x0000000000017de2                coap_set_header_location_query
                0x0000000000017e2f                coap_get_header_observe
                0x0000000000017e5e                coap_set_header_observe
                0x0000000000017e7e                coap_get_header_block2
                0x0000000000017eea                coap_set_header_block2
                0x0000000000017f61                coap_get_header_block1
                0x0000000000017fd6                coap_set_header_block1
                0x0000000000018051                coap_get_header_size2
                0x0000000000018081                coap_set_header_size2
                0x00000000000180a4                coap_get_header_size1
                0x00000000000180d4                coap_set_header_size1
                0x00000000000180f7                coap_get_payload
                0x0000000000018131                coap_set_payload
 .text          0x0000000000018168      0x332 build/cooja/mtype439.a(contiki-main.o)
                0x0000000000018168                main
 .text          0x000000000001849a       0x92 build/cooja/mtype439.a(autostart.o)
                0x000000000001849a                autostart_start
                0x00000000000184e4                autostart_exit
 .text          0x000000000001852c      0x355 build/cooja/mtype439.a(ctimer.o)
                0x0000000000018654                ctimer_init
                0x0000000000018687                ctimer_set
                0x00000000000186ad                ctimer_set_with_process
                0x000000000001872a                ctimer_reset
                0x000000000001877e                ctimer_restart
                0x00000000000187d2                ctimer_stop
                0x0000000000018822                ctimer_expired
 .text          0x0000000000018881      0x394 build/cooja/mtype439.a(log.o)
                0x0000000000018881                log_6addr
                0x00000000000188d4                log_6addr_compact_snprint
                0x0000000000018972                log_6addr_compact
                0x00000000000189c5                log_lladdr
                0x0000000000018a37                log_lladdr_compact
                0x0000000000018a9f                log_set_level
                0x0000000000018b5a                log_get_level
                0x0000000000018bd3                log_level_to_str
 .text          0x0000000000018c15       0x1b build/cooja/mtype439.a(energest.o)
                0x0000000000018c15                energest_init
                0x0000000000018c1b                energest_flush
                0x0000000000018c21                energest_get_total_time
 .text          0x0000000000018c30      0x43f build/cooja/mtype439.a(etimer.o)
                0x0000000000018e54                etimer_request_poll
                0x0000000000018edd                etimer_set
                0x0000000000018f06                etimer_reset_with_new_interval
                0x0000000000018f35                etimer_reset
                0x0000000000018f5b                etimer_restart
                0x0000000000018f81                etimer_adjust
                0x0000000000018f9e                etimer_expired
                0x0000000000018fb1                etimer_expiration_time
                0x0000000000018fc3                etimer_start_time
                0x0000000000018fcd                etimer_pending
                0x0000000000018fdf                etimer_next_expiration_time
                0x0000000000018ff9                etimer_stop
 .text          0x000000000001906f       0x25 build/cooja/mtype439.a(node-id.o)
                0x000000000001906f                node_id_init
 .text          0x0000000000019094       0xeb build/cooja/mtype439.a(rtimer.o)
                0x0000000000019094                rtimer_init
                0x00000000000190a2                rtimer_set
                0x000000000001911d                rtimer_run_next
 .text          0x000000000001917f      0x4fb build/cooja/mtype439.a(process.o)
                0x000000000001917f                process_alloc_event
                0x0000000000019194                process_start
                0x000000000001936e                process_exit
                0x000000000001938b                process_init
                0x0000000000019520                process_run
                0x0000000000019553                process_nevents
                0x000000000001956e                process_post
                0x0000000000019601                process_post_synch
                0x0000000000019636                process_poll
                0x0000000000019666                process_is_running
 .text          0x000000000001967a       0xb1 build/cooja/mtype439.a(timer.o)
                0x000000000001967a                timer_set
                0x0000000000019698                timer_reset
                0x00000000000196c5                timer_restart
                0x00000000000196da                timer_expired
                0x0000000000019707                timer_remaining
 .text          0x000000000001972b      0x28f build/cooja/mtype439.a(list.o)
                0x000000000001972b                list_init
                0x000000000001973a                list_head
                0x0000000000019744                list_copy
                0x0000000000019754                list_tail
                0x000000000001978a                list_add
                0x00000000000197d6                list_push
                0x0000000000019802                list_chop
                0x000000000001986c                list_pop
                0x0000000000019894                list_remove
                0x00000000000198fc                list_length
                0x000000000001992a                list_insert
                0x000000000001996f                list_item_next
                0x0000000000019986                list_contains
 .text          0x00000000000199ba      0x1b5 build/cooja/mtype439.a(memb.o)
                0x00000000000199ba                memb_init
                0x0000000000019a0f                memb_alloc
                0x0000000000019a72                memb_free
                0x0000000000019ae9                memb_inmemb
                0x0000000000019b28                memb_numfree
 .text          0x0000000000019b6f      0x41c build/cooja/mtype439.a(button-hal.o)
                0x0000000000019ce8                button_hal_get_by_id
                0x0000000000019d26                button_hal_get_by_index
                0x0000000000019d52                button_hal_get_state
                0x0000000000019da4                button_hal_init
 .text          0x0000000000019f8b      0x1f3 build/cooja/mtype439.a(serial-line.o)
                0x0000000000019f8b                serial_line_input_byte
                0x000000000001a149                serial_line_init
 .text          0x000000000001a17e      0x168 build/cooja/mtype439.a(gpio-hal.o)
                0x000000000001a17e                gpio_hal_register_handler
                0x000000000001a19b                gpio_hal_event_handler
                0x000000000001a1f7                gpio_hal_init
                0x000000000001a216                gpio_hal_arch_port_toggle_pin
                0x000000000001a252                gpio_hal_arch_port_toggle_pins
                0x000000000001a280                gpio_hal_arch_no_port_toggle_pin
                0x000000000001a2be                gpio_hal_arch_no_port_toggle_pins
 .text          0x000000000001a2e6      0x2e7 build/cooja/mtype439.a(queuebuf.o)
                0x000000000001a2f0                queuebuf_init
                0x000000000001a319                queuebuf_numfree
                0x000000000001a331                queuebuf_new_from_packetbuf
                0x000000000001a3d0                queuebuf_update_attr_from_packetbuf
                0x000000000001a405                queuebuf_update_from_packetbuf
                0x000000000001a455                queuebuf_free
                0x000000000001a49e                queuebuf_to_packetbuf
                0x000000000001a50a                queuebuf_dataptr
                0x000000000001a544                queuebuf_datalen
                0x000000000001a567                queuebuf_addr
                0x000000000001a59c                queuebuf_attr
                0x000000000001a5c7                queuebuf_debug_print
 .text          0x000000000001a5cd      0x407 build/cooja/mtype439.a(packetbuf.o)
                0x000000000001a5cd                packetbuf_clear
                0x000000000001a5f8                packetbuf_copyfrom
                0x000000000001a647                packetbuf_copyto
                0x000000000001a6da                packetbuf_hdralloc
                0x000000000001a756                packetbuf_hdrreduce
                0x000000000001a79c                packetbuf_set_datalen
                0x000000000001a7b6                packetbuf_dataptr
                0x000000000001a7d3                packetbuf_hdrptr
                0x000000000001a7dd                packetbuf_datalen
                0x000000000001a7e9                packetbuf_hdrlen
                0x000000000001a800                packetbuf_totlen
                0x000000000001a816                packetbuf_remaininglen
                0x000000000001a829                packetbuf_attr_clear
                0x000000000001a875                packetbuf_attr_copyto
                0x000000000001a8cd                packetbuf_attr_copyfrom
                0x000000000001a925                packetbuf_set_attr
                0x000000000001a94f                packetbuf_attr
                0x000000000001a969                packetbuf_set_addr
                0x000000000001a99a                packetbuf_addr
                0x000000000001a9b7                packetbuf_holds_broadcast
 .text          0x000000000001a9d4       0xef build/cooja/mtype439.a(netstack.o)
                0x000000000001a9d4                netstack_process_ip_callback
                0x000000000001aa65                netstack_ip_packet_processor_add
                0x000000000001aa88                uip_ds6_ip_packet_processor_rm
                0x000000000001aaa5                netstack_init
 .text          0x000000000001aac3       0x4f build/cooja/mtype439.a(linkaddr.o)
                0x000000000001aac3                linkaddr_copy
                0x000000000001aad9                linkaddr_cmp
                0x000000000001aafc                linkaddr_set_node_addr
 .text          0x000000000001ab12      0x1f6 build/cooja/mtype439.a(csma.o)
 .text          0x000000000001ad08      0x95d build/cooja/mtype439.a(csma-output.o)
                0x000000000001b39f                csma_output_packet
                0x000000000001b62c                csma_output_init
 .text          0x000000000001b665      0xc11 build/cooja/mtype439.a(uip-ds6.o)
                0x000000000001b665                uip_ds6_default_prefix
                0x000000000001b66f                uip_ds6_set_default_prefix
                0x000000000001b69a                uip_ds6_init
                0x000000000001b8fc                uip_ds6_periodic
                0x000000000001b983                uip_ds6_list_loop
                0x000000000001ba43                uip_ds6_prefix_add
                0x000000000001baef                uip_ds6_prefix_rm
                0x000000000001bb02                uip_ds6_prefix_lookup
                0x000000000001bb41                uip_ds6_is_addr_onlink
                0x000000000001bbb4                uip_ds6_addr_add
                0x000000000001bcd4                uip_ds6_addr_rm
                0x000000000001bd7d                uip_ds6_addr_lookup
                0x000000000001bdb6                uip_ds6_get_link_local
                0x000000000001be37                uip_ds6_get_global
                0x000000000001beb8                uip_ds6_maddr_add
                0x000000000001bf18                uip_ds6_maddr_rm
                0x000000000001bf2b                uip_ds6_maddr_lookup
                0x000000000001bf64                uip_ds6_aaddr_add
                0x000000000001bfc4                uip_ds6_aaddr_rm
                0x000000000001bfd7                uip_ds6_aaddr_lookup
                0x000000000001c010                uip_ds6_select_src
                0x000000000001c159                uip_ds6_set_addr_iid
                0x000000000001c184                uip_ds6_set_lladdr_from_iid
                0x000000000001c1ad                get_match_length
                0x000000000001c23e                uip_ds6_compute_reachable_time
 .text          0x000000000001c276      0x128 build/cooja/mtype439.a(uip-udp-packet.)
                0x000000000001c276                uip_udp_packet_send
                0x000000000001c2d1                uip_udp_packet_sendto
 .text          0x000000000001c39e      0x35b build/cooja/mtype439.a(uip-ds6-route.o)
                0x000000000001c3ef                uip_ds6_route_init
                0x000000000001c419                uip_ds6_route_nexthop
                0x000000000001c423                uip_ds6_route_head
                0x000000000001c42d                uip_ds6_route_next
                0x000000000001c437                uip_ds6_route_is_nexthop
                0x000000000001c441                uip_ds6_route_num_routes
                0x000000000001c44b                uip_ds6_route_lookup
                0x000000000001c455                uip_ds6_route_add
                0x000000000001c468                uip_ds6_route_rm
                0x000000000001c46e                uip_ds6_route_rm_by_nexthop
                0x000000000001c474                uip_ds6_defrt_head
                0x000000000001c48d                uip_ds6_defrt_add
                0x000000000001c53b                uip_ds6_defrt_rm
                0x000000000001c5a1                uip_ds6_defrt_lookup
                0x000000000001c608                uip_ds6_defrt_choose
                0x000000000001c67e                uip_ds6_defrt_periodic
 .text          0x000000000001c6f9      0x6f7 build/cooja/mtype439.a(tcpip.o)
                0x000000000001c713                tcpip_output
                0x000000000001c792                udp_attach
                0x000000000001c7aa                udp_new
                0x000000000001c7f4                udp_broadcast_new
                0x000000000001c966                tcpip_input
                0x000000000001caf6                tcpip_ipv6_output
                0x000000000001ccea                tcpip_poll_udp
                0x000000000001cd08                tcpip_uipcall
 .text          0x000000000001cdf0     0x1205 build/cooja/mtype439.a(uip6.o)
                0x000000000001ce9f                uip_chksum
                0x000000000001cf76                uip_icmp6chksum
                0x000000000001cf8b                uip_udpchksum
                0x000000000001cfa0                uip_init
                0x000000000001cfe9                uip_remove_ext_hdr
                0x000000000001d0c3                uip_udp_new
                0x000000000001d3d7                uip_process
                0x000000000001decf                uip_htons
                0x000000000001def1                uip_htonl
                0x000000000001df2f                uip_send
 .text          0x000000000001dff5      0x369 build/cooja/mtype439.a(uip-ds6-nbr.o)
                0x000000000001dff5                uip_ds6_neighbors_init
                0x000000000001e019                uip_ds6_nbr_add
                0x000000000001e09f                uip_ds6_nbr_rm
                0x000000000001e0ea                uip_ds6_nbr_update_ll
                0x000000000001e1d8                uip_ds6_nbr_get_ipaddr
                0x000000000001e1ed                uip_ds6_nbr_get_ll
                0x000000000001e209                uip_ds6_nbr_num
                0x000000000001e252                uip_ds6_nbr_head
                0x000000000001e26b                uip_ds6_nbr_next
                0x000000000001e287                uip_ds6_nbr_lookup
                0x000000000001e2df                uip_ds6_nbr_ll_lookup
                0x000000000001e2fb                uip_ds6_nbr_ipaddr_from_lladdr
                0x000000000001e324                uip_ds6_nbr_lladdr_from_ipaddr
                0x000000000001e358                uip_ds6_link_callback
 .text          0x000000000001e35e      0x6a7 build/cooja/mtype439.a(uip-nd6.o)
                0x000000000001e9ec                uip_nd6_init
 .text          0x000000000001ea05     0x2c17 build/cooja/mtype439.a(sicslowpan.o)
                0x000000000001f00c                netstack_sniffer_add
                0x000000000001f01a                netstack_sniffer_remove
                0x00000000000215f0                sicslowpan_init
                0x0000000000021612                sicslowpan_get_last_rssi
 .text          0x000000000002161c      0x4d1 build/cooja/mtype439.a(uiplib.o)
                0x000000000002161c                uiplib_ip6addrconv
                0x00000000000217d4                uiplib_ip4addrconv
                0x0000000000021897                uiplib_ipaddr_print
                0x00000000000218ea                uiplib_ipaddr_snprint
 .text          0x0000000000021aed      0x4c9 build/cooja/mtype439.a(rpl.o)
                0x0000000000021aed                rpl_lollipop_greater_than
                0x0000000000021b47                rpl_get_global_address
                0x0000000000021c3f                rpl_link_callback
                0x0000000000021c83                rpl_has_joined
                0x0000000000021ca8                rpl_is_reachable
                0x0000000000021d29                rpl_reset_prefix
                0x0000000000021d93                rpl_set_prefix_from_addr
                0x0000000000021e78                rpl_set_prefix
                0x0000000000021f92                rpl_set_leaf_only
                0x0000000000021faa                rpl_get_leaf_only
 .text          0x0000000000021fb6     0x138c build/cooja/mtype439.a(rpl-icmp6.o)
                0x00000000000220db                rpl_icmp6_update_nbr_table
                0x0000000000022164                rpl_icmp6_dis_output
                0x00000000000227aa                rpl_icmp6_dio_output
                0x0000000000022fa8                rpl_icmp6_dao_output
                0x0000000000023289                rpl_icmp6_dao_ack_output
                0x00000000000232f9                rpl_icmp6_init
 .text          0x0000000000023342      0x264 build/cooja/mtype439.a(rpl-dag-root.o)
                0x0000000000023342                rpl_dag_root_print_links
                0x000000000002346e                rpl_dag_root_set_prefix
                0x000000000002349a                rpl_dag_root_start
                0x0000000000023577                rpl_dag_root_is_root
 .text          0x00000000000235a6       0x30 build/cooja/mtype439.a(watchdog.o)
                0x00000000000235a6                watchdog_init
                0x00000000000235ac                watchdog_start
                0x00000000000235b2                watchdog_periodic
                0x00000000000235ca                watchdog_stop
                0x00000000000235d0                watchdog_reboot
 .text          0x00000000000235d6       0x4a build/cooja/mtype439.a(int-master.o)
                0x00000000000235d6                int_master_enable
                0x00000000000235e6                int_master_read_and_disable
                0x0000000000023603                int_master_status_set
                0x0000000000023611                int_master_is_enabled
 .text          0x0000000000023620      0x6ee build/cooja/mtype439.a(coap-observe-cl)
                0x00000000000236be                coap_obs_add_observee
                0x000000000002375a                coap_obs_remove_observee
                0x000000000002378a                coap_get_obs_subject_by_token
                0x00000000000237f2                coap_obs_remove_observee_by_token
                0x0000000000023885                coap_obs_remove_observee_by_url
                0x00000000000239dd                coap_handle_notification
                0x0000000000023b38                coap_generate_token
                0x0000000000023b5a                coap_obs_request_registration
 .text          0x0000000000023d0e      0x226 build/cooja/mtype439.a(coap-timer-defa)
 .text          0x0000000000023f34       0xc7 build/cooja/mtype439.a(stimer.o)
                0x0000000000023f34                stimer_set
                0x0000000000023f52                stimer_reset
                0x0000000000023f7f                stimer_restart
                0x0000000000023f94                stimer_expired
                0x0000000000023fbf                stimer_remaining
                0x0000000000023fe3                stimer_elapsed
 .text          0x0000000000023ffb      0x156 build/cooja/mtype439.a(ringbuf.o)
                0x0000000000023ffb                ringbuf_init
                0x000000000002402d                ringbuf_put
                0x00000000000240ab                ringbuf_get
                0x0000000000024118                ringbuf_size
                0x000000000002412a                ringbuf_elements
 .text          0x0000000000024151       0x1f build/cooja/mtype439.a(assert.o)
                0x0000000000024151                _xassert
 .text          0x0000000000024170      0x79b build/cooja/mtype439.a(nbr-table.o)
                0x00000000000245e9                nbr_table_register
                0x0000000000024656                nbr_table_is_registered
                0x0000000000024691                nbr_table_head
                0x00000000000246ec                nbr_table_next
                0x000000000002474d                nbr_table_add_lladdr
                0x0000000000024827                nbr_table_get_from_lladdr
                0x0000000000024873                nbr_table_remove
                0x00000000000248ab                nbr_table_lock
                0x00000000000248c5                nbr_table_unlock
                0x00000000000248df                nbr_table_get_lladdr
 .text          0x000000000002490b      0x3a5 build/cooja/mtype439.a(link-stats.o)
                0x000000000002490b                link_stats_from_lladdr
                0x0000000000024927                link_stats_get_lladdr
                0x0000000000024943                link_stats_is_fresh
                0x000000000002497f                guess_etx_from_rssi
                0x00000000000249fb                link_stats_packet_sent
                0x0000000000024b1b                link_stats_input_callback
                0x0000000000024c2b                link_stats_reset
                0x0000000000024c7b                link_stats_init
 .text          0x0000000000024cb0      0x187 build/cooja/mtype439.a(mac-sequence.o)
                0x0000000000024cb0                mac_sequence_is_duplicate
                0x0000000000024d50                mac_sequence_register_seqno
 .text          0x0000000000024e37       0x23 build/cooja/mtype439.a(mac.o)
                0x0000000000024e37                mac_call_sent_callback
 .text          0x0000000000024e5a      0x432 build/cooja/mtype439.a(framer-802154.o)
                0x0000000000024fe9                framer_802154_setup_params
 .text          0x000000000002528c      0xb6f build/cooja/mtype439.a(frame802154.o)
                0x00000000000252bd                frame802154_get_pan_id
                0x00000000000252c9                frame802154_set_pan_id
                0x00000000000252e3                frame802154_has_panid
                0x0000000000025492                frame802154_check_dest_panid
                0x000000000002551a                frame802154_is_broadcast_addr
                0x0000000000025567                frame802154_extract_linkaddr
                0x00000000000257cc                frame802154_hdrlen
                0x000000000002583f                frame802154_create_fcf
                0x00000000000258f7                frame802154_create
                0x0000000000025a6c                frame802154_parse_fcf
                0x0000000000025b4e                frame802154_parse
 .text          0x0000000000025dfb       0x2d build/cooja/mtype439.a(csma-security.o)
                0x0000000000025dfb                csma_security_create_frame
                0x0000000000025e19                csma_security_parse_frame
 .text          0x0000000000025e28      0x4e4 build/cooja/mtype439.a(uipbuf.o)
                0x0000000000025e28                uipbuf_clear
                0x0000000000025e4f                uipbuf_add_ext_hdr
                0x0000000000025ecf                uipbuf_set_len
                0x0000000000025efc                uipbuf_set_len_field
                0x0000000000025f28                uipbuf_get_len_field
                0x0000000000025f48                uipbuf_get_next_header
                0x000000000002607a                uipbuf_get_last_header
                0x00000000000260f3                uipbuf_search_header
                0x00000000000261a9                uipbuf_get_attr
                0x00000000000261d0                uipbuf_set_attr
                0x0000000000026207                uipbuf_set_default_attr
                0x000000000002623e                uipbuf_clear_attr
                0x0000000000026262                uipbuf_set_attr_flag
                0x0000000000026283                uipbuf_clr_attr_flag
                0x00000000000262aa                uipbuf_is_attr_flag
                0x00000000000262ce                uipbuf_init
 .text          0x000000000002630c      0x73f build/cooja/mtype439.a(uip-icmp6.o)
                0x0000000000026381                uip_icmp6_input
                0x00000000000263d8                uip_icmp6_register_input_handler
                0x000000000002652b                uip_icmp6_error_output
                0x00000000000267dc                uip_icmp6_send
                0x00000000000269d3                uip_icmp6_echo_reply_callback_add
                0x0000000000026a05                uip_icmp6_echo_reply_callback_rm
                0x0000000000026a22                uip_icmp6_init
 .text          0x0000000000026a4b      0x69b build/cooja/mtype439.a(uip-sr.o)
                0x0000000000026a4b                uip_sr_num_nodes
                0x0000000000026ad9                uip_sr_get_node
                0x0000000000026b30                uip_sr_is_addr_reachable
                0x0000000000026bde                uip_sr_expire_parent
                0x0000000000026c27                uip_sr_update_node
                0x0000000000026d57                uip_sr_init
                0x0000000000026d8b                uip_sr_node_head
                0x0000000000026da4                uip_sr_node_next
                0x0000000000026dba                uip_sr_periodic
                0x0000000000026ec0                uip_sr_free_all
                0x0000000000026f30                uip_sr_link_snprint
 .text          0x00000000000270e6      0x146 build/cooja/mtype439.a(uip-packetqueue)
                0x0000000000027114                uip_packetqueue_new
                0x0000000000027123                uip_packetqueue_alloc
                0x000000000002717e                uip_packetqueue_free
                0x00000000000271c5                uip_packetqueue_buf
                0x00000000000271e2                uip_packetqueue_buflen
                0x0000000000027203                uip_packetqueue_set_buflen
 .text          0x000000000002722c      0x1b0 build/cooja/mtype439.a(rpl-nbr-policy.)
                0x0000000000027399                rpl_nbr_policy_find_removable
 .text          0x00000000000273dc      0x915 build/cooja/mtype439.a(rpl-neighbor.o)
                0x0000000000027458                rpl_neighbor_snprint
                0x000000000002770b                rpl_neighbor_print_list
                0x00000000000277c0                rpl_neighbor_count
                0x0000000000027867                rpl_neighbor_get_from_lladdr
                0x0000000000027883                rpl_neighbor_is_acceptable_parent
                0x00000000000278b7                rpl_neighbor_get_link_metric
                0x00000000000278eb                rpl_neighbor_rank_via_nbr
                0x000000000002791f                rpl_neighbor_get_lladdr
                0x000000000002793b                rpl_neighbor_get_ipaddr
                0x0000000000027962                rpl_neighbor_get_link_stats
                0x0000000000027989                rpl_neighbor_is_fresh
                0x00000000000279b0                rpl_neighbor_is_reachable
                0x00000000000279fb                rpl_neighbor_is_parent
                0x0000000000027a25                rpl_neighbor_set_preferred_parent
                0x0000000000027abc                rpl_neighbor_remove_all
                0x0000000000027b18                rpl_neighbor_get_from_ipaddr
                0x0000000000027c26                rpl_neighbor_select_best
                0x0000000000027cd2                rpl_neighbor_init
 .text          0x0000000000027cf1      0xe69 build/cooja/mtype439.a(rpl-dag.o)
                0x0000000000027cf1                rpl_dag_state_to_str
                0x0000000000027d30                rpl_dag_get_root_ipaddr
                0x0000000000027d78                rpl_dag_leave
                0x0000000000027e01                rpl_dag_poison_and_leave
                0x0000000000027e19                rpl_dag_periodic
                0x0000000000027ea1                rpl_is_addr_in_our_dag
                0x0000000000027ee5                rpl_get_default_instance
                0x0000000000027f01                rpl_get_any_dag
                0x0000000000027f5a                rpl_refresh_routes
                0x0000000000027f9a                rpl_global_repair
                0x0000000000028033                rpl_local_repair
                0x000000000002807d                rpl_dag_ready_to_advertise
                0x00000000000280c0                rpl_dag_update_state
                0x00000000000287ed                rpl_process_dio
                0x000000000002886b                rpl_process_dis
                0x00000000000288b0                rpl_process_dao
                0x000000000002893f                rpl_process_dao_ack
                0x00000000000289d6                rpl_process_hbh
                0x0000000000028a26                rpl_dag_init_root
                0x0000000000028b3a                rpl_dag_init
 .text          0x0000000000028b5a      0x9e7 build/cooja/mtype439.a(rpl-timers.o)
                0x0000000000028b5a                rpl_timers_schedule_periodic_dis
                0x0000000000028ca8                rpl_timers_dio_reset
                0x0000000000028db6                rpl_timers_schedule_unicast_dio
                0x0000000000028f0a                rpl_timers_schedule_dao
                0x0000000000028fc9                rpl_timers_schedule_dao_ack
                0x000000000002904f                rpl_timers_notify_dao_ack
                0x00000000000290ad                get_probing_delay
                0x00000000000290e1                get_probing_target
                0x00000000000292cb                rpl_schedule_probing
                0x00000000000292f9                rpl_schedule_probing_now
                0x0000000000029363                rpl_timers_unschedule_leaving
                0x000000000002939b                rpl_timers_schedule_leaving
                0x00000000000293dc                rpl_timers_init
                0x000000000002946c                rpl_timers_stop_dag_timers
                0x00000000000294e5                rpl_timers_unschedule_state_update
                0x0000000000029509                rpl_timers_schedule_state_update
 .text          0x0000000000029541      0xb8e build/cooja/mtype439.a(rpl-ext-header.)
                0x0000000000029541                rpl_ext_header_srh_get_next_hop
                0x0000000000029628                rpl_ext_header_srh_update
                0x0000000000029b94                rpl_ext_header_hbh_update
                0x0000000000029e94                rpl_ext_header_update
                0x0000000000029f1d                rpl_ext_header_remove
 .text          0x000000000002a0cf      0x31b build/cooja/mtype439.a(rpl-mrhof.o)
 *fill*         0x000000000002a3ea        0x6 
 .text          0x000000000002a3f0      0x122 /usr/lib/gcc/i686-linux-gnu/5/libgcc.a(_udivdi3.o)
                0x000000000002a3f0                __udivdi3
 .text          0x000000000002a512        0x0 /usr/lib/gcc/i686-linux-gnu/5/crtendS.o
 .text          0x000000000002a512        0x0 /usr/lib/gcc/i686-linux-gnu/5/../../../i386-linux-gnu/crtn.o
 *(.gnu.warning)

.fini           0x000000000002a514       0x14
 *(SORT(.fini))
 .fini          0x000000000002a514        0xf /usr/lib/gcc/i686-linux-gnu/5/../../../i386-linux-gnu/crti.o
                0x000000000002a514                _fini
 .fini          0x000000000002a523        0x5 /usr/lib/gcc/i686-linux-gnu/5/../../../i386-linux-gnu/crtn.o
                [!provide]                        PROVIDE (__etext, .)
                [!provide]                        PROVIDE (_etext, .)
                [!provide]                        PROVIDE (etext, .)

.rodata         0x000000000002a540      0xb6b
 *(.rodata .rodata.* .gnu.linkonce.r.*)
 .rodata        0x000000000002a540       0xd9 ph_sensor.o
                0x000000000002a58c                autostart_processes
 *fill*         0x000000000002a619        0x3 
 .rodata        0x000000000002a61c        0x8 build/cooja/mtype439.a(beep.o)
                0x000000000002a61c                beep_interface
 .rodata        0x000000000002a624        0xe build/cooja/mtype439.a(leds-arch.o)
                0x000000000002a624                leds_interface
                0x000000000002a62c                leds_arch_leds
 *fill*         0x000000000002a632        0x2 
 .rodata        0x000000000002a634        0x8 build/cooja/mtype439.a(moteid.o)
                0x000000000002a634                moteid_interface
 .rodata        0x000000000002a63c       0x1c build/cooja/mtype439.a(pir-sensor.o)
                0x000000000002a63c                pir_interface
                0x000000000002a648                pir_sensor
 .rodata        0x000000000002a658        0xe build/cooja/mtype439.a(rs232.o)
                0x000000000002a658                rs232_interface
 *fill*         0x000000000002a666        0x2 
 .rodata        0x000000000002a668       0x24 build/cooja/mtype439.a(vib-sensor.o)
                0x000000000002a668                vib_interface
                0x000000000002a67c                vib_sensor
 .rodata        0x000000000002a68c        0x8 build/cooja/mtype439.a(clock.o)
                0x000000000002a68c                clock_interface
 .rodata        0x000000000002a694        0x8 build/cooja/mtype439.a(cooja-log.o)
                0x000000000002a694                simlog_interface
 .rodata        0x000000000002a69c       0x2f build/cooja/mtype439.a(cfs-cooja.o)
                0x000000000002a69c                cfs_interface
 *fill*         0x000000000002a6cb       0x15 
 .rodata        0x000000000002a6e0       0xb8 build/cooja/mtype439.a(cooja-radio.o)
                0x000000000002a6e0                radio_interface
                0x000000000002a760                cooja_radio_driver
 .rodata        0x000000000002a798        0x8 build/cooja/mtype439.a(eeprom.o)
                0x000000000002a798                eeprom_interface
 .rodata        0x000000000002a7a0        0x8 build/cooja/mtype439.a(sensors.o)
 .rodata        0x000000000002a7a8       0x2c build/cooja/mtype439.a(buttons.o)
                0x000000000002a7a8                button_interface
                0x000000000002a7bc                button_hal_button_count
                0x000000000002a7c4                button_sensor
 .rodata        0x000000000002a7d4      0x12c build/cooja/mtype439.a(ph_measuring_de)
 .rodata        0x000000000002a900       0x41 build/cooja/mtype439.a(coap-engine.o)
 .rodata        0x000000000002a941       0x19 build/cooja/mtype439.a(coap-res-well-k)
 .rodata        0x000000000002a95a       0x11 build/cooja/mtype439.a(coap-observe.o)
 .rodata        0x000000000002a96b       0x35 build/cooja/mtype439.a(coap-uip.o)
 .rodata        0x000000000002a9a0      0x1ac build/cooja/mtype439.a(coap.o)
 .rodata        0x000000000002ab4c       0xf8 build/cooja/mtype439.a(contiki-main.o)
 .rodata        0x000000000002ac44        0xf build/cooja/mtype439.a(ctimer.o)
 *fill*         0x000000000002ac53        0x1 
 .rodata        0x000000000002ac54       0xc4 build/cooja/mtype439.a(log.o)
 .rodata        0x000000000002ad18        0xc build/cooja/mtype439.a(etimer.o)
 .rodata        0x000000000002ad24       0x13 build/cooja/mtype439.a(button-hal.o)
 .rodata        0x000000000002ad37        0xe build/cooja/mtype439.a(serial-line.o)
 *fill*         0x000000000002ad45        0x3 
 .rodata        0x000000000002ad48        0x8 build/cooja/mtype439.a(linkaddr.o)
                0x000000000002ad48                linkaddr_null
 .rodata        0x000000000002ad50       0x24 build/cooja/mtype439.a(csma.o)
                0x000000000002ad58                csma_driver
 .rodata        0x000000000002ad74       0x24 build/cooja/mtype439.a(csma-output.o)
 .rodata        0x000000000002ad98       0x4d build/cooja/mtype439.a(uip-ds6-route.o)
 .rodata        0x000000000002ade5        0xd build/cooja/mtype439.a(tcpip.o)
 *fill*         0x000000000002adf2        0x2 
 .rodata        0x000000000002adf4       0x30 build/cooja/mtype439.a(sicslowpan.o)
                0x000000000002adf4                unc_llconf
                0x000000000002adf8                unc_ctxconf
                0x000000000002adfc                unc_mxconf
                0x000000000002ae00                llprefix
                0x000000000002ae14                sicslowpan_driver
 .rodata        0x000000000002ae24       0x2d build/cooja/mtype439.a(uiplib.o)
 *fill*         0x000000000002ae51        0xf 
 .rodata        0x000000000002ae60       0x74 build/cooja/mtype439.a(rpl.o)
                0x000000000002ae80                rpl_lite_driver
 .rodata        0x000000000002aed4       0x20 build/cooja/mtype439.a(coap-timer-defa)
                0x000000000002aee8                coap_timer_default_driver
 .rodata        0x000000000002aef4       0x25 build/cooja/mtype439.a(assert.o)
 *fill*         0x000000000002af19        0x3 
 .rodata        0x000000000002af1c        0xc build/cooja/mtype439.a(framer-802154.o)
                0x000000000002af1c                framer_802154
 .rodata        0x000000000002af28       0x44 build/cooja/mtype439.a(uip-sr.o)
 .rodata        0x000000000002af6c       0x58 build/cooja/mtype439.a(rpl-neighbor.o)
 .rodata        0x000000000002afc4       0xdb build/cooja/mtype439.a(rpl-dag.o)
 .rodata        0x000000000002b09f        0xc build/cooja/mtype439.a(rpl-timers.o)

.rodata1
 *(.rodata1)

.eh_frame_hdr   0x000000000002b0ac     0x1a54
 *(.eh_frame_hdr)
 .eh_frame_hdr  0x000000000002b0ac     0x1a54 ph_sensor.o
                0x000000000002b0ac                __GNU_EH_FRAME_HDR
 *(.eh_frame_entry .eh_frame_entry.*)

.eh_frame       0x000000000002cb00     0x6acc
 *(.eh_frame)
 .eh_frame      0x000000000002cb00       0x3c /usr/lib/gcc/i686-linux-gnu/5/../../../i386-linux-gnu/crti.o
                                         0x40 (size before relaxing)
 .eh_frame      0x000000000002cb3c       0x40 ph_sensor.o
                                         0x58 (size before relaxing)
 .eh_frame      0x000000000002cb7c      0x178 build/cooja/mtype439.o
                                        0x190 (size before relaxing)
 .eh_frame      0x000000000002ccf4       0x40 build/cooja/mtype439.a(simEnvChange.o)
                                         0x58 (size before relaxing)
 .eh_frame      0x000000000002cd34       0x60 build/cooja/mtype439.a(cooja_mt.o)
                                         0x78 (size before relaxing)
 .eh_frame      0x000000000002cd94       0x80 build/cooja/mtype439.a(cooja_mtarch.o)
                                         0x98 (size before relaxing)
 .eh_frame      0x000000000002ce14       0xc8 build/cooja/mtype439.a(rtimer-arch.o)
                                         0xe0 (size before relaxing)
 .eh_frame      0x000000000002cedc      0x160 build/cooja/mtype439.a(beep.o)
                                        0x178 (size before relaxing)
 .eh_frame      0x000000000002d03c       0x80 build/cooja/mtype439.a(leds-arch.o)
                                         0x98 (size before relaxing)
 .eh_frame      0x000000000002d0bc       0x40 build/cooja/mtype439.a(moteid.o)
                                         0x58 (size before relaxing)
 .eh_frame      0x000000000002d0fc       0xa0 build/cooja/mtype439.a(pir-sensor.o)
                                         0xb8 (size before relaxing)
 .eh_frame      0x000000000002d19c      0x100 build/cooja/mtype439.a(rs232.o)
                                        0x118 (size before relaxing)
 .eh_frame      0x000000000002d29c       0xa0 build/cooja/mtype439.a(vib-sensor.o)
                                         0xb8 (size before relaxing)
 .eh_frame      0x000000000002d33c       0xc0 build/cooja/mtype439.a(clock.o)
                                         0xd8 (size before relaxing)
 .eh_frame      0x000000000002d3fc      0x120 build/cooja/mtype439.a(cooja-log.o)
                                        0x138 (size before relaxing)
 .eh_frame      0x000000000002d51c      0x160 build/cooja/mtype439.a(cfs-cooja.o)
                                        0x178 (size before relaxing)
 .eh_frame      0x000000000002d67c      0x340 build/cooja/mtype439.a(cooja-radio.o)
                                        0x358 (size before relaxing)
 .eh_frame      0x000000000002d9bc       0xa0 build/cooja/mtype439.a(eeprom.o)
                                         0xb8 (size before relaxing)
 .eh_frame      0x000000000002da5c       0x40 build/cooja/mtype439.a(random.o)
                                         0x58 (size before relaxing)
 .eh_frame      0x000000000002da9c       0xc0 build/cooja/mtype439.a(sensors.o)
                                         0xd8 (size before relaxing)
 .eh_frame      0x000000000002db5c      0x120 build/cooja/mtype439.a(leds.o)
                                        0x138 (size before relaxing)
 .eh_frame      0x000000000002dc7c      0x220 build/cooja/mtype439.a(gpio-hal-arch.o)
                                        0x238 (size before relaxing)
 .eh_frame      0x000000000002de9c       0xa0 build/cooja/mtype439.a(buttons.o)
                                         0xb8 (size before relaxing)
 .eh_frame      0x000000000002df3c       0x80 build/cooja/mtype439.a(ph_measuring_de)
                                         0x98 (size before relaxing)
 .eh_frame      0x000000000002dfbc       0x44 build/cooja/mtype439.a(coap-blocking-a)
                                         0x5c (size before relaxing)
 .eh_frame      0x000000000002e000      0x220 build/cooja/mtype439.a(coap-engine.o)
                                        0x238 (size before relaxing)
 .eh_frame      0x000000000002e220       0x24 build/cooja/mtype439.a(coap-res-well-k)
                                         0x3c (size before relaxing)
 .eh_frame      0x000000000002e244      0x188 build/cooja/mtype439.a(coap-observe.o)
                                        0x1a0 (size before relaxing)
 .eh_frame      0x000000000002e3cc      0x250 build/cooja/mtype439.a(coap-uip.o)
                                        0x268 (size before relaxing)
 .eh_frame      0x000000000002e61c      0x114 build/cooja/mtype439.a(coap-timer.o)
                                        0x12c (size before relaxing)
 .eh_frame      0x000000000002e730      0x100 build/cooja/mtype439.a(coap-transactio)
                                        0x118 (size before relaxing)
 .eh_frame      0x000000000002e830      0x6ec build/cooja/mtype439.a(coap.o)
                                        0x704 (size before relaxing)
 .eh_frame      0x000000000002ef1c       0x30 build/cooja/mtype439.a(contiki-main.o)
                                         0x48 (size before relaxing)
 .eh_frame      0x000000000002ef4c       0x40 build/cooja/mtype439.a(autostart.o)
                                         0x58 (size before relaxing)
 .eh_frame      0x000000000002ef8c      0x100 build/cooja/mtype439.a(ctimer.o)
                                        0x118 (size before relaxing)
 .eh_frame      0x000000000002f08c      0x100 build/cooja/mtype439.a(log.o)
                                        0x118 (size before relaxing)
 .eh_frame      0x000000000002f18c       0x60 build/cooja/mtype439.a(energest.o)
                                         0x78 (size before relaxing)
 .eh_frame      0x000000000002f1ec      0x1e0 build/cooja/mtype439.a(etimer.o)
                                        0x1f8 (size before relaxing)
 .eh_frame      0x000000000002f3cc       0x20 build/cooja/mtype439.a(node-id.o)
                                         0x38 (size before relaxing)
 .eh_frame      0x000000000002f3ec       0x60 build/cooja/mtype439.a(rtimer.o)
                                         0x78 (size before relaxing)
 .eh_frame      0x000000000002f44c      0x1c4 build/cooja/mtype439.a(process.o)
                                        0x1dc (size before relaxing)
 .eh_frame      0x000000000002f610       0xa4 build/cooja/mtype439.a(timer.o)
                                         0xbc (size before relaxing)
 .eh_frame      0x000000000002f6b4      0x1a0 build/cooja/mtype439.a(list.o)
                                        0x1b8 (size before relaxing)
 .eh_frame      0x000000000002f854       0xa0 build/cooja/mtype439.a(memb.o)
                                         0xb8 (size before relaxing)
 .eh_frame      0x000000000002f8f4      0x144 build/cooja/mtype439.a(button-hal.o)
                                        0x15c (size before relaxing)
 .eh_frame      0x000000000002fa38       0x60 build/cooja/mtype439.a(serial-line.o)
                                         0x78 (size before relaxing)
 .eh_frame      0x000000000002fa98       0xe0 build/cooja/mtype439.a(gpio-hal.o)
                                         0xf8 (size before relaxing)
 .eh_frame      0x000000000002fb78      0x1a0 build/cooja/mtype439.a(queuebuf.o)
                                        0x1b8 (size before relaxing)
 .eh_frame      0x000000000002fd18      0x28c build/cooja/mtype439.a(packetbuf.o)
                                        0x2a4 (size before relaxing)
 .eh_frame      0x000000000002ffa4       0x80 build/cooja/mtype439.a(netstack.o)
                                         0x98 (size before relaxing)
 .eh_frame      0x0000000000030024       0x60 build/cooja/mtype439.a(linkaddr.o)
                                         0x78 (size before relaxing)
 .eh_frame      0x0000000000030084       0xe0 build/cooja/mtype439.a(csma.o)
                                         0xf8 (size before relaxing)
 .eh_frame      0x0000000000030164      0x1d0 build/cooja/mtype439.a(csma-output.o)
                                        0x1e8 (size before relaxing)
 .eh_frame      0x0000000000030334      0x328 build/cooja/mtype439.a(uip-ds6.o)
                                        0x340 (size before relaxing)
 .eh_frame      0x000000000003065c       0x40 build/cooja/mtype439.a(uip-udp-packet.)
                                         0x58 (size before relaxing)
 .eh_frame      0x000000000003069c      0x220 build/cooja/mtype439.a(uip-ds6-route.o)
                                        0x238 (size before relaxing)
 .eh_frame      0x00000000000308bc      0x244 build/cooja/mtype439.a(tcpip.o)
                                        0x25c (size before relaxing)
 .eh_frame      0x0000000000030b00      0x1e8 build/cooja/mtype439.a(uip6.o)
                                        0x200 (size before relaxing)
 .eh_frame      0x0000000000030ce8      0x1c0 build/cooja/mtype439.a(uip-ds6-nbr.o)
                                        0x1d8 (size before relaxing)
 .eh_frame      0x0000000000030ea8       0x84 build/cooja/mtype439.a(uip-nd6.o)
                                         0x9c (size before relaxing)
 .eh_frame      0x0000000000030f2c      0x2f8 build/cooja/mtype439.a(sicslowpan.o)
                                        0x310 (size before relaxing)
 .eh_frame      0x0000000000031224       0x88 build/cooja/mtype439.a(uiplib.o)
                                         0xa0 (size before relaxing)
 .eh_frame      0x00000000000312ac      0x1e0 build/cooja/mtype439.a(rpl.o)
                                        0x1f8 (size before relaxing)
 .eh_frame      0x000000000003148c      0x1c4 build/cooja/mtype439.a(rpl-icmp6.o)
                                        0x1dc (size before relaxing)
 .eh_frame      0x0000000000031650       0xa0 build/cooja/mtype439.a(rpl-dag-root.o)
                                         0xb8 (size before relaxing)
 .eh_frame      0x00000000000316f0       0xa0 build/cooja/mtype439.a(watchdog.o)
                                         0xb8 (size before relaxing)
 .eh_frame      0x0000000000031790       0x80 build/cooja/mtype439.a(int-master.o)
                                         0x98 (size before relaxing)
 .eh_frame      0x0000000000031810      0x1c4 build/cooja/mtype439.a(coap-observe-cl)
                                        0x1dc (size before relaxing)
 .eh_frame      0x00000000000319d4       0xa4 build/cooja/mtype439.a(coap-timer-defa)
                                         0xbc (size before relaxing)
 .eh_frame      0x0000000000031a78       0xc4 build/cooja/mtype439.a(stimer.o)
                                         0xdc (size before relaxing)
 .eh_frame      0x0000000000031b3c       0xa0 build/cooja/mtype439.a(ringbuf.o)
                                         0xb8 (size before relaxing)
 .eh_frame      0x0000000000031bdc       0x20 build/cooja/mtype439.a(assert.o)
                                         0x38 (size before relaxing)
 .eh_frame      0x0000000000031bfc      0x2ac build/cooja/mtype439.a(nbr-table.o)
                                        0x2c4 (size before relaxing)
 .eh_frame      0x0000000000031ea8      0x120 build/cooja/mtype439.a(link-stats.o)
                                        0x138 (size before relaxing)
 .eh_frame      0x0000000000031fc8       0x48 build/cooja/mtype439.a(mac-sequence.o)
                                         0x60 (size before relaxing)
 .eh_frame      0x0000000000032010       0x20 build/cooja/mtype439.a(mac.o)
                                         0x38 (size before relaxing)
 .eh_frame      0x0000000000032030       0xa4 build/cooja/mtype439.a(framer-802154.o)
                                         0xbc (size before relaxing)
 .eh_frame      0x00000000000320d4      0x1a4 build/cooja/mtype439.a(frame802154.o)
                                        0x1bc (size before relaxing)
 .eh_frame      0x0000000000032278       0x40 build/cooja/mtype439.a(csma-security.o)
                                         0x58 (size before relaxing)
 .eh_frame      0x00000000000322b8      0x200 build/cooja/mtype439.a(uipbuf.o)
                                        0x218 (size before relaxing)
 .eh_frame      0x00000000000324b8      0x150 build/cooja/mtype439.a(uip-icmp6.o)
                                        0x168 (size before relaxing)
 .eh_frame      0x0000000000032608      0x184 build/cooja/mtype439.a(uip-sr.o)
                                        0x19c (size before relaxing)
 .eh_frame      0x000000000003278c       0xe0 build/cooja/mtype439.a(uip-packetqueue)
                                         0xf8 (size before relaxing)
 .eh_frame      0x000000000003286c       0x80 build/cooja/mtype439.a(rpl-nbr-policy.)
                                         0x98 (size before relaxing)
 .eh_frame      0x00000000000328ec      0x2d4 build/cooja/mtype439.a(rpl-neighbor.o)
                                        0x2ec (size before relaxing)
 .eh_frame      0x0000000000032bc0      0x370 build/cooja/mtype439.a(rpl-dag.o)
                                        0x388 (size before relaxing)
 .eh_frame      0x0000000000032f30      0x3a8 build/cooja/mtype439.a(rpl-timers.o)
                                        0x3c0 (size before relaxing)
 .eh_frame      0x00000000000332d8      0x124 build/cooja/mtype439.a(rpl-ext-header.)
                                        0x13c (size before relaxing)
 .eh_frame      0x00000000000333fc      0x148 build/cooja/mtype439.a(rpl-mrhof.o)
                                        0x160 (size before relaxing)
 .eh_frame      0x0000000000033544       0x84 /usr/lib/gcc/i686-linux-gnu/5/libgcc.a(_udivdi3.o)
                                         0x9c (size before relaxing)
 .eh_frame      0x00000000000335c8        0x4 /usr/lib/gcc/i686-linux-gnu/5/crtendS.o
 *(.eh_frame.*)

.gcc_except_table
 *(.gcc_except_table .gcc_except_table.*)

.gnu_extab
 *(.gnu_extab*)

.exception_ranges
 *(.exception_ranges .exception_ranges*)
                0x0000000000034f10                . = DATA_SEGMENT_ALIGN (0x1000, 0x1000)

.eh_frame
 *(.eh_frame)
 *(.eh_frame.*)

.gnu_extab
 *(.gnu_extab)

.gcc_except_table
 *(.gcc_except_table .gcc_except_table.*)

.exception_ranges
 *(.exception_ranges .exception_ranges*)

.tdata
 *(.tdata .tdata.* .gnu.linkonce.td.*)

.tbss
 *(.tbss .tbss.* .gnu.linkonce.tb.*)
 *(.tcommon)

.preinit_array
 *(.preinit_array)

.init_array     0x0000000000034f10        0x4
 *(SORT(.init_array.*) SORT(.ctors.*))
 *(.init_array EXCLUDE_FILE(*crtend?.o *crtend.o *crtbegin?.o *crtbegin.o) .ctors)
 .init_array    0x0000000000034f10        0x4 /usr/lib/gcc/i686-linux-gnu/5/crtbeginS.o

.fini_array     0x0000000000034f14        0x4
 *(SORT(.fini_array.*) SORT(.dtors.*))
 *(.fini_array EXCLUDE_FILE(*crtend?.o *crtend.o *crtbegin?.o *crtbegin.o) .dtors)
 .fini_array    0x0000000000034f14        0x4 /usr/lib/gcc/i686-linux-gnu/5/crtbeginS.o

.ctors
 *crtbegin.o(.ctors)
 *crtbegin?.o(.ctors)
 *(EXCLUDE_FILE(*crtend?.o *crtend.o) .ctors)
 *(SORT(.ctors.*))
 *(.ctors)

.dtors
 *crtbegin.o(.dtors)
 *crtbegin?.o(.dtors)
 *(EXCLUDE_FILE(*crtend?.o *crtend.o) .dtors)
 *(SORT(.dtors.*))
 *(.dtors)

.jcr            0x0000000000034f18        0x4
 *(.jcr)
 .jcr           0x0000000000034f18        0x0 /usr/lib/gcc/i686-linux-gnu/5/crtbeginS.o
 .jcr           0x0000000000034f18        0x4 /usr/lib/gcc/i686-linux-gnu/5/crtendS.o

.data.rel.ro
 *(.data.rel.ro.local* .gnu.linkonce.d.rel.ro.local.*)
 *(.data.rel.ro .data.rel.ro.* .gnu.linkonce.d.rel.ro.*)

.dynamic        0x0000000000034f1c       0xd0
 *(.dynamic)
 .dynamic       0x0000000000034f1c       0xd0 /usr/lib/gcc/i686-linux-gnu/5/../../../i386-linux-gnu/crti.o
                0x0000000000034f1c                _DYNAMIC

.got            0x0000000000034fec       0x14
 *(.got)
 .got           0x0000000000034fec       0x14 /usr/lib/gcc/i686-linux-gnu/5/../../../i386-linux-gnu/crti.o
 *(.igot)
                0x0000000000035ff4                . = DATA_SEGMENT_RELRO_END (., (SIZEOF (.got.plt) >= 0xc)?0xc:0x0)

.got.plt        0x0000000000035000        0xc
 *(.got.plt)
 .got.plt       0x0000000000035000        0xc /usr/lib/gcc/i686-linux-gnu/5/../../../i386-linux-gnu/crti.o
                0x0000000000035000                _GLOBAL_OFFSET_TABLE_
 *(.igot.plt)

.data           0x0000000000035020      0x464
 *(.data .data.* .gnu.linkonce.d.*)
 .data          0x0000000000035020        0x0 /usr/lib/gcc/i686-linux-gnu/5/../../../i386-linux-gnu/crti.o
 .data          0x0000000000035020        0x0 /usr/lib/gcc/i686-linux-gnu/5/crtbeginS.o
 .data.rel.local
                0x0000000000035020        0x4 /usr/lib/gcc/i686-linux-gnu/5/crtbeginS.o
                0x0000000000035020                __dso_handle
 .data          0x0000000000035024       0x14 ph_sensor.o
                0x0000000000035028                ph_sensor
 *fill*         0x0000000000035038        0x8 
 .data          0x0000000000035040       0x44 build/cooja/mtype439.o
                0x0000000000035040                simInterfaces
                0x0000000000035074                sensors
 .data          0x0000000000035084        0x0 build/cooja/mtype439.a(simEnvChange.o)
 .data          0x0000000000035084        0x0 build/cooja/mtype439.a(cooja_mt.o)
 .data          0x0000000000035084        0x0 build/cooja/mtype439.a(cooja_mtarch.o)
 .data          0x0000000000035084        0x0 build/cooja/mtype439.a(rtimer-arch.o)
 .data          0x0000000000035084        0x0 build/cooja/mtype439.a(beep.o)
 .data          0x0000000000035084        0x0 build/cooja/mtype439.a(leds-arch.o)
 .data          0x0000000000035084        0x0 build/cooja/mtype439.a(moteid.o)
 .data          0x0000000000035084        0x0 build/cooja/mtype439.a(pir-sensor.o)
 .data          0x0000000000035084        0x0 build/cooja/mtype439.a(rs232.o)
 .data          0x0000000000035084        0x0 build/cooja/mtype439.a(vib-sensor.o)
 .data          0x0000000000035084        0x0 build/cooja/mtype439.a(clock.o)
 .data          0x0000000000035084        0x0 build/cooja/mtype439.a(cooja-log.o)
 .data          0x0000000000035084        0x0 build/cooja/mtype439.a(cfs-cooja.o)
 .data          0x0000000000035084       0x2c build/cooja/mtype439.a(cooja-radio.o)
                0x0000000000035084                simRadioHWOn
                0x0000000000035088                simSignalStrength
                0x000000000003508c                simLastSignalStrength
                0x0000000000035090                simPower
                0x0000000000035094                simRadioChannel
                0x0000000000035098                simLQI
                0x00000000000350a0                cooja_radio_process
 .data          0x00000000000350b0        0x0 build/cooja/mtype439.a(eeprom.o)
 .data          0x00000000000350b0        0x0 build/cooja/mtype439.a(random.o)
 .data          0x00000000000350b0       0x10 build/cooja/mtype439.a(sensors.o)
                0x00000000000350b0                sensors_process
 .data          0x00000000000350c0        0x0 build/cooja/mtype439.a(leds.o)
 .data          0x00000000000350c0        0x0 build/cooja/mtype439.a(gpio-hal-arch.o)
 .data          0x00000000000350c0       0x78 build/cooja/mtype439.a(buttons.o)
                0x00000000000350c0                simButtonIsActive
                0x0000000000035130                button_hal_buttons
 *fill*         0x0000000000035138        0x8 
 .data          0x0000000000035140       0x44 build/cooja/mtype439.a(ph_measuring_de)
                0x0000000000035140                ph_level
                0x0000000000035160                ph_measuring_device
 .data          0x0000000000035184        0x0 build/cooja/mtype439.a(coap-blocking-a)
 .data          0x0000000000035184        0x8 build/cooja/mtype439.a(coap-engine.o)
 *fill*         0x000000000003518c       0x14 
 .data          0x00000000000351a0       0x24 build/cooja/mtype439.a(coap-res-well-k)
                0x00000000000351a0                res_well_known_core
 .data          0x00000000000351c4       0x10 build/cooja/mtype439.a(coap-observe.o)
 .data          0x00000000000351d4       0x10 build/cooja/mtype439.a(coap-uip.o)
                0x00000000000351d4                coap_engine
 .data          0x00000000000351e4        0x4 build/cooja/mtype439.a(coap-timer.o)
 .data          0x00000000000351e8       0x10 build/cooja/mtype439.a(coap-transactio)
 .data          0x00000000000351f8        0x4 build/cooja/mtype439.a(coap.o)
                0x00000000000351f8                coap_error_message
 .data          0x00000000000351fc        0x0 build/cooja/mtype439.a(contiki-main.o)
 .data          0x00000000000351fc        0x0 build/cooja/mtype439.a(autostart.o)
 .data          0x00000000000351fc       0x14 build/cooja/mtype439.a(ctimer.o)
                0x0000000000035200                ctimer_process
 *fill*         0x0000000000035210       0x10 
 .data          0x0000000000035220       0xbc build/cooja/mtype439.a(log.o)
                0x0000000000035220                curr_log_level_main
                0x0000000000035240                all_modules
 .data          0x00000000000352dc        0x0 build/cooja/mtype439.a(energest.o)
 .data          0x00000000000352dc       0x10 build/cooja/mtype439.a(etimer.o)
                0x00000000000352dc                etimer_process
 .data          0x00000000000352ec        0x0 build/cooja/mtype439.a(node-id.o)
 .data          0x00000000000352ec        0x0 build/cooja/mtype439.a(rtimer.o)
 .data          0x00000000000352ec        0x0 build/cooja/mtype439.a(process.o)
 .data          0x00000000000352ec        0x0 build/cooja/mtype439.a(timer.o)
 .data          0x00000000000352ec        0x0 build/cooja/mtype439.a(list.o)
 .data          0x00000000000352ec        0x0 build/cooja/mtype439.a(memb.o)
 .data          0x00000000000352ec       0x10 build/cooja/mtype439.a(button-hal.o)
                0x00000000000352ec                button_hal_process
 .data          0x00000000000352fc       0x10 build/cooja/mtype439.a(serial-line.o)
                0x00000000000352fc                serial_line_process
 .data          0x000000000003530c        0x4 build/cooja/mtype439.a(gpio-hal.o)
 .data          0x0000000000035310       0x18 build/cooja/mtype439.a(queuebuf.o)
 .data          0x0000000000035328        0x4 build/cooja/mtype439.a(packetbuf.o)
 .data          0x000000000003532c        0x4 build/cooja/mtype439.a(netstack.o)
 .data          0x0000000000035330        0x0 build/cooja/mtype439.a(linkaddr.o)
 .data          0x0000000000035330        0x0 build/cooja/mtype439.a(csma.o)
 .data          0x0000000000035330       0x28 build/cooja/mtype439.a(csma-output.o)
 .data          0x0000000000035358        0x0 build/cooja/mtype439.a(uip-ds6.o)
 .data          0x0000000000035358        0x0 build/cooja/mtype439.a(uip-udp-packet.)
 .data          0x0000000000035358       0x10 build/cooja/mtype439.a(uip-ds6-route.o)
 .data          0x0000000000035368       0x10 build/cooja/mtype439.a(tcpip.o)
                0x0000000000035368                tcpip_process
 .data          0x0000000000035378        0x0 build/cooja/mtype439.a(uip6.o)
 .data          0x0000000000035378       0x14 build/cooja/mtype439.a(uip-ds6-nbr.o)
 .data          0x000000000003538c        0xc build/cooja/mtype439.a(uip-nd6.o)
 .data          0x0000000000035398        0x0 build/cooja/mtype439.a(sicslowpan.o)
 .data          0x0000000000035398        0x0 build/cooja/mtype439.a(uiplib.o)
 .data          0x0000000000035398        0x0 build/cooja/mtype439.a(rpl.o)
 .data          0x0000000000035398       0x30 build/cooja/mtype439.a(rpl-icmp6.o)
 .data          0x00000000000353c8        0x0 build/cooja/mtype439.a(rpl-dag-root.o)
 .data          0x00000000000353c8        0x0 build/cooja/mtype439.a(watchdog.o)
 .data          0x00000000000353c8        0x0 build/cooja/mtype439.a(int-master.o)
 .data          0x00000000000353c8       0x10 build/cooja/mtype439.a(coap-observe-cl)
 .data          0x00000000000353d8       0x10 build/cooja/mtype439.a(coap-timer-defa)
                0x00000000000353d8                coap_timer_process
 .data          0x00000000000353e8        0x0 build/cooja/mtype439.a(stimer.o)
 .data          0x00000000000353e8        0x0 build/cooja/mtype439.a(ringbuf.o)
 .data          0x00000000000353e8        0x0 build/cooja/mtype439.a(assert.o)
 .data          0x00000000000353e8       0x10 build/cooja/mtype439.a(nbr-table.o)
 .data          0x00000000000353f8       0x14 build/cooja/mtype439.a(link-stats.o)
 .data          0x000000000003540c        0x0 build/cooja/mtype439.a(mac-sequence.o)
 .data          0x000000000003540c        0x0 build/cooja/mtype439.a(mac.o)
 .data          0x000000000003540c        0x0 build/cooja/mtype439.a(framer-802154.o)
 .data          0x000000000003540c        0x2 build/cooja/mtype439.a(frame802154.o)
 .data          0x000000000003540e        0x0 build/cooja/mtype439.a(csma-security.o)
 .data          0x000000000003540e        0x0 build/cooja/mtype439.a(uipbuf.o)
 *fill*         0x000000000003540e        0x2 
 .data          0x0000000000035410       0x20 build/cooja/mtype439.a(uip-icmp6.o)
 .data          0x0000000000035430       0x10 build/cooja/mtype439.a(uip-sr.o)
 .data          0x0000000000035440        0xc build/cooja/mtype439.a(uip-packetqueue)
 .data          0x000000000003544c        0x0 build/cooja/mtype439.a(rpl-nbr-policy.)
 .data          0x000000000003544c       0x14 build/cooja/mtype439.a(rpl-neighbor.o)
                0x000000000003545c                rpl_neighbors
 .data          0x0000000000035460        0x0 build/cooja/mtype439.a(rpl-dag.o)
 .data          0x0000000000035460        0x0 build/cooja/mtype439.a(rpl-timers.o)
 .data          0x0000000000035460        0x0 build/cooja/mtype439.a(rpl-ext-header.)
 .data          0x0000000000035460       0x24 build/cooja/mtype439.a(rpl-mrhof.o)
                0x0000000000035460                rpl_mrhof
 .data          0x0000000000035484        0x0 /usr/lib/gcc/i686-linux-gnu/5/libgcc.a(_udivdi3.o)
 .data          0x0000000000035484        0x0 /usr/lib/gcc/i686-linux-gnu/5/crtendS.o
 .data          0x0000000000035484        0x0 /usr/lib/gcc/i686-linux-gnu/5/../../../i386-linux-gnu/crtn.o

.tm_clone_table
                0x0000000000035484        0x0
 .tm_clone_table
                0x0000000000035484        0x0 /usr/lib/gcc/i686-linux-gnu/5/crtbeginS.o
 .tm_clone_table
                0x0000000000035484        0x0 /usr/lib/gcc/i686-linux-gnu/5/crtendS.o

.data1
 *(.data1)
                0x0000000000035484                _edata = .
                [!provide]                        PROVIDE (edata, .)
                0x0000000000035484                . = .
                0x0000000000035484                __bss_start = .

.bss            0x00000000000354a0    0x14124
 *(.dynbss)
 .dynbss        0x00000000000354a0        0x0 /usr/lib/gcc/i686-linux-gnu/5/../../../i386-linux-gnu/crti.o
 *(.bss .bss.* .gnu.linkonce.b.*)
 .bss           0x00000000000354a0        0x0 /usr/lib/gcc/i686-linux-gnu/5/../../../i386-linux-gnu/crti.o
 .bss           0x00000000000354a0        0x1 /usr/lib/gcc/i686-linux-gnu/5/crtbeginS.o
 *fill*         0x00000000000354a1       0x1f 
 .bss           0x00000000000354c0      0x11c ph_sensor.o
 *fill*         0x00000000000355dc        0x4 
 .bss           0x00000000000355e0     0x2030 build/cooja/mtype439.o
 .bss           0x0000000000037610        0x1 build/cooja/mtype439.a(simEnvChange.o)
                0x0000000000037610                simDontFallAsleep
 *fill*         0x0000000000037611        0x3 
 .bss           0x0000000000037614        0x4 build/cooja/mtype439.a(cooja_mt.o)
 .bss           0x0000000000037618        0x4 build/cooja/mtype439.a(cooja_mtarch.o)
 .bss           0x000000000003761c        0x0 build/cooja/mtype439.a(rtimer-arch.o)
 .bss           0x000000000003761c        0x0 build/cooja/mtype439.a(beep.o)
 .bss           0x000000000003761c        0x1 build/cooja/mtype439.a(leds-arch.o)
                0x000000000003761c                simLedsValue
 .bss           0x000000000003761d        0x0 build/cooja/mtype439.a(moteid.o)
 .bss           0x000000000003761d        0x1 build/cooja/mtype439.a(pir-sensor.o)
                0x000000000003761d                simPirValue
 *fill*         0x000000000003761e        0x2 
 .bss           0x0000000000037620        0x4 build/cooja/mtype439.a(rs232.o)
 .bss           0x0000000000037624        0x1 build/cooja/mtype439.a(vib-sensor.o)
                0x0000000000037624                simVibValue
 .bss           0x0000000000037625        0x0 build/cooja/mtype439.a(clock.o)
 *fill*         0x0000000000037625       0x1b 
 .bss           0x0000000000037640     0x2020 build/cooja/mtype439.a(cooja-log.o)
 .bss           0x0000000000039660      0xfc0 build/cooja/mtype439.a(cfs-cooja.o)
                0x0000000000039660                simCFSData
                0x000000000003a600                simCFSSize
                0x000000000003a604                simCFSChanged
                0x000000000003a608                simCFSRead
                0x000000000003a60c                simCFSWritten
 .bss           0x000000000003a620       0x24 build/cooja/mtype439.a(cooja-radio.o)
                0x000000000003a620                simReceiving
                0x000000000003a624                simInSize
                0x000000000003a628                simLastPacketTimestamp
                0x000000000003a630                simOutSize
 .bss           0x000000000003a644        0xc build/cooja/mtype439.a(eeprom.o)
                0x000000000003a644                simEEPROMChanged
                0x000000000003a648                simEEPROMRead
                0x000000000003a64c                simEEPROMWritten
 .bss           0x000000000003a650        0x0 build/cooja/mtype439.a(random.o)
 .bss           0x000000000003a650        0xc build/cooja/mtype439.a(sensors.o)
 .bss           0x000000000003a65c        0x0 build/cooja/mtype439.a(leds.o)
 .bss           0x000000000003a65c       0x24 build/cooja/mtype439.a(gpio-hal-arch.o)
 .bss           0x000000000003a680        0x0 build/cooja/mtype439.a(buttons.o)
 .bss           0x000000000003a680        0x8 build/cooja/mtype439.a(ph_measuring_de)
                0x000000000003a680                actuatorStatus
 .bss           0x000000000003a688        0x0 build/cooja/mtype439.a(coap-blocking-a)
 *fill*         0x000000000003a688       0x18 
 .bss           0x000000000003a6a0      0x190 build/cooja/mtype439.a(coap-engine.o)
 .bss           0x000000000003a830        0x0 build/cooja/mtype439.a(coap-res-well-k)
 *fill*         0x000000000003a830       0x10 
 .bss           0x000000000003a840      0x120 build/cooja/mtype439.a(coap-observe.o)
 .bss           0x000000000003a960       0x18 build/cooja/mtype439.a(coap-uip.o)
 .bss           0x000000000003a978        0x5 build/cooja/mtype439.a(coap-timer.o)
 *fill*         0x000000000003a97d        0x3 
 .bss           0x000000000003a980      0x334 build/cooja/mtype439.a(coap-transactio)
 .bss           0x000000000003acb4        0x6 build/cooja/mtype439.a(coap.o)
                0x000000000003acb4                coap_status_code
 .bss           0x000000000003acba        0x0 build/cooja/mtype439.a(contiki-main.o)
 .bss           0x000000000003acba        0x0 build/cooja/mtype439.a(autostart.o)
 *fill*         0x000000000003acba        0x2 
 .bss           0x000000000003acbc        0x5 build/cooja/mtype439.a(ctimer.o)
 *fill*         0x000000000003acc1        0x3 
 .bss           0x000000000003acc4       0x2c build/cooja/mtype439.a(log.o)
                0x000000000003acc4                curr_log_level_rpl
                0x000000000003acc8                curr_log_level_tcpip
                0x000000000003accc                curr_log_level_ipv6
                0x000000000003acd0                curr_log_level_6lowpan
                0x000000000003acd4                curr_log_level_nullnet
                0x000000000003acd8                curr_log_level_mac
                0x000000000003acdc                curr_log_level_framer
                0x000000000003ace0                curr_log_level_6top
                0x000000000003ace4                curr_log_level_coap
                0x000000000003ace8                curr_log_level_snmp
                0x000000000003acec                curr_log_level_lwm2m
 .bss           0x000000000003acf0        0x0 build/cooja/mtype439.a(energest.o)
 .bss           0x000000000003acf0        0x8 build/cooja/mtype439.a(etimer.o)
 .bss           0x000000000003acf8        0x2 build/cooja/mtype439.a(node-id.o)
                0x000000000003acf8                node_id
 *fill*         0x000000000003acfa        0x2 
 .bss           0x000000000003acfc        0x4 build/cooja/mtype439.a(rtimer.o)
 .bss           0x000000000003ad00      0x1a1 build/cooja/mtype439.a(process.o)
                0x000000000003ad00                process_list
                0x000000000003ad04                process_current
 .bss           0x000000000003aea1        0x0 build/cooja/mtype439.a(timer.o)
 .bss           0x000000000003aea1        0x0 build/cooja/mtype439.a(list.o)
 .bss           0x000000000003aea1        0x0 build/cooja/mtype439.a(memb.o)
 *fill*         0x000000000003aea1        0x3 
 .bss           0x000000000003aea4       0x10 build/cooja/mtype439.a(button-hal.o)
 *fill*         0x000000000003aeb4        0xc 
 .bss           0x000000000003aec0      0x140 build/cooja/mtype439.a(serial-line.o)
 .bss           0x000000000003b000        0x4 build/cooja/mtype439.a(gpio-hal.o)
 *fill*         0x000000000003b004       0x1c 
 .bss           0x000000000003b020     0x2c80 build/cooja/mtype439.a(queuebuf.o)
 .bss           0x000000000003dca0       0xa0 build/cooja/mtype439.a(packetbuf.o)
 .bss           0x000000000003dd40        0x4 build/cooja/mtype439.a(netstack.o)
 .bss           0x000000000003dd44        0x0 build/cooja/mtype439.a(linkaddr.o)
 .bss           0x000000000003dd44        0x0 build/cooja/mtype439.a(csma.o)
 *fill*         0x000000000003dd44       0x1c 
 .bss           0x000000000003dd60      0x726 build/cooja/mtype439.a(csma-output.o)
 *fill*         0x000000000003e486        0x2 
 .bss           0x000000000003e488       0x30 build/cooja/mtype439.a(uip-ds6.o)
 .bss           0x000000000003e4b8        0x0 build/cooja/mtype439.a(uip-udp-packet.)
 *fill*         0x000000000003e4b8        0x8 
 .bss           0x000000000003e4c0       0x60 build/cooja/mtype439.a(uip-ds6-route.o)
 .bss           0x000000000003e520       0x10 build/cooja/mtype439.a(tcpip.o)