Archive member included to satisfy reference by file (symbol)

build/cooja/mtype493.a(simEnvChange.o)
                              build/cooja/mtype493.o (simDontFallAsleep)
build/cooja/mtype493.a(cooja_mt.o)
                              build/cooja/mtype493.o (cooja_mt_start)
build/cooja/mtype493.a(cooja_mtarch.o)
                              build/cooja/mtype493.a(cooja_mt.o) (cooja_mtarch_start)
build/cooja/mtype493.a(rtimer-arch.o)
                              build/cooja/mtype493.o (rtimer_arch_check)
build/cooja/mtype493.a(beep.o)
                              build/cooja/mtype493.o (beep_interface)
build/cooja/mtype493.a(leds-arch.o)
                              build/cooja/mtype493.o (leds_interface)
build/cooja/mtype493.a(moteid.o)
                              build/cooja/mtype493.o (moteid_interface)
build/cooja/mtype493.a(pir-sensor.o)
                              build/cooja/mtype493.o (pir_interface)
build/cooja/mtype493.a(rs232.o)
                              build/cooja/mtype493.o (rs232_interface)
build/cooja/mtype493.a(vib-sensor.o)
                              build/cooja/mtype493.o (vib_interface)
build/cooja/mtype493.a(clock.o)
                              build/cooja/mtype493.o (clock_interface)
build/cooja/mtype493.a(cooja-log.o)
                              build/cooja/mtype493.o (simlog_interface)
build/cooja/mtype493.a(cfs-cooja.o)
                              build/cooja/mtype493.o (cfs_interface)
build/cooja/mtype493.a(cooja-radio.o)
                              build/cooja/mtype493.o (radio_interface)
build/cooja/mtype493.a(eeprom.o)
                              build/cooja/mtype493.o (eeprom_interface)
build/cooja/mtype493.a(random.o)
                              build/cooja/mtype493.a(moteid.o) (random_init)
build/cooja/mtype493.a(sensors.o)
                              build/cooja/mtype493.a(pir-sensor.o) (sensors_changed)
build/cooja/mtype493.a(leds.o)
                              build/cooja/mtype493.a(leds-arch.o) (leds_get)
build/cooja/mtype493.a(gpio-hal-arch.o)
                              build/cooja/mtype493.a(leds-arch.o) (gpio_hal_arch_register_pin_callback)
build/cooja/mtype493.a(buttons.o)
                              build/cooja/mtype493.o (button_interface)
build/cooja/mtype493.a(ph_measuring_de)
                              ph_sensor.o (ph_measuring_device)
build/cooja/mtype493.a(coap-blocking-a)
                              ph_sensor.o (coap_blocking_request)
build/cooja/mtype493.a(coap-engine.o)
                              ph_sensor.o (coap_activate_resource)
build/cooja/mtype493.a(coap-res-well-k)
                              build/cooja/mtype493.a(coap-engine.o) (res_well_known_core)
build/cooja/mtype493.a(coap-observe.o)
                              build/cooja/mtype493.a(coap-engine.o) (coap_remove_observer_by_mid)
build/cooja/mtype493.a(coap-uip.o)
                              build/cooja/mtype493.a(coap-observe.o) (coap_endpoint_copy)
build/cooja/mtype493.a(coap-timer.o)
                              build/cooja/mtype493.a(coap-engine.o) (coap_timer_set)
build/cooja/mtype493.a(coap-transactio)
                              build/cooja/mtype493.a(coap-blocking-a) (coap_send_transaction)
build/cooja/mtype493.a(coap.o)
                              build/cooja/mtype493.a(coap-engine.o) (coap_status_code)
build/cooja/mtype493.a(contiki-main.o)
                              build/cooja/mtype493.o (main)
build/cooja/mtype493.a(autostart.o)
                              build/cooja/mtype493.a(contiki-main.o) (autostart_start)
build/cooja/mtype493.a(ctimer.o)
                              build/cooja/mtype493.a(contiki-main.o) (ctimer_init)
build/cooja/mtype493.a(log.o)
                              build/cooja/mtype493.a(contiki-main.o) (curr_log_level_main)
build/cooja/mtype493.a(energest.o)
                              build/cooja/mtype493.a(contiki-main.o) (energest_init)
build/cooja/mtype493.a(etimer.o)
                              build/cooja/mtype493.a(contiki-main.o) (etimer_process)
build/cooja/mtype493.a(node-id.o)
                              build/cooja/mtype493.a(contiki-main.o) (node_id)
build/cooja/mtype493.a(rtimer.o)
                              build/cooja/mtype493.a(contiki-main.o) (rtimer_init)
build/cooja/mtype493.a(process.o)
                              build/cooja/mtype493.a(coap-blocking-a) (process_current)
build/cooja/mtype493.a(timer.o)
                              build/cooja/mtype493.a(etimer.o) (timer_set)
build/cooja/mtype493.a(list.o)
                              build/cooja/mtype493.a(coap-engine.o) (list_init)
build/cooja/mtype493.a(memb.o)
                              build/cooja/mtype493.a(coap-observe.o) (memb_alloc)
build/cooja/mtype493.a(button-hal.o)
                              ph_sensor.o (button_hal_press_event)
build/cooja/mtype493.a(serial-line.o)
                              build/cooja/mtype493.a(rs232.o) (serial_line_input_byte)
build/cooja/mtype493.a(gpio-hal.o)
[...]
Memory Configuration

Name             Origin             Length             Attributes
*default*        0x0000000000000000 0xffffffffffffffff

Linker script and memory map

LOAD /usr/lib/gcc/i686-linux-gnu/5/../../../i386-linux-gnu/crti.o
LOAD /usr/lib/gcc/i686-linux-gnu/5/crtbeginS.o
LOAD ph_sensor.o
LOAD build/cooja/mtype493.o
LOAD build/cooja/mtype493.a
LOAD /usr/lib/gcc/i686-linux-gnu/5/libgcc.a
LOAD /usr/lib/gcc/i686-linux-gnu/5/libgcc_s.so
LOAD /usr/lib/gcc/i686-linux-gnu/5/../../../i386-linux-gnu/libc.so
START GROUP
LOAD /lib/i386-linux-gnu/libc.so.6
LOAD /usr/lib/i386-linux-gnu/libc_nonshared.a
LOAD /lib/i386-linux-gnu/ld-linux.so.2
END GROUP
LOAD /usr/lib/gcc/i686-linux-gnu/5/libgcc.a
LOAD /usr/lib/gcc/i686-linux-gnu/5/libgcc_s.so
LOAD /usr/lib/gcc/i686-linux-gnu/5/crtendS.o
LOAD /usr/lib/gcc/i686-linux-gnu/5/../../../i386-linux-gnu/crtn.o
                0x0000000000000114                . = (0x0 + SIZEOF_HEADERS)

.note.gnu.build-id
                0x0000000000000114       0x24
 *(.note.gnu.build-id)
 .note.gnu.build-id
                0x0000000000000114       0x24 /usr/lib/gcc/i686-linux-gnu/5/../../../i386-linux-gnu/crti.o

.hash
 *(.hash)

.gnu.hash       0x0000000000000138     0x15b4
 *(.gnu.hash)
 .gnu.hash      0x0000000000000138     0x15b4 /usr/lib/gcc/i686-linux-gnu/5/../../../i386-linux-gnu/crti.o

.dynsym         0x00000000000016ec     0x2f60
 *(.dynsym)
 .dynsym        0x00000000000016ec     0x2f60 /usr/lib/gcc/i686-linux-gnu/5/../../../i386-linux-gnu/crti.o

.dynstr         0x000000000000464c     0x3766
 *(.dynstr)
 .dynstr        0x000000000000464c     0x3766 /usr/lib/gcc/i686-linux-gnu/5/../../../i386-linux-gnu/crti.o

.gnu.version    0x0000000000007db2      0x5ec
 *(.gnu.version)
 .gnu.version   0x0000000000007db2      0x5ec /usr/lib/gcc/i686-linux-gnu/5/../../../i386-linux-gnu/crti.o

.gnu.version_d  0x00000000000083a0        0x0
 *(.gnu.version_d)
 .gnu.version_d
                0x00000000000083a0        0x0 /usr/lib/gcc/i686-linux-gnu/5/../../../i386-linux-gnu/crti.o

.gnu.version_r  0x00000000000083a0       0x40
 *(.gnu.version_r)
 .gnu.version_r
                0x00000000000083a0       0x40 /usr/lib/gcc/i686-linux-gnu/5/../../../i386-linux-gnu/crti.o

.rel.dyn        0x00000000000083e0     0x9208
 *(.rel.init)
 .rel.init      0x00000000000083e0        0x0 /usr/lib/gcc/i686-linux-gnu/5/../../../i386-linux-gnu/crti.o
 *(.rel.text .rel.text.* .rel.gnu.linkonce.t.*)
 .rel.text      0x00000000000083e0     0x8840 /usr/lib/gcc/i686-linux-gnu/5/../../../i386-linux-gnu/crti.o
 *(.rel.fini)
 .rel.fini      0x0000000000010c20        0x0 /usr/lib/gcc/i686-linux-gnu/5/../../../i386-linux-gnu/crti.o
 *(.rel.rodata .rel.rodata.* .rel.gnu.linkonce.r.*)
 .rel.rodata    0x0000000000010c20      0x588 /usr/lib/gcc/i686-linux-gnu/5/../../../i386-linux-gnu/crti.o
 *(.rel.data.rel.ro .rel.data.rel.ro.* .rel.gnu.linkonce.d.rel.ro.*)
 *(.rel.data .rel.data.* .rel.gnu.linkonce.d.*)
 .rel.data.rel.local
                0x00000000000111a8        0x8 /usr/lib/gcc/i686-linux-gnu/5/../../../i386-linux-gnu/crti.o
 .rel.data      0x00000000000111b0      0x400 /usr/lib/gcc/i686-linux-gnu/5/../../../i386-linux-gnu/crti.o
 *(.rel.tdata .rel.tdata.* .rel.gnu.linkonce.td.*)
 *(.rel.tbss .rel.tbss.* .rel.gnu.linkonce.tb.*)
 *(.rel.ctors)
 *(.rel.dtors)
 *(.rel.got)
 .rel.got       0x00000000000115b0       0x28 /usr/lib/gcc/i686-linux-gnu/5/../../../i386-linux-gnu/crti.o
 *(.rel.bss .rel.bss.* .rel.gnu.linkonce.b.*)
 *(.rel.ifunc)
 .rel.ifunc     0x00000000000115d8        0x0 /usr/lib/gcc/i686-linux-gnu/5/../../../i386-linux-gnu/crti.o
 .rel.fini_array
                0x00000000000115d8        0x8 /usr/lib/gcc/i686-linux-gnu/5/../../../i386-linux-gnu/crti.o
 .rel.init_array
                0x00000000000115e0        0x8 /usr/lib/gcc/i686-linux-gnu/5/../../../i386-linux-gnu/crti.o

.rel.plt        0x00000000000115e8        0x0
 *(.rel.plt)
 .rel.plt       0x00000000000115e8        0x0 /usr/lib/gcc/i686-linux-gnu/5/../../../i386-linux-gnu/crti.o
 *(.rel.iplt)

.init           0x00000000000115e8       0x23
 *(SORT(.init))
 .init          0x00000000000115e8       0x1e /usr/lib/gcc/i686-linux-gnu/5/../../../i386-linux-gnu/crti.o
                0x00000000000115e8                _init
 .init          0x0000000000011606        0x5 /usr/lib/gcc/i686-linux-gnu/5/../../../i386-linux-gnu/crtn.o

.plt            0x0000000000011610       0x10
 *(.plt)
 .plt           0x0000000000011610       0x10 /usr/lib/gcc/i686-linux-gnu/5/../../../i386-linux-gnu/crti.o
 *(.iplt)

.plt.got        0x0000000000011620       0x10
 *(.plt.got)
 .plt.got       0x0000000000011620       0x10 /usr/lib/gcc/i686-linux-gnu/5/../../../i386-linux-gnu/crti.o

.text           0x0000000000011630    0x18c32
 *(.text.unlikely .text.*_unlikely .text.unlikely.*)
 .text.unlikely
                0x0000000000011630        0x0 /usr/lib/gcc/i686-linux-gnu/5/crtbeginS.o
 .text.unlikely
                0x0000000000011630        0x0 /usr/lib/gcc/i686-linux-gnu/5/libgcc.a(_udivdi3.o)
 *(.text.exit .text.exit.*)
 *(.text.startup .text.startup.*)
 *(.text.hot .text.hot.*)
 *(.text .stub .text.* .gnu.linkonce.t.*)
 .text          0x0000000000011630        0x0 /usr/lib/gcc/i686-linux-gnu/5/../../../i386-linux-gnu/crti.o
 .gnu.linkonce.t.__x86.get_pc_thunk.bx
                0x0000000000011630        0x4 /usr/lib/gcc/i686-linux-gnu/5/../../../i386-linux-gnu/crti.o
                0x0000000000011630                __x86.get_pc_thunk.bx
 *fill*         0x0000000000011634        0xc 
 .text          0x0000000000011640      0x11c /usr/lib/gcc/i686-linux-gnu/5/crtbeginS.o
 .text.__x86.get_pc_thunk.dx
                0x000000000001175c        0x4 /usr/lib/gcc/i686-linux-gnu/5/crtbeginS.o
                0x000000000001175c                __x86.get_pc_thunk.dx
 .text          0x0000000000011760      0x2a0 ph_sensor.o
                0x0000000000011760                wait_for_ack
 .text          0x0000000000011a00      0x283 build/cooja/mtype493.o
                0x0000000000011a92                platform_init_stage_one
                0x0000000000011aa5                platform_init_stage_two
                0x0000000000011ab8                platform_init_stage_three
                0x0000000000011acb                platform_main_loop
                0x0000000000011b3e                Java_org_contikios_cooja_corecomm_Lib7_init
                0x0000000000011b75                Java_org_contikios_cooja_corecomm_Lib7_getMemory
                0x0000000000011ba8                Java_org_contikios_cooja_corecomm_Lib7_setMemory
                0x0000000000011c08                Java_org_contikios_cooja_corecomm_Lib7_tick
                0x0000000000011c70                Java_org_contikios_cooja_corecomm_Lib7_setReferenceAddress
 .text          0x0000000000011c83       0x65 build/cooja/mtype493.a(simEnvChange.o)
                0x0000000000011c83                doActionsBeforeTick
                0x0000000000011cb5                doActionsAfterTick
 .text          0x0000000000011ce8       0x83 build/cooja/mtype493.a(cooja_mt.o)
                0x0000000000011ce8                cooja_mt_start
                0x0000000000011d12                cooja_mt_exec
                0x0000000000011d48                cooja_mt_yield
 .text          0x0000000000011d6b       0xbe build/cooja/mtype493.a(cooja_mtarch.o)
                0x0000000000011d6b                cooja_mtarch_start
                0x0000000000011dde                cooja_sw
                0x0000000000011e01                cooja_mtarch_exec
                0x0000000000011e1e                cooja_mtarch_yield
 .text          0x0000000000011e29       0xc5 build/cooja/mtype493.a(rtimer-arch.o)
                0x0000000000011e29                rtimer_arch_init
                0x0000000000011e4d                rtimer_arch_schedule
                0x0000000000011e7d                rtimer_arch_next
                0x0000000000011e8d                rtimer_arch_pending
                0x0000000000011e97                rtimer_arch_check
                0x0000000000011ede                rtimer_arch_now
 .text          0x0000000000011eee       0x81 build/cooja/mtype493.a(beep.o)
                0x0000000000011eee                beep_alarm
                0x0000000000011efb                beep_beep
                0x0000000000011f08                beep
                0x0000000000011f15                beep_down
                0x0000000000011f22                beep_on
                0x0000000000011f2f                beep_off
                0x0000000000011f3c                beep_spinup
                0x0000000000011f49                beep_quick
                0x0000000000011f56                beep_long
 .text          0x0000000000011f6f       0x65 build/cooja/mtype493.a(leds-arch.o)
                0x0000000000011f82                leds_arch_init
 .text          0x0000000000011fd4       0x35 build/cooja/mtype493.a(moteid.o)
 .text          0x0000000000012009       0xb7 build/cooja/mtype493.a(pir-sensor.o)
 .text          0x00000000000120c0      0x148 build/cooja/mtype493.a(rs232.o)
                0x00000000000120c0                rs232_init
                0x00000000000120c6                rs232_set_speed
                0x00000000000120d5                rs232_set_input
                0x00000000000120e3                rs232_send
                0x0000000000012107                rs232_print
                0x0000000000012123                slip_arch_writeb
 .text          0x0000000000012208       0xb7 build/cooja/mtype493.a(vib-sensor.o)
 .text          0x00000000000122bf       0x38 build/cooja/mtype493.a(clock.o)
                0x00000000000122bf                clock_init
                0x00000000000122c5                clock_time
                0x00000000000122cf                clock_seconds
                0x00000000000122e5                clock_delay
 .text          0x00000000000122f7      0x219 build/cooja/mtype493.a(cooja-log.o)
                0x00000000000122f7                simlog_char
                0x000000000001233a                simlog
                0x00000000000123b0                log_message
                0x00000000000123e1                log_set_putchar_with_slip
                0x00000000000123ef                log_putchar
                0x000000000001246a                log_puts
                0x0000000000012492                log_printf
 .text          0x0000000000012510      0x2b9 build/cooja/mtype493.a(cfs-cooja.o)
                0x0000000000012510                cfs_open
                0x0000000000012579                cfs_close
                0x0000000000012586                cfs_read
                0x000000000001261b                cfs_write
                0x00000000000126f7                cfs_seek
                0x000000000001277f                cfs_remove
                0x00000000000127a3                cfs_opendir
                0x00000000000127ad                cfs_readdir
                0x00000000000127b7                cfs_closedir
 .text          0x00000000000127c9      0x620 build/cooja/mtype493.a(cooja-radio.o)
                0x000000000001280b                radio_set_channel
                0x0000000000012819                radio_set_txpower
                0x0000000000012831                radio_signal_strength_last
                0x000000000001283b                radio_signal_strength_current
                0x0000000000012845                radio_LQI
 .text          0x0000000000012de9       0xee build/cooja/mtype493.a(eeprom.o)
                0x0000000000012de9                eeprom_init
                0x0000000000012def                eeprom_read
                0x0000000000012e5d                eeprom_write
 .text          0x0000000000012ed7       0x2d build/cooja/mtype493.a(random.o)
                0x0000000000012ed7                random_init
                0x0000000000012ef7                random_rand
 .text          0x0000000000012f04      0x29c build/cooja/mtype493.a(sensors.o)
                0x0000000000012f3f                sensors_first
                0x0000000000012f49                sensors_next
                0x0000000000012f63                sensors_changed
                0x0000000000012f97                sensors_find
 .text          0x00000000000131a0      0x349 build/cooja/mtype493.a(leds.o)
                0x00000000000131a0                leds_init
                0x00000000000131e7                leds_single_on
                0x0000000000013246                leds_single_off
                0x00000000000132a5                leds_single_toggle
                0x00000000000132d7                leds_on
                0x0000000000013359                leds_off
                0x00000000000133db                leds_toggle
                0x0000000000013430                leds_set
                0x000000000001345c                leds_get
 .text          0x00000000000134e9      0x343 build/cooja/mtype493.a(gpio-hal-arch.o)
                0x00000000000134e9                gpio_hal_arch_register_pin_callback
                0x0000000000013555                gpio_hal_arch_init
                0x000000000001359a                gpio_hal_arch_no_port_interrupt_enable
                0x00000000000135ca                gpio_hal_arch_no_port_interrupt_disable
                0x00000000000135fa                gpio_hal_arch_no_port_pin_cfg_set
                0x000000000001361f                gpio_hal_arch_no_port_pin_cfg_get
                0x0000000000013645                gpio_hal_arch_no_port_pin_set_input
                0x0000000000013657                gpio_hal_arch_no_port_pin_set_output
                0x0000000000013669                gpio_hal_arch_no_port_set_pin
                0x000000000001368a                gpio_hal_arch_no_port_clear_pin
                0x00000000000136ab                gpio_hal_arch_no_port_read_pin
                0x00000000000136d1                gpio_hal_arch_no_port_write_pin
                0x00000000000136fb                gpio_hal_arch_no_port_set_pins
                0x0000000000013742                gpio_hal_arch_no_port_clear_pins
                0x0000000000013789                gpio_hal_arch_no_port_read_pins
                0x00000000000137cc                gpio_hal_arch_no_port_write_pins
 .text          0x000000000001382c       0x89 build/cooja/mtype493.a(buttons.o)
 .text          0x00000000000138b5      0x1af build/cooja/mtype493.a(ph_measuring_de)
                0x00000000000138b5                randInRange
 .text          0x0000000000013a64      0x27b build/cooja/mtype493.a(coap-blocking-a)
                0x0000000000013a64                coap_blocking_request_callback
                0x0000000000013a8e                coap_blocking_request
 .text          0x0000000000013cdf      0xc26 build/cooja/mtype493.a(coap-engine.o)
                0x0000000000013d74                coap_add_handler
                0x0000000000013d91                coap_remove_handler
                0x0000000000013dae                coap_call_handlers
                0x0000000000013eb6                coap_receive
                0x00000000000144ed                coap_engine_init
                0x000000000001454b                coap_activate_resource
                0x00000000000145f6                coap_get_first_resource
                0x000000000001460f                coap_get_next_resource
 .text          0x0000000000014905      0x2d9 build/cooja/mtype493.a(coap-res-well-k)
 .text          0x0000000000014bde      0x96a build/cooja/mtype493.a(coap-observe.o)
                0x0000000000014cf3                coap_remove_observer
                0x0000000000014d23                coap_remove_observer_by_client
                0x0000000000014d8b                coap_remove_observer_by_token
                0x0000000000014e1e                coap_remove_observer_by_uri
                0x0000000000014ec5                coap_remove_observer_by_mid
                0x0000000000014f41                coap_notify_observers
                0x0000000000014f5a                coap_notify_observers_sub
                0x00000000000153c4                coap_observe_handler
                0x00000000000154df                coap_has_observers
 .text          0x0000000000015548      0x733 build/cooja/mtype493.a(coap-uip.o)
                0x0000000000015548                coap_endpoint_log
                0x00000000000155ce                coap_endpoint_print
                0x0000000000015654                coap_endpoint_snprint
                0x0000000000015787                coap_endpoint_copy
                0x00000000000157c4                coap_endpoint_cmp
                0x00000000000158d2                coap_endpoint_parse
                0x0000000000015abd                coap_endpoint_is_secure
                0x0000000000015acc                coap_endpoint_is_connected
                0x0000000000015b00                coap_endpoint_connect
                0x0000000000015b1c                coap_endpoint_disconnect
                0x0000000000015b22                coap_databuf
                0x0000000000015b2c                coap_transport_init
                0x0000000000015b7c                coap_sendto
 .text          0x0000000000015c7b      0x324 build/cooja/mtype493.a(coap-timer.o)
                0x0000000000015d78                coap_timer_stop
                0x0000000000015da3                coap_timer_set
                0x0000000000015de6                coap_timer_reset
                0x0000000000015e29                coap_timer_time_to_next_expiration
                0x0000000000015e95                coap_timer_run
                0x0000000000015f61                coap_timer_init
 .text          0x0000000000015f9f      0x2c6 build/cooja/mtype493.a(coap-transactio)
                0x0000000000016005                coap_new_transaction
                0x000000000001606b                coap_send_transaction
                0x00000000000161cc                coap_clear_transaction
                0x0000000000016214                coap_get_transaction_by_mid
 .text          0x0000000000016265     0x1c53 build/cooja/mtype493.a(coap.o)
                0x00000000000167d2                coap_init_connection
                0x00000000000167e6                coap_get_mid
                0x0000000000016802                coap_init_message
                0x000000000001684b                coap_serialize_message
                0x0000000000016ecd                coap_parse_message
                0x0000000000017534                coap_get_query_variable
                0x0000000000017576                coap_get_post_variable
                0x00000000000175ba                coap_set_status_code
                0x00000000000175df                coap_set_token
                0x0000000000017626                coap_get_header_content_format
                0x0000000000017657                coap_set_header_content_format
                0x000000000001767a                coap_get_header_accept
                0x00000000000176ab                coap_set_header_accept
                0x00000000000176ce                coap_get_header_max_age
                0x00000000000176ff                coap_set_header_max_age
                0x000000000001771f                coap_get_header_etag
                0x0000000000017751                coap_set_header_etag
                0x00000000000177a8                coap_get_header_if_match
                0x00000000000177da                coap_set_header_if_match
                0x0000000000017831                coap_get_header_if_none_match
                0x000000000001784b                coap_set_header_if_none_match
                0x0000000000017862                coap_get_header_proxy_uri
                0x0000000000017890                coap_set_header_proxy_uri
                0x00000000000178cd                coap_get_header_uri_host
                0x00000000000178fb                coap_set_header_uri_host
                0x0000000000017938                coap_get_header_uri_path
                0x0000000000017966                coap_set_header_uri_path
                0x00000000000179b3                coap_get_header_uri_query
                0x00000000000179e7                coap_set_header_uri_query
                0x0000000000017a3d                coap_get_header_location_path
                0x0000000000017a6b                coap_set_header_location_path
                0x0000000000017b04                coap_get_header_location_query
                0x0000000000017b32                coap_set_header_location_query
                0x0000000000017b7f                coap_get_header_observe
                0x0000000000017bae                coap_set_header_observe
                0x0000000000017bce                coap_get_header_block2
                0x0000000000017c3a                coap_set_header_block2
                0x0000000000017cb1                coap_get_header_block1
                0x0000000000017d26                coap_set_header_block1
                0x0000000000017da1                coap_get_header_size2
                0x0000000000017dd1                coap_set_header_size2
                0x0000000000017df4                coap_get_header_size1
                0x0000000000017e24                coap_set_header_size1
                0x0000000000017e47                coap_get_payload
                0x0000000000017e81                coap_set_payload
 .text          0x0000000000017eb8      0x332 build/cooja/mtype493.a(contiki-main.o)
                0x0000000000017eb8                main
 .text          0x00000000000181ea       0x92 build/cooja/mtype493.a(autostart.o)
                0x00000000000181ea                autostart_start
                0x0000000000018234                autostart_exit
 .text          0x000000000001827c      0x355 build/cooja/mtype493.a(ctimer.o)
                0x00000000000183a4                ctimer_init
                0x00000000000183d7                ctimer_set
                0x00000000000183fd                ctimer_set_with_process
                0x000000000001847a                ctimer_reset
                0x00000000000184ce                ctimer_restart
                0x0000000000018522                ctimer_stop
                0x0000000000018572                ctimer_expired
 .text          0x00000000000185d1      0x394 build/cooja/mtype493.a(log.o)
                0x00000000000185d1                log_6addr
                0x0000000000018624                log_6addr_compact_snprint
                0x00000000000186c2                log_6addr_compact
                0x0000000000018715                log_lladdr
                0x0000000000018787                log_lladdr_compact
                0x00000000000187ef                log_set_level
                0x00000000000188aa                log_get_level
                0x0000000000018923                log_level_to_str
 .text          0x0000000000018965       0x1b build/cooja/mtype493.a(energest.o)
                0x0000000000018965                energest_init
                0x000000000001896b                energest_flush
                0x0000000000018971                energest_get_total_time
 .text          0x0000000000018980      0x43f build/cooja/mtype493.a(etimer.o)
                0x0000000000018ba4                etimer_request_poll
                0x0000000000018c2d                etimer_set
                0x0000000000018c56                etimer_reset_with_new_interval
                0x0000000000018c85                etimer_reset
                0x0000000000018cab                etimer_restart
                0x0000000000018cd1                etimer_adjust
                0x0000000000018cee                etimer_expired
                0x0000000000018d01                etimer_expiration_time
                0x0000000000018d13                etimer_start_time
                0x0000000000018d1d                etimer_pending
                0x0000000000018d2f                etimer_next_expiration_time
                0x0000000000018d49                etimer_stop
 .text          0x0000000000018dbf       0x25 build/cooja/mtype493.a(node-id.o)
                0x0000000000018dbf                node_id_init
 .text          0x0000000000018de4       0xeb build/cooja/mtype493.a(rtimer.o)
                0x0000000000018de4                rtimer_init
                0x0000000000018df2                rtimer_set
                0x0000000000018e6d                rtimer_run_next
 .text          0x0000000000018ecf      0x4fb build/cooja/mtype493.a(process.o)
                0x0000000000018ecf                process_alloc_event
                0x0000000000018ee4                process_start
                0x00000000000190be                process_exit
                0x00000000000190db                process_init
                0x0000000000019270                process_run
                0x00000000000192a3                process_nevents
                0x00000000000192be                process_post
                0x0000000000019351                process_post_synch
                0x0000000000019386                process_poll
                0x00000000000193b6                process_is_running
 .text          0x00000000000193ca       0xb1 build/cooja/mtype493.a(timer.o)
                0x00000000000193ca                timer_set
                0x00000000000193e8                timer_reset
                0x0000000000019415                timer_restart
                0x000000000001942a                timer_expired
                0x0000000000019457                timer_remaining
 .text          0x000000000001947b      0x28f build/cooja/mtype493.a(list.o)
                0x000000000001947b                list_init
                0x000000000001948a                list_head
                0x0000000000019494                list_copy
                0x00000000000194a4                list_tail
                0x00000000000194da                list_add
                0x0000000000019526                list_push
                0x0000000000019552                list_chop
                0x00000000000195bc                list_pop
                0x00000000000195e4                list_remove
                0x000000000001964c                list_length
                0x000000000001967a                list_insert
                0x00000000000196bf                list_item_next
                0x00000000000196d6                list_contains
 .text          0x000000000001970a      0x1b5 build/cooja/mtype493.a(memb.o)
                0x000000000001970a                memb_init
                0x000000000001975f                memb_alloc
                0x00000000000197c2                memb_free
                0x0000000000019839                memb_inmemb
                0x0000000000019878                memb_numfree
 .text          0x00000000000198bf      0x41c build/cooja/mtype493.a(button-hal.o)
                0x0000000000019a38                button_hal_get_by_id
                0x0000000000019a76                button_hal_get_by_index
                0x0000000000019aa2                button_hal_get_state
                0x0000000000019af4                button_hal_init
 .text          0x0000000000019cdb      0x1f3 build/cooja/mtype493.a(serial-line.o)
                0x0000000000019cdb                serial_line_input_byte
                0x0000000000019e99                serial_line_init
 .text          0x0000000000019ece      0x168 build/cooja/mtype493.a(gpio-hal.o)
                0x0000000000019ece                gpio_hal_register_handler
                0x0000000000019eeb                gpio_hal_event_handler
                0x0000000000019f47                gpio_hal_init
                0x0000000000019f66                gpio_hal_arch_port_toggle_pin
                0x0000000000019fa2                gpio_hal_arch_port_toggle_pins
                0x0000000000019fd0                gpio_hal_arch_no_port_toggle_pin
                0x000000000001a00e                gpio_hal_arch_no_port_toggle_pins
 .text          0x000000000001a036      0x2e7 build/cooja/mtype493.a(queuebuf.o)
                0x000000000001a040                queuebuf_init
                0x000000000001a069                queuebuf_numfree
                0x000000000001a081                queuebuf_new_from_packetbuf
                0x000000000001a120                queuebuf_update_attr_from_packetbuf
                0x000000000001a155                queuebuf_update_from_packetbuf
                0x000000000001a1a5                queuebuf_free
                0x000000000001a1ee                queuebuf_to_packetbuf
                0x000000000001a25a                queuebuf_dataptr
                0x000000000001a294                queuebuf_datalen
                0x000000000001a2b7                queuebuf_addr
                0x000000000001a2ec                queuebuf_attr
                0x000000000001a317                queuebuf_debug_print
 .text          0x000000000001a31d      0x407 build/cooja/mtype493.a(packetbuf.o)
                0x000000000001a31d                packetbuf_clear
                0x000000000001a348                packetbuf_copyfrom
                0x000000000001a397                packetbuf_copyto
                0x000000000001a42a                packetbuf_hdralloc
                0x000000000001a4a6                packetbuf_hdrreduce
                0x000000000001a4ec                packetbuf_set_datalen
                0x000000000001a506                packetbuf_dataptr
                0x000000000001a523                packetbuf_hdrptr
                0x000000000001a52d                packetbuf_datalen
                0x000000000001a539                packetbuf_hdrlen
                0x000000000001a550                packetbuf_totlen
                0x000000000001a566                packetbuf_remaininglen
                0x000000000001a579                packetbuf_attr_clear
                0x000000000001a5c5                packetbuf_attr_copyto
                0x000000000001a61d                packetbuf_attr_copyfrom
                0x000000000001a675                packetbuf_set_attr
                0x000000000001a69f                packetbuf_attr
                0x000000000001a6b9                packetbuf_set_addr
                0x000000000001a6ea                packetbuf_addr
                0x000000000001a707                packetbuf_holds_broadcast
 .text          0x000000000001a724       0xef build/cooja/mtype493.a(netstack.o)
                0x000000000001a724                netstack_process_ip_callback
                0x000000000001a7b5                netstack_ip_packet_processor_add
                0x000000000001a7d8                uip_ds6_ip_packet_processor_rm
                0x000000000001a7f5                netstack_init
 .text          0x000000000001a813       0x4f build/cooja/mtype493.a(linkaddr.o)
                0x000000000001a813                linkaddr_copy
                0x000000000001a829                linkaddr_cmp
                0x000000000001a84c                linkaddr_set_node_addr
 .text          0x000000000001a862      0x1f6 build/cooja/mtype493.a(csma.o)
 .text          0x000000000001aa58      0x95d build/cooja/mtype493.a(csma-output.o)
                0x000000000001b0ef                csma_output_packet
                0x000000000001b37c                csma_output_init
 .text          0x000000000001b3b5      0xc11 build/cooja/mtype493.a(uip-ds6.o)
                0x000000000001b3b5                uip_ds6_default_prefix
                0x000000000001b3bf                uip_ds6_set_default_prefix
                0x000000000001b3ea                uip_ds6_init
                0x000000000001b64c                uip_ds6_periodic
                0x000000000001b6d3                uip_ds6_list_loop
                0x000000000001b793                uip_ds6_prefix_add
                0x000000000001b83f                uip_ds6_prefix_rm
                0x000000000001b852                uip_ds6_prefix_lookup
                0x000000000001b891                uip_ds6_is_addr_onlink
                0x000000000001b904                uip_ds6_addr_add
                0x000000000001ba24                uip_ds6_addr_rm
                0x000000000001bacd                uip_ds6_addr_lookup
                0x000000000001bb06                uip_ds6_get_link_local
                0x000000000001bb87                uip_ds6_get_global
                0x000000000001bc08                uip_ds6_maddr_add
                0x000000000001bc68                uip_ds6_maddr_rm
                0x000000000001bc7b                uip_ds6_maddr_lookup
                0x000000000001bcb4                uip_ds6_aaddr_add
                0x000000000001bd14                uip_ds6_aaddr_rm
                0x000000000001bd27                uip_ds6_aaddr_lookup
                0x000000000001bd60                uip_ds6_select_src
                0x000000000001bea9                uip_ds6_set_addr_iid
                0x000000000001bed4                uip_ds6_set_lladdr_from_iid
                0x000000000001befd                get_match_length
                0x000000000001bf8e                uip_ds6_compute_reachable_time
 .text          0x000000000001bfc6      0x128 build/cooja/mtype493.a(uip-udp-packet.)
                0x000000000001bfc6                uip_udp_packet_send
                0x000000000001c021                uip_udp_packet_sendto
 .text          0x000000000001c0ee      0x35b build/cooja/mtype493.a(uip-ds6-route.o)
                0x000000000001c13f                uip_ds6_route_init
                0x000000000001c169                uip_ds6_route_nexthop
                0x000000000001c173                uip_ds6_route_head
                0x000000000001c17d                uip_ds6_route_next
                0x000000000001c187                uip_ds6_route_is_nexthop
                0x000000000001c191                uip_ds6_route_num_routes
                0x000000000001c19b                uip_ds6_route_lookup
                0x000000000001c1a5                uip_ds6_route_add
                0x000000000001c1b8                uip_ds6_route_rm
                0x000000000001c1be                uip_ds6_route_rm_by_nexthop
                0x000000000001c1c4                uip_ds6_defrt_head
                0x000000000001c1dd                uip_ds6_defrt_add
                0x000000000001c28b                uip_ds6_defrt_rm
                0x000000000001c2f1                uip_ds6_defrt_lookup
                0x000000000001c358                uip_ds6_defrt_choose
                0x000000000001c3ce                uip_ds6_defrt_periodic
 .text          0x000000000001c449      0x6f7 build/cooja/mtype493.a(tcpip.o)
                0x000000000001c463                tcpip_output
                0x000000000001c4e2                udp_attach
                0x000000000001c4fa                udp_new
                0x000000000001c544                udp_broadcast_new
                0x000000000001c6b6                tcpip_input
                0x000000000001c846                tcpip_ipv6_output
                0x000000000001ca3a                tcpip_poll_udp
                0x000000000001ca58                tcpip_uipcall
 .text          0x000000000001cb40     0x1205 build/cooja/mtype493.a(uip6.o)
                0x000000000001cbef                uip_chksum
                0x000000000001ccc6                uip_icmp6chksum
                0x000000000001ccdb                uip_udpchksum
                0x000000000001ccf0                uip_init
                0x000000000001cd39                uip_remove_ext_hdr
                0x000000000001ce13                uip_udp_new
                0x000000000001d127                uip_process
                0x000000000001dc1f                uip_htons
                0x000000000001dc41                uip_htonl
                0x000000000001dc7f                uip_send
 .text          0x000000000001dd45      0x369 build/cooja/mtype493.a(uip-ds6-nbr.o)
                0x000000000001dd45                uip_ds6_neighbors_init
                0x000000000001dd69                uip_ds6_nbr_add
                0x000000000001ddef                uip_ds6_nbr_rm
                0x000000000001de3a                uip_ds6_nbr_update_ll
                0x000000000001df28                uip_ds6_nbr_get_ipaddr
                0x000000000001df3d                uip_ds6_nbr_get_ll
                0x000000000001df59                uip_ds6_nbr_num
                0x000000000001dfa2                uip_ds6_nbr_head
                0x000000000001dfbb                uip_ds6_nbr_next
                0x000000000001dfd7                uip_ds6_nbr_lookup
                0x000000000001e02f                uip_ds6_nbr_ll_lookup
                0x000000000001e04b                uip_ds6_nbr_ipaddr_from_lladdr
                0x000000000001e074                uip_ds6_nbr_lladdr_from_ipaddr
                0x000000000001e0a8                uip_ds6_link_callback
 .text          0x000000000001e0ae      0x6a7 build/cooja/mtype493.a(uip-nd6.o)
                0x000000000001e73c                uip_nd6_init
 .text          0x000000000001e755     0x2c17 build/cooja/mtype493.a(sicslowpan.o)
                0x000000000001ed5c                netstack_sniffer_add
                0x000000000001ed6a                netstack_sniffer_remove
                0x0000000000021340                sicslowpan_init
                0x0000000000021362                sicslowpan_get_last_rssi
 .text          0x000000000002136c      0x4d1 build/cooja/mtype493.a(uiplib.o)
                0x000000000002136c                uiplib_ip6addrconv
                0x0000000000021524                uiplib_ip4addrconv
                0x00000000000215e7                uiplib_ipaddr_print
                0x000000000002163a                uiplib_ipaddr_snprint
 .text          0x000000000002183d      0x4c9 build/cooja/mtype493.a(rpl.o)
                0x000000000002183d                rpl_lollipop_greater_than
                0x0000000000021897                rpl_get_global_address
                0x000000000002198f                rpl_link_callback
                0x00000000000219d3                rpl_has_joined
                0x00000000000219f8                rpl_is_reachable
                0x0000000000021a79                rpl_reset_prefix
                0x0000000000021ae3                rpl_set_prefix_from_addr
                0x0000000000021bc8                rpl_set_prefix
                0x0000000000021ce2                rpl_set_leaf_only
                0x0000000000021cfa                rpl_get_leaf_only
 .text          0x0000000000021d06     0x138c build/cooja/mtype493.a(rpl-icmp6.o)
                0x0000000000021e2b                rpl_icmp6_update_nbr_table
                0x0000000000021eb4                rpl_icmp6_dis_output
                0x00000000000224fa                rpl_icmp6_dio_output
                0x0000000000022cf8                rpl_icmp6_dao_output
                0x0000000000022fd9                rpl_icmp6_dao_ack_output
                0x0000000000023049                rpl_icmp6_init
 .text          0x0000000000023092      0x264 build/cooja/mtype493.a(rpl-dag-root.o)
                0x0000000000023092                rpl_dag_root_print_links
                0x00000000000231be                rpl_dag_root_set_prefix
                0x00000000000231ea                rpl_dag_root_start
                0x00000000000232c7                rpl_dag_root_is_root
 .text          0x00000000000232f6       0x30 build/cooja/mtype493.a(watchdog.o)
                0x00000000000232f6                watchdog_init
                0x00000000000232fc                watchdog_start
                0x0000000000023302                watchdog_periodic
                0x000000000002331a                watchdog_stop
                0x0000000000023320                watchdog_reboot
 .text          0x0000000000023326       0x4a build/cooja/mtype493.a(int-master.o)
                0x0000000000023326                int_master_enable
                0x0000000000023336                int_master_read_and_disable
                0x0000000000023353                int_master_status_set
                0x0000000000023361                int_master_is_enabled
 .text          0x0000000000023370      0x6ee build/cooja/mtype493.a(coap-observe-cl)
                0x000000000002340e                coap_obs_add_observee
                0x00000000000234aa                coap_obs_remove_observee
                0x00000000000234da                coap_get_obs_subject_by_token
                0x0000000000023542                coap_obs_remove_observee_by_token
                0x00000000000235d5                coap_obs_remove_observee_by_url
                0x000000000002372d                coap_handle_notification
                0x0000000000023888                coap_generate_token
                0x00000000000238aa                coap_obs_request_registration
 .text          0x0000000000023a5e      0x226 build/cooja/mtype493.a(coap-timer-defa)
 .text          0x0000000000023c84       0xc7 build/cooja/mtype493.a(stimer.o)
                0x0000000000023c84                stimer_set
                0x0000000000023ca2                stimer_reset
                0x0000000000023ccf                stimer_restart
                0x0000000000023ce4                stimer_expired
                0x0000000000023d0f                stimer_remaining
                0x0000000000023d33                stimer_elapsed
 .text          0x0000000000023d4b      0x156 build/cooja/mtype493.a(ringbuf.o)
                0x0000000000023d4b                ringbuf_init
                0x0000000000023d7d                ringbuf_put
                0x0000000000023dfb                ringbuf_get
                0x0000000000023e68                ringbuf_size
                0x0000000000023e7a                ringbuf_elements
 .text          0x0000000000023ea1       0x1f build/cooja/mtype493.a(assert.o)
                0x0000000000023ea1                _xassert
 .text          0x0000000000023ec0      0x79b build/cooja/mtype493.a(nbr-table.o)
                0x0000000000024339                nbr_table_register
                0x00000000000243a6                nbr_table_is_registered
                0x00000000000243e1                nbr_table_head
                0x000000000002443c                nbr_table_next
                0x000000000002449d                nbr_table_add_lladdr
                0x0000000000024577                nbr_table_get_from_lladdr
                0x00000000000245c3                nbr_table_remove
                0x00000000000245fb                nbr_table_lock
                0x0000000000024615                nbr_table_unlock
                0x000000000002462f                nbr_table_get_lladdr
 .text          0x000000000002465b      0x3a5 build/cooja/mtype493.a(link-stats.o)
                0x000000000002465b                link_stats_from_lladdr
                0x0000000000024677                link_stats_get_lladdr
                0x0000000000024693                link_stats_is_fresh
                0x00000000000246cf                guess_etx_from_rssi
                0x000000000002474b                link_stats_packet_sent
                0x000000000002486b                link_stats_input_callback
                0x000000000002497b                link_stats_reset
                0x00000000000249cb                link_stats_init
 .text          0x0000000000024a00      0x187 build/cooja/mtype493.a(mac-sequence.o)
                0x0000000000024a00                mac_sequence_is_duplicate
                0x0000000000024aa0                mac_sequence_register_seqno
 .text          0x0000000000024b87       0x23 build/cooja/mtype493.a(mac.o)
                0x0000000000024b87                mac_call_sent_callback
 .text          0x0000000000024baa      0x432 build/cooja/mtype493.a(framer-802154.o)
                0x0000000000024d39                framer_802154_setup_params
 .text          0x0000000000024fdc      0xb6f build/cooja/mtype493.a(frame802154.o)
                0x000000000002500d                frame802154_get_pan_id
                0x0000000000025019                frame802154_set_pan_id
                0x0000000000025033                frame802154_has_panid
                0x00000000000251e2                frame802154_check_dest_panid
                0x000000000002526a                frame802154_is_broadcast_addr
                0x00000000000252b7                frame802154_extract_linkaddr
                0x000000000002551c                frame802154_hdrlen
                0x000000000002558f                frame802154_create_fcf
                0x0000000000025647                frame802154_create
                0x00000000000257bc                frame802154_parse_fcf
                0x000000000002589e                frame802154_parse
 .text          0x0000000000025b4b       0x2d build/cooja/mtype493.a(csma-security.o)
                0x0000000000025b4b                csma_security_create_frame
                0x0000000000025b69                csma_security_parse_frame
 .text          0x0000000000025b78      0x4e4 build/cooja/mtype493.a(uipbuf.o)
                0x0000000000025b78                uipbuf_clear
                0x0000000000025b9f                uipbuf_add_ext_hdr
                0x0000000000025c1f                uipbuf_set_len
                0x0000000000025c4c                uipbuf_set_len_field
                0x0000000000025c78                uipbuf_get_len_field
                0x0000000000025c98                uipbuf_get_next_header
                0x0000000000025dca                uipbuf_get_last_header
                0x0000000000025e43                uipbuf_search_header
                0x0000000000025ef9                uipbuf_get_attr
                0x0000000000025f20                uipbuf_set_attr
                0x0000000000025f57                uipbuf_set_default_attr
                0x0000000000025f8e                uipbuf_clear_attr
                0x0000000000025fb2                uipbuf_set_attr_flag
                0x0000000000025fd3                uipbuf_clr_attr_flag
                0x0000000000025ffa                uipbuf_is_attr_flag
                0x000000000002601e                uipbuf_init
 .text          0x000000000002605c      0x73f build/cooja/mtype493.a(uip-icmp6.o)
                0x00000000000260d1                uip_icmp6_input
                0x0000000000026128                uip_icmp6_register_input_handler
                0x000000000002627b                uip_icmp6_error_output
                0x000000000002652c                uip_icmp6_send
                0x0000000000026723                uip_icmp6_echo_reply_callback_add
                0x0000000000026755                uip_icmp6_echo_reply_callback_rm
                0x0000000000026772                uip_icmp6_init
 .text          0x000000000002679b      0x69b build/cooja/mtype493.a(uip-sr.o)
                0x000000000002679b                uip_sr_num_nodes
                0x0000000000026829                uip_sr_get_node
                0x0000000000026880                uip_sr_is_addr_reachable
                0x000000000002692e                uip_sr_expire_parent
                0x0000000000026977                uip_sr_update_node
                0x0000000000026aa7                uip_sr_init
                0x0000000000026adb                uip_sr_node_head
                0x0000000000026af4                uip_sr_node_next
                0x0000000000026b0a                uip_sr_periodic
                0x0000000000026c10                uip_sr_free_all
                0x0000000000026c80                uip_sr_link_snprint
 .text          0x0000000000026e36      0x146 build/cooja/mtype493.a(uip-packetqueue)
                0x0000000000026e64                uip_packetqueue_new
                0x0000000000026e73                uip_packetqueue_alloc
                0x0000000000026ece                uip_packetqueue_free
                0x0000000000026f15                uip_packetqueue_buf
                0x0000000000026f32                uip_packetqueue_buflen
                0x0000000000026f53                uip_packetqueue_set_buflen
 .text          0x0000000000026f7c      0x1b0 build/cooja/mtype493.a(rpl-nbr-policy.)
                0x00000000000270e9                rpl_nbr_policy_find_removable
 .text          0x000000000002712c      0x915 build/cooja/mtype493.a(rpl-neighbor.o)
                0x00000000000271a8                rpl_neighbor_snprint
                0x000000000002745b                rpl_neighbor_print_list
                0x0000000000027510                rpl_neighbor_count
                0x00000000000275b7                rpl_neighbor_get_from_lladdr
                0x00000000000275d3                rpl_neighbor_is_acceptable_parent
                0x0000000000027607                rpl_neighbor_get_link_metric
                0x000000000002763b                rpl_neighbor_rank_via_nbr
                0x000000000002766f                rpl_neighbor_get_lladdr
                0x000000000002768b                rpl_neighbor_get_ipaddr
                0x00000000000276b2                rpl_neighbor_get_link_stats
                0x00000000000276d9                rpl_neighbor_is_fresh
                0x0000000000027700                rpl_neighbor_is_reachable
                0x000000000002774b                rpl_neighbor_is_parent
                0x0000000000027775                rpl_neighbor_set_preferred_parent
                0x000000000002780c                rpl_neighbor_remove_all
                0x0000000000027868                rpl_neighbor_get_from_ipaddr
                0x0000000000027976                rpl_neighbor_select_best
                0x0000000000027a22                rpl_neighbor_init
 .text          0x0000000000027a41      0xe69 build/cooja/mtype493.a(rpl-dag.o)
                0x0000000000027a41                rpl_dag_state_to_str
                0x0000000000027a80                rpl_dag_get_root_ipaddr
                0x0000000000027ac8                rpl_dag_leave
                0x0000000000027b51                rpl_dag_poison_and_leave
                0x0000000000027b69                rpl_dag_periodic
                0x0000000000027bf1                rpl_is_addr_in_our_dag
                0x0000000000027c35                rpl_get_default_instance
                0x0000000000027c51                rpl_get_any_dag
                0x0000000000027caa                rpl_refresh_routes
                0x0000000000027cea                rpl_global_repair
                0x0000000000027d83                rpl_local_repair
                0x0000000000027dcd                rpl_dag_ready_to_advertise
                0x0000000000027e10                rpl_dag_update_state
                0x000000000002853d                rpl_process_dio
                0x00000000000285bb                rpl_process_dis
                0x0000000000028600                rpl_process_dao
                0x000000000002868f                rpl_process_dao_ack
                0x0000000000028726                rpl_process_hbh
                0x0000000000028776                rpl_dag_init_root
                0x000000000002888a                rpl_dag_init
 .text          0x00000000000288aa      0x9e7 build/cooja/mtype493.a(rpl-timers.o)
                0x00000000000288aa                rpl_timers_schedule_periodic_dis
                0x00000000000289f8                rpl_timers_dio_reset
                0x0000000000028b06                rpl_timers_schedule_unicast_dio
                0x0000000000028c5a                rpl_timers_schedule_dao
                0x0000000000028d19                rpl_timers_schedule_dao_ack
                0x0000000000028d9f                rpl_timers_notify_dao_ack
                0x0000000000028dfd                get_probing_delay
                0x0000000000028e31                get_probing_target
                0x000000000002901b                rpl_schedule_probing
                0x0000000000029049                rpl_schedule_probing_now
                0x00000000000290b3                rpl_timers_unschedule_leaving
                0x00000000000290eb                rpl_timers_schedule_leaving
                0x000000000002912c                rpl_timers_init
                0x00000000000291bc                rpl_timers_stop_dag_timers
                0x0000000000029235                rpl_timers_unschedule_state_update
                0x0000000000029259                rpl_timers_schedule_state_update
 .text          0x0000000000029291      0xb8e build/cooja/mtype493.a(rpl-ext-header.)
                0x0000000000029291                rpl_ext_header_srh_get_next_hop
                0x0000000000029378                rpl_ext_header_srh_update
                0x00000000000298e4                rpl_ext_header_hbh_update
                0x0000000000029be4                rpl_ext_header_update
                0x0000000000029c6d                rpl_ext_header_remove
 .text          0x0000000000029e1f      0x31b build/cooja/mtype493.a(rpl-mrhof.o)
 *fill*         0x000000000002a13a        0x6 
 .text          0x000000000002a140      0x122 /usr/lib/gcc/i686-linux-gnu/5/libgcc.a(_udivdi3.o)
                0x000000000002a140                __udivdi3
 .text          0x000000000002a262        0x0 /usr/lib/gcc/i686-linux-gnu/5/crtendS.o
 .text          0x000000000002a262        0x0 /usr/lib/gcc/i686-linux-gnu/5/../../../i386-linux-gnu/crtn.o
 *(.gnu.warning)

.fini           0x000000000002a264       0x14
 *(SORT(.fini))
 .fini          0x000000000002a264        0xf /usr/lib/gcc/i686-linux-gnu/5/../../../i386-linux-gnu/crti.o
                0x000000000002a264                _fini
 .fini          0x000000000002a273        0x5 /usr/lib/gcc/i686-linux-gnu/5/../../../i386-linux-gnu/crtn.o
                [!provide]                        PROVIDE (__etext, .)
                [!provide]                        PROVIDE (_etext, .)
                [!provide]                        PROVIDE (etext, .)

.rodata         0x000000000002a280      0xaab
 *(.rodata .rodata.* .gnu.linkonce.r.*)
 .rodata        0x000000000002a280       0xd9 ph_sensor.o
                0x000000000002a2cc                autostart_processes
 *fill*         0x000000000002a359        0x3 
 .rodata        0x000000000002a35c        0x8 build/cooja/mtype493.a(beep.o)
                0x000000000002a35c                beep_interface
 .rodata        0x000000000002a364        0xe build/cooja/mtype493.a(leds-arch.o)
                0x000000000002a364                leds_interface
                0x000000000002a36c                leds_arch_leds
 *fill*         0x000000000002a372        0x2 
 .rodata        0x000000000002a374        0x8 build/cooja/mtype493.a(moteid.o)
                0x000000000002a374                moteid_interface
 .rodata        0x000000000002a37c       0x1c build/cooja/mtype493.a(pir-sensor.o)
                0x000000000002a37c                pir_interface
                0x000000000002a388                pir_sensor
 .rodata        0x000000000002a398        0xe build/cooja/mtype493.a(rs232.o)
                0x000000000002a398                rs232_interface
 *fill*         0x000000000002a3a6        0x2 
 .rodata        0x000000000002a3a8       0x24 build/cooja/mtype493.a(vib-sensor.o)
                0x000000000002a3a8                vib_interface
                0x000000000002a3bc                vib_sensor
 .rodata        0x000000000002a3cc        0x8 build/cooja/mtype493.a(clock.o)
                0x000000000002a3cc                clock_interface
 .rodata        0x000000000002a3d4        0x8 build/cooja/mtype493.a(cooja-log.o)
                0x000000000002a3d4                simlog_interface
 .rodata        0x000000000002a3dc       0x2f build/cooja/mtype493.a(cfs-cooja.o)
                0x000000000002a3dc                cfs_interface
 *fill*         0x000000000002a40b       0x15 
 .rodata        0x000000000002a420       0xb8 build/cooja/mtype493.a(cooja-radio.o)
                0x000000000002a420                radio_interface
                0x000000000002a4a0                cooja_radio_driver
 .rodata        0x000000000002a4d8        0x8 build/cooja/mtype493.a(eeprom.o)
                0x000000000002a4d8                eeprom_interface
 .rodata        0x000000000002a4e0        0x8 build/cooja/mtype493.a(sensors.o)
 .rodata        0x000000000002a4e8       0x2c build/cooja/mtype493.a(buttons.o)
                0x000000000002a4e8                button_interface
                0x000000000002a4fc                button_hal_button_count
                0x000000000002a504                button_sensor
 .rodata        0x000000000002a514       0x78 build/cooja/mtype493.a(ph_measuring_de)
 .rodata        0x000000000002a58c       0x41 build/cooja/mtype493.a(coap-engine.o)
 .rodata        0x000000000002a5cd       0x19 build/cooja/mtype493.a(coap-res-well-k)
 .rodata        0x000000000002a5e6       0x11 build/cooja/mtype493.a(coap-observe.o)
 .rodata        0x000000000002a5f7       0x35 build/cooja/mtype493.a(coap-uip.o)
 .rodata        0x000000000002a62c      0x1ac build/cooja/mtype493.a(coap.o)
 .rodata        0x000000000002a7d8       0xf8 build/cooja/mtype493.a(contiki-main.o)
 .rodata        0x000000000002a8d0        0xf build/cooja/mtype493.a(ctimer.o)
 *fill*         0x000000000002a8df        0x1 
 .rodata        0x000000000002a8e0       0xc4 build/cooja/mtype493.a(log.o)
 .rodata        0x000000000002a9a4        0xc build/cooja/mtype493.a(etimer.o)
 .rodata        0x000000000002a9b0       0x13 build/cooja/mtype493.a(button-hal.o)
 .rodata        0x000000000002a9c3        0xe build/cooja/mtype493.a(serial-line.o)
 *fill*         0x000000000002a9d1        0x3 
 .rodata        0x000000000002a9d4        0x8 build/cooja/mtype493.a(linkaddr.o)
                0x000000000002a9d4                linkaddr_null
 .rodata        0x000000000002a9dc       0x24 build/cooja/mtype493.a(csma.o)
                0x000000000002a9e4                csma_driver
 .rodata        0x000000000002aa00       0x24 build/cooja/mtype493.a(csma-output.o)
 .rodata        0x000000000002aa24       0x4d build/cooja/mtype493.a(uip-ds6-route.o)
 .rodata        0x000000000002aa71        0xd build/cooja/mtype493.a(tcpip.o)
 *fill*         0x000000000002aa7e        0x2 
 .rodata        0x000000000002aa80       0x30 build/cooja/mtype493.a(sicslowpan.o)
                0x000000000002aa80                unc_llconf
                0x000000000002aa84                unc_ctxconf
                0x000000000002aa88                unc_mxconf
                0x000000000002aa8c                llprefix
                0x000000000002aaa0                sicslowpan_driver
 .rodata        0x000000000002aab0       0x2d build/cooja/mtype493.a(uiplib.o)
 *fill*         0x000000000002aadd        0x3 
 .rodata        0x000000000002aae0       0x74 build/cooja/mtype493.a(rpl.o)
                0x000000000002ab00                rpl_lite_driver
 .rodata        0x000000000002ab54       0x20 build/cooja/mtype493.a(coap-timer-defa)
                0x000000000002ab68                coap_timer_default_driver
 .rodata        0x000000000002ab74       0x25 build/cooja/mtype493.a(assert.o)
 *fill*         0x000000000002ab99        0x3 
 .rodata        0x000000000002ab9c        0xc build/cooja/mtype493.a(framer-802154.o)
                0x000000000002ab9c                framer_802154
 .rodata        0x000000000002aba8       0x44 build/cooja/mtype493.a(uip-sr.o)
 .rodata        0x000000000002abec       0x58 build/cooja/mtype493.a(rpl-neighbor.o)
 .rodata        0x000000000002ac44       0xdb build/cooja/mtype493.a(rpl-dag.o)
 .rodata        0x000000000002ad1f        0xc build/cooja/mtype493.a(rpl-timers.o)

.rodata1
 *(.rodata1)

.eh_frame_hdr   0x000000000002ad2c     0x1a4c
 *(.eh_frame_hdr)
 .eh_frame_hdr  0x000000000002ad2c     0x1a4c ph_sensor.o
                0x000000000002ad2c                __GNU_EH_FRAME_HDR
 *(.eh_frame_entry .eh_frame_entry.*)

.eh_frame       0x000000000002c778     0x6aac
 *(.eh_frame)
 .eh_frame      0x000000000002c778       0x3c /usr/lib/gcc/i686-linux-gnu/5/../../../i386-linux-gnu/crti.o
                                         0x40 (size before relaxing)
 .eh_frame      0x000000000002c7b4       0x40 ph_sensor.o
                                         0x58 (size before relaxing)
 .eh_frame      0x000000000002c7f4      0x178 build/cooja/mtype493.o
                                        0x190 (size before relaxing)
 .eh_frame      0x000000000002c96c       0x40 build/cooja/mtype493.a(simEnvChange.o)
                                         0x58 (size before relaxing)
 .eh_frame      0x000000000002c9ac       0x60 build/cooja/mtype493.a(cooja_mt.o)
                                         0x78 (size before relaxing)
 .eh_frame      0x000000000002ca0c       0x80 build/cooja/mtype493.a(cooja_mtarch.o)
                                         0x98 (size before relaxing)
 .eh_frame      0x000000000002ca8c       0xc8 build/cooja/mtype493.a(rtimer-arch.o)
                                         0xe0 (size before relaxing)
 .eh_frame      0x000000000002cb54      0x160 build/cooja/mtype493.a(beep.o)
                                        0x178 (size before relaxing)
 .eh_frame      0x000000000002ccb4       0x80 build/cooja/mtype493.a(leds-arch.o)
                                         0x98 (size before relaxing)
 .eh_frame      0x000000000002cd34       0x40 build/cooja/mtype493.a(moteid.o)
                                         0x58 (size before relaxing)
 .eh_frame      0x000000000002cd74       0xa0 build/cooja/mtype493.a(pir-sensor.o)
                                         0xb8 (size before relaxing)
 .eh_frame      0x000000000002ce14      0x100 build/cooja/mtype493.a(rs232.o)
                                        0x118 (size before relaxing)
 .eh_frame      0x000000000002cf14       0xa0 build/cooja/mtype493.a(vib-sensor.o)
                                         0xb8 (size before relaxing)
 .eh_frame      0x000000000002cfb4       0xc0 build/cooja/mtype493.a(clock.o)
                                         0xd8 (size before relaxing)
 .eh_frame      0x000000000002d074      0x120 build/cooja/mtype493.a(cooja-log.o)
                                        0x138 (size before relaxing)
 .eh_frame      0x000000000002d194      0x160 build/cooja/mtype493.a(cfs-cooja.o)
                                        0x178 (size before relaxing)
 .eh_frame      0x000000000002d2f4      0x340 build/cooja/mtype493.a(cooja-radio.o)
                                        0x358 (size before relaxing)
 .eh_frame      0x000000000002d634       0xa0 build/cooja/mtype493.a(eeprom.o)
                                         0xb8 (size before relaxing)
 .eh_frame      0x000000000002d6d4       0x40 build/cooja/mtype493.a(random.o)
                                         0x58 (size before relaxing)
 .eh_frame      0x000000000002d714       0xc0 build/cooja/mtype493.a(sensors.o)
                                         0xd8 (size before relaxing)
 .eh_frame      0x000000000002d7d4      0x120 build/cooja/mtype493.a(leds.o)
                                        0x138 (size before relaxing)
 .eh_frame      0x000000000002d8f4      0x220 build/cooja/mtype493.a(gpio-hal-arch.o)
                                        0x238 (size before relaxing)
 .eh_frame      0x000000000002db14       0xa0 build/cooja/mtype493.a(buttons.o)
                                         0xb8 (size before relaxing)
 .eh_frame      0x000000000002dbb4       0x60 build/cooja/mtype493.a(ph_measuring_de)
                                         0x78 (size before relaxing)
 .eh_frame      0x000000000002dc14       0x44 build/cooja/mtype493.a(coap-blocking-a)
                                         0x5c (size before relaxing)
 .eh_frame      0x000000000002dc58      0x220 build/cooja/mtype493.a(coap-engine.o)
                                        0x238 (size before relaxing)
 .eh_frame      0x000000000002de78       0x24 build/cooja/mtype493.a(coap-res-well-k)
                                         0x3c (size before relaxing)
 .eh_frame      0x000000000002de9c      0x188 build/cooja/mtype493.a(coap-observe.o)
                                        0x1a0 (size before relaxing)
 .eh_frame      0x000000000002e024      0x250 build/cooja/mtype493.a(coap-uip.o)
                                        0x268 (size before relaxing)
 .eh_frame      0x000000000002e274      0x114 build/cooja/mtype493.a(coap-timer.o)
                                        0x12c (size before relaxing)
 .eh_frame      0x000000000002e388      0x100 build/cooja/mtype493.a(coap-transactio)
                                        0x118 (size before relaxing)
 .eh_frame      0x000000000002e488      0x6ec build/cooja/mtype493.a(coap.o)
                                        0x704 (size before relaxing)
 .eh_frame      0x000000000002eb74       0x30 build/cooja/mtype493.a(contiki-main.o)
                                         0x48 (size before relaxing)
 .eh_frame      0x000000000002eba4       0x40 build/cooja/mtype493.a(autostart.o)
                                         0x58 (size before relaxing)
 .eh_frame      0x000000000002ebe4      0x100 build/cooja/mtype493.a(ctimer.o)
                                        0x118 (size before relaxing)
 .eh_frame      0x000000000002ece4      0x100 build/cooja/mtype493.a(log.o)
                                        0x118 (size before relaxing)
 .eh_frame      0x000000000002ede4       0x60 build/cooja/mtype493.a(energest.o)
                                         0x78 (size before relaxing)
 .eh_frame      0x000000000002ee44      0x1e0 build/cooja/mtype493.a(etimer.o)
                                        0x1f8 (size before relaxing)
 .eh_frame      0x000000000002f024       0x20 build/cooja/mtype493.a(node-id.o)
                                         0x38 (size before relaxing)
 .eh_frame      0x000000000002f044       0x60 build/cooja/mtype493.a(rtimer.o)
                                         0x78 (size before relaxing)
 .eh_frame      0x000000000002f0a4      0x1c4 build/cooja/mtype493.a(process.o)
                                        0x1dc (size before relaxing)
 .eh_frame      0x000000000002f268       0xa4 build/cooja/mtype493.a(timer.o)
                                         0xbc (size before relaxing)
 .eh_frame      0x000000000002f30c      0x1a0 build/cooja/mtype493.a(list.o)
                                        0x1b8 (size before relaxing)
 .eh_frame      0x000000000002f4ac       0xa0 build/cooja/mtype493.a(memb.o)
                                         0xb8 (size before relaxing)
 .eh_frame      0x000000000002f54c      0x144 build/cooja/mtype493.a(button-hal.o)
                                        0x15c (size before relaxing)
 .eh_frame      0x000000000002f690       0x60 build/cooja/mtype493.a(serial-line.o)
                                         0x78 (size before relaxing)
 .eh_frame      0x000000000002f6f0       0xe0 build/cooja/mtype493.a(gpio-hal.o)
                                         0xf8 (size before relaxing)
 .eh_frame      0x000000000002f7d0      0x1a0 build/cooja/mtype493.a(queuebuf.o)
                                        0x1b8 (size before relaxing)
 .eh_frame      0x000000000002f970      0x28c build/cooja/mtype493.a(packetbuf.o)
                                        0x2a4 (size before relaxing)
 .eh_frame      0x000000000002fbfc       0x80 build/cooja/mtype493.a(netstack.o)
                                         0x98 (size before relaxing)
 .eh_frame      0x000000000002fc7c       0x60 build/cooja/mtype493.a(linkaddr.o)
                                         0x78 (size before relaxing)
 .eh_frame      0x000000000002fcdc       0xe0 build/cooja/mtype493.a(csma.o)
                                         0xf8 (size before relaxing)
 .eh_frame      0x000000000002fdbc      0x1d0 build/cooja/mtype493.a(csma-output.o)
                                        0x1e8 (size before relaxing)
 .eh_frame      0x000000000002ff8c      0x328 build/cooja/mtype493.a(uip-ds6.o)
                                        0x340 (size before relaxing)
 .eh_frame      0x00000000000302b4       0x40 build/cooja/mtype493.a(uip-udp-packet.)
                                         0x58 (size before relaxing)
 .eh_frame      0x00000000000302f4      0x220 build/cooja/mtype493.a(uip-ds6-route.o)
                                        0x238 (size before relaxing)
 .eh_frame      0x0000000000030514      0x244 build/cooja/mtype493.a(tcpip.o)
                                        0x25c (size before relaxing)
 .eh_frame      0x0000000000030758      0x1e8 build/cooja/mtype493.a(uip6.o)
                                        0x200 (size before relaxing)
 .eh_frame      0x0000000000030940      0x1c0 build/cooja/mtype493.a(uip-ds6-nbr.o)
                                        0x1d8 (size before relaxing)
 .eh_frame      0x0000000000030b00       0x84 build/cooja/mtype493.a(uip-nd6.o)
                                         0x9c (size before relaxing)
 .eh_frame      0x0000000000030b84      0x2f8 build/cooja/mtype493.a(sicslowpan.o)
                                        0x310 (size before relaxing)
 .eh_frame      0x0000000000030e7c       0x88 build/cooja/mtype493.a(uiplib.o)
                                         0xa0 (size before relaxing)
 .eh_frame      0x0000000000030f04      0x1e0 build/cooja/mtype493.a(rpl.o)
                                        0x1f8 (size before relaxing)
 .eh_frame      0x00000000000310e4      0x1c4 build/cooja/mtype493.a(rpl-icmp6.o)
                                        0x1dc (size before relaxing)
 .eh_frame      0x00000000000312a8       0xa0 build/cooja/mtype493.a(rpl-dag-root.o)
                                         0xb8 (size before relaxing)
 .eh_frame      0x0000000000031348       0xa0 build/cooja/mtype493.a(watchdog.o)
                                         0xb8 (size before relaxing)
 .eh_frame      0x00000000000313e8       0x80 build/cooja/mtype493.a(int-master.o)
                                         0x98 (size before relaxing)
 .eh_frame      0x0000000000031468      0x1c4 build/cooja/mtype493.a(coap-observe-cl)
                                        0x1dc (size before relaxing)
 .eh_frame      0x000000000003162c       0xa4 build/cooja/mtype493.a(coap-timer-defa)
                                         0xbc (size before relaxing)
 .eh_frame      0x00000000000316d0       0xc4 build/cooja/mtype493.a(stimer.o)
                                         0xdc (size before relaxing)
 .eh_frame      0x0000000000031794       0xa0 build/cooja/mtype493.a(ringbuf.o)
                                         0xb8 (size before relaxing)
 .eh_frame      0x0000000000031834       0x20 build/cooja/mtype493.a(assert.o)
                                         0x38 (size before relaxing)
 .eh_frame      0x0000000000031854      0x2ac build/cooja/mtype493.a(nbr-table.o)
                                        0x2c4 (size before relaxing)
 .eh_frame      0x0000000000031b00      0x120 build/cooja/mtype493.a(link-stats.o)
                                        0x138 (size before relaxing)
 .eh_frame      0x0000000000031c20       0x48 build/cooja/mtype493.a(mac-sequence.o)
                                         0x60 (size before relaxing)
 .eh_frame      0x0000000000031c68       0x20 build/cooja/mtype493.a(mac.o)
                                         0x38 (size before relaxing)
 .eh_frame      0x0000000000031c88       0xa4 build/cooja/mtype493.a(framer-802154.o)
                                         0xbc (size before relaxing)
 .eh_frame      0x0000000000031d2c      0x1a4 build/cooja/mtype493.a(frame802154.o)
                                        0x1bc (size before relaxing)
 .eh_frame      0x0000000000031ed0       0x40 build/cooja/mtype493.a(csma-security.o)
                                         0x58 (size before relaxing)
 .eh_frame      0x0000000000031f10      0x200 build/cooja/mtype493.a(uipbuf.o)
                                        0x218 (size before relaxing)
 .eh_frame      0x0000000000032110      0x150 build/cooja/mtype493.a(uip-icmp6.o)
                                        0x168 (size before relaxing)
 .eh_frame      0x0000000000032260      0x184 build/cooja/mtype493.a(uip-sr.o)
                                        0x19c (size before relaxing)
 .eh_frame      0x00000000000323e4       0xe0 build/cooja/mtype493.a(uip-packetqueue)
                                         0xf8 (size before relaxing)
 .eh_frame      0x00000000000324c4       0x80 build/cooja/mtype493.a(rpl-nbr-policy.)
                                         0x98 (size before relaxing)
 .eh_frame      0x0000000000032544      0x2d4 build/cooja/mtype493.a(rpl-neighbor.o)
                                        0x2ec (size before relaxing)
 .eh_frame      0x0000000000032818      0x370 build/cooja/mtype493.a(rpl-dag.o)
                                        0x388 (size before relaxing)
 .eh_frame      0x0000000000032b88      0x3a8 build/cooja/mtype493.a(rpl-timers.o)
                                        0x3c0 (size before relaxing)
 .eh_frame      0x0000000000032f30      0x124 build/cooja/mtype493.a(rpl-ext-header.)
                                        0x13c (size before relaxing)
 .eh_frame      0x0000000000033054      0x148 build/cooja/mtype493.a(rpl-mrhof.o)
                                        0x160 (size before relaxing)
 .eh_frame      0x000000000003319c       0x84 /usr/lib/gcc/i686-linux-gnu/5/libgcc.a(_udivdi3.o)
                                         0x9c (size before relaxing)
 .eh_frame      0x0000000000033220        0x4 /usr/lib/gcc/i686-linux-gnu/5/crtendS.o
 *(.eh_frame.*)

.gcc_except_table
 *(.gcc_except_table .gcc_except_table.*)

.gnu_extab
 *(.gnu_extab*)

.exception_ranges
 *(.exception_ranges .exception_ranges*)
                0x0000000000034f10                . = DATA_SEGMENT_ALIGN (0x1000, 0x1000)

.eh_frame
 *(.eh_frame)
 *(.eh_frame.*)

.gnu_extab
 *(.gnu_extab)

.gcc_except_table
 *(.gcc_except_table .gcc_except_table.*)

.exception_ranges
 *(.exception_ranges .exception_ranges*)

.tdata
 *(.tdata .tdata.* .gnu.linkonce.td.*)

.tbss
 *(.tbss .tbss.* .gnu.linkonce.tb.*)
 *(.tcommon)

.preinit_array
 *(.preinit_array)

.init_array     0x0000000000034f10        0x4
 *(SORT(.init_array.*) SORT(.ctors.*))
 *(.init_array EXCLUDE_FILE(*crtend?.o *crtend.o *crtbegin?.o *crtbegin.o) .ctors)
 .init_array    0x0000000000034f10        0x4 /usr/lib/gcc/i686-linux-gnu/5/crtbeginS.o

.fini_array     0x0000000000034f14        0x4
 *(SORT(.fini_array.*) SORT(.dtors.*))
 *(.fini_array EXCLUDE_FILE(*crtend?.o *crtend.o *crtbegin?.o *crtbegin.o) .dtors)
 .fini_array    0x0000000000034f14        0x4 /usr/lib/gcc/i686-linux-gnu/5/crtbeginS.o

.ctors
 *crtbegin.o(.ctors)
 *crtbegin?.o(.ctors)
 *(EXCLUDE_FILE(*crtend?.o *crtend.o) .ctors)
 *(SORT(.ctors.*))
 *(.ctors)

.dtors
 *crtbegin.o(.dtors)
 *crtbegin?.o(.dtors)
 *(EXCLUDE_FILE(*crtend?.o *crtend.o) .dtors)
 *(SORT(.dtors.*))
 *(.dtors)

.jcr            0x0000000000034f18        0x4
 *(.jcr)
 .jcr           0x0000000000034f18        0x0 /usr/lib/gcc/i686-linux-gnu/5/crtbeginS.o
 .jcr           0x0000000000034f18        0x4 /usr/lib/gcc/i686-linux-gnu/5/crtendS.o

.data.rel.ro
 *(.data.rel.ro.local* .gnu.linkonce.d.rel.ro.local.*)
 *(.data.rel.ro .data.rel.ro.* .gnu.linkonce.d.rel.ro.*)

.dynamic        0x0000000000034f1c       0xd0
 *(.dynamic)
 .dynamic       0x0000000000034f1c       0xd0 /usr/lib/gcc/i686-linux-gnu/5/../../../i386-linux-gnu/crti.o
                0x0000000000034f1c                _DYNAMIC

.got            0x0000000000034fec       0x14
 *(.got)
 .got           0x0000000000034fec       0x14 /usr/lib/gcc/i686-linux-gnu/5/../../../i386-linux-gnu/crti.o
 *(.igot)
                0x0000000000035ff4                . = DATA_SEGMENT_RELRO_END (., (SIZEOF (.got.plt) >= 0xc)?0xc:0x0)

.got.plt        0x0000000000035000        0xc
 *(.got.plt)
 .got.plt       0x0000000000035000        0xc /usr/lib/gcc/i686-linux-gnu/5/../../../i386-linux-gnu/crti.o
                0x0000000000035000                _GLOBAL_OFFSET_TABLE_
 *(.igot.plt)

.data           0x0000000000035020      0x464
 *(.data .data.* .gnu.linkonce.d.*)
 .data          0x0000000000035020        0x0 /usr/lib/gcc/i686-linux-gnu/5/../../../i386-linux-gnu/crti.o
 .data          0x0000000000035020        0x0 /usr/lib/gcc/i686-linux-gnu/5/crtbeginS.o
 .data.rel.local
                0x0000000000035020        0x4 /usr/lib/gcc/i686-linux-gnu/5/crtbeginS.o
                0x0000000000035020                __dso_handle
 .data          0x0000000000035024       0x14 ph_sensor.o
                0x0000000000035028                ph_sensor
 *fill*         0x0000000000035038        0x8 
 .data          0x0000000000035040       0x44 build/cooja/mtype493.o
                0x0000000000035040                simInterfaces
                0x0000000000035074                sensors
 .data          0x0000000000035084        0x0 build/cooja/mtype493.a(simEnvChange.o)
 .data          0x0000000000035084        0x0 build/cooja/mtype493.a(cooja_mt.o)
 .data          0x0000000000035084        0x0 build/cooja/mtype493.a(cooja_mtarch.o)
 .data          0x0000000000035084        0x0 build/cooja/mtype493.a(rtimer-arch.o)
 .data          0x0000000000035084        0x0 build/cooja/mtype493.a(beep.o)
 .data          0x0000000000035084        0x0 build/cooja/mtype493.a(leds-arch.o)
 .data          0x0000000000035084        0x0 build/cooja/mtype493.a(moteid.o)
 .data          0x0000000000035084        0x0 build/cooja/mtype493.a(pir-sensor.o)
 .data          0x0000000000035084        0x0 build/cooja/mtype493.a(rs232.o)
 .data          0x0000000000035084        0x0 build/cooja/mtype493.a(vib-sensor.o)
 .data          0x0000000000035084        0x0 build/cooja/mtype493.a(clock.o)
 .data          0x0000000000035084        0x0 build/cooja/mtype493.a(cooja-log.o)
 .data          0x0000000000035084        0x0 build/cooja/mtype493.a(cfs-cooja.o)
 .data          0x0000000000035084       0x2c build/cooja/mtype493.a(cooja-radio.o)
                0x0000000000035084                simRadioHWOn
                0x0000000000035088                simSignalStrength
                0x000000000003508c                simLastSignalStrength
                0x0000000000035090                simPower
                0x0000000000035094                simRadioChannel
                0x0000000000035098                simLQI
                0x00000000000350a0                cooja_radio_process
 .data          0x00000000000350b0        0x0 build/cooja/mtype493.a(eeprom.o)
 .data          0x00000000000350b0        0x0 build/cooja/mtype493.a(random.o)
 .data          0x00000000000350b0       0x10 build/cooja/mtype493.a(sensors.o)
                0x00000000000350b0                sensors_process
 .data          0x00000000000350c0        0x0 build/cooja/mtype493.a(leds.o)
 .data          0x00000000000350c0        0x0 build/cooja/mtype493.a(gpio-hal-arch.o)
 .data          0x00000000000350c0       0x78 build/cooja/mtype493.a(buttons.o)
                0x00000000000350c0                simButtonIsActive
                0x0000000000035130                button_hal_buttons
 *fill*         0x0000000000035138        0x8 
 .data          0x0000000000035140       0x44 build/cooja/mtype493.a(ph_measuring_de)
                0x0000000000035140                ph_level
                0x0000000000035160                ph_measuring_device
 .data          0x0000000000035184        0x0 build/cooja/mtype493.a(coap-blocking-a)
 .data          0x0000000000035184        0x8 build/cooja/mtype493.a(coap-engine.o)
 *fill*         0x000000000003518c       0x14 
 .data          0x00000000000351a0       0x24 build/cooja/mtype493.a(coap-res-well-k)
                0x00000000000351a0                res_well_known_core
 .data          0x00000000000351c4       0x10 build/cooja/mtype493.a(coap-observe.o)
 .data          0x00000000000351d4       0x10 build/cooja/mtype493.a(coap-uip.o)
                0x00000000000351d4                coap_engine
 .data          0x00000000000351e4        0x4 build/cooja/mtype493.a(coap-timer.o)
 .data          0x00000000000351e8       0x10 build/cooja/mtype493.a(coap-transactio)
 .data          0x00000000000351f8        0x4 build/cooja/mtype493.a(coap.o)
                0x00000000000351f8                coap_error_message
 .data          0x00000000000351fc        0x0 build/cooja/mtype493.a(contiki-main.o)
 .data          0x00000000000351fc        0x0 build/cooja/mtype493.a(autostart.o)
 .data          0x00000000000351fc       0x14 build/cooja/mtype493.a(ctimer.o)
                0x0000000000035200                ctimer_process
 *fill*         0x0000000000035210       0x10 
 .data          0x0000000000035220       0xbc build/cooja/mtype493.a(log.o)
                0x0000000000035220                curr_log_level_main
                0x0000000000035240                all_modules
 .data          0x00000000000352dc        0x0 build/cooja/mtype493.a(energest.o)
 .data          0x00000000000352dc       0x10 build/cooja/mtype493.a(etimer.o)
                0x00000000000352dc                etimer_process
 .data          0x00000000000352ec        0x0 build/cooja/mtype493.a(node-id.o)
 .data          0x00000000000352ec        0x0 build/cooja/mtype493.a(rtimer.o)
 .data          0x00000000000352ec        0x0 build/cooja/mtype493.a(process.o)
 .data          0x00000000000352ec        0x0 build/cooja/mtype493.a(timer.o)
 .data          0x00000000000352ec        0x0 build/cooja/mtype493.a(list.o)
 .data          0x00000000000352ec        0x0 build/cooja/mtype493.a(memb.o)
 .data          0x00000000000352ec       0x10 build/cooja/mtype493.a(button-hal.o)
                0x00000000000352ec                button_hal_process
 .data          0x00000000000352fc       0x10 build/cooja/mtype493.a(serial-line.o)
                0x00000000000352fc                serial_line_process
 .data          0x000000000003530c        0x4 build/cooja/mtype493.a(gpio-hal.o)
 .data          0x0000000000035310       0x18 build/cooja/mtype493.a(queuebuf.o)
 .data          0x0000000000035328        0x4 build/cooja/mtype493.a(packetbuf.o)
 .data          0x000000000003532c        0x4 build/cooja/mtype493.a(netstack.o)
 .data          0x0000000000035330        0x0 build/cooja/mtype493.a(linkaddr.o)
 .data          0x0000000000035330        0x0 build/cooja/mtype493.a(csma.o)
 .data          0x0000000000035330       0x28 build/cooja/mtype493.a(csma-output.o)
 .data          0x0000000000035358        0x0 build/cooja/mtype493.a(uip-ds6.o)
 .data          0x0000000000035358        0x0 build/cooja/mtype493.a(uip-udp-packet.)
 .data          0x0000000000035358       0x10 build/cooja/mtype493.a(uip-ds6-route.o)
 .data          0x0000000000035368       0x10 build/cooja/mtype493.a(tcpip.o)
                0x0000000000035368                tcpip_process
 .data          0x0000000000035378        0x0 build/cooja/mtype493.a(uip6.o)
 .data          0x0000000000035378       0x14 build/cooja/mtype493.a(uip-ds6-nbr.o)
 .data          0x000000000003538c        0xc build/cooja/mtype493.a(uip-nd6.o)
 .data          0x0000000000035398        0x0 build/cooja/mtype493.a(sicslowpan.o)
 .data          0x0000000000035398        0x0 build/cooja/mtype493.a(uiplib.o)
 .data          0x0000000000035398        0x0 build/cooja/mtype493.a(rpl.o)
 .data          0x0000000000035398       0x30 build/cooja/mtype493.a(rpl-icmp6.o)
 .data          0x00000000000353c8        0x0 build/cooja/mtype493.a(rpl-dag-root.o)
 .data          0x00000000000353c8        0x0 build/cooja/mtype493.a(watchdog.o)
 .data          0x00000000000353c8        0x0 build/cooja/mtype493.a(int-master.o)
 .data          0x00000000000353c8       0x10 build/cooja/mtype493.a(coap-observe-cl)
 .data          0x00000000000353d8       0x10 build/cooja/mtype493.a(coap-timer-defa)
                0x00000000000353d8                coap_timer_process
 .data          0x00000000000353e8        0x0 build/cooja/mtype493.a(stimer.o)
 .data          0x00000000000353e8        0x0 build/cooja/mtype493.a(ringbuf.o)
 .data          0x00000000000353e8        0x0 build/cooja/mtype493.a(assert.o)
 .data          0x00000000000353e8       0x10 build/cooja/mtype493.a(nbr-table.o)
 .data          0x00000000000353f8       0x14 build/cooja/mtype493.a(link-stats.o)
 .data          0x000000000003540c        0x0 build/cooja/mtype493.a(mac-sequence.o)
 .data          0x000000000003540c        0x0 build/cooja/mtype493.a(mac.o)
 .data          0x000000000003540c        0x0 build/cooja/mtype493.a(framer-802154.o)
 .data          0x000000000003540c        0x2 build/cooja/mtype493.a(frame802154.o)
 .data          0x000000000003540e        0x0 build/cooja/mtype493.a(csma-security.o)
 .data          0x000000000003540e        0x0 build/cooja/mtype493.a(uipbuf.o)
 *fill*         0x000000000003540e        0x2 
 .data          0x0000000000035410       0x20 build/cooja/mtype493.a(uip-icmp6.o)
 .data          0x0000000000035430       0x10 build/cooja/mtype493.a(uip-sr.o)
 .data          0x0000000000035440        0xc build/cooja/mtype493.a(uip-packetqueue)
 .data          0x000000000003544c        0x0 build/cooja/mtype493.a(rpl-nbr-policy.)
 .data          0x000000000003544c       0x14 build/cooja/mtype493.a(rpl-neighbor.o)
                0x000000000003545c                rpl_neighbors
 .data          0x0000000000035460        0x0 build/cooja/mtype493.a(rpl-dag.o)
 .data          0x0000000000035460        0x0 build/cooja/mtype493.a(rpl-timers.o)
 .data          0x0000000000035460        0x0 build/cooja/mtype493.a(rpl-ext-header.)
 .data          0x0000000000035460       0x24 build/cooja/mtype493.a(rpl-mrhof.o)
                0x0000000000035460                rpl_mrhof
 .data          0x0000000000035484        0x0 /usr/lib/gcc/i686-linux-gnu/5/libgcc.a(_udivdi3.o)
 .data          0x0000000000035484        0x0 /usr/lib/gcc/i686-linux-gnu/5/crtendS.o
 .data          0x0000000000035484        0x0 /usr/lib/gcc/i686-linux-gnu/5/../../../i386-linux-gnu/crtn.o

.tm_clone_table
                0x0000000000035484        0x0
 .tm_clone_table
                0x0000000000035484        0x0 /usr/lib/gcc/i686-linux-gnu/5/crtbeginS.o
 .tm_clone_table
                0x0000000000035484        0x0 /usr/lib/gcc/i686-linux-gnu/5/crtendS.o

.data1
 *(.data1)
                0x0000000000035484                _edata = .
                [!provide]                        PROVIDE (edata, .)
                0x0000000000035484                . = .
                0x0000000000035484                __bss_start = .

.bss            0x00000000000354a0    0x14104
 *(.dynbss)
 .dynbss        0x00000000000354a0        0x0 /usr/lib/gcc/i686-linux-gnu/5/../../../i386-linux-gnu/crti.o
 *(.bss .bss.* .gnu.linkonce.b.*)
 .bss           0x00000000000354a0        0x0 /usr/lib/gcc/i686-linux-gnu/5/../../../i386-linux-gnu/crti.o
 .bss           0x00000000000354a0        0x1 /usr/lib/gcc/i686-linux-gnu/5/crtbeginS.o
 *fill*         0x00000000000354a1       0x1f 
 .bss           0x00000000000354c0      0x11c ph_sensor.o
 *fill*         0x00000000000355dc        0x4 
 .bss           0x00000000000355e0     0x2030 build/cooja/mtype493.o
 .bss           0x0000000000037610        0x1 build/cooja/mtype493.a(simEnvChange.o)
                0x0000000000037610                simDontFallAsleep
 *fill*         0x0000000000037611        0x3 
 .bss           0x0000000000037614        0x4 build/cooja/mtype493.a(cooja_mt.o)
 .bss           0x0000000000037618        0x4 build/cooja/mtype493.a(cooja_mtarch.o)
 .bss           0x000000000003761c        0x0 build/cooja/mtype493.a(rtimer-arch.o)
 .bss           0x000000000003761c        0x0 build/cooja/mtype493.a(beep.o)
 .bss           0x000000000003761c        0x1 build/cooja/mtype493.a(leds-arch.o)
                0x000000000003761c                simLedsValue
 .bss           0x000000000003761d        0x0 build/cooja/mtype493.a(moteid.o)
 .bss           0x000000000003761d        0x1 build/cooja/mtype493.a(pir-sensor.o)
                0x000000000003761d                simPirValue
 *fill*         0x000000000003761e        0x2 
 .bss           0x0000000000037620        0x4 build/cooja/mtype493.a(rs232.o)
 .bss           0x0000000000037624        0x1 build/cooja/mtype493.a(vib-sensor.o)
                0x0000000000037624                simVibValue
 .bss           0x0000000000037625        0x0 build/cooja/mtype493.a(clock.o)
 *fill*         0x0000000000037625       0x1b 
 .bss           0x0000000000037640     0x2020 build/cooja/mtype493.a(cooja-log.o)
 .bss           0x0000000000039660      0xfc0 build/cooja/mtype493.a(cfs-cooja.o)
                0x0000000000039660                simCFSData
                0x000000000003a600                simCFSSize
                0x000000000003a604                simCFSChanged
                0x000000000003a608                simCFSRead
                0x000000000003a60c                simCFSWritten
 .bss           0x000000000003a620       0x24 build/cooja/mtype493.a(cooja-radio.o)
                0x000000000003a620                simReceiving
                0x000000000003a624                simInSize
                0x000000000003a628                simLastPacketTimestamp
                0x000000000003a630                simOutSize
 .bss           0x000000000003a644        0xc build/cooja/mtype493.a(eeprom.o)
                0x000000000003a644                simEEPROMChanged
                0x000000000003a648                simEEPROMRead
                0x000000000003a64c                simEEPROMWritten
 .bss           0x000000000003a650        0x0 build/cooja/mtype493.a(random.o)
 .bss           0x000000000003a650        0xc build/cooja/mtype493.a(sensors.o)
 .bss           0x000000000003a65c        0x0 build/cooja/mtype493.a(leds.o)
 .bss           0x000000000003a65c       0x24 build/cooja/mtype493.a(gpio-hal-arch.o)
 .bss           0x000000000003a680        0x0 build/cooja/mtype493.a(buttons.o)
 .bss           0x000000000003a680        0x0 build/cooja/mtype493.a(ph_measuring_de)
 .bss           0x000000000003a680        0x0 build/cooja/mtype493.a(coap-blocking-a)
 .bss           0x000000000003a680      0x190 build/cooja/mtype493.a(coap-engine.o)
 .bss           0x000000000003a810        0x0 build/cooja/mtype493.a(coap-res-well-k)
 *fill*         0x000000000003a810       0x10 
 .bss           0x000000000003a820      0x120 build/cooja/mtype493.a(coap-observe.o)
 .bss           0x000000000003a940       0x18 build/cooja/mtype493.a(coap-uip.o)
 .bss           0x000000000003a958        0x5 build/cooja/mtype493.a(coap-timer.o)
 *fill*         0x000000000003a95d        0x3 
 .bss           0x000000000003a960      0x334 build/cooja/mtype493.a(coap-transactio)
 .bss           0x000000000003ac94        0x6 build/cooja/mtype493.a(coap.o)
                0x000000000003ac94                coap_status_code
 .bss           0x000000000003ac9a        0x0 build/cooja/mtype493.a(contiki-main.o)
 .bss           0x000000000003ac9a        0x0 build/cooja/mtype493.a(autostart.o)
 *fill*         0x000000000003ac9a        0x2 
 .bss           0x000000000003ac9c        0x5 build/cooja/mtype493.a(ctimer.o)
 *fill*         0x000000000003aca1        0x3 
 .bss           0x000000000003aca4       0x2c build/cooja/mtype493.a(log.o)
                0x000000000003aca4                curr_log_level_rpl
                0x000000000003aca8                curr_log_level_tcpip
                0x000000000003acac                curr_log_level_ipv6
                0x000000000003acb0                curr_log_level_6lowpan
                0x000000000003acb4                curr_log_level_nullnet
                0x000000000003acb8                curr_log_level_mac
                0x000000000003acbc                curr_log_level_framer
                0x000000000003acc0                curr_log_level_6top
                0x000000000003acc4                curr_log_level_coap
                0x000000000003acc8                curr_log_level_snmp
                0x000000000003accc                curr_log_level_lwm2m
 .bss           0x000000000003acd0        0x0 build/cooja/mtype493.a(energest.o)
 .bss           0x000000000003acd0        0x8 build/cooja/mtype493.a(etimer.o)
 .bss           0x000000000003acd8        0x2 build/cooja/mtype493.a(node-id.o)
                0x000000000003acd8                node_id
 *fill*         0x000000000003acda        0x2 
 .bss           0x000000000003acdc        0x4 build/cooja/mtype493.a(rtimer.o)
 .bss           0x000000000003ace0      0x1a1 build/cooja/mtype493.a(process.o)
                0x000000000003ace0                process_list
                0x000000000003ace4                process_current
 .bss           0x000000000003ae81        0x0 build/cooja/mtype493.a(timer.o)
 .bss           0x000000000003ae81        0x0 build/cooja/mtype493.a(list.o)
 .bss           0x000000000003ae81        0x0 build/cooja/mtype493.a(memb.o)
 *fill*         0x000000000003ae81        0x3 
 .bss           0x000000000003ae84       0x10 build/cooja/mtype493.a(button-hal.o)
 *fill*         0x000000000003ae94        0xc 
 .bss           0x000000000003aea0      0x140 build/cooja/mtype493.a(serial-line.o)
 .bss           0x000000000003afe0        0x4 build/cooja/mtype493.a(gpio-hal.o)
 *fill*         0x000000000003afe4       0x1c 
 .bss           0x000000000003b000     0x2c80 build/cooja/mtype493.a(queuebuf.o)
 .bss           0x000000000003dc80       0xa0 build/cooja/mtype493.a(packetbuf.o)
 .bss           0x000000000003dd20        0x4 build/cooja/mtype493.a(netstack.o)
 .bss           0x000000000003dd24        0x0 build/cooja/mtype493.a(linkaddr.o)
 .bss           0x000000000003dd24        0x0 build/cooja/mtype493.a(csma.o)
 *fill*         0x000000000003dd24       0x1c 
 .bss           0x000000000003dd40      0x726 build/cooja/mtype493.a(csma-output.o)
 *fill*         0x000000000003e466        0x2 
 .bss           0x000000000003e468       0x30 build/cooja/mtype493.a(uip-ds6.o)
 .bss           0x000000000003e498        0x0 build/cooja/mtype493.a(uip-udp-packet.)
 *fill*         0x000000000003e498        0x8 
 .bss           0x000000000003e4a0       0x60 build/cooja/mtype493.a(uip-ds6-route.o)
 .bss           0x000000000003e500       0x10 build/cooja/mtype493.a(tcpip.o)
 .bss           0x000000000003e510        0x8 build/cooja/mtype493.a(uip6.o)
                0x000000000003e510                uip_ext_bitmap