Archive member included to satisfy reference by file (symbol)

build/cooja/mtype201.a(simEnvChange.o)
                              build/cooja/mtype201.o (simDontFallAsleep)
build/cooja/mtype201.a(cooja_mt.o)
                              build/cooja/mtype201.o (cooja_mt_start)
build/cooja/mtype201.a(cooja_mtarch.o)
                              build/cooja/mtype201.a(cooja_mt.o) (cooja_mtarch_start)
build/cooja/mtype201.a(rtimer-arch.o)
                              build/cooja/mtype201.o (rtimer_arch_check)
build/cooja/mtype201.a(beep.o)
                              build/cooja/mtype201.o (beep_interface)
build/cooja/mtype201.a(leds-arch.o)
                              build/cooja/mtype201.o (leds_interface)
build/cooja/mtype201.a(moteid.o)
                              build/cooja/mtype201.o (moteid_interface)
build/cooja/mtype201.a(pir-sensor.o)
                              build/cooja/mtype201.o (pir_interface)
build/cooja/mtype201.a(rs232.o)
                              build/cooja/mtype201.o (rs232_interface)
build/cooja/mtype201.a(vib-sensor.o)
                              build/cooja/mtype201.o (vib_interface)
build/cooja/mtype201.a(clock.o)
                              build/cooja/mtype201.o (clock_interface)
build/cooja/mtype201.a(cooja-log.o)
                              build/cooja/mtype201.o (simlog_interface)
build/cooja/mtype201.a(cfs-cooja.o)
                              build/cooja/mtype201.o (cfs_interface)
build/cooja/mtype201.a(cooja-radio.o)
                              build/cooja/mtype201.o (radio_interface)
build/cooja/mtype201.a(eeprom.o)
                              build/cooja/mtype201.o (eeprom_interface)
build/cooja/mtype201.a(random.o)
                              build/cooja/mtype201.a(moteid.o) (random_init)
build/cooja/mtype201.a(sensors.o)
                              build/cooja/mtype201.a(pir-sensor.o) (sensors_changed)
build/cooja/mtype201.a(leds.o)
                              build/cooja/mtype201.a(leds-arch.o) (leds_get)
build/cooja/mtype201.a(gpio-hal-arch.o)
                              build/cooja/mtype201.a(leds-arch.o) (gpio_hal_arch_register_pin_callback)
build/cooja/mtype201.a(buttons.o)
                              build/cooja/mtype201.o (button_interface)
build/cooja/mtype201.a(oxygen_generato)
                              oxygen_actuator.o (oxygen_generator)
build/cooja/mtype201.a(coap-observe-cl)
                              oxygen_actuator.o (coap_obs_request_registration)
build/cooja/mtype201.a(coap-blocking-a)
                              oxygen_actuator.o (coap_blocking_request)
build/cooja/mtype201.a(coap-engine.o)
                              oxygen_actuator.o (coap_activate_resource)
build/cooja/mtype201.a(coap-res-well-k)
                              build/cooja/mtype201.a(coap-engine.o) (res_well_known_core)
build/cooja/mtype201.a(coap-observe.o)
                              build/cooja/mtype201.a(coap-engine.o) (coap_remove_observer_by_mid)
build/cooja/mtype201.a(coap-uip.o)
                              oxygen_actuator.o (coap_endpoint_log)
build/cooja/mtype201.a(coap-timer.o)
                              build/cooja/mtype201.a(coap-engine.o) (coap_timer_set)
build/cooja/mtype201.a(coap-transactio)
                              build/cooja/mtype201.a(coap-observe-cl) (coap_send_transaction)
build/cooja/mtype201.a(coap.o)
                              build/cooja/mtype201.a(coap-engine.o) (coap_status_code)
build/cooja/mtype201.a(contiki-main.o)
                              build/cooja/mtype201.o (main)
build/cooja/mtype201.a(autostart.o)
                              build/cooja/mtype201.a(contiki-main.o) (autostart_start)
build/cooja/mtype201.a(ctimer.o)
                              build/cooja/mtype201.a(contiki-main.o) (ctimer_init)
build/cooja/mtype201.a(log.o)
                              build/cooja/mtype201.a(contiki-main.o) (curr_log_level_main)
build/cooja/mtype201.a(energest.o)
                              build/cooja/mtype201.a(contiki-main.o) (energest_init)
build/cooja/mtype201.a(etimer.o)
                              build/cooja/mtype201.a(contiki-main.o) (etimer_process)
build/cooja/mtype201.a(node-id.o)
                              build/cooja/mtype201.a(contiki-main.o) (node_id)
build/cooja/mtype201.a(rtimer.o)
                              build/cooja/mtype201.a(contiki-main.o) (rtimer_init)
build/cooja/mtype201.a(process.o)
                              build/cooja/mtype201.a(coap-blocking-a) (process_current)
build/cooja/mtype201.a(timer.o)
                              build/cooja/mtype201.a(etimer.o) (timer_set)
build/cooja/mtype201.a(list.o)
                              build/cooja/mtype201.a(coap-engine.o) (list_init)
build/cooja/mtype201.a(memb.o)
                              build/cooja/mtype201.a(coap-observe-cl) (memb_alloc)
build/cooja/mtype201.a(button-hal.o)
                              build/cooja/mtype201.o (button_hal_init)
build/cooja/mtype201.a(serial-line.o)
[...]
Memory Configuration

Name             Origin             Length             Attributes
*default*        0x0000000000000000 0xffffffffffffffff

Linker script and memory map

LOAD /usr/lib/gcc/i686-linux-gnu/5/../../../i386-linux-gnu/crti.o
LOAD /usr/lib/gcc/i686-linux-gnu/5/crtbeginS.o
LOAD oxygen_actuator.o
LOAD build/cooja/mtype201.o
LOAD build/cooja/mtype201.a
LOAD /usr/lib/gcc/i686-linux-gnu/5/libgcc.a
LOAD /usr/lib/gcc/i686-linux-gnu/5/libgcc_s.so
LOAD /usr/lib/gcc/i686-linux-gnu/5/../../../i386-linux-gnu/libc.so
START GROUP
LOAD /lib/i386-linux-gnu/libc.so.6
LOAD /usr/lib/i386-linux-gnu/libc_nonshared.a
LOAD /lib/i386-linux-gnu/ld-linux.so.2
END GROUP
LOAD /usr/lib/gcc/i686-linux-gnu/5/libgcc.a
LOAD /usr/lib/gcc/i686-linux-gnu/5/libgcc_s.so
LOAD /usr/lib/gcc/i686-linux-gnu/5/crtendS.o
LOAD /usr/lib/gcc/i686-linux-gnu/5/../../../i386-linux-gnu/crtn.o
                0x0000000000000114                . = (0x0 + SIZEOF_HEADERS)

.note.gnu.build-id
                0x0000000000000114       0x24
 *(.note.gnu.build-id)
 .note.gnu.build-id
                0x0000000000000114       0x24 /usr/lib/gcc/i686-linux-gnu/5/../../../i386-linux-gnu/crti.o

.hash
 *(.hash)

.gnu.hash       0x0000000000000138     0x15cc
 *(.gnu.hash)
 .gnu.hash      0x0000000000000138     0x15cc /usr/lib/gcc/i686-linux-gnu/5/../../../i386-linux-gnu/crti.o

.dynsym         0x0000000000001704     0x2fc0
 *(.dynsym)
 .dynsym        0x0000000000001704     0x2fc0 /usr/lib/gcc/i686-linux-gnu/5/../../../i386-linux-gnu/crti.o

.dynstr         0x00000000000046c4     0x37f0
 *(.dynstr)
 .dynstr        0x00000000000046c4     0x37f0 /usr/lib/gcc/i686-linux-gnu/5/../../../i386-linux-gnu/crti.o

.gnu.version    0x0000000000007eb4      0x5f8
 *(.gnu.version)
 .gnu.version   0x0000000000007eb4      0x5f8 /usr/lib/gcc/i686-linux-gnu/5/../../../i386-linux-gnu/crti.o

.gnu.version_d  0x00000000000084ac        0x0
 *(.gnu.version_d)
 .gnu.version_d
                0x00000000000084ac        0x0 /usr/lib/gcc/i686-linux-gnu/5/../../../i386-linux-gnu/crti.o

.gnu.version_r  0x00000000000084ac       0x40
 *(.gnu.version_r)
 .gnu.version_r
                0x00000000000084ac       0x40 /usr/lib/gcc/i686-linux-gnu/5/../../../i386-linux-gnu/crti.o

.rel.dyn        0x00000000000084ec     0x9378
 *(.rel.init)
 .rel.init      0x00000000000084ec        0x0 /usr/lib/gcc/i686-linux-gnu/5/../../../i386-linux-gnu/crti.o
 *(.rel.text .rel.text.* .rel.gnu.linkonce.t.*)
 .rel.text      0x00000000000084ec     0x89a0 /usr/lib/gcc/i686-linux-gnu/5/../../../i386-linux-gnu/crti.o
 *(.rel.fini)
 .rel.fini      0x0000000000010e8c        0x0 /usr/lib/gcc/i686-linux-gnu/5/../../../i386-linux-gnu/crti.o
 *(.rel.rodata .rel.rodata.* .rel.gnu.linkonce.r.*)
 .rel.rodata    0x0000000000010e8c      0x588 /usr/lib/gcc/i686-linux-gnu/5/../../../i386-linux-gnu/crti.o
 *(.rel.data.rel.ro .rel.data.rel.ro.* .rel.gnu.linkonce.d.rel.ro.*)
 *(.rel.data .rel.data.* .rel.gnu.linkonce.d.*)
 .rel.data.rel.local
                0x0000000000011414        0x8 /usr/lib/gcc/i686-linux-gnu/5/../../../i386-linux-gnu/crti.o
 .rel.data      0x000000000001141c      0x410 /usr/lib/gcc/i686-linux-gnu/5/../../../i386-linux-gnu/crti.o
 *(.rel.tdata .rel.tdata.* .rel.gnu.linkonce.td.*)
 *(.rel.tbss .rel.tbss.* .rel.gnu.linkonce.tb.*)
 *(.rel.ctors)
 *(.rel.dtors)
 *(.rel.got)
 .rel.got       0x000000000001182c       0x28 /usr/lib/gcc/i686-linux-gnu/5/../../../i386-linux-gnu/crti.o
 *(.rel.bss .rel.bss.* .rel.gnu.linkonce.b.*)
 *(.rel.ifunc)
 .rel.ifunc     0x0000000000011854        0x0 /usr/lib/gcc/i686-linux-gnu/5/../../../i386-linux-gnu/crti.o
 .rel.fini_array
                0x0000000000011854        0x8 /usr/lib/gcc/i686-linux-gnu/5/../../../i386-linux-gnu/crti.o
 .rel.init_array
                0x000000000001185c        0x8 /usr/lib/gcc/i686-linux-gnu/5/../../../i386-linux-gnu/crti.o

.rel.plt        0x0000000000011864        0x0
 *(.rel.plt)
 .rel.plt       0x0000000000011864        0x0 /usr/lib/gcc/i686-linux-gnu/5/../../../i386-linux-gnu/crti.o
 *(.rel.iplt)

.init           0x0000000000011864       0x23
 *(SORT(.init))
 .init          0x0000000000011864       0x1e /usr/lib/gcc/i686-linux-gnu/5/../../../i386-linux-gnu/crti.o
                0x0000000000011864                _init
 .init          0x0000000000011882        0x5 /usr/lib/gcc/i686-linux-gnu/5/../../../i386-linux-gnu/crtn.o

.plt            0x0000000000011890       0x10
 *(.plt)
 .plt           0x0000000000011890       0x10 /usr/lib/gcc/i686-linux-gnu/5/../../../i386-linux-gnu/crti.o
 *(.iplt)

.plt.got        0x00000000000118a0       0x10
 *(.plt.got)
 .plt.got       0x00000000000118a0       0x10 /usr/lib/gcc/i686-linux-gnu/5/../../../i386-linux-gnu/crti.o

.text           0x00000000000118b0    0x19222
 *(.text.unlikely .text.*_unlikely .text.unlikely.*)
 .text.unlikely
                0x00000000000118b0        0x0 /usr/lib/gcc/i686-linux-gnu/5/crtbeginS.o
 .text.unlikely
                0x00000000000118b0        0x0 /usr/lib/gcc/i686-linux-gnu/5/libgcc.a(_udivdi3.o)
 *(.text.exit .text.exit.*)
 *(.text.startup .text.startup.*)
 *(.text.hot .text.hot.*)
 *(.text .stub .text.* .gnu.linkonce.t.*)
 .text          0x00000000000118b0        0x0 /usr/lib/gcc/i686-linux-gnu/5/../../../i386-linux-gnu/crti.o
 .gnu.linkonce.t.__x86.get_pc_thunk.bx
                0x00000000000118b0        0x4 /usr/lib/gcc/i686-linux-gnu/5/../../../i386-linux-gnu/crti.o
                0x00000000000118b0                __x86.get_pc_thunk.bx
 *fill*         0x00000000000118b4        0xc 
 .text          0x00000000000118c0      0x11c /usr/lib/gcc/i686-linux-gnu/5/crtbeginS.o
 .text.__x86.get_pc_thunk.dx
                0x00000000000119dc        0x4 /usr/lib/gcc/i686-linux-gnu/5/crtbeginS.o
                0x00000000000119dc                __x86.get_pc_thunk.dx
 .text          0x00000000000119e0      0x3fd oxygen_actuator.o
                0x00000000000119e0                wait_for_ack
                0x0000000000011a35                wait_for_discovery
 .text          0x0000000000011ddd      0x283 build/cooja/mtype201.o
                0x0000000000011e6f                platform_init_stage_one
                0x0000000000011e82                platform_init_stage_two
                0x0000000000011e95                platform_init_stage_three
                0x0000000000011ea8                platform_main_loop
                0x0000000000011f1b                Java_org_contikios_cooja_corecomm_Lib35_init
                0x0000000000011f52                Java_org_contikios_cooja_corecomm_Lib35_getMemory
                0x0000000000011f85                Java_org_contikios_cooja_corecomm_Lib35_setMemory
                0x0000000000011fe5                Java_org_contikios_cooja_corecomm_Lib35_tick
                0x000000000001204d                Java_org_contikios_cooja_corecomm_Lib35_setReferenceAddress
 .text          0x0000000000012060       0x65 build/cooja/mtype201.a(simEnvChange.o)
                0x0000000000012060                doActionsBeforeTick
                0x0000000000012092                doActionsAfterTick
 .text          0x00000000000120c5       0x83 build/cooja/mtype201.a(cooja_mt.o)
                0x00000000000120c5                cooja_mt_start
                0x00000000000120ef                cooja_mt_exec
                0x0000000000012125                cooja_mt_yield
 .text          0x0000000000012148       0xbe build/cooja/mtype201.a(cooja_mtarch.o)
                0x0000000000012148                cooja_mtarch_start
                0x00000000000121bb                cooja_sw
                0x00000000000121de                cooja_mtarch_exec
                0x00000000000121fb                cooja_mtarch_yield
 .text          0x0000000000012206       0xc5 build/cooja/mtype201.a(rtimer-arch.o)
                0x0000000000012206                rtimer_arch_init
                0x000000000001222a                rtimer_arch_schedule
                0x000000000001225a                rtimer_arch_next
                0x000000000001226a                rtimer_arch_pending
                0x0000000000012274                rtimer_arch_check
                0x00000000000122bb                rtimer_arch_now
 .text          0x00000000000122cb       0x81 build/cooja/mtype201.a(beep.o)
                0x00000000000122cb                beep_alarm
                0x00000000000122d8                beep_beep
                0x00000000000122e5                beep
                0x00000000000122f2                beep_down
                0x00000000000122ff                beep_on
                0x000000000001230c                beep_off
                0x0000000000012319                beep_spinup
                0x0000000000012326                beep_quick
                0x0000000000012333                beep_long
 .text          0x000000000001234c       0x65 build/cooja/mtype201.a(leds-arch.o)
                0x000000000001235f                leds_arch_init
 .text          0x00000000000123b1       0x35 build/cooja/mtype201.a(moteid.o)
 .text          0x00000000000123e6       0xb7 build/cooja/mtype201.a(pir-sensor.o)
 .text          0x000000000001249d      0x148 build/cooja/mtype201.a(rs232.o)
                0x000000000001249d                rs232_init
                0x00000000000124a3                rs232_set_speed
                0x00000000000124b2                rs232_set_input
                0x00000000000124c0                rs232_send
                0x00000000000124e4                rs232_print
                0x0000000000012500                slip_arch_writeb
 .text          0x00000000000125e5       0xb7 build/cooja/mtype201.a(vib-sensor.o)
 .text          0x000000000001269c       0x38 build/cooja/mtype201.a(clock.o)
                0x000000000001269c                clock_init
                0x00000000000126a2                clock_time
                0x00000000000126ac                clock_seconds
                0x00000000000126c2                clock_delay
 .text          0x00000000000126d4      0x219 build/cooja/mtype201.a(cooja-log.o)
                0x00000000000126d4                simlog_char
                0x0000000000012717                simlog
                0x000000000001278d                log_message
                0x00000000000127be                log_set_putchar_with_slip
                0x00000000000127cc                log_putchar
                0x0000000000012847                log_puts
                0x000000000001286f                log_printf
 .text          0x00000000000128ed      0x2b9 build/cooja/mtype201.a(cfs-cooja.o)
                0x00000000000128ed                cfs_open
                0x0000000000012956                cfs_close
                0x0000000000012963                cfs_read
                0x00000000000129f8                cfs_write
                0x0000000000012ad4                cfs_seek
                0x0000000000012b5c                cfs_remove
                0x0000000000012b80                cfs_opendir
                0x0000000000012b8a                cfs_readdir
                0x0000000000012b94                cfs_closedir
 .text          0x0000000000012ba6      0x62b build/cooja/mtype201.a(cooja-radio.o)
                0x0000000000012be8                radio_set_channel
                0x0000000000012bf6                radio_set_txpower
                0x0000000000012c0e                radio_signal_strength_last
                0x0000000000012c18                radio_signal_strength_current
                0x0000000000012c22                radio_LQI
 .text          0x00000000000131d1       0xee build/cooja/mtype201.a(eeprom.o)
                0x00000000000131d1                eeprom_init
                0x00000000000131d7                eeprom_read
                0x0000000000013245                eeprom_write
 .text          0x00000000000132bf       0x2d build/cooja/mtype201.a(random.o)
                0x00000000000132bf                random_init
                0x00000000000132df                random_rand
 .text          0x00000000000132ec      0x29c build/cooja/mtype201.a(sensors.o)
                0x0000000000013327                sensors_first
                0x0000000000013331                sensors_next
                0x000000000001334b                sensors_changed
                0x000000000001337f                sensors_find
 .text          0x0000000000013588      0x349 build/cooja/mtype201.a(leds.o)
                0x0000000000013588                leds_init
                0x00000000000135cf                leds_single_on
                0x000000000001362e                leds_single_off
                0x000000000001368d                leds_single_toggle
                0x00000000000136bf                leds_on
                0x0000000000013741                leds_off
                0x00000000000137c3                leds_toggle
                0x0000000000013818                leds_set
                0x0000000000013844                leds_get
 .text          0x00000000000138d1      0x343 build/cooja/mtype201.a(gpio-hal-arch.o)
                0x00000000000138d1                gpio_hal_arch_register_pin_callback
                0x000000000001393d                gpio_hal_arch_init
                0x0000000000013982                gpio_hal_arch_no_port_interrupt_enable
                0x00000000000139b2                gpio_hal_arch_no_port_interrupt_disable
                0x00000000000139e2                gpio_hal_arch_no_port_pin_cfg_set
                0x0000000000013a07                gpio_hal_arch_no_port_pin_cfg_get
                0x0000000000013a2d                gpio_hal_arch_no_port_pin_set_input
                0x0000000000013a3f                gpio_hal_arch_no_port_pin_set_output
                0x0000000000013a51                gpio_hal_arch_no_port_set_pin
                0x0000000000013a72                gpio_hal_arch_no_port_clear_pin
                0x0000000000013a93                gpio_hal_arch_no_port_read_pin
                0x0000000000013ab9                gpio_hal_arch_no_port_write_pin
                0x0000000000013ae3                gpio_hal_arch_no_port_set_pins
                0x0000000000013b2a                gpio_hal_arch_no_port_clear_pins
                0x0000000000013b71                gpio_hal_arch_no_port_read_pins
                0x0000000000013bb4                gpio_hal_arch_no_port_write_pins
 .text          0x0000000000013c14       0x89 build/cooja/mtype201.a(buttons.o)
 .text          0x0000000000013c9d       0x48 build/cooja/mtype201.a(oxygen_generato)
 .text          0x0000000000013ce5      0x6ee build/cooja/mtype201.a(coap-observe-cl)
                0x0000000000013d83                coap_obs_add_observee
                0x0000000000013e1f                coap_obs_remove_observee
                0x0000000000013e4f                coap_get_obs_subject_by_token
                0x0000000000013eb7                coap_obs_remove_observee_by_token
                0x0000000000013f4a                coap_obs_remove_observee_by_url
                0x00000000000140a2                coap_handle_notification
                0x00000000000141fd                coap_generate_token
                0x000000000001421f                coap_obs_request_registration
 .text          0x00000000000143d3      0x27b build/cooja/mtype201.a(coap-blocking-a)
                0x00000000000143d3                coap_blocking_request_callback
                0x00000000000143fd                coap_blocking_request
 .text          0x000000000001464e      0xc26 build/cooja/mtype201.a(coap-engine.o)
                0x00000000000146e3                coap_add_handler
                0x0000000000014700                coap_remove_handler
                0x000000000001471d                coap_call_handlers
                0x0000000000014825                coap_receive
                0x0000000000014e5c                coap_engine_init
                0x0000000000014eba                coap_activate_resource
                0x0000000000014f65                coap_get_first_resource
                0x0000000000014f7e                coap_get_next_resource
 .text          0x0000000000015274      0x2d9 build/cooja/mtype201.a(coap-res-well-k)
 .text          0x000000000001554d      0x96a build/cooja/mtype201.a(coap-observe.o)
                0x0000000000015662                coap_remove_observer
                0x0000000000015692                coap_remove_observer_by_client
                0x00000000000156fa                coap_remove_observer_by_token
                0x000000000001578d                coap_remove_observer_by_uri
                0x0000000000015834                coap_remove_observer_by_mid
                0x00000000000158b0                coap_notify_observers
                0x00000000000158c9                coap_notify_observers_sub
                0x0000000000015d33                coap_observe_handler
                0x0000000000015e4e                coap_has_observers
 .text          0x0000000000015eb7      0x733 build/cooja/mtype201.a(coap-uip.o)
                0x0000000000015eb7                coap_endpoint_log
                0x0000000000015f3d                coap_endpoint_print
                0x0000000000015fc3                coap_endpoint_snprint
                0x00000000000160f6                coap_endpoint_copy
                0x0000000000016133                coap_endpoint_cmp
                0x0000000000016241                coap_endpoint_parse
                0x000000000001642c                coap_endpoint_is_secure
                0x000000000001643b                coap_endpoint_is_connected
                0x000000000001646f                coap_endpoint_connect
                0x000000000001648b                coap_endpoint_disconnect
                0x0000000000016491                coap_databuf
                0x000000000001649b                coap_transport_init
                0x00000000000164eb                coap_sendto
 .text          0x00000000000165ea      0x324 build/cooja/mtype201.a(coap-timer.o)
                0x00000000000166e7                coap_timer_stop
                0x0000000000016712                coap_timer_set
                0x0000000000016755                coap_timer_reset
                0x0000000000016798                coap_timer_time_to_next_expiration
                0x0000000000016804                coap_timer_run
                0x00000000000168d0                coap_timer_init
 .text          0x000000000001690e      0x2c6 build/cooja/mtype201.a(coap-transactio)
                0x0000000000016974                coap_new_transaction
                0x00000000000169da                coap_send_transaction
                0x0000000000016b3b                coap_clear_transaction
                0x0000000000016b83                coap_get_transaction_by_mid
 .text          0x0000000000016bd4     0x1ceb build/cooja/mtype201.a(coap.o)
                0x0000000000017141                coap_init_connection
                0x0000000000017155                coap_get_mid
                0x0000000000017171                coap_init_message
                0x00000000000171ba                coap_serialize_message
                0x000000000001783c                coap_parse_message
                0x0000000000017f3b                coap_get_query_variable
                0x0000000000017f7d                coap_get_post_variable
                0x0000000000017fc1                coap_set_status_code
                0x0000000000017fe6                coap_set_token
                0x000000000001802d                coap_get_header_content_format
                0x000000000001805e                coap_set_header_content_format
                0x0000000000018081                coap_get_header_accept
                0x00000000000180b2                coap_set_header_accept
                0x00000000000180d5                coap_get_header_max_age
                0x0000000000018106                coap_set_header_max_age
                0x0000000000018126                coap_get_header_etag
                0x0000000000018158                coap_set_header_etag
                0x00000000000181af                coap_get_header_if_match
                0x00000000000181e1                coap_set_header_if_match
                0x0000000000018238                coap_get_header_if_none_match
                0x0000000000018252                coap_set_header_if_none_match
                0x0000000000018269                coap_get_header_proxy_uri
                0x0000000000018297                coap_set_header_proxy_uri
                0x00000000000182d4                coap_get_header_uri_host
                0x0000000000018302                coap_set_header_uri_host
                0x000000000001833f                coap_get_header_uri_path
                0x000000000001836d                coap_set_header_uri_path
                0x00000000000183ba                coap_get_header_uri_query
                0x00000000000183ee                coap_set_header_uri_query
                0x0000000000018444                coap_get_header_location_path
                0x0000000000018472                coap_set_header_location_path
                0x000000000001850b                coap_get_header_location_query
                0x0000000000018539                coap_set_header_location_query
                0x0000000000018586                coap_get_header_observe
                0x00000000000185b5                coap_set_header_observe
                0x00000000000185d5                coap_get_header_block2
                0x0000000000018641                coap_set_header_block2
                0x00000000000186b8                coap_get_header_block1
                0x000000000001872d                coap_set_header_block1
                0x00000000000187a8                coap_get_header_size2
                0x00000000000187d8                coap_set_header_size2
                0x00000000000187fb                coap_get_header_size1
                0x000000000001882b                coap_set_header_size1
                0x000000000001884e                coap_get_payload
                0x0000000000018888                coap_set_payload
 .text          0x00000000000188bf      0x332 build/cooja/mtype201.a(contiki-main.o)
                0x00000000000188bf                main
 .text          0x0000000000018bf1       0x92 build/cooja/mtype201.a(autostart.o)
                0x0000000000018bf1                autostart_start
                0x0000000000018c3b                autostart_exit
 .text          0x0000000000018c83      0x355 build/cooja/mtype201.a(ctimer.o)
                0x0000000000018dab                ctimer_init
                0x0000000000018dde                ctimer_set
                0x0000000000018e04                ctimer_set_with_process
                0x0000000000018e81                ctimer_reset
                0x0000000000018ed5                ctimer_restart
                0x0000000000018f29                ctimer_stop
                0x0000000000018f79                ctimer_expired
 .text          0x0000000000018fd8      0x3d7 build/cooja/mtype201.a(log.o)
                0x0000000000018fd8                log_6addr
                0x000000000001902b                log_6addr_compact_snprint
                0x00000000000190c9                log_6addr_compact
                0x000000000001911c                log_lladdr
                0x000000000001918e                log_lladdr_compact
                0x00000000000191f6                log_bytes
                0x0000000000019239                log_set_level
                0x00000000000192f4                log_get_level
                0x000000000001936d                log_level_to_str
 .text          0x00000000000193af       0x1b build/cooja/mtype201.a(energest.o)
                0x00000000000193af                energest_init
                0x00000000000193b5                energest_flush
                0x00000000000193bb                energest_get_total_time
 .text          0x00000000000193ca      0x43f build/cooja/mtype201.a(etimer.o)
                0x00000000000195ee                etimer_request_poll
                0x0000000000019677                etimer_set
                0x00000000000196a0                etimer_reset_with_new_interval
                0x00000000000196cf                etimer_reset
                0x00000000000196f5                etimer_restart
                0x000000000001971b                etimer_adjust
                0x0000000000019738                etimer_expired
                0x000000000001974b                etimer_expiration_time
                0x000000000001975d                etimer_start_time
                0x0000000000019767                etimer_pending
                0x0000000000019779                etimer_next_expiration_time
                0x0000000000019793                etimer_stop
 .text          0x0000000000019809       0x25 build/cooja/mtype201.a(node-id.o)
                0x0000000000019809                node_id_init
 .text          0x000000000001982e       0xeb build/cooja/mtype201.a(rtimer.o)
                0x000000000001982e                rtimer_init
                0x000000000001983c                rtimer_set
                0x00000000000198b7                rtimer_run_next
 .text          0x0000000000019919      0x4fb build/cooja/mtype201.a(process.o)
                0x0000000000019919                process_alloc_event
                0x000000000001992e                process_start
                0x0000000000019b08                process_exit
                0x0000000000019b25                process_init
                0x0000000000019cba                process_run
                0x0000000000019ced                process_nevents
                0x0000000000019d08                process_post
                0x0000000000019d9b                process_post_synch
                0x0000000000019dd0                process_poll
                0x0000000000019e00                process_is_running
 .text          0x0000000000019e14       0xb1 build/cooja/mtype201.a(timer.o)
                0x0000000000019e14                timer_set
                0x0000000000019e32                timer_reset
                0x0000000000019e5f                timer_restart
                0x0000000000019e74                timer_expired
                0x0000000000019ea1                timer_remaining
 .text          0x0000000000019ec5      0x28f build/cooja/mtype201.a(list.o)
                0x0000000000019ec5                list_init
                0x0000000000019ed4                list_head
                0x0000000000019ede                list_copy
                0x0000000000019eee                list_tail
                0x0000000000019f24                list_add
                0x0000000000019f70                list_push
                0x0000000000019f9c                list_chop
                0x000000000001a006                list_pop
                0x000000000001a02e                list_remove
                0x000000000001a096                list_length
                0x000000000001a0c4                list_insert
                0x000000000001a109                list_item_next
                0x000000000001a120                list_contains
 .text          0x000000000001a154      0x1b5 build/cooja/mtype201.a(memb.o)
                0x000000000001a154                memb_init
                0x000000000001a1a9                memb_alloc
                0x000000000001a20c                memb_free
                0x000000000001a283                memb_inmemb
                0x000000000001a2c2                memb_numfree
 .text          0x000000000001a309      0x493 build/cooja/mtype201.a(button-hal.o)
                0x000000000001a495                button_hal_get_by_id
                0x000000000001a4d3                button_hal_get_by_index
                0x000000000001a4ff                button_hal_get_state
                0x000000000001a551                button_hal_init
 .text          0x000000000001a79c      0x1f3 build/cooja/mtype201.a(serial-line.o)
                0x000000000001a79c                serial_line_input_byte
                0x000000000001a95a                serial_line_init
 .text          0x000000000001a98f      0x168 build/cooja/mtype201.a(gpio-hal.o)
                0x000000000001a98f                gpio_hal_register_handler
                0x000000000001a9ac                gpio_hal_event_handler
                0x000000000001aa08                gpio_hal_init
                0x000000000001aa27                gpio_hal_arch_port_toggle_pin
                0x000000000001aa63                gpio_hal_arch_port_toggle_pins
                0x000000000001aa91                gpio_hal_arch_no_port_toggle_pin
                0x000000000001aacf                gpio_hal_arch_no_port_toggle_pins
 .text          0x000000000001aaf7      0x2e7 build/cooja/mtype201.a(queuebuf.o)
                0x000000000001ab01                queuebuf_init
                0x000000000001ab2a                queuebuf_numfree
                0x000000000001ab42                queuebuf_new_from_packetbuf
                0x000000000001abe1                queuebuf_update_attr_from_packetbuf
                0x000000000001ac16                queuebuf_update_from_packetbuf
                0x000000000001ac66                queuebuf_free
                0x000000000001acaf                queuebuf_to_packetbuf
                0x000000000001ad1b                queuebuf_dataptr
                0x000000000001ad55                queuebuf_datalen
                0x000000000001ad78                queuebuf_addr
                0x000000000001adad                queuebuf_attr
                0x000000000001add8                queuebuf_debug_print
 .text          0x000000000001adde      0x407 build/cooja/mtype201.a(packetbuf.o)
                0x000000000001adde                packetbuf_clear
                0x000000000001ae09                packetbuf_copyfrom
                0x000000000001ae58                packetbuf_copyto
                0x000000000001aeeb                packetbuf_hdralloc
                0x000000000001af67                packetbuf_hdrreduce
                0x000000000001afad                packetbuf_set_datalen
                0x000000000001afc7                packetbuf_dataptr
                0x000000000001afe4                packetbuf_hdrptr
                0x000000000001afee                packetbuf_datalen
                0x000000000001affa                packetbuf_hdrlen
                0x000000000001b011                packetbuf_totlen
                0x000000000001b027                packetbuf_remaininglen
                0x000000000001b03a                packetbuf_attr_clear
                0x000000000001b086                packetbuf_attr_copyto
                0x000000000001b0de                packetbuf_attr_copyfrom
                0x000000000001b136                packetbuf_set_attr
                0x000000000001b160                packetbuf_attr
                0x000000000001b17a                packetbuf_set_addr
                0x000000000001b1ab                packetbuf_addr
                0x000000000001b1c8                packetbuf_holds_broadcast
 .text          0x000000000001b1e5       0xef build/cooja/mtype201.a(netstack.o)
                0x000000000001b1e5                netstack_process_ip_callback
                0x000000000001b276                netstack_ip_packet_processor_add
                0x000000000001b299                uip_ds6_ip_packet_processor_rm
                0x000000000001b2b6                netstack_init
 .text          0x000000000001b2d4       0x4f build/cooja/mtype201.a(linkaddr.o)
                0x000000000001b2d4                linkaddr_copy
                0x000000000001b2ea                linkaddr_cmp
                0x000000000001b30d                linkaddr_set_node_addr
 .text          0x000000000001b323      0x229 build/cooja/mtype201.a(csma.o)
 .text          0x000000000001b54c      0x95d build/cooja/mtype201.a(csma-output.o)
                0x000000000001bbe3                csma_output_packet
                0x000000000001be70                csma_output_init
 .text          0x000000000001bea9      0xc11 build/cooja/mtype201.a(uip-ds6.o)
                0x000000000001bea9                uip_ds6_default_prefix
                0x000000000001beb3                uip_ds6_set_default_prefix
                0x000000000001bede                uip_ds6_init
                0x000000000001c140                uip_ds6_periodic
                0x000000000001c1c7                uip_ds6_list_loop
                0x000000000001c287                uip_ds6_prefix_add
                0x000000000001c333                uip_ds6_prefix_rm
                0x000000000001c346                uip_ds6_prefix_lookup
                0x000000000001c385                uip_ds6_is_addr_onlink
                0x000000000001c3f8                uip_ds6_addr_add
                0x000000000001c518                uip_ds6_addr_rm
                0x000000000001c5c1                uip_ds6_addr_lookup
                0x000000000001c5fa                uip_ds6_get_link_local
                0x000000000001c67b                uip_ds6_get_global
                0x000000000001c6fc                uip_ds6_maddr_add
                0x000000000001c75c                uip_ds6_maddr_rm
                0x000000000001c76f                uip_ds6_maddr_lookup
                0x000000000001c7a8                uip_ds6_aaddr_add
                0x000000000001c808                uip_ds6_aaddr_rm
                0x000000000001c81b                uip_ds6_aaddr_lookup
                0x000000000001c854                uip_ds6_select_src
                0x000000000001c99d                uip_ds6_set_addr_iid
                0x000000000001c9c8                uip_ds6_set_lladdr_from_iid
                0x000000000001c9f1                get_match_length
                0x000000000001ca82                uip_ds6_compute_reachable_time
 .text          0x000000000001caba      0x128 build/cooja/mtype201.a(uip-udp-packet.)
                0x000000000001caba                uip_udp_packet_send
                0x000000000001cb15                uip_udp_packet_sendto
 .text          0x000000000001cbe2      0x365 build/cooja/mtype201.a(uip-ds6-route.o)
                0x000000000001cc33                uip_ds6_route_init
                0x000000000001cc5d                uip_ds6_route_count_nexthop_neighbors
                0x000000000001cc67                uip_ds6_route_nexthop
                0x000000000001cc71                uip_ds6_route_head
                0x000000000001cc7b                uip_ds6_route_next
                0x000000000001cc85                uip_ds6_route_is_nexthop
                0x000000000001cc8f                uip_ds6_route_num_routes
                0x000000000001cc99                uip_ds6_route_lookup
                0x000000000001cca3                uip_ds6_route_add
                0x000000000001ccb6                uip_ds6_route_rm
                0x000000000001ccbc                uip_ds6_route_rm_by_nexthop
                0x000000000001ccc2                uip_ds6_defrt_head
                0x000000000001ccdb                uip_ds6_defrt_add
                0x000000000001cd89                uip_ds6_defrt_rm
                0x000000000001cdef                uip_ds6_defrt_lookup
                0x000000000001ce56                uip_ds6_defrt_choose
                0x000000000001cecc                uip_ds6_defrt_periodic
 .text          0x000000000001cf47      0x6f7 build/cooja/mtype201.a(tcpip.o)
                0x000000000001cf61                tcpip_output
                0x000000000001cfe0                udp_attach
                0x000000000001cff8                udp_new
                0x000000000001d042                udp_broadcast_new
                0x000000000001d1b4                tcpip_input
                0x000000000001d344                tcpip_ipv6_output
                0x000000000001d538                tcpip_poll_udp
                0x000000000001d556                tcpip_uipcall
 .text          0x000000000001d63e     0x1205 build/cooja/mtype201.a(uip6.o)
                0x000000000001d6ed                uip_chksum
                0x000000000001d7c4                uip_icmp6chksum
                0x000000000001d7d9                uip_udpchksum
                0x000000000001d7ee                uip_init
                0x000000000001d837                uip_remove_ext_hdr
                0x000000000001d911                uip_udp_new
                0x000000000001dc25                uip_process
                0x000000000001e71d                uip_htons
                0x000000000001e73f                uip_htonl
                0x000000000001e77d                uip_send
 .text          0x000000000001e843      0x369 build/cooja/mtype201.a(uip-ds6-nbr.o)
                0x000000000001e843                uip_ds6_neighbors_init
                0x000000000001e867                uip_ds6_nbr_add
                0x000000000001e8ed                uip_ds6_nbr_rm
                0x000000000001e938                uip_ds6_nbr_update_ll
                0x000000000001ea26                uip_ds6_nbr_get_ipaddr
                0x000000000001ea3b                uip_ds6_nbr_get_ll
                0x000000000001ea57                uip_ds6_nbr_num
                0x000000000001eaa0                uip_ds6_nbr_head
                0x000000000001eab9                uip_ds6_nbr_next
                0x000000000001ead5                uip_ds6_nbr_lookup
                0x000000000001eb2d                uip_ds6_nbr_ll_lookup
                0x000000000001eb49                uip_ds6_nbr_ipaddr_from_lladdr
                0x000000000001eb72                uip_ds6_nbr_lladdr_from_ipaddr
                0x000000000001eba6                uip_ds6_link_callback
 .text          0x000000000001ebac      0x6ad build/cooja/mtype201.a(uip-nd6.o)
                0x000000000001f240                uip_nd6_init
 .text          0x000000000001f259     0x2f35 build/cooja/mtype201.a(sicslowpan.o)
                0x000000000001f860                netstack_sniffer_add
                0x000000000001f86e                netstack_sniffer_remove
                0x0000000000022162                sicslowpan_init
                0x0000000000022184                sicslowpan_get_last_rssi
 .text          0x000000000002218e      0x4d1 build/cooja/mtype201.a(uiplib.o)
                0x000000000002218e                uiplib_ip6addrconv
                0x0000000000022346                uiplib_ip4addrconv
                0x0000000000022409                uiplib_ipaddr_print
                0x000000000002245c                uiplib_ipaddr_snprint
 .text          0x000000000002265f      0x4c9 build/cooja/mtype201.a(rpl.o)
                0x000000000002265f                rpl_lollipop_greater_than
                0x00000000000226b9                rpl_get_global_address
                0x00000000000227b1                rpl_link_callback
                0x00000000000227f5                rpl_has_joined
                0x000000000002281a                rpl_is_reachable
                0x000000000002289b                rpl_reset_prefix
                0x0000000000022905                rpl_set_prefix_from_addr
                0x00000000000229ea                rpl_set_prefix
                0x0000000000022b04                rpl_set_leaf_only
                0x0000000000022b1c                rpl_get_leaf_only
 .text          0x0000000000022b28     0x138c build/cooja/mtype201.a(rpl-icmp6.o)
                0x0000000000022c4d                rpl_icmp6_update_nbr_table
                0x0000000000022cd6                rpl_icmp6_dis_output
                0x000000000002331c                rpl_icmp6_dio_output
                0x0000000000023b1a                rpl_icmp6_dao_output
                0x0000000000023dfb                rpl_icmp6_dao_ack_output
                0x0000000000023e6b                rpl_icmp6_init
 .text          0x0000000000023eb4      0x264 build/cooja/mtype201.a(rpl-dag-root.o)
                0x0000000000023eb4                rpl_dag_root_print_links
                0x0000000000023fe0                rpl_dag_root_set_prefix
                0x000000000002400c                rpl_dag_root_start
                0x00000000000240e9                rpl_dag_root_is_root
 .text          0x0000000000024118       0x30 build/cooja/mtype201.a(watchdog.o)
                0x0000000000024118                watchdog_init
                0x000000000002411e                watchdog_start
                0x0000000000024124                watchdog_periodic
                0x000000000002413c                watchdog_stop
                0x0000000000024142                watchdog_reboot
 .text          0x0000000000024148       0x4a build/cooja/mtype201.a(int-master.o)
                0x0000000000024148                int_master_enable
                0x0000000000024158                int_master_read_and_disable
                0x0000000000024175                int_master_status_set
                0x0000000000024183                int_master_is_enabled
 .text          0x0000000000024192      0x226 build/cooja/mtype201.a(coap-timer-defa)
 .text          0x00000000000243b8       0xc7 build/cooja/mtype201.a(stimer.o)
                0x00000000000243b8                stimer_set
                0x00000000000243d6                stimer_reset
                0x0000000000024403                stimer_restart
                0x0000000000024418                stimer_expired
                0x0000000000024443                stimer_remaining
                0x0000000000024467                stimer_elapsed
 .text          0x000000000002447f      0x156 build/cooja/mtype201.a(ringbuf.o)
                0x000000000002447f                ringbuf_init
                0x00000000000244b1                ringbuf_put
                0x000000000002452f                ringbuf_get
                0x000000000002459c                ringbuf_size
                0x00000000000245ae                ringbuf_elements
 .text          0x00000000000245d5       0x1f build/cooja/mtype201.a(assert.o)
                0x00000000000245d5                _xassert
 .text          0x00000000000245f4      0x9aa build/cooja/mtype201.a(nbr-table.o)
                0x0000000000024917                nbr_table_count_entries
                0x00000000000249a5                nbr_table_gc_get_worst
                0x00000000000249db                nbr_table_can_accept_new
                0x0000000000024b36                nbr_table_entry_is_allowed
                0x0000000000024bba                nbr_table_register
                0x0000000000024c27                nbr_table_is_registered
                0x0000000000024c62                nbr_table_head
                0x0000000000024cbd                nbr_table_next
                0x0000000000024d1e                nbr_table_add_lladdr
                0x0000000000024e56                nbr_table_get_from_lladdr
                0x0000000000024ea2                nbr_table_remove
                0x0000000000024eda                nbr_table_lock
                0x0000000000024ef4                nbr_table_unlock
                0x0000000000024f0e                nbr_table_get_lladdr
                0x0000000000024f3a                nbr_table_clear
                0x0000000000024f6f                nbr_table_key_head
                0x0000000000024f88                nbr_table_key_next
 .text          0x0000000000024f9e      0x3a5 build/cooja/mtype201.a(link-stats.o)
                0x0000000000024f9e                link_stats_from_lladdr
                0x0000000000024fba                link_stats_get_lladdr
                0x0000000000024fd6                link_stats_is_fresh
                0x0000000000025012                guess_etx_from_rssi
                0x000000000002508e                link_stats_packet_sent
                0x00000000000251ae                link_stats_input_callback
                0x00000000000252be                link_stats_reset
                0x000000000002530e                link_stats_init
 .text          0x0000000000025343      0x187 build/cooja/mtype201.a(mac-sequence.o)
                0x0000000000025343                mac_sequence_is_duplicate
                0x00000000000253e3                mac_sequence_register_seqno
 .text          0x00000000000254ca       0x23 build/cooja/mtype201.a(mac.o)
                0x00000000000254ca                mac_call_sent_callback
 .text          0x00000000000254ed      0x432 build/cooja/mtype201.a(framer-802154.o)
                0x000000000002567c                framer_802154_setup_params
 .text          0x000000000002591f      0xb6f build/cooja/mtype201.a(frame802154.o)
                0x0000000000025950                frame802154_get_pan_id
                0x000000000002595c                frame802154_set_pan_id
                0x0000000000025976                frame802154_has_panid
                0x0000000000025b25                frame802154_check_dest_panid
                0x0000000000025bad                frame802154_is_broadcast_addr
                0x0000000000025bfa                frame802154_extract_linkaddr
                0x0000000000025e5f                frame802154_hdrlen
                0x0000000000025ed2                frame802154_create_fcf
                0x0000000000025f8a                frame802154_create
                0x00000000000260ff                frame802154_parse_fcf
                0x00000000000261e1                frame802154_parse
 .text          0x000000000002648e       0x2d build/cooja/mtype201.a(csma-security.o)
                0x000000000002648e                csma_security_create_frame
                0x00000000000264ac                csma_security_parse_frame
 .text          0x00000000000264bb      0x509 build/cooja/mtype201.a(uipbuf.o)
                0x00000000000264bb                uipbuf_clear
                0x00000000000264e2                uipbuf_add_ext_hdr
                0x0000000000026562                uipbuf_set_len
                0x000000000002658f                uipbuf_set_len_field
                0x00000000000265bb                uipbuf_get_len_field
                0x00000000000265db                uipbuf_get_next_header
                0x000000000002670d                uipbuf_get_last_header
                0x0000000000026786                uipbuf_search_header
                0x000000000002683c                uipbuf_get_attr
                0x0000000000026863                uipbuf_set_attr
                0x000000000002689a                uipbuf_set_default_attr
                0x00000000000268d1                uipbuf_clear_attr
                0x000000000002691a                uipbuf_set_attr_flag
                0x000000000002693b                uipbuf_clr_attr_flag
                0x0000000000026962                uipbuf_is_attr_flag
                0x0000000000026986                uipbuf_init
 .text          0x00000000000269c4      0x73f build/cooja/mtype201.a(uip-icmp6.o)
                0x0000000000026a39                uip_icmp6_input
                0x0000000000026a90                uip_icmp6_register_input_handler
                0x0000000000026be3                uip_icmp6_error_output
                0x0000000000026e94                uip_icmp6_send
                0x000000000002708b                uip_icmp6_echo_reply_callback_add
                0x00000000000270bd                uip_icmp6_echo_reply_callback_rm
                0x00000000000270da                uip_icmp6_init
 .text          0x0000000000027103      0x69b build/cooja/mtype201.a(uip-sr.o)
                0x0000000000027103                uip_sr_num_nodes
                0x0000000000027191                uip_sr_get_node
                0x00000000000271e8                uip_sr_is_addr_reachable
                0x0000000000027296                uip_sr_expire_parent
                0x00000000000272df                uip_sr_update_node
                0x000000000002740f                uip_sr_init
                0x0000000000027443                uip_sr_node_head
                0x000000000002745c                uip_sr_node_next
                0x0000000000027472                uip_sr_periodic
                0x0000000000027578                uip_sr_free_all
                0x00000000000275e8                uip_sr_link_snprint
 .text          0x000000000002779e      0x146 build/cooja/mtype201.a(uip-packetqueue)
                0x00000000000277cc                uip_packetqueue_new
                0x00000000000277db                uip_packetqueue_alloc
                0x0000000000027836                uip_packetqueue_free
                0x000000000002787d                uip_packetqueue_buf
                0x000000000002789a                uip_packetqueue_buflen
                0x00000000000278bb                uip_packetqueue_set_buflen
 .text          0x00000000000278e4       0x70 build/cooja/mtype201.a(rpl-nbr-policy.)
                0x000000000002791d                rpl_nbr_gc_get_worst
 .text          0x0000000000027954      0x915 build/cooja/mtype201.a(rpl-neighbor.o)
                0x00000000000279d0                rpl_neighbor_snprint
                0x0000000000027c83                rpl_neighbor_print_list
                0x0000000000027d38                rpl_neighbor_count
                0x0000000000027ddf                rpl_neighbor_get_from_lladdr
                0x0000000000027dfb                rpl_neighbor_is_acceptable_parent
                0x0000000000027e2f                rpl_neighbor_get_link_metric
                0x0000000000027e63                rpl_neighbor_rank_via_nbr
                0x0000000000027e97                rpl_neighbor_get_lladdr
                0x0000000000027eb3                rpl_neighbor_get_ipaddr
                0x0000000000027eda                rpl_neighbor_get_link_stats
                0x0000000000027f01                rpl_neighbor_is_fresh
                0x0000000000027f28                rpl_neighbor_is_reachable
                0x0000000000027f73                rpl_neighbor_is_parent
                0x0000000000027f9d                rpl_neighbor_set_preferred_parent
                0x0000000000028034                rpl_neighbor_remove_all
                0x0000000000028090                rpl_neighbor_get_from_ipaddr
                0x000000000002819e                rpl_neighbor_select_best
                0x000000000002824a                rpl_neighbor_init
 .text          0x0000000000028269      0xe69 build/cooja/mtype201.a(rpl-dag.o)
                0x0000000000028269                rpl_dag_state_to_str
                0x00000000000282a8                rpl_dag_get_root_ipaddr
                0x00000000000282f0                rpl_dag_leave
                0x0000000000028379                rpl_dag_poison_and_leave
                0x0000000000028391                rpl_dag_periodic
                0x0000000000028419                rpl_is_addr_in_our_dag
                0x000000000002845d                rpl_get_default_instance
                0x0000000000028479                rpl_get_any_dag
                0x00000000000284d2                rpl_refresh_routes
                0x0000000000028512                rpl_global_repair
                0x00000000000285ab                rpl_local_repair
                0x00000000000285f5                rpl_dag_ready_to_advertise
                0x0000000000028638                rpl_dag_update_state
                0x0000000000028d65                rpl_process_dio
                0x0000000000028de3                rpl_process_dis
                0x0000000000028e28                rpl_process_dao
                0x0000000000028eb7                rpl_process_dao_ack
                0x0000000000028f4e                rpl_process_hbh
                0x0000000000028f9e                rpl_dag_init_root
                0x00000000000290b2                rpl_dag_init
 .text          0x00000000000290d2      0x9e7 build/cooja/mtype201.a(rpl-timers.o)
                0x00000000000290d2                rpl_timers_schedule_periodic_dis
                0x0000000000029220                rpl_timers_dio_reset
                0x000000000002932e                rpl_timers_schedule_unicast_dio
                0x0000000000029482                rpl_timers_schedule_dao
                0x0000000000029541                rpl_timers_schedule_dao_ack
                0x00000000000295c7                rpl_timers_notify_dao_ack
                0x0000000000029625                get_probing_delay
                0x0000000000029659                get_probing_target
                0x0000000000029843                rpl_schedule_probing
                0x0000000000029871                rpl_schedule_probing_now
                0x00000000000298db                rpl_timers_unschedule_leaving
                0x0000000000029913                rpl_timers_schedule_leaving
                0x0000000000029954                rpl_timers_init
                0x00000000000299e4                rpl_timers_stop_dag_timers
                0x0000000000029a5d                rpl_timers_unschedule_state_update
                0x0000000000029a81                rpl_timers_schedule_state_update
 .text          0x0000000000029ab9      0xbd8 build/cooja/mtype201.a(rpl-ext-header.)
                0x0000000000029ab9                rpl_ext_header_srh_get_next_hop
                0x0000000000029ba0                rpl_ext_header_srh_update
                0x000000000002a156                rpl_ext_header_hbh_update
                0x000000000002a456                rpl_ext_header_update
                0x000000000002a4df                rpl_ext_header_remove
 .text          0x000000000002a691      0x31b build/cooja/mtype201.a(rpl-mrhof.o)
 *fill*         0x000000000002a9ac        0x4 
 .text          0x000000000002a9b0      0x122 /usr/lib/gcc/i686-linux-gnu/5/libgcc.a(_udivdi3.o)
                0x000000000002a9b0                __udivdi3
 .text          0x000000000002aad2        0x0 /usr/lib/gcc/i686-linux-gnu/5/crtendS.o
 .text          0x000000000002aad2        0x0 /usr/lib/gcc/i686-linux-gnu/5/../../../i386-linux-gnu/crtn.o
 *(.gnu.warning)

.fini           0x000000000002aad4       0x14
 *(SORT(.fini))
 .fini          0x000000000002aad4        0xf /usr/lib/gcc/i686-linux-gnu/5/../../../i386-linux-gnu/crti.o
                0x000000000002aad4                _fini
 .fini          0x000000000002aae3        0x5 /usr/lib/gcc/i686-linux-gnu/5/../../../i386-linux-gnu/crtn.o
                [!provide]                        PROVIDE (__etext, .)
                [!provide]                        PROVIDE (_etext, .)
                [!provide]                        PROVIDE (etext, .)

.rodata         0x000000000002ab00      0xb2b
 *(.rodata .rodata.* .gnu.linkonce.r.*)
 .rodata        0x000000000002ab00      0x189 oxygen_actuator.o
                0x000000000002abbc                autostart_processes
 *fill*         0x000000000002ac89        0x3 
 .rodata        0x000000000002ac8c        0x8 build/cooja/mtype201.a(beep.o)
                0x000000000002ac8c                beep_interface
 .rodata        0x000000000002ac94        0xe build/cooja/mtype201.a(leds-arch.o)
                0x000000000002ac94                leds_interface
                0x000000000002ac9c                leds_arch_leds
 *fill*         0x000000000002aca2        0x2 
 .rodata        0x000000000002aca4        0x8 build/cooja/mtype201.a(moteid.o)
                0x000000000002aca4                moteid_interface
 .rodata        0x000000000002acac       0x1c build/cooja/mtype201.a(pir-sensor.o)
                0x000000000002acac                pir_interface
                0x000000000002acb8                pir_sensor
 .rodata        0x000000000002acc8        0xe build/cooja/mtype201.a(rs232.o)
                0x000000000002acc8                rs232_interface
 *fill*         0x000000000002acd6        0x2 
 .rodata        0x000000000002acd8       0x24 build/cooja/mtype201.a(vib-sensor.o)
                0x000000000002acd8                vib_interface
                0x000000000002acec                vib_sensor
 .rodata        0x000000000002acfc        0x8 build/cooja/mtype201.a(clock.o)
                0x000000000002acfc                clock_interface
 .rodata        0x000000000002ad04        0x8 build/cooja/mtype201.a(cooja-log.o)
                0x000000000002ad04                simlog_interface
 .rodata        0x000000000002ad0c       0x2f build/cooja/mtype201.a(cfs-cooja.o)
                0x000000000002ad0c                cfs_interface
 *fill*         0x000000000002ad3b        0x5 
 .rodata        0x000000000002ad40       0xb8 build/cooja/mtype201.a(cooja-radio.o)
                0x000000000002ad40                radio_interface
                0x000000000002adc0                cooja_radio_driver
 .rodata        0x000000000002adf8        0x8 build/cooja/mtype201.a(eeprom.o)
                0x000000000002adf8                eeprom_interface
 .rodata        0x000000000002ae00        0x8 build/cooja/mtype201.a(sensors.o)
 .rodata        0x000000000002ae08       0x2c build/cooja/mtype201.a(buttons.o)
                0x000000000002ae08                button_interface
                0x000000000002ae1c                button_hal_button_count
                0x000000000002ae24                button_sensor
 .rodata        0x000000000002ae34       0x4c build/cooja/mtype201.a(oxygen_generato)
 .rodata        0x000000000002ae80       0x41 build/cooja/mtype201.a(coap-engine.o)
 .rodata        0x000000000002aec1       0x19 build/cooja/mtype201.a(coap-res-well-k)
 .rodata        0x000000000002aeda       0x11 build/cooja/mtype201.a(coap-observe.o)
 .rodata        0x000000000002aeeb       0x35 build/cooja/mtype201.a(coap-uip.o)
 .rodata        0x000000000002af20      0x1ac build/cooja/mtype201.a(coap.o)
 .rodata        0x000000000002b0cc       0xf8 build/cooja/mtype201.a(contiki-main.o)
 .rodata        0x000000000002b1c4        0xf build/cooja/mtype201.a(ctimer.o)
 *fill*         0x000000000002b1d3        0x1 
 .rodata        0x000000000002b1d4       0xc4 build/cooja/mtype201.a(log.o)
 .rodata        0x000000000002b298        0xc build/cooja/mtype201.a(etimer.o)
 .rodata        0x000000000002b2a4       0x13 build/cooja/mtype201.a(button-hal.o)
 .rodata        0x000000000002b2b7        0xe build/cooja/mtype201.a(serial-line.o)
 *fill*         0x000000000002b2c5        0x3 
 .rodata        0x000000000002b2c8        0x8 build/cooja/mtype201.a(linkaddr.o)
                0x000000000002b2c8                linkaddr_null
 .rodata        0x000000000002b2d0       0x24 build/cooja/mtype201.a(csma.o)
                0x000000000002b2d8                csma_driver
 .rodata        0x000000000002b2f4       0x24 build/cooja/mtype201.a(csma-output.o)
 .rodata        0x000000000002b318       0x4d build/cooja/mtype201.a(uip-ds6-route.o)
 .rodata        0x000000000002b365        0xd build/cooja/mtype201.a(tcpip.o)
 *fill*         0x000000000002b372        0x2 
 .rodata        0x000000000002b374       0x30 build/cooja/mtype201.a(sicslowpan.o)
                0x000000000002b374                unc_llconf
                0x000000000002b378                unc_ctxconf
                0x000000000002b37c                unc_mxconf
                0x000000000002b380                llprefix
                0x000000000002b394                sicslowpan_driver
 .rodata        0x000000000002b3a4       0x2d build/cooja/mtype201.a(uiplib.o)
 *fill*         0x000000000002b3d1        0xf 
 .rodata        0x000000000002b3e0       0x74 build/cooja/mtype201.a(rpl.o)
                0x000000000002b400                rpl_lite_driver
 .rodata        0x000000000002b454       0x20 build/cooja/mtype201.a(coap-timer-defa)
                0x000000000002b468                coap_timer_default_driver
 .rodata        0x000000000002b474       0x25 build/cooja/mtype201.a(assert.o)
 *fill*         0x000000000002b499        0x3 
 .rodata        0x000000000002b49c        0xc build/cooja/mtype201.a(framer-802154.o)
                0x000000000002b49c                framer_802154
 .rodata        0x000000000002b4a8       0x44 build/cooja/mtype201.a(uip-sr.o)
 .rodata        0x000000000002b4ec       0x58 build/cooja/mtype201.a(rpl-neighbor.o)
 .rodata        0x000000000002b544       0xdb build/cooja/mtype201.a(rpl-dag.o)
 .rodata        0x000000000002b61f        0xc build/cooja/mtype201.a(rpl-timers.o)

.rodata1
 *(.rodata1)

.eh_frame_hdr   0x000000000002b62c     0x1ab4
 *(.eh_frame_hdr)
 .eh_frame_hdr  0x000000000002b62c     0x1ab4 oxygen_actuator.o
                0x000000000002b62c                __GNU_EH_FRAME_HDR
 *(.eh_frame_entry .eh_frame_entry.*)

.eh_frame       0x000000000002d0e0     0x6c58
 *(.eh_frame)
 .eh_frame      0x000000000002d0e0       0x3c /usr/lib/gcc/i686-linux-gnu/5/../../../i386-linux-gnu/crti.o
                                         0x40 (size before relaxing)
 .eh_frame      0x000000000002d11c       0x84 oxygen_actuator.o
                                         0x9c (size before relaxing)
 .eh_frame      0x000000000002d1a0      0x178 build/cooja/mtype201.o
                                        0x190 (size before relaxing)
 .eh_frame      0x000000000002d318       0x40 build/cooja/mtype201.a(simEnvChange.o)
                                         0x58 (size before relaxing)
 .eh_frame      0x000000000002d358       0x60 build/cooja/mtype201.a(cooja_mt.o)
                                         0x78 (size before relaxing)
 .eh_frame      0x000000000002d3b8       0x80 build/cooja/mtype201.a(cooja_mtarch.o)
                                         0x98 (size before relaxing)
 .eh_frame      0x000000000002d438       0xc8 build/cooja/mtype201.a(rtimer-arch.o)
                                         0xe0 (size before relaxing)
 .eh_frame      0x000000000002d500      0x160 build/cooja/mtype201.a(beep.o)
                                        0x178 (size before relaxing)
 .eh_frame      0x000000000002d660       0x80 build/cooja/mtype201.a(leds-arch.o)
                                         0x98 (size before relaxing)
 .eh_frame      0x000000000002d6e0       0x40 build/cooja/mtype201.a(moteid.o)
                                         0x58 (size before relaxing)
 .eh_frame      0x000000000002d720       0xa0 build/cooja/mtype201.a(pir-sensor.o)
                                         0xb8 (size before relaxing)
 .eh_frame      0x000000000002d7c0      0x100 build/cooja/mtype201.a(rs232.o)
                                        0x118 (size before relaxing)
 .eh_frame      0x000000000002d8c0       0xa0 build/cooja/mtype201.a(vib-sensor.o)
                                         0xb8 (size before relaxing)
 .eh_frame      0x000000000002d960       0xc0 build/cooja/mtype201.a(clock.o)
                                         0xd8 (size before relaxing)
 .eh_frame      0x000000000002da20      0x120 build/cooja/mtype201.a(cooja-log.o)
                                        0x138 (size before relaxing)
 .eh_frame      0x000000000002db40      0x160 build/cooja/mtype201.a(cfs-cooja.o)
                                        0x178 (size before relaxing)
 .eh_frame      0x000000000002dca0      0x340 build/cooja/mtype201.a(cooja-radio.o)
                                        0x358 (size before relaxing)
 .eh_frame      0x000000000002dfe0       0xa0 build/cooja/mtype201.a(eeprom.o)
                                         0xb8 (size before relaxing)
 .eh_frame      0x000000000002e080       0x40 build/cooja/mtype201.a(random.o)
                                         0x58 (size before relaxing)
 .eh_frame      0x000000000002e0c0       0xc0 build/cooja/mtype201.a(sensors.o)
                                         0xd8 (size before relaxing)
 .eh_frame      0x000000000002e180      0x120 build/cooja/mtype201.a(leds.o)
                                        0x138 (size before relaxing)
 .eh_frame      0x000000000002e2a0      0x220 build/cooja/mtype201.a(gpio-hal-arch.o)
                                        0x238 (size before relaxing)
 .eh_frame      0x000000000002e4c0       0xa0 build/cooja/mtype201.a(buttons.o)
                                         0xb8 (size before relaxing)
 .eh_frame      0x000000000002e560       0x60 build/cooja/mtype201.a(oxygen_generato)
                                         0x78 (size before relaxing)
 .eh_frame      0x000000000002e5c0      0x1c4 build/cooja/mtype201.a(coap-observe-cl)
                                        0x1dc (size before relaxing)
 .eh_frame      0x000000000002e784       0x44 build/cooja/mtype201.a(coap-blocking-a)
                                         0x5c (size before relaxing)
 .eh_frame      0x000000000002e7c8      0x220 build/cooja/mtype201.a(coap-engine.o)
                                        0x238 (size before relaxing)
 .eh_frame      0x000000000002e9e8       0x24 build/cooja/mtype201.a(coap-res-well-k)
                                         0x3c (size before relaxing)
 .eh_frame      0x000000000002ea0c      0x188 build/cooja/mtype201.a(coap-observe.o)
                                        0x1a0 (size before relaxing)
 .eh_frame      0x000000000002eb94      0x250 build/cooja/mtype201.a(coap-uip.o)
                                        0x268 (size before relaxing)
 .eh_frame      0x000000000002ede4      0x114 build/cooja/mtype201.a(coap-timer.o)
                                        0x12c (size before relaxing)
 .eh_frame      0x000000000002eef8      0x100 build/cooja/mtype201.a(coap-transactio)
                                        0x118 (size before relaxing)
 .eh_frame      0x000000000002eff8      0x6ec build/cooja/mtype201.a(coap.o)
                                        0x704 (size before relaxing)
 .eh_frame      0x000000000002f6e4       0x30 build/cooja/mtype201.a(contiki-main.o)
                                         0x48 (size before relaxing)
 .eh_frame      0x000000000002f714       0x40 build/cooja/mtype201.a(autostart.o)
                                         0x58 (size before relaxing)
 .eh_frame      0x000000000002f754      0x100 build/cooja/mtype201.a(ctimer.o)
                                        0x118 (size before relaxing)
 .eh_frame      0x000000000002f854      0x120 build/cooja/mtype201.a(log.o)
                                        0x138 (size before relaxing)
 .eh_frame      0x000000000002f974       0x60 build/cooja/mtype201.a(energest.o)
                                         0x78 (size before relaxing)
 .eh_frame      0x000000000002f9d4      0x1e0 build/cooja/mtype201.a(etimer.o)
                                        0x1f8 (size before relaxing)
 .eh_frame      0x000000000002fbb4       0x20 build/cooja/mtype201.a(node-id.o)
                                         0x38 (size before relaxing)
 .eh_frame      0x000000000002fbd4       0x60 build/cooja/mtype201.a(rtimer.o)
                                         0x78 (size before relaxing)
 .eh_frame      0x000000000002fc34      0x1c4 build/cooja/mtype201.a(process.o)
                                        0x1dc (size before relaxing)
 .eh_frame      0x000000000002fdf8       0xa4 build/cooja/mtype201.a(timer.o)
                                         0xbc (size before relaxing)
 .eh_frame      0x000000000002fe9c      0x1a0 build/cooja/mtype201.a(list.o)
                                        0x1b8 (size before relaxing)
 .eh_frame      0x000000000003003c       0xa0 build/cooja/mtype201.a(memb.o)
                                         0xb8 (size before relaxing)
 .eh_frame      0x00000000000300dc      0x164 build/cooja/mtype201.a(button-hal.o)
                                        0x17c (size before relaxing)
 .eh_frame      0x0000000000030240       0x60 build/cooja/mtype201.a(serial-line.o)
                                         0x78 (size before relaxing)
 .eh_frame      0x00000000000302a0       0xe0 build/cooja/mtype201.a(gpio-hal.o)
                                         0xf8 (size before relaxing)
 .eh_frame      0x0000000000030380      0x1a0 build/cooja/mtype201.a(queuebuf.o)
                                        0x1b8 (size before relaxing)
 .eh_frame      0x0000000000030520      0x28c build/cooja/mtype201.a(packetbuf.o)
                                        0x2a4 (size before relaxing)
 .eh_frame      0x00000000000307ac       0x80 build/cooja/mtype201.a(netstack.o)
                                         0x98 (size before relaxing)
 .eh_frame      0x000000000003082c       0x60 build/cooja/mtype201.a(linkaddr.o)
                                         0x78 (size before relaxing)
 .eh_frame      0x000000000003088c       0xe0 build/cooja/mtype201.a(csma.o)
                                         0xf8 (size before relaxing)
 .eh_frame      0x000000000003096c      0x1d0 build/cooja/mtype201.a(csma-output.o)
                                        0x1e8 (size before relaxing)
 .eh_frame      0x0000000000030b3c      0x328 build/cooja/mtype201.a(uip-ds6.o)
                                        0x340 (size before relaxing)
 .eh_frame      0x0000000000030e64       0x40 build/cooja/mtype201.a(uip-udp-packet.)
                                         0x58 (size before relaxing)
 .eh_frame      0x0000000000030ea4      0x240 build/cooja/mtype201.a(uip-ds6-route.o)
                                        0x258 (size before relaxing)
 .eh_frame      0x00000000000310e4      0x244 build/cooja/mtype201.a(tcpip.o)
                                        0x25c (size before relaxing)
 .eh_frame      0x0000000000031328      0x1e8 build/cooja/mtype201.a(uip6.o)
                                        0x200 (size before relaxing)
 .eh_frame      0x0000000000031510      0x1c0 build/cooja/mtype201.a(uip-ds6-nbr.o)
                                        0x1d8 (size before relaxing)
 .eh_frame      0x00000000000316d0       0x84 build/cooja/mtype201.a(uip-nd6.o)
                                         0x9c (size before relaxing)
 .eh_frame      0x0000000000031754      0x2f8 build/cooja/mtype201.a(sicslowpan.o)
                                        0x310 (size before relaxing)
 .eh_frame      0x0000000000031a4c       0x88 build/cooja/mtype201.a(uiplib.o)
                                         0xa0 (size before relaxing)
 .eh_frame      0x0000000000031ad4      0x1e0 build/cooja/mtype201.a(rpl.o)
                                        0x1f8 (size before relaxing)
 .eh_frame      0x0000000000031cb4      0x1c4 build/cooja/mtype201.a(rpl-icmp6.o)
                                        0x1dc (size before relaxing)
 .eh_frame      0x0000000000031e78       0xa0 build/cooja/mtype201.a(rpl-dag-root.o)
                                         0xb8 (size before relaxing)
 .eh_frame      0x0000000000031f18       0xa0 build/cooja/mtype201.a(watchdog.o)
                                         0xb8 (size before relaxing)
 .eh_frame      0x0000000000031fb8       0x80 build/cooja/mtype201.a(int-master.o)
                                         0x98 (size before relaxing)
 .eh_frame      0x0000000000032038       0xa4 build/cooja/mtype201.a(coap-timer-defa)
                                         0xbc (size before relaxing)
 .eh_frame      0x00000000000320dc       0xc4 build/cooja/mtype201.a(stimer.o)
                                         0xdc (size before relaxing)
 .eh_frame      0x00000000000321a0       0xa0 build/cooja/mtype201.a(ringbuf.o)
                                         0xb8 (size before relaxing)
 .eh_frame      0x0000000000032240       0x20 build/cooja/mtype201.a(assert.o)
                                         0x38 (size before relaxing)
 .eh_frame      0x0000000000032260      0x3f0 build/cooja/mtype201.a(nbr-table.o)
                                        0x408 (size before relaxing)
 .eh_frame      0x0000000000032650      0x120 build/cooja/mtype201.a(link-stats.o)
                                        0x138 (size before relaxing)
 .eh_frame      0x0000000000032770       0x48 build/cooja/mtype201.a(mac-sequence.o)
                                         0x60 (size before relaxing)
 .eh_frame      0x00000000000327b8       0x20 build/cooja/mtype201.a(mac.o)
                                         0x38 (size before relaxing)
 .eh_frame      0x00000000000327d8       0xa4 build/cooja/mtype201.a(framer-802154.o)
                                         0xbc (size before relaxing)
 .eh_frame      0x000000000003287c      0x1a4 build/cooja/mtype201.a(frame802154.o)
                                        0x1bc (size before relaxing)
 .eh_frame      0x0000000000032a20       0x40 build/cooja/mtype201.a(csma-security.o)
                                         0x58 (size before relaxing)
 .eh_frame      0x0000000000032a60      0x200 build/cooja/mtype201.a(uipbuf.o)
                                        0x218 (size before relaxing)
 .eh_frame      0x0000000000032c60      0x150 build/cooja/mtype201.a(uip-icmp6.o)
                                        0x168 (size before relaxing)
 .eh_frame      0x0000000000032db0      0x184 build/cooja/mtype201.a(uip-sr.o)
                                        0x19c (size before relaxing)
 .eh_frame      0x0000000000032f34       0xe0 build/cooja/mtype201.a(uip-packetqueue)
                                         0xf8 (size before relaxing)
 .eh_frame      0x0000000000033014       0x44 build/cooja/mtype201.a(rpl-nbr-policy.)
                                         0x5c (size before relaxing)
 .eh_frame      0x0000000000033058      0x2d4 build/cooja/mtype201.a(rpl-neighbor.o)
                                        0x2ec (size before relaxing)
 .eh_frame      0x000000000003332c      0x370 build/cooja/mtype201.a(rpl-dag.o)
                                        0x388 (size before relaxing)
 .eh_frame      0x000000000003369c      0x3a8 build/cooja/mtype201.a(rpl-timers.o)
                                        0x3c0 (size before relaxing)
 .eh_frame      0x0000000000033a44      0x124 build/cooja/mtype201.a(rpl-ext-header.)
                                        0x13c (size before relaxing)
 .eh_frame      0x0000000000033b68      0x148 build/cooja/mtype201.a(rpl-mrhof.o)
                                        0x160 (size before relaxing)
 .eh_frame      0x0000000000033cb0       0x84 /usr/lib/gcc/i686-linux-gnu/5/libgcc.a(_udivdi3.o)
                                         0x9c (size before relaxing)
 .eh_frame      0x0000000000033d34        0x4 /usr/lib/gcc/i686-linux-gnu/5/crtendS.o
 *(.eh_frame.*)

.gcc_except_table
 *(.gcc_except_table .gcc_except_table.*)

.gnu_extab
 *(.gnu_extab*)

.exception_ranges
 *(.exception_ranges .exception_ranges*)
                0x0000000000034f10                . = DATA_SEGMENT_ALIGN (0x1000, 0x1000)

.eh_frame
 *(.eh_frame)
 *(.eh_frame.*)

.gnu_extab
 *(.gnu_extab)

.gcc_except_table
 *(.gcc_except_table .gcc_except_table.*)

.exception_ranges
 *(.exception_ranges .exception_ranges*)

.tdata
 *(.tdata .tdata.* .gnu.linkonce.td.*)

.tbss
 *(.tbss .tbss.* .gnu.linkonce.tb.*)
 *(.tcommon)

.preinit_array
 *(.preinit_array)

.init_array     0x0000000000034f10        0x4
 *(SORT(.init_array.*) SORT(.ctors.*))
 *(.init_array EXCLUDE_FILE(*crtend?.o *crtend.o *crtbegin?.o *crtbegin.o) .ctors)
 .init_array    0x0000000000034f10        0x4 /usr/lib/gcc/i686-linux-gnu/5/crtbeginS.o

.fini_array     0x0000000000034f14        0x4
 *(SORT(.fini_array.*) SORT(.dtors.*))
 *(.fini_array EXCLUDE_FILE(*crtend?.o *crtend.o *crtbegin?.o *crtbegin.o) .dtors)
 .fini_array    0x0000000000034f14        0x4 /usr/lib/gcc/i686-linux-gnu/5/crtbeginS.o

.ctors
 *crtbegin.o(.ctors)
 *crtbegin?.o(.ctors)
 *(EXCLUDE_FILE(*crtend?.o *crtend.o) .ctors)
 *(SORT(.ctors.*))
 *(.ctors)

.dtors
 *crtbegin.o(.dtors)
 *crtbegin?.o(.dtors)
 *(EXCLUDE_FILE(*crtend?.o *crtend.o) .dtors)
 *(SORT(.dtors.*))
 *(.dtors)

.jcr            0x0000000000034f18        0x4
 *(.jcr)
 .jcr           0x0000000000034f18        0x0 /usr/lib/gcc/i686-linux-gnu/5/crtbeginS.o
 .jcr           0x0000000000034f18        0x4 /usr/lib/gcc/i686-linux-gnu/5/crtendS.o

.data.rel.ro
 *(.data.rel.ro.local* .gnu.linkonce.d.rel.ro.local.*)
 *(.data.rel.ro .data.rel.ro.* .gnu.linkonce.d.rel.ro.*)

.dynamic        0x0000000000034f1c       0xd0
 *(.dynamic)
 .dynamic       0x0000000000034f1c       0xd0 /usr/lib/gcc/i686-linux-gnu/5/../../../i386-linux-gnu/crti.o
                0x0000000000034f1c                _DYNAMIC

.got            0x0000000000034fec       0x14
 *(.got)
 .got           0x0000000000034fec       0x14 /usr/lib/gcc/i686-linux-gnu/5/../../../i386-linux-gnu/crti.o
 *(.igot)
                0x0000000000035ff4                . = DATA_SEGMENT_RELRO_END (., (SIZEOF (.got.plt) >= 0xc)?0xc:0x0)

.got.plt        0x0000000000035000        0xc
 *(.got.plt)
 .got.plt       0x0000000000035000        0xc /usr/lib/gcc/i686-linux-gnu/5/../../../i386-linux-gnu/crti.o
                0x0000000000035000                _GLOBAL_OFFSET_TABLE_
 *(.igot.plt)

.data           0x0000000000035020      0x444
 *(.data .data.* .gnu.linkonce.d.*)
 .data          0x0000000000035020        0x0 /usr/lib/gcc/i686-linux-gnu/5/../../../i386-linux-gnu/crti.o
 .data          0x0000000000035020        0x0 /usr/lib/gcc/i686-linux-gnu/5/crtbeginS.o
 .data.rel.local
                0x0000000000035020        0x4 /usr/lib/gcc/i686-linux-gnu/5/crtbeginS.o
                0x0000000000035020                __dso_handle
 .data          0x0000000000035024       0x14 oxygen_actuator.o
                0x0000000000035028                oxygen_actuator
 *fill*         0x0000000000035038        0x8 
 .data          0x0000000000035040       0x44 build/cooja/mtype201.o
                0x0000000000035040                simInterfaces
                0x0000000000035074                sensors
 .data          0x0000000000035084        0x0 build/cooja/mtype201.a(simEnvChange.o)
 .data          0x0000000000035084        0x0 build/cooja/mtype201.a(cooja_mt.o)
 .data          0x0000000000035084        0x0 build/cooja/mtype201.a(cooja_mtarch.o)
 .data          0x0000000000035084        0x0 build/cooja/mtype201.a(rtimer-arch.o)
 .data          0x0000000000035084        0x0 build/cooja/mtype201.a(beep.o)
 .data          0x0000000000035084        0x0 build/cooja/mtype201.a(leds-arch.o)
 .data          0x0000000000035084        0x0 build/cooja/mtype201.a(moteid.o)
 .data          0x0000000000035084        0x0 build/cooja/mtype201.a(pir-sensor.o)
 .data          0x0000000000035084        0x0 build/cooja/mtype201.a(rs232.o)
 .data          0x0000000000035084        0x0 build/cooja/mtype201.a(vib-sensor.o)
 .data          0x0000000000035084        0x0 build/cooja/mtype201.a(clock.o)
 .data          0x0000000000035084        0x0 build/cooja/mtype201.a(cooja-log.o)
 .data          0x0000000000035084        0x0 build/cooja/mtype201.a(cfs-cooja.o)
 .data          0x0000000000035084       0x2c build/cooja/mtype201.a(cooja-radio.o)
                0x0000000000035084                simRadioHWOn
                0x0000000000035088                simSignalStrength
                0x000000000003508c                simLastSignalStrength
                0x0000000000035090                simPower
                0x0000000000035094                simRadioChannel
                0x0000000000035098                simLQI
                0x00000000000350a0                cooja_radio_process
 .data          0x00000000000350b0        0x0 build/cooja/mtype201.a(eeprom.o)
 .data          0x00000000000350b0        0x0 build/cooja/mtype201.a(random.o)
 .data          0x00000000000350b0       0x10 build/cooja/mtype201.a(sensors.o)
                0x00000000000350b0                sensors_process
 .data          0x00000000000350c0        0x0 build/cooja/mtype201.a(leds.o)
 .data          0x00000000000350c0        0x0 build/cooja/mtype201.a(gpio-hal-arch.o)
 .data          0x00000000000350c0       0x78 build/cooja/mtype201.a(buttons.o)
                0x00000000000350c0                simButtonIsActive
                0x0000000000035130                button_hal_buttons
 *fill*         0x0000000000035138        0x8 
 .data          0x0000000000035140       0x24 build/cooja/mtype201.a(oxygen_generato)
                0x0000000000035140                oxygen_generator
 .data          0x0000000000035164       0x10 build/cooja/mtype201.a(coap-observe-cl)
 .data          0x0000000000035174        0x0 build/cooja/mtype201.a(coap-blocking-a)
 .data          0x0000000000035174        0x8 build/cooja/mtype201.a(coap-engine.o)
 *fill*         0x000000000003517c        0x4 
 .data          0x0000000000035180       0x24 build/cooja/mtype201.a(coap-res-well-k)
                0x0000000000035180                res_well_known_core
 .data          0x00000000000351a4       0x10 build/cooja/mtype201.a(coap-observe.o)
 .data          0x00000000000351b4       0x10 build/cooja/mtype201.a(coap-uip.o)
                0x00000000000351b4                coap_engine
 .data          0x00000000000351c4        0x4 build/cooja/mtype201.a(coap-timer.o)
 .data          0x00000000000351c8       0x10 build/cooja/mtype201.a(coap-transactio)
 .data          0x00000000000351d8        0x4 build/cooja/mtype201.a(coap.o)
                0x00000000000351d8                coap_error_message
 .data          0x00000000000351dc        0x0 build/cooja/mtype201.a(contiki-main.o)
 .data          0x00000000000351dc        0x0 build/cooja/mtype201.a(autostart.o)
 .data          0x00000000000351dc       0x14 build/cooja/mtype201.a(ctimer.o)
                0x00000000000351e0                ctimer_process
 *fill*         0x00000000000351f0       0x10 
 .data          0x0000000000035200       0xbc build/cooja/mtype201.a(log.o)
                0x0000000000035200                curr_log_level_main
                0x0000000000035220                all_modules
 .data          0x00000000000352bc        0x0 build/cooja/mtype201.a(energest.o)
 .data          0x00000000000352bc       0x10 build/cooja/mtype201.a(etimer.o)
                0x00000000000352bc                etimer_process
 .data          0x00000000000352cc        0x0 build/cooja/mtype201.a(node-id.o)
 .data          0x00000000000352cc        0x0 build/cooja/mtype201.a(rtimer.o)
 .data          0x00000000000352cc        0x0 build/cooja/mtype201.a(process.o)
 .data          0x00000000000352cc        0x0 build/cooja/mtype201.a(timer.o)
 .data          0x00000000000352cc        0x0 build/cooja/mtype201.a(list.o)
 .data          0x00000000000352cc        0x0 build/cooja/mtype201.a(memb.o)
 .data          0x00000000000352cc       0x10 build/cooja/mtype201.a(button-hal.o)
                0x00000000000352cc                button_hal_process
 .data          0x00000000000352dc       0x10 build/cooja/mtype201.a(serial-line.o)
                0x00000000000352dc                serial_line_process
 .data          0x00000000000352ec        0x4 build/cooja/mtype201.a(gpio-hal.o)
 .data          0x00000000000352f0       0x18 build/cooja/mtype201.a(queuebuf.o)
 .data          0x0000000000035308        0x4 build/cooja/mtype201.a(packetbuf.o)
 .data          0x000000000003530c        0x4 build/cooja/mtype201.a(netstack.o)
 .data          0x0000000000035310        0x0 build/cooja/mtype201.a(linkaddr.o)
 .data          0x0000000000035310        0x0 build/cooja/mtype201.a(csma.o)
 .data          0x0000000000035310       0x28 build/cooja/mtype201.a(csma-output.o)
 .data          0x0000000000035338        0x0 build/cooja/mtype201.a(uip-ds6.o)
 .data          0x0000000000035338        0x0 build/cooja/mtype201.a(uip-udp-packet.)
 .data          0x0000000000035338       0x10 build/cooja/mtype201.a(uip-ds6-route.o)
 .data          0x0000000000035348       0x10 build/cooja/mtype201.a(tcpip.o)
                0x0000000000035348                tcpip_process
 .data          0x0000000000035358        0x0 build/cooja/mtype201.a(uip6.o)
 .data          0x0000000000035358       0x14 build/cooja/mtype201.a(uip-ds6-nbr.o)
 .data          0x000000000003536c        0xc build/cooja/mtype201.a(uip-nd6.o)
 .data          0x0000000000035378        0x0 build/cooja/mtype201.a(sicslowpan.o)
 .data          0x0000000000035378        0x0 build/cooja/mtype201.a(uiplib.o)
 .data          0x0000000000035378        0x0 build/cooja/mtype201.a(rpl.o)
 .data          0x0000000000035378       0x30 build/cooja/mtype201.a(rpl-icmp6.o)
 .data          0x00000000000353a8        0x0 build/cooja/mtype201.a(rpl-dag-root.o)
 .data          0x00000000000353a8        0x0 build/cooja/mtype201.a(watchdog.o)
 .data          0x00000000000353a8        0x0 build/cooja/mtype201.a(int-master.o)
 .data          0x00000000000353a8       0x10 build/cooja/mtype201.a(coap-timer-defa)
                0x00000000000353a8                coap_timer_process
 .data          0x00000000000353b8        0x0 build/cooja/mtype201.a(stimer.o)
 .data          0x00000000000353b8        0x0 build/cooja/mtype201.a(ringbuf.o)
 .data          0x00000000000353b8        0x0 build/cooja/mtype201.a(assert.o)
 .data          0x00000000000353b8       0x10 build/cooja/mtype201.a(nbr-table.o)
 .data          0x00000000000353c8       0x14 build/cooja/mtype201.a(link-stats.o)
 .data          0x00000000000353dc        0x0 build/cooja/mtype201.a(mac-sequence.o)
 .data          0x00000000000353dc        0x0 build/cooja/mtype201.a(mac.o)
 .data          0x00000000000353dc        0x0 build/cooja/mtype201.a(framer-802154.o)
 .data          0x00000000000353dc        0x2 build/cooja/mtype201.a(frame802154.o)
 .data          0x00000000000353de        0x0 build/cooja/mtype201.a(csma-security.o)
 .data          0x00000000000353de        0x0 build/cooja/mtype201.a(uipbuf.o)
 *fill*         0x00000000000353de        0x2 
 .data          0x00000000000353e0       0x20 build/cooja/mtype201.a(uip-icmp6.o)
 .data          0x0000000000035400       0x10 build/cooja/mtype201.a(uip-sr.o)
 .data          0x0000000000035410        0xc build/cooja/mtype201.a(uip-packetqueue)
 .data          0x000000000003541c        0x0 build/cooja/mtype201.a(rpl-nbr-policy.)
 .data          0x000000000003541c       0x14 build/cooja/mtype201.a(rpl-neighbor.o)
                0x000000000003542c                rpl_neighbors
 .data          0x0000000000035430        0x0 build/cooja/mtype201.a(rpl-dag.o)
 .data          0x0000000000035430        0x0 build/cooja/mtype201.a(rpl-timers.o)
 .data          0x0000000000035430        0x0 build/cooja/mtype201.a(rpl-ext-header.)
 *fill*         0x0000000000035430       0x10 
 .data          0x0000000000035440       0x24 build/cooja/mtype201.a(rpl-mrhof.o)
                0x0000000000035440                rpl_mrhof
 .data          0x0000000000035464        0x0 /usr/lib/gcc/i686-linux-gnu/5/libgcc.a(_udivdi3.o)
 .data          0x0000000000035464        0x0 /usr/lib/gcc/i686-linux-gnu/5/crtendS.o
 .data          0x0000000000035464        0x0 /usr/lib/gcc/i686-linux-gnu/5/../../../i386-linux-gnu/crtn.o

.tm_clone_table
                0x0000000000035464        0x0
 .tm_clone_table
                0x0000000000035464        0x0 /usr/lib/gcc/i686-linux-gnu/5/crtbeginS.o
 .tm_clone_table
                0x0000000000035464        0x0 /usr/lib/gcc/i686-linux-gnu/5/crtendS.o

.data1
 *(.data1)
                0x0000000000035464                _edata = .
                [!provide]                        PROVIDE (edata, .)
                0x0000000000035464                . = .
                0x0000000000035464                __bss_start = .

.bss            0x0000000000035480    0x14164
 *(.dynbss)
 .dynbss        0x0000000000035480        0x0 /usr/lib/gcc/i686-linux-gnu/5/../../../i386-linux-gnu/crti.o
 *(.bss .bss.* .gnu.linkonce.b.*)
 .bss           0x0000000000035480        0x0 /usr/lib/gcc/i686-linux-gnu/5/../../../i386-linux-gnu/crti.o
 .bss           0x0000000000035480        0x1 /usr/lib/gcc/i686-linux-gnu/5/crtbeginS.o
 *fill*         0x0000000000035481       0x1f 
 .bss           0x00000000000354a0      0x1ac oxygen_actuator.o
                0x00000000000354a0                current_oxygen_level
 *fill*         0x000000000003564c       0x14 
 .bss           0x0000000000035660     0x2030 build/cooja/mtype201.o
 .bss           0x0000000000037690        0x1 build/cooja/mtype201.a(simEnvChange.o)
                0x0000000000037690                simDontFallAsleep
 *fill*         0x0000000000037691        0x3 
 .bss           0x0000000000037694        0x4 build/cooja/mtype201.a(cooja_mt.o)
 .bss           0x0000000000037698        0x4 build/cooja/mtype201.a(cooja_mtarch.o)
 .bss           0x000000000003769c        0x0 build/cooja/mtype201.a(rtimer-arch.o)
 .bss           0x000000000003769c        0x0 build/cooja/mtype201.a(beep.o)
 .bss           0x000000000003769c        0x1 build/cooja/mtype201.a(leds-arch.o)
                0x000000000003769c                simLedsValue
 .bss           0x000000000003769d        0x0 build/cooja/mtype201.a(moteid.o)
 .bss           0x000000000003769d        0x1 build/cooja/mtype201.a(pir-sensor.o)
                0x000000000003769d                simPirValue
 *fill*         0x000000000003769e        0x2 
 .bss           0x00000000000376a0        0x4 build/cooja/mtype201.a(rs232.o)
 .bss           0x00000000000376a4        0x1 build/cooja/mtype201.a(vib-sensor.o)
                0x00000000000376a4                simVibValue
 .bss           0x00000000000376a5        0x0 build/cooja/mtype201.a(clock.o)
 *fill*         0x00000000000376a5       0x1b 
 .bss           0x00000000000376c0     0x2020 build/cooja/mtype201.a(cooja-log.o)
 .bss           0x00000000000396e0      0xfc0 build/cooja/mtype201.a(cfs-cooja.o)
                0x00000000000396e0                simCFSData
                0x000000000003a680                simCFSSize
                0x000000000003a684                simCFSChanged
                0x000000000003a688                simCFSRead
                0x000000000003a68c                simCFSWritten
 .bss           0x000000000003a6a0       0x24 build/cooja/mtype201.a(cooja-radio.o)
                0x000000000003a6a0                simReceiving
                0x000000000003a6a4                simInSize
                0x000000000003a6a8                simLastPacketTimestamp
                0x000000000003a6b0                simOutSize
 .bss           0x000000000003a6c4        0xc build/cooja/mtype201.a(eeprom.o)
                0x000000000003a6c4                simEEPROMChanged
                0x000000000003a6c8                simEEPROMRead
                0x000000000003a6cc                simEEPROMWritten
 .bss           0x000000000003a6d0        0x0 build/cooja/mtype201.a(random.o)
 .bss           0x000000000003a6d0        0xc build/cooja/mtype201.a(sensors.o)
 .bss           0x000000000003a6dc        0x0 build/cooja/mtype201.a(leds.o)
 .bss           0x000000000003a6dc       0x24 build/cooja/mtype201.a(gpio-hal-arch.o)
 .bss           0x000000000003a700        0x0 build/cooja/mtype201.a(buttons.o)
 .bss           0x000000000003a700        0x1 build/cooja/mtype201.a(oxygen_generato)
                0x000000000003a700                status
 *fill*         0x000000000003a701       0x1f 
 .bss           0x000000000003a720      0x1b1 build/cooja/mtype201.a(coap-observe-cl)
 .bss           0x000000000003a8d1        0x0 build/cooja/mtype201.a(coap-blocking-a)
 *fill*         0x000000000003a8d1        0xf 
 .bss           0x000000000003a8e0      0x190 build/cooja/mtype201.a(coap-engine.o)
 .bss           0x000000000003aa70        0x0 build/cooja/mtype201.a(coap-res-well-k)
 *fill*         0x000000000003aa70       0x10 
 .bss           0x000000000003aa80      0x120 build/cooja/mtype201.a(coap-observe.o)
 .bss           0x000000000003aba0       0x18 build/cooja/mtype201.a(coap-uip.o)
 .bss           0x000000000003abb8        0x5 build/cooja/mtype201.a(coap-timer.o)
 *fill*         0x000000000003abbd        0x3 
 .bss           0x000000000003abc0      0x334 build/cooja/mtype201.a(coap-transactio)
 .bss           0x000000000003aef4        0x6 build/cooja/mtype201.a(coap.o)
                0x000000000003aef4                coap_status_code
 .bss           0x000000000003aefa        0x0 build/cooja/mtype201.a(contiki-main.o)
 .bss           0x000000000003aefa        0x0 build/cooja/mtype201.a(autostart.o)
 *fill*         0x000000000003aefa        0x2 
 .bss           0x000000000003aefc        0x5 build/cooja/mtype201.a(ctimer.o)
 *fill*         0x000000000003af01        0x3 
 .bss           0x000000000003af04       0x2c build/cooja/mtype201.a(log.o)
                0x000000000003af04                curr_log_level_rpl
                0x000000000003af08                curr_log_level_tcpip
                0x000000000003af0c                curr_log_level_ipv6
                0x000000000003af10                curr_log_level_6lowpan
                0x000000000003af14                curr_log_level_nullnet
                0x000000000003af18                curr_log_level_mac
                0x000000000003af1c                curr_log_level_framer
                0x000000000003af20                curr_log_level_6top
                0x000000000003af24                curr_log_level_coap
                0x000000000003af28                curr_log_level_snmp
                0x000000000003af2c                curr_log_level_lwm2m
 .bss           0x000000000003af30        0x0 build/cooja/mtype201.a(energest.o)
 .bss           0x000000000003af30        0x8 build/cooja/mtype201.a(etimer.o)
 .bss           0x000000000003af38        0x2 build/cooja/mtype201.a(node-id.o)
                0x000000000003af38                node_id
 *fill*         0x000000000003af3a        0x2 
 .bss           0x000000000003af3c        0x4 build/cooja/mtype201.a(rtimer.o)
 .bss           0x000000000003af40      0x1a1 build/cooja/mtype201.a(process.o)
                0x000000000003af40                process_list
                0x000000000003af44                process_current
 .bss           0x000000000003b0e1        0x0 build/cooja/mtype201.a(timer.o)
 .bss           0x000000000003b0e1        0x0 build/cooja/mtype201.a(list.o)
 .bss           0x000000000003b0e1        0x0 build/cooja/mtype201.a(memb.o)
 *fill*         0x000000000003b0e1        0x3 
 .bss           0x000000000003b0e4       0x10 build/cooja/mtype201.a(button-hal.o)
 *fill*         0x000000000003b0f4        0xc 
 .bss           0x000000000003b100      0x140 build/cooja/mtype201.a(serial-line.o)
 .bss           0x000000000003b240        0x4 build/cooja/mtype201.a(gpio-hal.o)
 *fill*         0x000000000003b244       0x1c 
 .bss           0x000000000003b260     0x2c80 build/cooja/mtype201.a(queuebuf.o)