Archive member included to satisfy reference by file (symbol)

build/cooja/mtype688.a(simEnvChange.o)
                              build/cooja/mtype688.o (simDontFallAsleep)
build/cooja/mtype688.a(cooja_mt.o)
                              build/cooja/mtype688.o (cooja_mt_start)
build/cooja/mtype688.a(cooja_mtarch.o)
                              build/cooja/mtype688.a(cooja_mt.o) (cooja_mtarch_start)
build/cooja/mtype688.a(rtimer-arch.o)
                              build/cooja/mtype688.o (rtimer_arch_check)
build/cooja/mtype688.a(beep.o)
                              build/cooja/mtype688.o (beep_interface)
build/cooja/mtype688.a(leds-arch.o)
                              build/cooja/mtype688.o (leds_interface)
build/cooja/mtype688.a(moteid.o)
                              build/cooja/mtype688.o (moteid_interface)
build/cooja/mtype688.a(pir-sensor.o)
                              build/cooja/mtype688.o (pir_interface)
build/cooja/mtype688.a(rs232.o)
                              build/cooja/mtype688.o (rs232_interface)
build/cooja/mtype688.a(vib-sensor.o)
                              build/cooja/mtype688.o (vib_interface)
build/cooja/mtype688.a(clock.o)
                              build/cooja/mtype688.o (clock_interface)
build/cooja/mtype688.a(cooja-log.o)
                              build/cooja/mtype688.o (simlog_interface)
build/cooja/mtype688.a(cfs-cooja.o)
                              build/cooja/mtype688.o (cfs_interface)
build/cooja/mtype688.a(cooja-radio.o)
                              build/cooja/mtype688.o (radio_interface)
build/cooja/mtype688.a(eeprom.o)
                              build/cooja/mtype688.o (eeprom_interface)
build/cooja/mtype688.a(random.o)
                              build/cooja/mtype688.a(moteid.o) (random_init)
build/cooja/mtype688.a(sensors.o)
                              build/cooja/mtype688.a(pir-sensor.o) (sensors_changed)
build/cooja/mtype688.a(leds.o)
                              oxygen_actuator.o (leds_set)
build/cooja/mtype688.a(gpio-hal-arch.o)
                              build/cooja/mtype688.a(leds-arch.o) (gpio_hal_arch_register_pin_callback)
build/cooja/mtype688.a(buttons.o)
                              build/cooja/mtype688.o (button_interface)
build/cooja/mtype688.a(oxygen_generato)
                              oxygen_actuator.o (alert_level)
build/cooja/mtype688.a(coap-observe-cl)
                              oxygen_actuator.o (coap_obs_request_registration)
build/cooja/mtype688.a(coap-blocking-a)
                              oxygen_actuator.o (coap_blocking_request)
build/cooja/mtype688.a(coap-engine.o)
                              oxygen_actuator.o (coap_activate_resource)
build/cooja/mtype688.a(coap-res-well-k)
                              build/cooja/mtype688.a(coap-engine.o) (res_well_known_core)
build/cooja/mtype688.a(coap-observe.o)
                              build/cooja/mtype688.a(coap-engine.o) (coap_remove_observer_by_mid)
build/cooja/mtype688.a(coap-uip.o)
                              oxygen_actuator.o (coap_endpoint_log)
build/cooja/mtype688.a(coap-timer.o)
                              build/cooja/mtype688.a(coap-engine.o) (coap_timer_set)
build/cooja/mtype688.a(coap-transactio)
                              build/cooja/mtype688.a(coap-observe-cl) (coap_send_transaction)
build/cooja/mtype688.a(coap.o)
                              build/cooja/mtype688.a(coap-engine.o) (coap_status_code)
build/cooja/mtype688.a(contiki-main.o)
                              build/cooja/mtype688.o (main)
build/cooja/mtype688.a(autostart.o)
                              build/cooja/mtype688.a(contiki-main.o) (autostart_start)
build/cooja/mtype688.a(ctimer.o)
                              build/cooja/mtype688.a(contiki-main.o) (ctimer_init)
build/cooja/mtype688.a(log.o)
                              build/cooja/mtype688.a(contiki-main.o) (curr_log_level_main)
build/cooja/mtype688.a(energest.o)
                              build/cooja/mtype688.a(contiki-main.o) (energest_init)
build/cooja/mtype688.a(etimer.o)
                              build/cooja/mtype688.a(contiki-main.o) (etimer_process)
build/cooja/mtype688.a(node-id.o)
                              build/cooja/mtype688.a(contiki-main.o) (node_id)
build/cooja/mtype688.a(rtimer.o)
                              build/cooja/mtype688.a(contiki-main.o) (rtimer_init)
build/cooja/mtype688.a(process.o)
                              build/cooja/mtype688.a(coap-blocking-a) (process_current)
build/cooja/mtype688.a(timer.o)
                              build/cooja/mtype688.a(etimer.o) (timer_set)
build/cooja/mtype688.a(list.o)
                              build/cooja/mtype688.a(coap-engine.o) (list_init)
build/cooja/mtype688.a(memb.o)
                              build/cooja/mtype688.a(coap-observe-cl) (memb_alloc)
build/cooja/mtype688.a(button-hal.o)
                              oxygen_actuator.o (button_hal_press_event)
build/cooja/mtype688.a(serial-line.o)
[...]
Memory Configuration

Name             Origin             Length             Attributes
*default*        0x0000000000000000 0xffffffffffffffff

Linker script and memory map

LOAD /usr/lib/gcc/i686-linux-gnu/5/../../../i386-linux-gnu/crti.o
LOAD /usr/lib/gcc/i686-linux-gnu/5/crtbeginS.o
LOAD oxygen_actuator.o
LOAD build/cooja/mtype688.o
LOAD build/cooja/mtype688.a
LOAD /usr/lib/gcc/i686-linux-gnu/5/libgcc.a
LOAD /usr/lib/gcc/i686-linux-gnu/5/libgcc_s.so
LOAD /usr/lib/gcc/i686-linux-gnu/5/../../../i386-linux-gnu/libc.so
START GROUP
LOAD /lib/i386-linux-gnu/libc.so.6
LOAD /usr/lib/i386-linux-gnu/libc_nonshared.a
LOAD /lib/i386-linux-gnu/ld-linux.so.2
END GROUP
LOAD /usr/lib/gcc/i686-linux-gnu/5/libgcc.a
LOAD /usr/lib/gcc/i686-linux-gnu/5/libgcc_s.so
LOAD /usr/lib/gcc/i686-linux-gnu/5/crtendS.o
LOAD /usr/lib/gcc/i686-linux-gnu/5/../../../i386-linux-gnu/crtn.o
                0x0000000000000114                . = (0x0 + SIZEOF_HEADERS)

.note.gnu.build-id
                0x0000000000000114       0x24
 *(.note.gnu.build-id)
 .note.gnu.build-id
                0x0000000000000114       0x24 /usr/lib/gcc/i686-linux-gnu/5/../../../i386-linux-gnu/crti.o

.hash
 *(.hash)

.gnu.hash       0x0000000000000138     0x15c8
 *(.gnu.hash)
 .gnu.hash      0x0000000000000138     0x15c8 /usr/lib/gcc/i686-linux-gnu/5/../../../i386-linux-gnu/crti.o

.dynsym         0x0000000000001700     0x2ff0
 *(.dynsym)
 .dynsym        0x0000000000001700     0x2ff0 /usr/lib/gcc/i686-linux-gnu/5/../../../i386-linux-gnu/crti.o

.dynstr         0x00000000000046f0     0x37d9
 *(.dynstr)
 .dynstr        0x00000000000046f0     0x37d9 /usr/lib/gcc/i686-linux-gnu/5/../../../i386-linux-gnu/crti.o

.gnu.version    0x0000000000007eca      0x5fe
 *(.gnu.version)
 .gnu.version   0x0000000000007eca      0x5fe /usr/lib/gcc/i686-linux-gnu/5/../../../i386-linux-gnu/crti.o

.gnu.version_d  0x00000000000084c8        0x0
 *(.gnu.version_d)
 .gnu.version_d
                0x00000000000084c8        0x0 /usr/lib/gcc/i686-linux-gnu/5/../../../i386-linux-gnu/crti.o

.gnu.version_r  0x00000000000084c8       0x40
 *(.gnu.version_r)
 .gnu.version_r
                0x00000000000084c8       0x40 /usr/lib/gcc/i686-linux-gnu/5/../../../i386-linux-gnu/crti.o

.rel.dyn        0x0000000000008508     0x96d0
 *(.rel.init)
 .rel.init      0x0000000000008508        0x0 /usr/lib/gcc/i686-linux-gnu/5/../../../i386-linux-gnu/crti.o
 *(.rel.text .rel.text.* .rel.gnu.linkonce.t.*)
 .rel.text      0x0000000000008508     0x8cd0 /usr/lib/gcc/i686-linux-gnu/5/../../../i386-linux-gnu/crti.o
 *(.rel.fini)
 .rel.fini      0x00000000000111d8        0x0 /usr/lib/gcc/i686-linux-gnu/5/../../../i386-linux-gnu/crti.o
 *(.rel.rodata .rel.rodata.* .rel.gnu.linkonce.r.*)
 .rel.rodata    0x00000000000111d8      0x5b0 /usr/lib/gcc/i686-linux-gnu/5/../../../i386-linux-gnu/crti.o
 *(.rel.data.rel.ro .rel.data.rel.ro.* .rel.gnu.linkonce.d.rel.ro.*)
 *(.rel.data .rel.data.* .rel.gnu.linkonce.d.*)
 .rel.data.rel.local
                0x0000000000011788        0x8 /usr/lib/gcc/i686-linux-gnu/5/../../../i386-linux-gnu/crti.o
 .rel.data      0x0000000000011790      0x410 /usr/lib/gcc/i686-linux-gnu/5/../../../i386-linux-gnu/crti.o
 *(.rel.tdata .rel.tdata.* .rel.gnu.linkonce.td.*)
 *(.rel.tbss .rel.tbss.* .rel.gnu.linkonce.tb.*)
 *(.rel.ctors)
 *(.rel.dtors)
 *(.rel.got)
 .rel.got       0x0000000000011ba0       0x28 /usr/lib/gcc/i686-linux-gnu/5/../../../i386-linux-gnu/crti.o
 *(.rel.bss .rel.bss.* .rel.gnu.linkonce.b.*)
 *(.rel.ifunc)
 .rel.ifunc     0x0000000000011bc8        0x0 /usr/lib/gcc/i686-linux-gnu/5/../../../i386-linux-gnu/crti.o
 .rel.fini_array
                0x0000000000011bc8        0x8 /usr/lib/gcc/i686-linux-gnu/5/../../../i386-linux-gnu/crti.o
 .rel.init_array
                0x0000000000011bd0        0x8 /usr/lib/gcc/i686-linux-gnu/5/../../../i386-linux-gnu/crti.o

.rel.plt        0x0000000000011bd8        0x0
 *(.rel.plt)
 .rel.plt       0x0000000000011bd8        0x0 /usr/lib/gcc/i686-linux-gnu/5/../../../i386-linux-gnu/crti.o
 *(.rel.iplt)

.init           0x0000000000011bd8       0x23
 *(SORT(.init))
 .init          0x0000000000011bd8       0x1e /usr/lib/gcc/i686-linux-gnu/5/../../../i386-linux-gnu/crti.o
                0x0000000000011bd8                _init
 .init          0x0000000000011bf6        0x5 /usr/lib/gcc/i686-linux-gnu/5/../../../i386-linux-gnu/crtn.o

.plt            0x0000000000011c00       0x10
 *(.plt)
 .plt           0x0000000000011c00       0x10 /usr/lib/gcc/i686-linux-gnu/5/../../../i386-linux-gnu/crti.o
 *(.iplt)

.plt.got        0x0000000000011c10       0x10
 *(.plt.got)
 .plt.got       0x0000000000011c10       0x10 /usr/lib/gcc/i686-linux-gnu/5/../../../i386-linux-gnu/crti.o

.text           0x0000000000011c20    0x19322
 *(.text.unlikely .text.*_unlikely .text.unlikely.*)
 .text.unlikely
                0x0000000000011c20        0x0 /usr/lib/gcc/i686-linux-gnu/5/crtbeginS.o
 .text.unlikely
                0x0000000000011c20        0x0 /usr/lib/gcc/i686-linux-gnu/5/libgcc.a(_udivdi3.o)
 *(.text.exit .text.exit.*)
 *(.text.startup .text.startup.*)
 *(.text.hot .text.hot.*)
 *(.text .stub .text.* .gnu.linkonce.t.*)
 .text          0x0000000000011c20        0x0 /usr/lib/gcc/i686-linux-gnu/5/../../../i386-linux-gnu/crti.o
 .gnu.linkonce.t.__x86.get_pc_thunk.bx
                0x0000000000011c20        0x4 /usr/lib/gcc/i686-linux-gnu/5/../../../i386-linux-gnu/crti.o
                0x0000000000011c20                __x86.get_pc_thunk.bx
 *fill*         0x0000000000011c24        0xc 
 .text          0x0000000000011c30      0x11c /usr/lib/gcc/i686-linux-gnu/5/crtbeginS.o
 .text.__x86.get_pc_thunk.dx
                0x0000000000011d4c        0x4 /usr/lib/gcc/i686-linux-gnu/5/crtbeginS.o
                0x0000000000011d4c                __x86.get_pc_thunk.dx
 .text          0x0000000000011d50      0x6f2 oxygen_actuator.o
                0x0000000000011d50                update_leds
                0x0000000000011ddd                wait_for_ack
                0x0000000000011e32                wait_for_discovery
 .text          0x0000000000012442      0x283 build/cooja/mtype688.o
                0x00000000000124d4                platform_init_stage_one
                0x00000000000124e7                platform_init_stage_two
                0x00000000000124fa                platform_init_stage_three
                0x000000000001250d                platform_main_loop
                0x0000000000012580                Java_org_contikios_cooja_corecomm_Lib100_init
                0x00000000000125b7                Java_org_contikios_cooja_corecomm_Lib100_getMemory
                0x00000000000125ea                Java_org_contikios_cooja_corecomm_Lib100_setMemory
                0x000000000001264a                Java_org_contikios_cooja_corecomm_Lib100_tick
                0x00000000000126b2                Java_org_contikios_cooja_corecomm_Lib100_setReferenceAddress
 .text          0x00000000000126c5       0x65 build/cooja/mtype688.a(simEnvChange.o)
                0x00000000000126c5                doActionsBeforeTick
                0x00000000000126f7                doActionsAfterTick
 .text          0x000000000001272a       0x83 build/cooja/mtype688.a(cooja_mt.o)
                0x000000000001272a                cooja_mt_start
                0x0000000000012754                cooja_mt_exec
                0x000000000001278a                cooja_mt_yield
 .text          0x00000000000127ad       0xbe build/cooja/mtype688.a(cooja_mtarch.o)
                0x00000000000127ad                cooja_mtarch_start
                0x0000000000012820                cooja_sw
                0x0000000000012843                cooja_mtarch_exec
                0x0000000000012860                cooja_mtarch_yield
 .text          0x000000000001286b       0xc5 build/cooja/mtype688.a(rtimer-arch.o)
                0x000000000001286b                rtimer_arch_init
                0x000000000001288f                rtimer_arch_schedule
                0x00000000000128bf                rtimer_arch_next
                0x00000000000128cf                rtimer_arch_pending
                0x00000000000128d9                rtimer_arch_check
                0x0000000000012920                rtimer_arch_now
 .text          0x0000000000012930       0x81 build/cooja/mtype688.a(beep.o)
                0x0000000000012930                beep_alarm
                0x000000000001293d                beep_beep
                0x000000000001294a                beep
                0x0000000000012957                beep_down
                0x0000000000012964                beep_on
                0x0000000000012971                beep_off
                0x000000000001297e                beep_spinup
                0x000000000001298b                beep_quick
                0x0000000000012998                beep_long
 .text          0x00000000000129b1       0x65 build/cooja/mtype688.a(leds-arch.o)
                0x00000000000129c4                leds_arch_init
 .text          0x0000000000012a16       0x35 build/cooja/mtype688.a(moteid.o)
 .text          0x0000000000012a4b       0xb7 build/cooja/mtype688.a(pir-sensor.o)
 .text          0x0000000000012b02      0x148 build/cooja/mtype688.a(rs232.o)
                0x0000000000012b02                rs232_init
                0x0000000000012b08                rs232_set_speed
                0x0000000000012b17                rs232_set_input
                0x0000000000012b25                rs232_send
                0x0000000000012b49                rs232_print
                0x0000000000012b65                slip_arch_writeb
 .text          0x0000000000012c4a       0xb7 build/cooja/mtype688.a(vib-sensor.o)
 .text          0x0000000000012d01       0x38 build/cooja/mtype688.a(clock.o)
                0x0000000000012d01                clock_init
                0x0000000000012d07                clock_time
                0x0000000000012d11                clock_seconds
                0x0000000000012d27                clock_delay
 .text          0x0000000000012d39      0x219 build/cooja/mtype688.a(cooja-log.o)
                0x0000000000012d39                simlog_char
                0x0000000000012d7c                simlog
                0x0000000000012df2                log_message
                0x0000000000012e23                log_set_putchar_with_slip
                0x0000000000012e31                log_putchar
                0x0000000000012eac                log_puts
                0x0000000000012ed4                log_printf
 .text          0x0000000000012f52      0x2b9 build/cooja/mtype688.a(cfs-cooja.o)
                0x0000000000012f52                cfs_open
                0x0000000000012fbb                cfs_close
                0x0000000000012fc8                cfs_read
                0x000000000001305d                cfs_write
                0x0000000000013139                cfs_seek
                0x00000000000131c1                cfs_remove
                0x00000000000131e5                cfs_opendir
                0x00000000000131ef                cfs_readdir
                0x00000000000131f9                cfs_closedir
 .text          0x000000000001320b      0x620 build/cooja/mtype688.a(cooja-radio.o)
                0x000000000001324d                radio_set_channel
                0x000000000001325b                radio_set_txpower
                0x0000000000013273                radio_signal_strength_last
                0x000000000001327d                radio_signal_strength_current
                0x0000000000013287                radio_LQI
 .text          0x000000000001382b       0xee build/cooja/mtype688.a(eeprom.o)
                0x000000000001382b                eeprom_init
                0x0000000000013831                eeprom_read
                0x000000000001389f                eeprom_write
 .text          0x0000000000013919       0x2d build/cooja/mtype688.a(random.o)
                0x0000000000013919                random_init
                0x0000000000013939                random_rand
 .text          0x0000000000013946      0x29c build/cooja/mtype688.a(sensors.o)
                0x0000000000013981                sensors_first
                0x000000000001398b                sensors_next
                0x00000000000139a5                sensors_changed
                0x00000000000139d9                sensors_find
 .text          0x0000000000013be2      0x349 build/cooja/mtype688.a(leds.o)
                0x0000000000013be2                leds_init
                0x0000000000013c29                leds_single_on
                0x0000000000013c88                leds_single_off
                0x0000000000013ce7                leds_single_toggle
                0x0000000000013d19                leds_on
                0x0000000000013d9b                leds_off
                0x0000000000013e1d                leds_toggle
                0x0000000000013e72                leds_set
                0x0000000000013e9e                leds_get
 .text          0x0000000000013f2b      0x343 build/cooja/mtype688.a(gpio-hal-arch.o)
                0x0000000000013f2b                gpio_hal_arch_register_pin_callback
                0x0000000000013f97                gpio_hal_arch_init
                0x0000000000013fdc                gpio_hal_arch_no_port_interrupt_enable
                0x000000000001400c                gpio_hal_arch_no_port_interrupt_disable
                0x000000000001403c                gpio_hal_arch_no_port_pin_cfg_set
                0x0000000000014061                gpio_hal_arch_no_port_pin_cfg_get
                0x0000000000014087                gpio_hal_arch_no_port_pin_set_input
                0x0000000000014099                gpio_hal_arch_no_port_pin_set_output
                0x00000000000140ab                gpio_hal_arch_no_port_set_pin
                0x00000000000140cc                gpio_hal_arch_no_port_clear_pin
                0x00000000000140ed                gpio_hal_arch_no_port_read_pin
                0x0000000000014113                gpio_hal_arch_no_port_write_pin
                0x000000000001413d                gpio_hal_arch_no_port_set_pins
                0x0000000000014184                gpio_hal_arch_no_port_clear_pins
                0x00000000000141cb                gpio_hal_arch_no_port_read_pins
                0x000000000001420e                gpio_hal_arch_no_port_write_pins
 .text          0x000000000001426e       0x89 build/cooja/mtype688.a(buttons.o)
 .text          0x00000000000142f7      0x445 build/cooja/mtype688.a(oxygen_generato)
 .text          0x000000000001473c      0x6ee build/cooja/mtype688.a(coap-observe-cl)
                0x00000000000147da                coap_obs_add_observee
                0x0000000000014876                coap_obs_remove_observee
                0x00000000000148a6                coap_get_obs_subject_by_token
                0x000000000001490e                coap_obs_remove_observee_by_token
                0x00000000000149a1                coap_obs_remove_observee_by_url
                0x0000000000014af9                coap_handle_notification
                0x0000000000014c54                coap_generate_token
                0x0000000000014c76                coap_obs_request_registration
 .text          0x0000000000014e2a      0x27b build/cooja/mtype688.a(coap-blocking-a)
                0x0000000000014e2a                coap_blocking_request_callback
                0x0000000000014e54                coap_blocking_request
 .text          0x00000000000150a5      0xc26 build/cooja/mtype688.a(coap-engine.o)
                0x000000000001513a                coap_add_handler
                0x0000000000015157                coap_remove_handler
                0x0000000000015174                coap_call_handlers
                0x000000000001527c                coap_receive
                0x00000000000158b3                coap_engine_init
                0x0000000000015911                coap_activate_resource
                0x00000000000159bc                coap_get_first_resource
                0x00000000000159d5                coap_get_next_resource
 .text          0x0000000000015ccb      0x2d9 build/cooja/mtype688.a(coap-res-well-k)
 .text          0x0000000000015fa4      0x96a build/cooja/mtype688.a(coap-observe.o)
                0x00000000000160b9                coap_remove_observer
                0x00000000000160e9                coap_remove_observer_by_client
                0x0000000000016151                coap_remove_observer_by_token
                0x00000000000161e4                coap_remove_observer_by_uri
                0x000000000001628b                coap_remove_observer_by_mid
                0x0000000000016307                coap_notify_observers
                0x0000000000016320                coap_notify_observers_sub
                0x000000000001678a                coap_observe_handler
                0x00000000000168a5                coap_has_observers
 .text          0x000000000001690e      0x733 build/cooja/mtype688.a(coap-uip.o)
                0x000000000001690e                coap_endpoint_log
                0x0000000000016994                coap_endpoint_print
                0x0000000000016a1a                coap_endpoint_snprint
                0x0000000000016b4d                coap_endpoint_copy
                0x0000000000016b8a                coap_endpoint_cmp
                0x0000000000016c98                coap_endpoint_parse
                0x0000000000016e83                coap_endpoint_is_secure
                0x0000000000016e92                coap_endpoint_is_connected
                0x0000000000016ec6                coap_endpoint_connect
                0x0000000000016ee2                coap_endpoint_disconnect
                0x0000000000016ee8                coap_databuf
                0x0000000000016ef2                coap_transport_init
                0x0000000000016f42                coap_sendto
 .text          0x0000000000017041      0x324 build/cooja/mtype688.a(coap-timer.o)
                0x000000000001713e                coap_timer_stop
                0x0000000000017169                coap_timer_set
                0x00000000000171ac                coap_timer_reset
                0x00000000000171ef                coap_timer_time_to_next_expiration
                0x000000000001725b                coap_timer_run
                0x0000000000017327                coap_timer_init
 .text          0x0000000000017365      0x2c6 build/cooja/mtype688.a(coap-transactio)
                0x00000000000173cb                coap_new_transaction
                0x0000000000017431                coap_send_transaction
                0x0000000000017592                coap_clear_transaction
                0x00000000000175da                coap_get_transaction_by_mid
 .text          0x000000000001762b     0x1c53 build/cooja/mtype688.a(coap.o)
                0x0000000000017b98                coap_init_connection
                0x0000000000017bac                coap_get_mid
                0x0000000000017bc8                coap_init_message
                0x0000000000017c11                coap_serialize_message
                0x0000000000018293                coap_parse_message
                0x00000000000188fa                coap_get_query_variable
                0x000000000001893c                coap_get_post_variable
                0x0000000000018980                coap_set_status_code
                0x00000000000189a5                coap_set_token
                0x00000000000189ec                coap_get_header_content_format
                0x0000000000018a1d                coap_set_header_content_format
                0x0000000000018a40                coap_get_header_accept
                0x0000000000018a71                coap_set_header_accept
                0x0000000000018a94                coap_get_header_max_age
                0x0000000000018ac5                coap_set_header_max_age
                0x0000000000018ae5                coap_get_header_etag
                0x0000000000018b17                coap_set_header_etag
                0x0000000000018b6e                coap_get_header_if_match
                0x0000000000018ba0                coap_set_header_if_match
                0x0000000000018bf7                coap_get_header_if_none_match
                0x0000000000018c11                coap_set_header_if_none_match
                0x0000000000018c28                coap_get_header_proxy_uri
                0x0000000000018c56                coap_set_header_proxy_uri
                0x0000000000018c93                coap_get_header_uri_host
                0x0000000000018cc1                coap_set_header_uri_host
                0x0000000000018cfe                coap_get_header_uri_path
                0x0000000000018d2c                coap_set_header_uri_path
                0x0000000000018d79                coap_get_header_uri_query
                0x0000000000018dad                coap_set_header_uri_query
                0x0000000000018e03                coap_get_header_location_path
                0x0000000000018e31                coap_set_header_location_path
                0x0000000000018eca                coap_get_header_location_query
                0x0000000000018ef8                coap_set_header_location_query
                0x0000000000018f45                coap_get_header_observe
                0x0000000000018f74                coap_set_header_observe
                0x0000000000018f94                coap_get_header_block2
                0x0000000000019000                coap_set_header_block2
                0x0000000000019077                coap_get_header_block1
                0x00000000000190ec                coap_set_header_block1
                0x0000000000019167                coap_get_header_size2
                0x0000000000019197                coap_set_header_size2
                0x00000000000191ba                coap_get_header_size1
                0x00000000000191ea                coap_set_header_size1
                0x000000000001920d                coap_get_payload
                0x0000000000019247                coap_set_payload
 .text          0x000000000001927e      0x332 build/cooja/mtype688.a(contiki-main.o)
                0x000000000001927e                main
 .text          0x00000000000195b0       0x92 build/cooja/mtype688.a(autostart.o)
                0x00000000000195b0                autostart_start
                0x00000000000195fa                autostart_exit
 .text          0x0000000000019642      0x355 build/cooja/mtype688.a(ctimer.o)
                0x000000000001976a                ctimer_init
                0x000000000001979d                ctimer_set
                0x00000000000197c3                ctimer_set_with_process
                0x0000000000019840                ctimer_reset
                0x0000000000019894                ctimer_restart
                0x00000000000198e8                ctimer_stop
                0x0000000000019938                ctimer_expired
 .text          0x0000000000019997      0x394 build/cooja/mtype688.a(log.o)
                0x0000000000019997                log_6addr
                0x00000000000199ea                log_6addr_compact_snprint
                0x0000000000019a88                log_6addr_compact
                0x0000000000019adb                log_lladdr
                0x0000000000019b4d                log_lladdr_compact
                0x0000000000019bb5                log_set_level
                0x0000000000019c70                log_get_level
                0x0000000000019ce9                log_level_to_str
 .text          0x0000000000019d2b       0x1b build/cooja/mtype688.a(energest.o)
                0x0000000000019d2b                energest_init
                0x0000000000019d31                energest_flush
                0x0000000000019d37                energest_get_total_time
 .text          0x0000000000019d46      0x43f build/cooja/mtype688.a(etimer.o)
                0x0000000000019f6a                etimer_request_poll
                0x0000000000019ff3                etimer_set
                0x000000000001a01c                etimer_reset_with_new_interval
                0x000000000001a04b                etimer_reset
                0x000000000001a071                etimer_restart
                0x000000000001a097                etimer_adjust
                0x000000000001a0b4                etimer_expired
                0x000000000001a0c7                etimer_expiration_time
                0x000000000001a0d9                etimer_start_time
                0x000000000001a0e3                etimer_pending
                0x000000000001a0f5                etimer_next_expiration_time
                0x000000000001a10f                etimer_stop
 .text          0x000000000001a185       0x25 build/cooja/mtype688.a(node-id.o)
                0x000000000001a185                node_id_init
 .text          0x000000000001a1aa       0xeb build/cooja/mtype688.a(rtimer.o)
                0x000000000001a1aa                rtimer_init
                0x000000000001a1b8                rtimer_set
                0x000000000001a233                rtimer_run_next
 .text          0x000000000001a295      0x4fb build/cooja/mtype688.a(process.o)
                0x000000000001a295                process_alloc_event
                0x000000000001a2aa                process_start
                0x000000000001a484                process_exit
                0x000000000001a4a1                process_init
                0x000000000001a636                process_run
                0x000000000001a669                process_nevents
                0x000000000001a684                process_post
                0x000000000001a717                process_post_synch
                0x000000000001a74c                process_poll
                0x000000000001a77c                process_is_running
 .text          0x000000000001a790       0xb1 build/cooja/mtype688.a(timer.o)
                0x000000000001a790                timer_set
                0x000000000001a7ae                timer_reset
                0x000000000001a7db                timer_restart
                0x000000000001a7f0                timer_expired
                0x000000000001a81d                timer_remaining
 .text          0x000000000001a841      0x28f build/cooja/mtype688.a(list.o)
                0x000000000001a841                list_init
                0x000000000001a850                list_head
                0x000000000001a85a                list_copy
                0x000000000001a86a                list_tail
                0x000000000001a8a0                list_add
                0x000000000001a8ec                list_push
                0x000000000001a918                list_chop
                0x000000000001a982                list_pop
                0x000000000001a9aa                list_remove
                0x000000000001aa12                list_length
                0x000000000001aa40                list_insert
                0x000000000001aa85                list_item_next
                0x000000000001aa9c                list_contains
 .text          0x000000000001aad0      0x1b5 build/cooja/mtype688.a(memb.o)
                0x000000000001aad0                memb_init
                0x000000000001ab25                memb_alloc
                0x000000000001ab88                memb_free
                0x000000000001abff                memb_inmemb
                0x000000000001ac3e                memb_numfree
 .text          0x000000000001ac85      0x41c build/cooja/mtype688.a(button-hal.o)
                0x000000000001adfe                button_hal_get_by_id
                0x000000000001ae3c                button_hal_get_by_index
                0x000000000001ae68                button_hal_get_state
                0x000000000001aeba                button_hal_init
 .text          0x000000000001b0a1      0x1f3 build/cooja/mtype688.a(serial-line.o)
                0x000000000001b0a1                serial_line_input_byte
                0x000000000001b25f                serial_line_init
 .text          0x000000000001b294      0x168 build/cooja/mtype688.a(gpio-hal.o)
                0x000000000001b294                gpio_hal_register_handler
                0x000000000001b2b1                gpio_hal_event_handler
                0x000000000001b30d                gpio_hal_init
                0x000000000001b32c                gpio_hal_arch_port_toggle_pin
                0x000000000001b368                gpio_hal_arch_port_toggle_pins
                0x000000000001b396                gpio_hal_arch_no_port_toggle_pin
                0x000000000001b3d4                gpio_hal_arch_no_port_toggle_pins
 .text          0x000000000001b3fc      0x2e7 build/cooja/mtype688.a(queuebuf.o)
                0x000000000001b406                queuebuf_init
                0x000000000001b42f                queuebuf_numfree
                0x000000000001b447                queuebuf_new_from_packetbuf
                0x000000000001b4e6                queuebuf_update_attr_from_packetbuf
                0x000000000001b51b                queuebuf_update_from_packetbuf
                0x000000000001b56b                queuebuf_free
                0x000000000001b5b4                queuebuf_to_packetbuf
                0x000000000001b620                queuebuf_dataptr
                0x000000000001b65a                queuebuf_datalen
                0x000000000001b67d                queuebuf_addr
                0x000000000001b6b2                queuebuf_attr
                0x000000000001b6dd                queuebuf_debug_print
 .text          0x000000000001b6e3      0x407 build/cooja/mtype688.a(packetbuf.o)
                0x000000000001b6e3                packetbuf_clear
                0x000000000001b70e                packetbuf_copyfrom
                0x000000000001b75d                packetbuf_copyto
                0x000000000001b7f0                packetbuf_hdralloc
                0x000000000001b86c                packetbuf_hdrreduce
                0x000000000001b8b2                packetbuf_set_datalen
                0x000000000001b8cc                packetbuf_dataptr
                0x000000000001b8e9                packetbuf_hdrptr
                0x000000000001b8f3                packetbuf_datalen
                0x000000000001b8ff                packetbuf_hdrlen
                0x000000000001b916                packetbuf_totlen
                0x000000000001b92c                packetbuf_remaininglen
                0x000000000001b93f                packetbuf_attr_clear
                0x000000000001b98b                packetbuf_attr_copyto
                0x000000000001b9e3                packetbuf_attr_copyfrom
                0x000000000001ba3b                packetbuf_set_attr
                0x000000000001ba65                packetbuf_attr
                0x000000000001ba7f                packetbuf_set_addr
                0x000000000001bab0                packetbuf_addr
                0x000000000001bacd                packetbuf_holds_broadcast
 .text          0x000000000001baea       0xef build/cooja/mtype688.a(netstack.o)
                0x000000000001baea                netstack_process_ip_callback
                0x000000000001bb7b                netstack_ip_packet_processor_add
                0x000000000001bb9e                uip_ds6_ip_packet_processor_rm
                0x000000000001bbbb                netstack_init
 .text          0x000000000001bbd9       0x4f build/cooja/mtype688.a(linkaddr.o)
                0x000000000001bbd9                linkaddr_copy
                0x000000000001bbef                linkaddr_cmp
                0x000000000001bc12                linkaddr_set_node_addr
 .text          0x000000000001bc28      0x1f6 build/cooja/mtype688.a(csma.o)
 .text          0x000000000001be1e      0x95d build/cooja/mtype688.a(csma-output.o)
                0x000000000001c4b5                csma_output_packet
                0x000000000001c742                csma_output_init
 .text          0x000000000001c77b      0xc11 build/cooja/mtype688.a(uip-ds6.o)
                0x000000000001c77b                uip_ds6_default_prefix
                0x000000000001c785                uip_ds6_set_default_prefix
                0x000000000001c7b0                uip_ds6_init
                0x000000000001ca12                uip_ds6_periodic
                0x000000000001ca99                uip_ds6_list_loop
                0x000000000001cb59                uip_ds6_prefix_add
                0x000000000001cc05                uip_ds6_prefix_rm
                0x000000000001cc18                uip_ds6_prefix_lookup
                0x000000000001cc57                uip_ds6_is_addr_onlink
                0x000000000001ccca                uip_ds6_addr_add
                0x000000000001cdea                uip_ds6_addr_rm
                0x000000000001ce93                uip_ds6_addr_lookup
                0x000000000001cecc                uip_ds6_get_link_local
                0x000000000001cf4d                uip_ds6_get_global
                0x000000000001cfce                uip_ds6_maddr_add
                0x000000000001d02e                uip_ds6_maddr_rm
                0x000000000001d041                uip_ds6_maddr_lookup
                0x000000000001d07a                uip_ds6_aaddr_add
                0x000000000001d0da                uip_ds6_aaddr_rm
                0x000000000001d0ed                uip_ds6_aaddr_lookup
                0x000000000001d126                uip_ds6_select_src
                0x000000000001d26f                uip_ds6_set_addr_iid
                0x000000000001d29a                uip_ds6_set_lladdr_from_iid
                0x000000000001d2c3                get_match_length
                0x000000000001d354                uip_ds6_compute_reachable_time
 .text          0x000000000001d38c      0x128 build/cooja/mtype688.a(uip-udp-packet.)
                0x000000000001d38c                uip_udp_packet_send
                0x000000000001d3e7                uip_udp_packet_sendto
 .text          0x000000000001d4b4      0x35b build/cooja/mtype688.a(uip-ds6-route.o)
                0x000000000001d505                uip_ds6_route_init
                0x000000000001d52f                uip_ds6_route_nexthop
                0x000000000001d539                uip_ds6_route_head
                0x000000000001d543                uip_ds6_route_next
                0x000000000001d54d                uip_ds6_route_is_nexthop
                0x000000000001d557                uip_ds6_route_num_routes
                0x000000000001d561                uip_ds6_route_lookup
                0x000000000001d56b                uip_ds6_route_add
                0x000000000001d57e                uip_ds6_route_rm
                0x000000000001d584                uip_ds6_route_rm_by_nexthop
                0x000000000001d58a                uip_ds6_defrt_head
                0x000000000001d5a3                uip_ds6_defrt_add
                0x000000000001d651                uip_ds6_defrt_rm
                0x000000000001d6b7                uip_ds6_defrt_lookup
                0x000000000001d71e                uip_ds6_defrt_choose
                0x000000000001d794                uip_ds6_defrt_periodic
 .text          0x000000000001d80f      0x6f7 build/cooja/mtype688.a(tcpip.o)
                0x000000000001d829                tcpip_output
                0x000000000001d8a8                udp_attach
                0x000000000001d8c0                udp_new
                0x000000000001d90a                udp_broadcast_new
                0x000000000001da7c                tcpip_input
                0x000000000001dc0c                tcpip_ipv6_output
                0x000000000001de00                tcpip_poll_udp
                0x000000000001de1e                tcpip_uipcall
 .text          0x000000000001df06     0x1205 build/cooja/mtype688.a(uip6.o)
                0x000000000001dfb5                uip_chksum
                0x000000000001e08c                uip_icmp6chksum
                0x000000000001e0a1                uip_udpchksum
                0x000000000001e0b6                uip_init
                0x000000000001e0ff                uip_remove_ext_hdr
                0x000000000001e1d9                uip_udp_new
                0x000000000001e4ed                uip_process
                0x000000000001efe5                uip_htons
                0x000000000001f007                uip_htonl
                0x000000000001f045                uip_send
 .text          0x000000000001f10b      0x369 build/cooja/mtype688.a(uip-ds6-nbr.o)
                0x000000000001f10b                uip_ds6_neighbors_init
                0x000000000001f12f                uip_ds6_nbr_add
                0x000000000001f1b5                uip_ds6_nbr_rm
                0x000000000001f200                uip_ds6_nbr_update_ll
                0x000000000001f2ee                uip_ds6_nbr_get_ipaddr
                0x000000000001f303                uip_ds6_nbr_get_ll
                0x000000000001f31f                uip_ds6_nbr_num
                0x000000000001f368                uip_ds6_nbr_head
                0x000000000001f381                uip_ds6_nbr_next
                0x000000000001f39d                uip_ds6_nbr_lookup
                0x000000000001f3f5                uip_ds6_nbr_ll_lookup
                0x000000000001f411                uip_ds6_nbr_ipaddr_from_lladdr
                0x000000000001f43a                uip_ds6_nbr_lladdr_from_ipaddr
                0x000000000001f46e                uip_ds6_link_callback
 .text          0x000000000001f474      0x6a7 build/cooja/mtype688.a(uip-nd6.o)
                0x000000000001fb02                uip_nd6_init
 .text          0x000000000001fb1b     0x2c17 build/cooja/mtype688.a(sicslowpan.o)
                0x0000000000020122                netstack_sniffer_add
                0x0000000000020130                netstack_sniffer_remove
                0x0000000000022706                sicslowpan_init
                0x0000000000022728                sicslowpan_get_last_rssi
 .text          0x0000000000022732      0x4d1 build/cooja/mtype688.a(uiplib.o)
                0x0000000000022732                uiplib_ip6addrconv
                0x00000000000228ea                uiplib_ip4addrconv
                0x00000000000229ad                uiplib_ipaddr_print
                0x0000000000022a00                uiplib_ipaddr_snprint
 .text          0x0000000000022c03      0x4c9 build/cooja/mtype688.a(rpl.o)
                0x0000000000022c03                rpl_lollipop_greater_than
                0x0000000000022c5d                rpl_get_global_address
                0x0000000000022d55                rpl_link_callback
                0x0000000000022d99                rpl_has_joined
                0x0000000000022dbe                rpl_is_reachable
                0x0000000000022e3f                rpl_reset_prefix
                0x0000000000022ea9                rpl_set_prefix_from_addr
                0x0000000000022f8e                rpl_set_prefix
                0x00000000000230a8                rpl_set_leaf_only
                0x00000000000230c0                rpl_get_leaf_only
 .text          0x00000000000230cc     0x138c build/cooja/mtype688.a(rpl-icmp6.o)
                0x00000000000231f1                rpl_icmp6_update_nbr_table
                0x000000000002327a                rpl_icmp6_dis_output
                0x00000000000238c0                rpl_icmp6_dio_output
                0x00000000000240be                rpl_icmp6_dao_output
                0x000000000002439f                rpl_icmp6_dao_ack_output
                0x000000000002440f                rpl_icmp6_init
 .text          0x0000000000024458      0x264 build/cooja/mtype688.a(rpl-dag-root.o)
                0x0000000000024458                rpl_dag_root_print_links
                0x0000000000024584                rpl_dag_root_set_prefix
                0x00000000000245b0                rpl_dag_root_start
                0x000000000002468d                rpl_dag_root_is_root
 .text          0x00000000000246bc       0x30 build/cooja/mtype688.a(watchdog.o)
                0x00000000000246bc                watchdog_init
                0x00000000000246c2                watchdog_start
                0x00000000000246c8                watchdog_periodic
                0x00000000000246e0                watchdog_stop
                0x00000000000246e6                watchdog_reboot
 .text          0x00000000000246ec       0x4a build/cooja/mtype688.a(int-master.o)
                0x00000000000246ec                int_master_enable
                0x00000000000246fc                int_master_read_and_disable
                0x0000000000024719                int_master_status_set
                0x0000000000024727                int_master_is_enabled
 .text          0x0000000000024736      0x226 build/cooja/mtype688.a(coap-timer-defa)
 .text          0x000000000002495c       0xc7 build/cooja/mtype688.a(stimer.o)
                0x000000000002495c                stimer_set
                0x000000000002497a                stimer_reset
                0x00000000000249a7                stimer_restart
                0x00000000000249bc                stimer_expired
                0x00000000000249e7                stimer_remaining
                0x0000000000024a0b                stimer_elapsed
 .text          0x0000000000024a23      0x156 build/cooja/mtype688.a(ringbuf.o)
                0x0000000000024a23                ringbuf_init
                0x0000000000024a55                ringbuf_put
                0x0000000000024ad3                ringbuf_get
                0x0000000000024b40                ringbuf_size
                0x0000000000024b52                ringbuf_elements
 .text          0x0000000000024b79       0x1f build/cooja/mtype688.a(assert.o)
                0x0000000000024b79                _xassert
 .text          0x0000000000024b98      0x79b build/cooja/mtype688.a(nbr-table.o)
                0x0000000000025011                nbr_table_register
                0x000000000002507e                nbr_table_is_registered
                0x00000000000250b9                nbr_table_head
                0x0000000000025114                nbr_table_next
                0x0000000000025175                nbr_table_add_lladdr
                0x000000000002524f                nbr_table_get_from_lladdr
                0x000000000002529b                nbr_table_remove
                0x00000000000252d3                nbr_table_lock
                0x00000000000252ed                nbr_table_unlock
                0x0000000000025307                nbr_table_get_lladdr
 .text          0x0000000000025333      0x3a5 build/cooja/mtype688.a(link-stats.o)
                0x0000000000025333                link_stats_from_lladdr
                0x000000000002534f                link_stats_get_lladdr
                0x000000000002536b                link_stats_is_fresh
                0x00000000000253a7                guess_etx_from_rssi
                0x0000000000025423                link_stats_packet_sent
                0x0000000000025543                link_stats_input_callback
                0x0000000000025653                link_stats_reset
                0x00000000000256a3                link_stats_init
 .text          0x00000000000256d8      0x187 build/cooja/mtype688.a(mac-sequence.o)
                0x00000000000256d8                mac_sequence_is_duplicate
                0x0000000000025778                mac_sequence_register_seqno
 .text          0x000000000002585f       0x23 build/cooja/mtype688.a(mac.o)
                0x000000000002585f                mac_call_sent_callback
 .text          0x0000000000025882      0x432 build/cooja/mtype688.a(framer-802154.o)
                0x0000000000025a11                framer_802154_setup_params
 .text          0x0000000000025cb4      0xb6f build/cooja/mtype688.a(frame802154.o)
                0x0000000000025ce5                frame802154_get_pan_id
                0x0000000000025cf1                frame802154_set_pan_id
                0x0000000000025d0b                frame802154_has_panid
                0x0000000000025eba                frame802154_check_dest_panid
                0x0000000000025f42                frame802154_is_broadcast_addr
                0x0000000000025f8f                frame802154_extract_linkaddr
                0x00000000000261f4                frame802154_hdrlen
                0x0000000000026267                frame802154_create_fcf
                0x000000000002631f                frame802154_create
                0x0000000000026494                frame802154_parse_fcf
                0x0000000000026576                frame802154_parse
 .text          0x0000000000026823       0x2d build/cooja/mtype688.a(csma-security.o)
                0x0000000000026823                csma_security_create_frame
                0x0000000000026841                csma_security_parse_frame
 .text          0x0000000000026850      0x4e4 build/cooja/mtype688.a(uipbuf.o)
                0x0000000000026850                uipbuf_clear
                0x0000000000026877                uipbuf_add_ext_hdr
                0x00000000000268f7                uipbuf_set_len
                0x0000000000026924                uipbuf_set_len_field
                0x0000000000026950                uipbuf_get_len_field
                0x0000000000026970                uipbuf_get_next_header
                0x0000000000026aa2                uipbuf_get_last_header
                0x0000000000026b1b                uipbuf_search_header
                0x0000000000026bd1                uipbuf_get_attr
                0x0000000000026bf8                uipbuf_set_attr
                0x0000000000026c2f                uipbuf_set_default_attr
                0x0000000000026c66                uipbuf_clear_attr
                0x0000000000026c8a                uipbuf_set_attr_flag
                0x0000000000026cab                uipbuf_clr_attr_flag
                0x0000000000026cd2                uipbuf_is_attr_flag
                0x0000000000026cf6                uipbuf_init
 .text          0x0000000000026d34      0x73f build/cooja/mtype688.a(uip-icmp6.o)
                0x0000000000026da9                uip_icmp6_input
                0x0000000000026e00                uip_icmp6_register_input_handler
                0x0000000000026f53                uip_icmp6_error_output
                0x0000000000027204                uip_icmp6_send
                0x00000000000273fb                uip_icmp6_echo_reply_callback_add
                0x000000000002742d                uip_icmp6_echo_reply_callback_rm
                0x000000000002744a                uip_icmp6_init
 .text          0x0000000000027473      0x69b build/cooja/mtype688.a(uip-sr.o)
                0x0000000000027473                uip_sr_num_nodes
                0x0000000000027501                uip_sr_get_node
                0x0000000000027558                uip_sr_is_addr_reachable
                0x0000000000027606                uip_sr_expire_parent
                0x000000000002764f                uip_sr_update_node
                0x000000000002777f                uip_sr_init
                0x00000000000277b3                uip_sr_node_head
                0x00000000000277cc                uip_sr_node_next
                0x00000000000277e2                uip_sr_periodic
                0x00000000000278e8                uip_sr_free_all
                0x0000000000027958                uip_sr_link_snprint
 .text          0x0000000000027b0e      0x146 build/cooja/mtype688.a(uip-packetqueue)
                0x0000000000027b3c                uip_packetqueue_new
                0x0000000000027b4b                uip_packetqueue_alloc
                0x0000000000027ba6                uip_packetqueue_free
                0x0000000000027bed                uip_packetqueue_buf
                0x0000000000027c0a                uip_packetqueue_buflen
                0x0000000000027c2b                uip_packetqueue_set_buflen
 .text          0x0000000000027c54      0x1b0 build/cooja/mtype688.a(rpl-nbr-policy.)
                0x0000000000027dc1                rpl_nbr_policy_find_removable
 .text          0x0000000000027e04      0x915 build/cooja/mtype688.a(rpl-neighbor.o)
                0x0000000000027e80                rpl_neighbor_snprint
                0x0000000000028133                rpl_neighbor_print_list
                0x00000000000281e8                rpl_neighbor_count
                0x000000000002828f                rpl_neighbor_get_from_lladdr
                0x00000000000282ab                rpl_neighbor_is_acceptable_parent
                0x00000000000282df                rpl_neighbor_get_link_metric
                0x0000000000028313                rpl_neighbor_rank_via_nbr
                0x0000000000028347                rpl_neighbor_get_lladdr
                0x0000000000028363                rpl_neighbor_get_ipaddr
                0x000000000002838a                rpl_neighbor_get_link_stats
                0x00000000000283b1                rpl_neighbor_is_fresh
                0x00000000000283d8                rpl_neighbor_is_reachable
                0x0000000000028423                rpl_neighbor_is_parent
                0x000000000002844d                rpl_neighbor_set_preferred_parent
                0x00000000000284e4                rpl_neighbor_remove_all
                0x0000000000028540                rpl_neighbor_get_from_ipaddr
                0x000000000002864e                rpl_neighbor_select_best
                0x00000000000286fa                rpl_neighbor_init
 .text          0x0000000000028719      0xe69 build/cooja/mtype688.a(rpl-dag.o)
                0x0000000000028719                rpl_dag_state_to_str
                0x0000000000028758                rpl_dag_get_root_ipaddr
                0x00000000000287a0                rpl_dag_leave
                0x0000000000028829                rpl_dag_poison_and_leave
                0x0000000000028841                rpl_dag_periodic
                0x00000000000288c9                rpl_is_addr_in_our_dag
                0x000000000002890d                rpl_get_default_instance
                0x0000000000028929                rpl_get_any_dag
                0x0000000000028982                rpl_refresh_routes
                0x00000000000289c2                rpl_global_repair
                0x0000000000028a5b                rpl_local_repair
                0x0000000000028aa5                rpl_dag_ready_to_advertise
                0x0000000000028ae8                rpl_dag_update_state
                0x0000000000029215                rpl_process_dio
                0x0000000000029293                rpl_process_dis
                0x00000000000292d8                rpl_process_dao
                0x0000000000029367                rpl_process_dao_ack
                0x00000000000293fe                rpl_process_hbh
                0x000000000002944e                rpl_dag_init_root
                0x0000000000029562                rpl_dag_init
 .text          0x0000000000029582      0x9e7 build/cooja/mtype688.a(rpl-timers.o)
                0x0000000000029582                rpl_timers_schedule_periodic_dis
                0x00000000000296d0                rpl_timers_dio_reset
                0x00000000000297de                rpl_timers_schedule_unicast_dio
                0x0000000000029932                rpl_timers_schedule_dao
                0x00000000000299f1                rpl_timers_schedule_dao_ack
                0x0000000000029a77                rpl_timers_notify_dao_ack
                0x0000000000029ad5                get_probing_delay
                0x0000000000029b09                get_probing_target
                0x0000000000029cf3                rpl_schedule_probing
                0x0000000000029d21                rpl_schedule_probing_now
                0x0000000000029d8b                rpl_timers_unschedule_leaving
                0x0000000000029dc3                rpl_timers_schedule_leaving
                0x0000000000029e04                rpl_timers_init
                0x0000000000029e94                rpl_timers_stop_dag_timers
                0x0000000000029f0d                rpl_timers_unschedule_state_update
                0x0000000000029f31                rpl_timers_schedule_state_update
 .text          0x0000000000029f69      0xb8e build/cooja/mtype688.a(rpl-ext-header.)
                0x0000000000029f69                rpl_ext_header_srh_get_next_hop
                0x000000000002a050                rpl_ext_header_srh_update
                0x000000000002a5bc                rpl_ext_header_hbh_update
                0x000000000002a8bc                rpl_ext_header_update
                0x000000000002a945                rpl_ext_header_remove
 .text          0x000000000002aaf7      0x31b build/cooja/mtype688.a(rpl-mrhof.o)
 *fill*         0x000000000002ae12        0xe 
 .text          0x000000000002ae20      0x122 /usr/lib/gcc/i686-linux-gnu/5/libgcc.a(_udivdi3.o)
                0x000000000002ae20                __udivdi3
 .text          0x000000000002af42        0x0 /usr/lib/gcc/i686-linux-gnu/5/crtendS.o
 .text          0x000000000002af42        0x0 /usr/lib/gcc/i686-linux-gnu/5/../../../i386-linux-gnu/crtn.o
 *(.gnu.warning)

.fini           0x000000000002af44       0x14
 *(SORT(.fini))
 .fini          0x000000000002af44        0xf /usr/lib/gcc/i686-linux-gnu/5/../../../i386-linux-gnu/crti.o
                0x000000000002af44                _fini
 .fini          0x000000000002af53        0x5 /usr/lib/gcc/i686-linux-gnu/5/../../../i386-linux-gnu/crtn.o
                [!provide]                        PROVIDE (__etext, .)
                [!provide]                        PROVIDE (_etext, .)
                [!provide]                        PROVIDE (etext, .)

.rodata         0x000000000002af60      0xd8b
 *(.rodata .rodata.* .gnu.linkonce.r.*)
 .rodata        0x000000000002af60      0x2b9 oxygen_actuator.o
                0x000000000002b074                autostart_processes
 *fill*         0x000000000002b219        0x3 
 .rodata        0x000000000002b21c        0x8 build/cooja/mtype688.a(beep.o)
                0x000000000002b21c                beep_interface
 .rodata        0x000000000002b224        0xe build/cooja/mtype688.a(leds-arch.o)
                0x000000000002b224                leds_interface
                0x000000000002b22c                leds_arch_leds
 *fill*         0x000000000002b232        0x2 
 .rodata        0x000000000002b234        0x8 build/cooja/mtype688.a(moteid.o)
                0x000000000002b234                moteid_interface
 .rodata        0x000000000002b23c       0x1c build/cooja/mtype688.a(pir-sensor.o)
                0x000000000002b23c                pir_interface
                0x000000000002b248                pir_sensor
 .rodata        0x000000000002b258        0xe build/cooja/mtype688.a(rs232.o)
                0x000000000002b258                rs232_interface
 *fill*         0x000000000002b266        0x2 
 .rodata        0x000000000002b268       0x24 build/cooja/mtype688.a(vib-sensor.o)
                0x000000000002b268                vib_interface
                0x000000000002b27c                vib_sensor
 .rodata        0x000000000002b28c        0x8 build/cooja/mtype688.a(clock.o)
                0x000000000002b28c                clock_interface
 .rodata        0x000000000002b294        0x8 build/cooja/mtype688.a(cooja-log.o)
                0x000000000002b294                simlog_interface
 .rodata        0x000000000002b29c       0x2f build/cooja/mtype688.a(cfs-cooja.o)
                0x000000000002b29c                cfs_interface
 *fill*         0x000000000002b2cb       0x15 
 .rodata        0x000000000002b2e0       0xb8 build/cooja/mtype688.a(cooja-radio.o)
                0x000000000002b2e0                radio_interface
                0x000000000002b360                cooja_radio_driver
 .rodata        0x000000000002b398        0x8 build/cooja/mtype688.a(eeprom.o)
                0x000000000002b398                eeprom_interface
 .rodata        0x000000000002b3a0        0x8 build/cooja/mtype688.a(sensors.o)
 .rodata        0x000000000002b3a8       0x2c build/cooja/mtype688.a(buttons.o)
                0x000000000002b3a8                button_interface
                0x000000000002b3bc                button_hal_button_count
                0x000000000002b3c4                button_sensor
 *fill*         0x000000000002b3d4        0x4 
 .rodata        0x000000000002b3d8      0x158 build/cooja/mtype688.a(oxygen_generato)
 .rodata        0x000000000002b530       0x41 build/cooja/mtype688.a(coap-engine.o)
 .rodata        0x000000000002b571       0x19 build/cooja/mtype688.a(coap-res-well-k)
 .rodata        0x000000000002b58a       0x11 build/cooja/mtype688.a(coap-observe.o)
 .rodata        0x000000000002b59b       0x35 build/cooja/mtype688.a(coap-uip.o)
 .rodata        0x000000000002b5d0      0x1ac build/cooja/mtype688.a(coap.o)
 .rodata        0x000000000002b77c       0xf8 build/cooja/mtype688.a(contiki-main.o)
 .rodata        0x000000000002b874        0xf build/cooja/mtype688.a(ctimer.o)
 *fill*         0x000000000002b883        0x1 
 .rodata        0x000000000002b884       0xc4 build/cooja/mtype688.a(log.o)
 .rodata        0x000000000002b948        0xc build/cooja/mtype688.a(etimer.o)
 .rodata        0x000000000002b954       0x13 build/cooja/mtype688.a(button-hal.o)
 .rodata        0x000000000002b967        0xe build/cooja/mtype688.a(serial-line.o)
 *fill*         0x000000000002b975        0x3 
 .rodata        0x000000000002b978        0x8 build/cooja/mtype688.a(linkaddr.o)
                0x000000000002b978                linkaddr_null
 .rodata        0x000000000002b980       0x24 build/cooja/mtype688.a(csma.o)
                0x000000000002b988                csma_driver
 .rodata        0x000000000002b9a4       0x24 build/cooja/mtype688.a(csma-output.o)
 .rodata        0x000000000002b9c8       0x4d build/cooja/mtype688.a(uip-ds6-route.o)
 .rodata        0x000000000002ba15        0xd build/cooja/mtype688.a(tcpip.o)
 *fill*         0x000000000002ba22        0x2 
 .rodata        0x000000000002ba24       0x30 build/cooja/mtype688.a(sicslowpan.o)
                0x000000000002ba24                unc_llconf
                0x000000000002ba28                unc_ctxconf
                0x000000000002ba2c                unc_mxconf
                0x000000000002ba30                llprefix
                0x000000000002ba44                sicslowpan_driver
 .rodata        0x000000000002ba54       0x2d build/cooja/mtype688.a(uiplib.o)
 *fill*         0x000000000002ba81       0x1f 
 .rodata        0x000000000002baa0       0x74 build/cooja/mtype688.a(rpl.o)
                0x000000000002bac0                rpl_lite_driver
 .rodata        0x000000000002bb14       0x20 build/cooja/mtype688.a(coap-timer-defa)
                0x000000000002bb28                coap_timer_default_driver
 .rodata        0x000000000002bb34       0x25 build/cooja/mtype688.a(assert.o)
 *fill*         0x000000000002bb59        0x3 
 .rodata        0x000000000002bb5c        0xc build/cooja/mtype688.a(framer-802154.o)
                0x000000000002bb5c                framer_802154
 .rodata        0x000000000002bb68       0x44 build/cooja/mtype688.a(uip-sr.o)
 .rodata        0x000000000002bbac       0x58 build/cooja/mtype688.a(rpl-neighbor.o)
 .rodata        0x000000000002bc04       0xdb build/cooja/mtype688.a(rpl-dag.o)
 .rodata        0x000000000002bcdf        0xc build/cooja/mtype688.a(rpl-timers.o)

.rodata1
 *(.rodata1)

.eh_frame_hdr   0x000000000002bcec     0x1a6c
 *(.eh_frame_hdr)
 .eh_frame_hdr  0x000000000002bcec     0x1a6c oxygen_actuator.o
                0x000000000002bcec                __GNU_EH_FRAME_HDR
 *(.eh_frame_entry .eh_frame_entry.*)

.eh_frame       0x000000000002d758     0x6b30
 *(.eh_frame)
 .eh_frame      0x000000000002d758       0x3c /usr/lib/gcc/i686-linux-gnu/5/../../../i386-linux-gnu/crti.o
                                         0x40 (size before relaxing)
 .eh_frame      0x000000000002d794       0xa4 oxygen_actuator.o
                                         0xbc (size before relaxing)
 .eh_frame      0x000000000002d838      0x178 build/cooja/mtype688.o
                                        0x190 (size before relaxing)
 .eh_frame      0x000000000002d9b0       0x40 build/cooja/mtype688.a(simEnvChange.o)
                                         0x58 (size before relaxing)
 .eh_frame      0x000000000002d9f0       0x60 build/cooja/mtype688.a(cooja_mt.o)
                                         0x78 (size before relaxing)
 .eh_frame      0x000000000002da50       0x80 build/cooja/mtype688.a(cooja_mtarch.o)
                                         0x98 (size before relaxing)
 .eh_frame      0x000000000002dad0       0xc8 build/cooja/mtype688.a(rtimer-arch.o)
                                         0xe0 (size before relaxing)
 .eh_frame      0x000000000002db98      0x160 build/cooja/mtype688.a(beep.o)
                                        0x178 (size before relaxing)
 .eh_frame      0x000000000002dcf8       0x80 build/cooja/mtype688.a(leds-arch.o)
                                         0x98 (size before relaxing)
 .eh_frame      0x000000000002dd78       0x40 build/cooja/mtype688.a(moteid.o)
                                         0x58 (size before relaxing)
 .eh_frame      0x000000000002ddb8       0xa0 build/cooja/mtype688.a(pir-sensor.o)
                                         0xb8 (size before relaxing)
 .eh_frame      0x000000000002de58      0x100 build/cooja/mtype688.a(rs232.o)
                                        0x118 (size before relaxing)
 .eh_frame      0x000000000002df58       0xa0 build/cooja/mtype688.a(vib-sensor.o)
                                         0xb8 (size before relaxing)
 .eh_frame      0x000000000002dff8       0xc0 build/cooja/mtype688.a(clock.o)
                                         0xd8 (size before relaxing)
 .eh_frame      0x000000000002e0b8      0x120 build/cooja/mtype688.a(cooja-log.o)
                                        0x138 (size before relaxing)
 .eh_frame      0x000000000002e1d8      0x160 build/cooja/mtype688.a(cfs-cooja.o)
                                        0x178 (size before relaxing)
 .eh_frame      0x000000000002e338      0x340 build/cooja/mtype688.a(cooja-radio.o)
                                        0x358 (size before relaxing)
 .eh_frame      0x000000000002e678       0xa0 build/cooja/mtype688.a(eeprom.o)
                                         0xb8 (size before relaxing)
 .eh_frame      0x000000000002e718       0x40 build/cooja/mtype688.a(random.o)
                                         0x58 (size before relaxing)
 .eh_frame      0x000000000002e758       0xc0 build/cooja/mtype688.a(sensors.o)
                                         0xd8 (size before relaxing)
 .eh_frame      0x000000000002e818      0x120 build/cooja/mtype688.a(leds.o)
                                        0x138 (size before relaxing)
 .eh_frame      0x000000000002e938      0x220 build/cooja/mtype688.a(gpio-hal-arch.o)
                                        0x238 (size before relaxing)
 .eh_frame      0x000000000002eb58       0xa0 build/cooja/mtype688.a(buttons.o)
                                         0xb8 (size before relaxing)
 .eh_frame      0x000000000002ebf8       0x80 build/cooja/mtype688.a(oxygen_generato)
                                         0x98 (size before relaxing)
 .eh_frame      0x000000000002ec78      0x1c4 build/cooja/mtype688.a(coap-observe-cl)
                                        0x1dc (size before relaxing)
 .eh_frame      0x000000000002ee3c       0x44 build/cooja/mtype688.a(coap-blocking-a)
                                         0x5c (size before relaxing)
 .eh_frame      0x000000000002ee80      0x220 build/cooja/mtype688.a(coap-engine.o)
                                        0x238 (size before relaxing)
 .eh_frame      0x000000000002f0a0       0x24 build/cooja/mtype688.a(coap-res-well-k)
                                         0x3c (size before relaxing)
 .eh_frame      0x000000000002f0c4      0x188 build/cooja/mtype688.a(coap-observe.o)
                                        0x1a0 (size before relaxing)
 .eh_frame      0x000000000002f24c      0x250 build/cooja/mtype688.a(coap-uip.o)
                                        0x268 (size before relaxing)
 .eh_frame      0x000000000002f49c      0x114 build/cooja/mtype688.a(coap-timer.o)
                                        0x12c (size before relaxing)
 .eh_frame      0x000000000002f5b0      0x100 build/cooja/mtype688.a(coap-transactio)
                                        0x118 (size before relaxing)
 .eh_frame      0x000000000002f6b0      0x6ec build/cooja/mtype688.a(coap.o)
                                        0x704 (size before relaxing)
 .eh_frame      0x000000000002fd9c       0x30 build/cooja/mtype688.a(contiki-main.o)
                                         0x48 (size before relaxing)
 .eh_frame      0x000000000002fdcc       0x40 build/cooja/mtype688.a(autostart.o)
                                         0x58 (size before relaxing)
 .eh_frame      0x000000000002fe0c      0x100 build/cooja/mtype688.a(ctimer.o)
                                        0x118 (size before relaxing)
 .eh_frame      0x000000000002ff0c      0x100 build/cooja/mtype688.a(log.o)
                                        0x118 (size before relaxing)
 .eh_frame      0x000000000003000c       0x60 build/cooja/mtype688.a(energest.o)
                                         0x78 (size before relaxing)
 .eh_frame      0x000000000003006c      0x1e0 build/cooja/mtype688.a(etimer.o)
                                        0x1f8 (size before relaxing)
 .eh_frame      0x000000000003024c       0x20 build/cooja/mtype688.a(node-id.o)
                                         0x38 (size before relaxing)
 .eh_frame      0x000000000003026c       0x60 build/cooja/mtype688.a(rtimer.o)
                                         0x78 (size before relaxing)
 .eh_frame      0x00000000000302cc      0x1c4 build/cooja/mtype688.a(process.o)
                                        0x1dc (size before relaxing)
 .eh_frame      0x0000000000030490       0xa4 build/cooja/mtype688.a(timer.o)
                                         0xbc (size before relaxing)
 .eh_frame      0x0000000000030534      0x1a0 build/cooja/mtype688.a(list.o)
                                        0x1b8 (size before relaxing)
 .eh_frame      0x00000000000306d4       0xa0 build/cooja/mtype688.a(memb.o)
                                         0xb8 (size before relaxing)
 .eh_frame      0x0000000000030774      0x144 build/cooja/mtype688.a(button-hal.o)
                                        0x15c (size before relaxing)
 .eh_frame      0x00000000000308b8       0x60 build/cooja/mtype688.a(serial-line.o)
                                         0x78 (size before relaxing)
 .eh_frame      0x0000000000030918       0xe0 build/cooja/mtype688.a(gpio-hal.o)
                                         0xf8 (size before relaxing)
 .eh_frame      0x00000000000309f8      0x1a0 build/cooja/mtype688.a(queuebuf.o)
                                        0x1b8 (size before relaxing)
 .eh_frame      0x0000000000030b98      0x28c build/cooja/mtype688.a(packetbuf.o)
                                        0x2a4 (size before relaxing)
 .eh_frame      0x0000000000030e24       0x80 build/cooja/mtype688.a(netstack.o)
                                         0x98 (size before relaxing)
 .eh_frame      0x0000000000030ea4       0x60 build/cooja/mtype688.a(linkaddr.o)
                                         0x78 (size before relaxing)
 .eh_frame      0x0000000000030f04       0xe0 build/cooja/mtype688.a(csma.o)
                                         0xf8 (size before relaxing)
 .eh_frame      0x0000000000030fe4      0x1d0 build/cooja/mtype688.a(csma-output.o)
                                        0x1e8 (size before relaxing)
 .eh_frame      0x00000000000311b4      0x328 build/cooja/mtype688.a(uip-ds6.o)
                                        0x340 (size before relaxing)
 .eh_frame      0x00000000000314dc       0x40 build/cooja/mtype688.a(uip-udp-packet.)
                                         0x58 (size before relaxing)
 .eh_frame      0x000000000003151c      0x220 build/cooja/mtype688.a(uip-ds6-route.o)
                                        0x238 (size before relaxing)
 .eh_frame      0x000000000003173c      0x244 build/cooja/mtype688.a(tcpip.o)
                                        0x25c (size before relaxing)
 .eh_frame      0x0000000000031980      0x1e8 build/cooja/mtype688.a(uip6.o)
                                        0x200 (size before relaxing)
 .eh_frame      0x0000000000031b68      0x1c0 build/cooja/mtype688.a(uip-ds6-nbr.o)
                                        0x1d8 (size before relaxing)
 .eh_frame      0x0000000000031d28       0x84 build/cooja/mtype688.a(uip-nd6.o)
                                         0x9c (size before relaxing)
 .eh_frame      0x0000000000031dac      0x2f8 build/cooja/mtype688.a(sicslowpan.o)
                                        0x310 (size before relaxing)
 .eh_frame      0x00000000000320a4       0x88 build/cooja/mtype688.a(uiplib.o)
                                         0xa0 (size before relaxing)
 .eh_frame      0x000000000003212c      0x1e0 build/cooja/mtype688.a(rpl.o)
                                        0x1f8 (size before relaxing)
 .eh_frame      0x000000000003230c      0x1c4 build/cooja/mtype688.a(rpl-icmp6.o)
                                        0x1dc (size before relaxing)
 .eh_frame      0x00000000000324d0       0xa0 build/cooja/mtype688.a(rpl-dag-root.o)
                                         0xb8 (size before relaxing)
 .eh_frame      0x0000000000032570       0xa0 build/cooja/mtype688.a(watchdog.o)
                                         0xb8 (size before relaxing)
 .eh_frame      0x0000000000032610       0x80 build/cooja/mtype688.a(int-master.o)
                                         0x98 (size before relaxing)
 .eh_frame      0x0000000000032690       0xa4 build/cooja/mtype688.a(coap-timer-defa)
                                         0xbc (size before relaxing)
 .eh_frame      0x0000000000032734       0xc4 build/cooja/mtype688.a(stimer.o)
                                         0xdc (size before relaxing)
 .eh_frame      0x00000000000327f8       0xa0 build/cooja/mtype688.a(ringbuf.o)
                                         0xb8 (size before relaxing)
 .eh_frame      0x0000000000032898       0x20 build/cooja/mtype688.a(assert.o)
                                         0x38 (size before relaxing)
 .eh_frame      0x00000000000328b8      0x2ac build/cooja/mtype688.a(nbr-table.o)
                                        0x2c4 (size before relaxing)
 .eh_frame      0x0000000000032b64      0x120 build/cooja/mtype688.a(link-stats.o)
                                        0x138 (size before relaxing)
 .eh_frame      0x0000000000032c84       0x48 build/cooja/mtype688.a(mac-sequence.o)
                                         0x60 (size before relaxing)
 .eh_frame      0x0000000000032ccc       0x20 build/cooja/mtype688.a(mac.o)
                                         0x38 (size before relaxing)
 .eh_frame      0x0000000000032cec       0xa4 build/cooja/mtype688.a(framer-802154.o)
                                         0xbc (size before relaxing)
 .eh_frame      0x0000000000032d90      0x1a4 build/cooja/mtype688.a(frame802154.o)
                                        0x1bc (size before relaxing)
 .eh_frame      0x0000000000032f34       0x40 build/cooja/mtype688.a(csma-security.o)
                                         0x58 (size before relaxing)
 .eh_frame      0x0000000000032f74      0x200 build/cooja/mtype688.a(uipbuf.o)
                                        0x218 (size before relaxing)
 .eh_frame      0x0000000000033174      0x150 build/cooja/mtype688.a(uip-icmp6.o)
                                        0x168 (size before relaxing)
 .eh_frame      0x00000000000332c4      0x184 build/cooja/mtype688.a(uip-sr.o)
                                        0x19c (size before relaxing)
 .eh_frame      0x0000000000033448       0xe0 build/cooja/mtype688.a(uip-packetqueue)
                                         0xf8 (size before relaxing)
 .eh_frame      0x0000000000033528       0x80 build/cooja/mtype688.a(rpl-nbr-policy.)
                                         0x98 (size before relaxing)
 .eh_frame      0x00000000000335a8      0x2d4 build/cooja/mtype688.a(rpl-neighbor.o)
                                        0x2ec (size before relaxing)
 .eh_frame      0x000000000003387c      0x370 build/cooja/mtype688.a(rpl-dag.o)
                                        0x388 (size before relaxing)
 .eh_frame      0x0000000000033bec      0x3a8 build/cooja/mtype688.a(rpl-timers.o)
                                        0x3c0 (size before relaxing)
 .eh_frame      0x0000000000033f94      0x124 build/cooja/mtype688.a(rpl-ext-header.)
                                        0x13c (size before relaxing)
 .eh_frame      0x00000000000340b8      0x148 build/cooja/mtype688.a(rpl-mrhof.o)
                                        0x160 (size before relaxing)
 .eh_frame      0x0000000000034200       0x84 /usr/lib/gcc/i686-linux-gnu/5/libgcc.a(_udivdi3.o)
                                         0x9c (size before relaxing)
 .eh_frame      0x0000000000034284        0x4 /usr/lib/gcc/i686-linux-gnu/5/crtendS.o
 *(.eh_frame.*)

.gcc_except_table
 *(.gcc_except_table .gcc_except_table.*)

.gnu_extab
 *(.gnu_extab*)

.exception_ranges
 *(.exception_ranges .exception_ranges*)
                0x0000000000035f10                . = DATA_SEGMENT_ALIGN (0x1000, 0x1000)

.eh_frame
 *(.eh_frame)
 *(.eh_frame.*)

.gnu_extab
 *(.gnu_extab)

.gcc_except_table
 *(.gcc_except_table .gcc_except_table.*)

.exception_ranges
 *(.exception_ranges .exception_ranges*)

.tdata
 *(.tdata .tdata.* .gnu.linkonce.td.*)

.tbss
 *(.tbss .tbss.* .gnu.linkonce.tb.*)
 *(.tcommon)

.preinit_array
 *(.preinit_array)

.init_array     0x0000000000035f10        0x4
 *(SORT(.init_array.*) SORT(.ctors.*))
 *(.init_array EXCLUDE_FILE(*crtend?.o *crtend.o *crtbegin?.o *crtbegin.o) .ctors)
 .init_array    0x0000000000035f10        0x4 /usr/lib/gcc/i686-linux-gnu/5/crtbeginS.o

.fini_array     0x0000000000035f14        0x4
 *(SORT(.fini_array.*) SORT(.dtors.*))
 *(.fini_array EXCLUDE_FILE(*crtend?.o *crtend.o *crtbegin?.o *crtbegin.o) .dtors)
 .fini_array    0x0000000000035f14        0x4 /usr/lib/gcc/i686-linux-gnu/5/crtbeginS.o

.ctors
 *crtbegin.o(.ctors)
 *crtbegin?.o(.ctors)
 *(EXCLUDE_FILE(*crtend?.o *crtend.o) .ctors)
 *(SORT(.ctors.*))
 *(.ctors)

.dtors
 *crtbegin.o(.dtors)
 *crtbegin?.o(.dtors)
 *(EXCLUDE_FILE(*crtend?.o *crtend.o) .dtors)
 *(SORT(.dtors.*))
 *(.dtors)

.jcr            0x0000000000035f18        0x4
 *(.jcr)
 .jcr           0x0000000000035f18        0x0 /usr/lib/gcc/i686-linux-gnu/5/crtbeginS.o
 .jcr           0x0000000000035f18        0x4 /usr/lib/gcc/i686-linux-gnu/5/crtendS.o

.data.rel.ro
 *(.data.rel.ro.local* .gnu.linkonce.d.rel.ro.local.*)
 *(.data.rel.ro .data.rel.ro.* .gnu.linkonce.d.rel.ro.*)

.dynamic        0x0000000000035f1c       0xd0
 *(.dynamic)
 .dynamic       0x0000000000035f1c       0xd0 /usr/lib/gcc/i686-linux-gnu/5/../../../i386-linux-gnu/crti.o
                0x0000000000035f1c                _DYNAMIC

.got            0x0000000000035fec       0x14
 *(.got)
 .got           0x0000000000035fec       0x14 /usr/lib/gcc/i686-linux-gnu/5/../../../i386-linux-gnu/crti.o
 *(.igot)
                0x0000000000036ff4                . = DATA_SEGMENT_RELRO_END (., (SIZEOF (.got.plt) >= 0xc)?0xc:0x0)

.got.plt        0x0000000000036000        0xc
 *(.got.plt)
 .got.plt       0x0000000000036000        0xc /usr/lib/gcc/i686-linux-gnu/5/../../../i386-linux-gnu/crti.o
                0x0000000000036000                _GLOBAL_OFFSET_TABLE_
 *(.igot.plt)

.data           0x0000000000036020      0x464
 *(.data .data.* .gnu.linkonce.d.*)
 .data          0x0000000000036020        0x0 /usr/lib/gcc/i686-linux-gnu/5/../../../i386-linux-gnu/crti.o
 .data          0x0000000000036020        0x0 /usr/lib/gcc/i686-linux-gnu/5/crtbeginS.o
 .data.rel.local
                0x0000000000036020        0x4 /usr/lib/gcc/i686-linux-gnu/5/crtbeginS.o
                0x0000000000036020                __dso_handle
 .data          0x0000000000036024       0x14 oxygen_actuator.o
                0x0000000000036028                oxygen_actuator
 *fill*         0x0000000000036038        0x8 
 .data          0x0000000000036040       0x44 build/cooja/mtype688.o
                0x0000000000036040                simInterfaces
                0x0000000000036074                sensors
 .data          0x0000000000036084        0x0 build/cooja/mtype688.a(simEnvChange.o)
 .data          0x0000000000036084        0x0 build/cooja/mtype688.a(cooja_mt.o)
 .data          0x0000000000036084        0x0 build/cooja/mtype688.a(cooja_mtarch.o)
 .data          0x0000000000036084        0x0 build/cooja/mtype688.a(rtimer-arch.o)
 .data          0x0000000000036084        0x0 build/cooja/mtype688.a(beep.o)
 .data          0x0000000000036084        0x0 build/cooja/mtype688.a(leds-arch.o)
 .data          0x0000000000036084        0x0 build/cooja/mtype688.a(moteid.o)
 .data          0x0000000000036084        0x0 build/cooja/mtype688.a(pir-sensor.o)
 .data          0x0000000000036084        0x0 build/cooja/mtype688.a(rs232.o)
 .data          0x0000000000036084        0x0 build/cooja/mtype688.a(vib-sensor.o)
 .data          0x0000000000036084        0x0 build/cooja/mtype688.a(clock.o)
 .data          0x0000000000036084        0x0 build/cooja/mtype688.a(cooja-log.o)
 .data          0x0000000000036084        0x0 build/cooja/mtype688.a(cfs-cooja.o)
 .data          0x0000000000036084       0x2c build/cooja/mtype688.a(cooja-radio.o)
                0x0000000000036084                simRadioHWOn
                0x0000000000036088                simSignalStrength
                0x000000000003608c                simLastSignalStrength
                0x0000000000036090                simPower
                0x0000000000036094                simRadioChannel
                0x0000000000036098                simLQI
                0x00000000000360a0                cooja_radio_process
 .data          0x00000000000360b0        0x0 build/cooja/mtype688.a(eeprom.o)
 .data          0x00000000000360b0        0x0 build/cooja/mtype688.a(random.o)
 .data          0x00000000000360b0       0x10 build/cooja/mtype688.a(sensors.o)
                0x00000000000360b0                sensors_process
 .data          0x00000000000360c0        0x0 build/cooja/mtype688.a(leds.o)
 .data          0x00000000000360c0        0x0 build/cooja/mtype688.a(gpio-hal-arch.o)
 .data          0x00000000000360c0       0x78 build/cooja/mtype688.a(buttons.o)
                0x00000000000360c0                simButtonIsActive
                0x0000000000036130                button_hal_buttons
 *fill*         0x0000000000036138        0x8 
 .data          0x0000000000036140       0x44 build/cooja/mtype688.a(oxygen_generato)
                0x0000000000036140                GOOD_OXYGEN_LEVEL
                0x0000000000036160                oxygen_generator
 .data          0x0000000000036184       0x10 build/cooja/mtype688.a(coap-observe-cl)
 .data          0x0000000000036194        0x0 build/cooja/mtype688.a(coap-blocking-a)
 .data          0x0000000000036194        0x8 build/cooja/mtype688.a(coap-engine.o)
 *fill*         0x000000000003619c        0x4 
 .data          0x00000000000361a0       0x24 build/cooja/mtype688.a(coap-res-well-k)
                0x00000000000361a0                res_well_known_core
 .data          0x00000000000361c4       0x10 build/cooja/mtype688.a(coap-observe.o)
 .data          0x00000000000361d4       0x10 build/cooja/mtype688.a(coap-uip.o)
                0x00000000000361d4                coap_engine
 .data          0x00000000000361e4        0x4 build/cooja/mtype688.a(coap-timer.o)
 .data          0x00000000000361e8       0x10 build/cooja/mtype688.a(coap-transactio)
 .data          0x00000000000361f8        0x4 build/cooja/mtype688.a(coap.o)
                0x00000000000361f8                coap_error_message
 .data          0x00000000000361fc        0x0 build/cooja/mtype688.a(contiki-main.o)
 .data          0x00000000000361fc        0x0 build/cooja/mtype688.a(autostart.o)
 .data          0x00000000000361fc       0x14 build/cooja/mtype688.a(ctimer.o)
                0x0000000000036200                ctimer_process
 *fill*         0x0000000000036210       0x10 
 .data          0x0000000000036220       0xbc build/cooja/mtype688.a(log.o)
                0x0000000000036220                curr_log_level_main
                0x0000000000036240                all_modules
 .data          0x00000000000362dc        0x0 build/cooja/mtype688.a(energest.o)
 .data          0x00000000000362dc       0x10 build/cooja/mtype688.a(etimer.o)
                0x00000000000362dc                etimer_process
 .data          0x00000000000362ec        0x0 build/cooja/mtype688.a(node-id.o)
 .data          0x00000000000362ec        0x0 build/cooja/mtype688.a(rtimer.o)
 .data          0x00000000000362ec        0x0 build/cooja/mtype688.a(process.o)
 .data          0x00000000000362ec        0x0 build/cooja/mtype688.a(timer.o)
 .data          0x00000000000362ec        0x0 build/cooja/mtype688.a(list.o)
 .data          0x00000000000362ec        0x0 build/cooja/mtype688.a(memb.o)
 .data          0x00000000000362ec       0x10 build/cooja/mtype688.a(button-hal.o)
                0x00000000000362ec                button_hal_process
 .data          0x00000000000362fc       0x10 build/cooja/mtype688.a(serial-line.o)
                0x00000000000362fc                serial_line_process
 .data          0x000000000003630c        0x4 build/cooja/mtype688.a(gpio-hal.o)
 .data          0x0000000000036310       0x18 build/cooja/mtype688.a(queuebuf.o)
 .data          0x0000000000036328        0x4 build/cooja/mtype688.a(packetbuf.o)
 .data          0x000000000003632c        0x4 build/cooja/mtype688.a(netstack.o)
 .data          0x0000000000036330        0x0 build/cooja/mtype688.a(linkaddr.o)
 .data          0x0000000000036330        0x0 build/cooja/mtype688.a(csma.o)
 .data          0x0000000000036330       0x28 build/cooja/mtype688.a(csma-output.o)
 .data          0x0000000000036358        0x0 build/cooja/mtype688.a(uip-ds6.o)
 .data          0x0000000000036358        0x0 build/cooja/mtype688.a(uip-udp-packet.)
 .data          0x0000000000036358       0x10 build/cooja/mtype688.a(uip-ds6-route.o)
 .data          0x0000000000036368       0x10 build/cooja/mtype688.a(tcpip.o)
                0x0000000000036368                tcpip_process
 .data          0x0000000000036378        0x0 build/cooja/mtype688.a(uip6.o)
 .data          0x0000000000036378       0x14 build/cooja/mtype688.a(uip-ds6-nbr.o)
 .data          0x000000000003638c        0xc build/cooja/mtype688.a(uip-nd6.o)
 .data          0x0000000000036398        0x0 build/cooja/mtype688.a(sicslowpan.o)
 .data          0x0000000000036398        0x0 build/cooja/mtype688.a(uiplib.o)
 .data          0x0000000000036398        0x0 build/cooja/mtype688.a(rpl.o)
 .data          0x0000000000036398       0x30 build/cooja/mtype688.a(rpl-icmp6.o)
 .data          0x00000000000363c8        0x0 build/cooja/mtype688.a(rpl-dag-root.o)
 .data          0x00000000000363c8        0x0 build/cooja/mtype688.a(watchdog.o)
 .data          0x00000000000363c8        0x0 build/cooja/mtype688.a(int-master.o)
 .data          0x00000000000363c8       0x10 build/cooja/mtype688.a(coap-timer-defa)
                0x00000000000363c8                coap_timer_process
 .data          0x00000000000363d8        0x0 build/cooja/mtype688.a(stimer.o)
 .data          0x00000000000363d8        0x0 build/cooja/mtype688.a(ringbuf.o)
 .data          0x00000000000363d8        0x0 build/cooja/mtype688.a(assert.o)
 .data          0x00000000000363d8       0x10 build/cooja/mtype688.a(nbr-table.o)
 .data          0x00000000000363e8       0x14 build/cooja/mtype688.a(link-stats.o)
 .data          0x00000000000363fc        0x0 build/cooja/mtype688.a(mac-sequence.o)
 .data          0x00000000000363fc        0x0 build/cooja/mtype688.a(mac.o)
 .data          0x00000000000363fc        0x0 build/cooja/mtype688.a(framer-802154.o)
 .data          0x00000000000363fc        0x2 build/cooja/mtype688.a(frame802154.o)
 .data          0x00000000000363fe        0x0 build/cooja/mtype688.a(csma-security.o)
 .data          0x00000000000363fe        0x0 build/cooja/mtype688.a(uipbuf.o)
 *fill*         0x00000000000363fe        0x2 
 .data          0x0000000000036400       0x20 build/cooja/mtype688.a(uip-icmp6.o)
 .data          0x0000000000036420       0x10 build/cooja/mtype688.a(uip-sr.o)
 .data          0x0000000000036430        0xc build/cooja/mtype688.a(uip-packetqueue)
 .data          0x000000000003643c        0x0 build/cooja/mtype688.a(rpl-nbr-policy.)
 .data          0x000000000003643c       0x14 build/cooja/mtype688.a(rpl-neighbor.o)
                0x000000000003644c                rpl_neighbors
 .data          0x0000000000036450        0x0 build/cooja/mtype688.a(rpl-dag.o)
 .data          0x0000000000036450        0x0 build/cooja/mtype688.a(rpl-timers.o)
 .data          0x0000000000036450        0x0 build/cooja/mtype688.a(rpl-ext-header.)
 *fill*         0x0000000000036450       0x10 
 .data          0x0000000000036460       0x24 build/cooja/mtype688.a(rpl-mrhof.o)
                0x0000000000036460                rpl_mrhof
 .data          0x0000000000036484        0x0 /usr/lib/gcc/i686-linux-gnu/5/libgcc.a(_udivdi3.o)
 .data          0x0000000000036484        0x0 /usr/lib/gcc/i686-linux-gnu/5/crtendS.o
 .data          0x0000000000036484        0x0 /usr/lib/gcc/i686-linux-gnu/5/../../../i386-linux-gnu/crtn.o

.tm_clone_table
                0x0000000000036484        0x0
 .tm_clone_table
                0x0000000000036484        0x0 /usr/lib/gcc/i686-linux-gnu/5/crtbeginS.o
 .tm_clone_table
                0x0000000000036484        0x0 /usr/lib/gcc/i686-linux-gnu/5/crtendS.o

.data1
 *(.data1)
                0x0000000000036484                _edata = .
                [!provide]                        PROVIDE (edata, .)
                0x0000000000036484                . = .
                0x0000000000036484                __bss_start = .

.bss            0x00000000000364a0    0x141a4
 *(.dynbss)
 .dynbss        0x00000000000364a0        0x0 /usr/lib/gcc/i686-linux-gnu/5/../../../i386-linux-gnu/crti.o
 *(.bss .bss.* .gnu.linkonce.b.*)
 .bss           0x00000000000364a0        0x0 /usr/lib/gcc/i686-linux-gnu/5/../../../i386-linux-gnu/crti.o
 .bss           0x00000000000364a0        0x1 /usr/lib/gcc/i686-linux-gnu/5/crtbeginS.o
 *fill*         0x00000000000364a1       0x1f 
 .bss           0x00000000000364c0      0x18c oxygen_actuator.o
                0x00000000000364c0                oxygen_level
 *fill*         0x000000000003664c       0x14 
 .bss           0x0000000000036660     0x2030 build/cooja/mtype688.o
 .bss           0x0000000000038690        0x1 build/cooja/mtype688.a(simEnvChange.o)
                0x0000000000038690                simDontFallAsleep
 *fill*         0x0000000000038691        0x3 
 .bss           0x0000000000038694        0x4 build/cooja/mtype688.a(cooja_mt.o)
 .bss           0x0000000000038698        0x4 build/cooja/mtype688.a(cooja_mtarch.o)
 .bss           0x000000000003869c        0x0 build/cooja/mtype688.a(rtimer-arch.o)
 .bss           0x000000000003869c        0x0 build/cooja/mtype688.a(beep.o)
 .bss           0x000000000003869c        0x1 build/cooja/mtype688.a(leds-arch.o)
                0x000000000003869c                simLedsValue
 .bss           0x000000000003869d        0x0 build/cooja/mtype688.a(moteid.o)
 .bss           0x000000000003869d        0x1 build/cooja/mtype688.a(pir-sensor.o)
                0x000000000003869d                simPirValue
 *fill*         0x000000000003869e        0x2 
 .bss           0x00000000000386a0        0x4 build/cooja/mtype688.a(rs232.o)
 .bss           0x00000000000386a4        0x1 build/cooja/mtype688.a(vib-sensor.o)
                0x00000000000386a4                simVibValue
 .bss           0x00000000000386a5        0x0 build/cooja/mtype688.a(clock.o)
 *fill*         0x00000000000386a5       0x1b 
 .bss           0x00000000000386c0     0x2020 build/cooja/mtype688.a(cooja-log.o)
 .bss           0x000000000003a6e0      0xfc0 build/cooja/mtype688.a(cfs-cooja.o)
                0x000000000003a6e0                simCFSData
                0x000000000003b680                simCFSSize
                0x000000000003b684                simCFSChanged
                0x000000000003b688                simCFSRead
                0x000000000003b68c                simCFSWritten
 .bss           0x000000000003b6a0       0x24 build/cooja/mtype688.a(cooja-radio.o)
                0x000000000003b6a0                simReceiving
                0x000000000003b6a4                simInSize
                0x000000000003b6a8                simLastPacketTimestamp
                0x000000000003b6b0                simOutSize
 .bss           0x000000000003b6c4        0xc build/cooja/mtype688.a(eeprom.o)
                0x000000000003b6c4                simEEPROMChanged
                0x000000000003b6c8                simEEPROMRead
                0x000000000003b6cc                simEEPROMWritten
 .bss           0x000000000003b6d0        0x0 build/cooja/mtype688.a(random.o)
 .bss           0x000000000003b6d0        0xc build/cooja/mtype688.a(sensors.o)
 .bss           0x000000000003b6dc        0x0 build/cooja/mtype688.a(leds.o)
 .bss           0x000000000003b6dc       0x24 build/cooja/mtype688.a(gpio-hal-arch.o)
 .bss           0x000000000003b700        0x0 build/cooja/mtype688.a(buttons.o)
 .bss           0x000000000003b700       0x10 build/cooja/mtype688.a(oxygen_generato)
                0x000000000003b700                alert_level
                0x000000000003b704                status
                0x000000000003b708                manualMode
 *fill*         0x000000000003b710       0x10 
 .bss           0x000000000003b720      0x1b1 build/cooja/mtype688.a(coap-observe-cl)
 .bss           0x000000000003b8d1        0x0 build/cooja/mtype688.a(coap-blocking-a)
 *fill*         0x000000000003b8d1        0xf 
 .bss           0x000000000003b8e0      0x190 build/cooja/mtype688.a(coap-engine.o)
 .bss           0x000000000003ba70        0x0 build/cooja/mtype688.a(coap-res-well-k)
 *fill*         0x000000000003ba70       0x10 
 .bss           0x000000000003ba80      0x120 build/cooja/mtype688.a(coap-observe.o)
 .bss           0x000000000003bba0       0x18 build/cooja/mtype688.a(coap-uip.o)
 .bss           0x000000000003bbb8        0x5 build/cooja/mtype688.a(coap-timer.o)
 *fill*         0x000000000003bbbd        0x3 
 .bss           0x000000000003bbc0      0x334 build/cooja/mtype688.a(coap-transactio)
 .bss           0x000000000003bef4        0x6 build/cooja/mtype688.a(coap.o)
                0x000000000003bef4                coap_status_code
 .bss           0x000000000003befa        0x0 build/cooja/mtype688.a(contiki-main.o)
 .bss           0x000000000003befa        0x0 build/cooja/mtype688.a(autostart.o)
 *fill*         0x000000000003befa        0x2 
 .bss           0x000000000003befc        0x5 build/cooja/mtype688.a(ctimer.o)
 *fill*         0x000000000003bf01        0x3 
 .bss           0x000000000003bf04       0x2c build/cooja/mtype688.a(log.o)
                0x000000000003bf04                curr_log_level_rpl
                0x000000000003bf08                curr_log_level_tcpip
                0x000000000003bf0c                curr_log_level_ipv6
                0x000000000003bf10                curr_log_level_6lowpan
                0x000000000003bf14                curr_log_level_nullnet
                0x000000000003bf18                curr_log_level_mac
                0x000000000003bf1c                curr_log_level_framer
                0x000000000003bf20                curr_log_level_6top
                0x000000000003bf24                curr_log_level_coap
                0x000000000003bf28                curr_log_level_snmp
                0x000000000003bf2c                curr_log_level_lwm2m
 .bss           0x000000000003bf30        0x0 build/cooja/mtype688.a(energest.o)
 .bss           0x000000000003bf30        0x8 build/cooja/mtype688.a(etimer.o)
 .bss           0x000000000003bf38        0x2 build/cooja/mtype688.a(node-id.o)
                0x000000000003bf38                node_id
 *fill*         0x000000000003bf3a        0x2 
 .bss           0x000000000003bf3c        0x4 build/cooja/mtype688.a(rtimer.o)
 .bss           0x000000000003bf40      0x1a1 build/cooja/mtype688.a(process.o)
                0x000000000003bf40                process_list
                0x000000000003bf44                process_current
 .bss           0x000000000003c0e1        0x0 build/cooja/mtype688.a(timer.o)
 .bss           0x000000000003c0e1        0x0 build/cooja/mtype688.a(list.o)
 .bss           0x000000000003c0e1        0x0 build/cooja/mtype688.a(memb.o)
 *fill*         0x000000000003c0e1        0x3 
 .bss           0x000000000003c0e4       0x10 build/cooja/mtype688.a(button-hal.o)
 *fill*         0x000000000003c0f4        0xc 
 .bss           0x000000000003c100      0x140 build/cooja/mtype688.a(serial-line.o)
 .bss           0x000000000003c240        0x4 build/cooja/mtype688.a(gpio-hal.o)
 *fill*         0x000000000003c244       0x1c 
 .bss           0x000000000003c260     0x2c80 build/cooja/mtype688.a(queuebuf.o)
 .bss           0x000000000003eee0       0xa0 build/cooja/mtype688.a(packetbuf.o)
 .bss           0x000000000003ef80        0x4 build/cooja/mtype688.a(netstack.o)
 .bss           0x000000000003ef84        0x0 build/cooja/mtype688.a(linkaddr.o)
 .bss           0x000000000003ef84        0x0 build/cooja/mtype688.a(csma.o)
 *fill*         0x000000000003ef84       0x1c 