Archive member included to satisfy reference by file (symbol)

build/cooja/mtype854.a(simEnvChange.o)
                              build/cooja/mtype854.o (simDontFallAsleep)
build/cooja/mtype854.a(cooja_mt.o)
                              build/cooja/mtype854.o (cooja_mt_start)
build/cooja/mtype854.a(cooja_mtarch.o)
                              build/cooja/mtype854.a(cooja_mt.o) (cooja_mtarch_start)
build/cooja/mtype854.a(rtimer-arch.o)
                              build/cooja/mtype854.o (rtimer_arch_check)
build/cooja/mtype854.a(beep.o)
                              build/cooja/mtype854.o (beep_interface)
build/cooja/mtype854.a(leds-arch.o)
                              build/cooja/mtype854.o (leds_interface)
build/cooja/mtype854.a(moteid.o)
                              build/cooja/mtype854.o (moteid_interface)
build/cooja/mtype854.a(pir-sensor.o)
                              build/cooja/mtype854.o (pir_interface)
build/cooja/mtype854.a(rs232.o)
                              build/cooja/mtype854.o (rs232_interface)
build/cooja/mtype854.a(vib-sensor.o)
                              build/cooja/mtype854.o (vib_interface)
build/cooja/mtype854.a(clock.o)
                              build/cooja/mtype854.o (clock_interface)
build/cooja/mtype854.a(cooja-log.o)
                              build/cooja/mtype854.o (simlog_interface)
build/cooja/mtype854.a(cfs-cooja.o)
                              build/cooja/mtype854.o (cfs_interface)
build/cooja/mtype854.a(cooja-radio.o)
                              build/cooja/mtype854.o (radio_interface)
build/cooja/mtype854.a(eeprom.o)
                              build/cooja/mtype854.o (eeprom_interface)
build/cooja/mtype854.a(random.o)
                              build/cooja/mtype854.a(moteid.o) (random_init)
build/cooja/mtype854.a(sensors.o)
                              build/cooja/mtype854.a(pir-sensor.o) (sensors_changed)
build/cooja/mtype854.a(leds.o)
                              build/cooja/mtype854.a(leds-arch.o) (leds_get)
build/cooja/mtype854.a(gpio-hal-arch.o)
                              build/cooja/mtype854.a(leds-arch.o) (gpio_hal_arch_register_pin_callback)
build/cooja/mtype854.a(buttons.o)
                              build/cooja/mtype854.o (button_interface)
build/cooja/mtype854.a(oxygen_generato)
                              oxygen_actuator.o (oxygen_generator)
build/cooja/mtype854.a(coap-observe-cl)
                              oxygen_actuator.o (coap_obs_request_registration)
build/cooja/mtype854.a(coap-blocking-a)
                              oxygen_actuator.o (coap_blocking_request)
build/cooja/mtype854.a(coap-engine.o)
                              oxygen_actuator.o (coap_activate_resource)
build/cooja/mtype854.a(coap-res-well-k)
                              build/cooja/mtype854.a(coap-engine.o) (res_well_known_core)
build/cooja/mtype854.a(coap-observe.o)
                              build/cooja/mtype854.a(coap-engine.o) (coap_remove_observer_by_mid)
build/cooja/mtype854.a(coap-uip.o)
                              oxygen_actuator.o (coap_endpoint_log)
build/cooja/mtype854.a(coap-timer.o)
                              build/cooja/mtype854.a(coap-engine.o) (coap_timer_set)
build/cooja/mtype854.a(coap-transactio)
                              build/cooja/mtype854.a(coap-observe-cl) (coap_send_transaction)
build/cooja/mtype854.a(coap.o)
                              build/cooja/mtype854.a(coap-engine.o) (coap_status_code)
build/cooja/mtype854.a(contiki-main.o)
                              build/cooja/mtype854.o (main)
build/cooja/mtype854.a(autostart.o)
                              build/cooja/mtype854.a(contiki-main.o) (autostart_start)
build/cooja/mtype854.a(ctimer.o)
                              build/cooja/mtype854.a(contiki-main.o) (ctimer_init)
build/cooja/mtype854.a(log.o)
                              build/cooja/mtype854.a(contiki-main.o) (curr_log_level_main)
build/cooja/mtype854.a(energest.o)
                              build/cooja/mtype854.a(contiki-main.o) (energest_init)
build/cooja/mtype854.a(etimer.o)
                              build/cooja/mtype854.a(contiki-main.o) (etimer_process)
build/cooja/mtype854.a(node-id.o)
                              build/cooja/mtype854.a(contiki-main.o) (node_id)
build/cooja/mtype854.a(rtimer.o)
                              build/cooja/mtype854.a(contiki-main.o) (rtimer_init)
build/cooja/mtype854.a(process.o)
                              build/cooja/mtype854.a(coap-blocking-a) (process_current)
build/cooja/mtype854.a(timer.o)
                              build/cooja/mtype854.a(etimer.o) (timer_set)
build/cooja/mtype854.a(list.o)
                              build/cooja/mtype854.a(coap-engine.o) (list_init)
build/cooja/mtype854.a(memb.o)
                              build/cooja/mtype854.a(coap-observe-cl) (memb_alloc)
build/cooja/mtype854.a(button-hal.o)
                              build/cooja/mtype854.o (button_hal_init)
build/cooja/mtype854.a(serial-line.o)
[...]
Memory Configuration

Name             Origin             Length             Attributes
*default*        0x0000000000000000 0xffffffffffffffff

Linker script and memory map

LOAD /usr/lib/gcc/i686-linux-gnu/5/../../../i386-linux-gnu/crti.o
LOAD /usr/lib/gcc/i686-linux-gnu/5/crtbeginS.o
LOAD oxygen_actuator.o
LOAD build/cooja/mtype854.o
LOAD build/cooja/mtype854.a
LOAD /usr/lib/gcc/i686-linux-gnu/5/libgcc.a
LOAD /usr/lib/gcc/i686-linux-gnu/5/libgcc_s.so
LOAD /usr/lib/gcc/i686-linux-gnu/5/../../../i386-linux-gnu/libc.so
START GROUP
LOAD /lib/i386-linux-gnu/libc.so.6
LOAD /usr/lib/i386-linux-gnu/libc_nonshared.a
LOAD /lib/i386-linux-gnu/ld-linux.so.2
END GROUP
LOAD /usr/lib/gcc/i686-linux-gnu/5/libgcc.a
LOAD /usr/lib/gcc/i686-linux-gnu/5/libgcc_s.so
LOAD /usr/lib/gcc/i686-linux-gnu/5/crtendS.o
LOAD /usr/lib/gcc/i686-linux-gnu/5/../../../i386-linux-gnu/crtn.o
                0x0000000000000114                . = (0x0 + SIZEOF_HEADERS)

.note.gnu.build-id
                0x0000000000000114       0x24
 *(.note.gnu.build-id)
 .note.gnu.build-id
                0x0000000000000114       0x24 /usr/lib/gcc/i686-linux-gnu/5/../../../i386-linux-gnu/crti.o

.hash
 *(.hash)

.gnu.hash       0x0000000000000138     0x15cc
 *(.gnu.hash)
 .gnu.hash      0x0000000000000138     0x15cc /usr/lib/gcc/i686-linux-gnu/5/../../../i386-linux-gnu/crti.o

.dynsym         0x0000000000001704     0x2fc0
 *(.dynsym)
 .dynsym        0x0000000000001704     0x2fc0 /usr/lib/gcc/i686-linux-gnu/5/../../../i386-linux-gnu/crti.o

.dynstr         0x00000000000046c4     0x37eb
 *(.dynstr)
 .dynstr        0x00000000000046c4     0x37eb /usr/lib/gcc/i686-linux-gnu/5/../../../i386-linux-gnu/crti.o

.gnu.version    0x0000000000007eb0      0x5f8
 *(.gnu.version)
 .gnu.version   0x0000000000007eb0      0x5f8 /usr/lib/gcc/i686-linux-gnu/5/../../../i386-linux-gnu/crti.o

.gnu.version_d  0x00000000000084a8        0x0
 *(.gnu.version_d)
 .gnu.version_d
                0x00000000000084a8        0x0 /usr/lib/gcc/i686-linux-gnu/5/../../../i386-linux-gnu/crti.o

.gnu.version_r  0x00000000000084a8       0x40
 *(.gnu.version_r)
 .gnu.version_r
                0x00000000000084a8       0x40 /usr/lib/gcc/i686-linux-gnu/5/../../../i386-linux-gnu/crti.o

.rel.dyn        0x00000000000084e8     0x93d0
 *(.rel.init)
 .rel.init      0x00000000000084e8        0x0 /usr/lib/gcc/i686-linux-gnu/5/../../../i386-linux-gnu/crti.o
 *(.rel.text .rel.text.* .rel.gnu.linkonce.t.*)
 .rel.text      0x00000000000084e8     0x89f8 /usr/lib/gcc/i686-linux-gnu/5/../../../i386-linux-gnu/crti.o
 *(.rel.fini)
 .rel.fini      0x0000000000010ee0        0x0 /usr/lib/gcc/i686-linux-gnu/5/../../../i386-linux-gnu/crti.o
 *(.rel.rodata .rel.rodata.* .rel.gnu.linkonce.r.*)
 .rel.rodata    0x0000000000010ee0      0x588 /usr/lib/gcc/i686-linux-gnu/5/../../../i386-linux-gnu/crti.o
 *(.rel.data.rel.ro .rel.data.rel.ro.* .rel.gnu.linkonce.d.rel.ro.*)
 *(.rel.data .rel.data.* .rel.gnu.linkonce.d.*)
 .rel.data.rel.local
                0x0000000000011468        0x8 /usr/lib/gcc/i686-linux-gnu/5/../../../i386-linux-gnu/crti.o
 .rel.data      0x0000000000011470      0x410 /usr/lib/gcc/i686-linux-gnu/5/../../../i386-linux-gnu/crti.o
 *(.rel.tdata .rel.tdata.* .rel.gnu.linkonce.td.*)
 *(.rel.tbss .rel.tbss.* .rel.gnu.linkonce.tb.*)
 *(.rel.ctors)
 *(.rel.dtors)
 *(.rel.got)
 .rel.got       0x0000000000011880       0x28 /usr/lib/gcc/i686-linux-gnu/5/../../../i386-linux-gnu/crti.o
 *(.rel.bss .rel.bss.* .rel.gnu.linkonce.b.*)
 *(.rel.ifunc)
 .rel.ifunc     0x00000000000118a8        0x0 /usr/lib/gcc/i686-linux-gnu/5/../../../i386-linux-gnu/crti.o
 .rel.fini_array
                0x00000000000118a8        0x8 /usr/lib/gcc/i686-linux-gnu/5/../../../i386-linux-gnu/crti.o
 .rel.init_array
                0x00000000000118b0        0x8 /usr/lib/gcc/i686-linux-gnu/5/../../../i386-linux-gnu/crti.o

.rel.plt        0x00000000000118b8        0x0
 *(.rel.plt)
 .rel.plt       0x00000000000118b8        0x0 /usr/lib/gcc/i686-linux-gnu/5/../../../i386-linux-gnu/crti.o
 *(.rel.iplt)

.init           0x00000000000118b8       0x23
 *(SORT(.init))
 .init          0x00000000000118b8       0x1e /usr/lib/gcc/i686-linux-gnu/5/../../../i386-linux-gnu/crti.o
                0x00000000000118b8                _init
 .init          0x00000000000118d6        0x5 /usr/lib/gcc/i686-linux-gnu/5/../../../i386-linux-gnu/crtn.o

.plt            0x00000000000118e0       0x10
 *(.plt)
 .plt           0x00000000000118e0       0x10 /usr/lib/gcc/i686-linux-gnu/5/../../../i386-linux-gnu/crti.o
 *(.iplt)

.plt.got        0x00000000000118f0       0x10
 *(.plt.got)
 .plt.got       0x00000000000118f0       0x10 /usr/lib/gcc/i686-linux-gnu/5/../../../i386-linux-gnu/crti.o

.text           0x0000000000011900    0x19282
 *(.text.unlikely .text.*_unlikely .text.unlikely.*)
 .text.unlikely
                0x0000000000011900        0x0 /usr/lib/gcc/i686-linux-gnu/5/crtbeginS.o
 .text.unlikely
                0x0000000000011900        0x0 /usr/lib/gcc/i686-linux-gnu/5/libgcc.a(_udivdi3.o)
 *(.text.exit .text.exit.*)
 *(.text.startup .text.startup.*)
 *(.text.hot .text.hot.*)
 *(.text .stub .text.* .gnu.linkonce.t.*)
 .text          0x0000000000011900        0x0 /usr/lib/gcc/i686-linux-gnu/5/../../../i386-linux-gnu/crti.o
 .gnu.linkonce.t.__x86.get_pc_thunk.bx
                0x0000000000011900        0x4 /usr/lib/gcc/i686-linux-gnu/5/../../../i386-linux-gnu/crti.o
                0x0000000000011900                __x86.get_pc_thunk.bx
 *fill*         0x0000000000011904        0xc 
 .text          0x0000000000011910      0x11c /usr/lib/gcc/i686-linux-gnu/5/crtbeginS.o
 .text.__x86.get_pc_thunk.dx
                0x0000000000011a2c        0x4 /usr/lib/gcc/i686-linux-gnu/5/crtbeginS.o
                0x0000000000011a2c                __x86.get_pc_thunk.dx
 .text          0x0000000000011a30      0x457 oxygen_actuator.o
                0x0000000000011a30                wait_for_ack
                0x0000000000011a85                wait_for_discovery
 .text          0x0000000000011e87      0x283 build/cooja/mtype854.o
                0x0000000000011f19                platform_init_stage_one
                0x0000000000011f2c                platform_init_stage_two
                0x0000000000011f3f                platform_init_stage_three
                0x0000000000011f52                platform_main_loop
                0x0000000000011fc5                Java_org_contikios_cooja_corecomm_Lib6_init
                0x0000000000011ffc                Java_org_contikios_cooja_corecomm_Lib6_getMemory
                0x000000000001202f                Java_org_contikios_cooja_corecomm_Lib6_setMemory
                0x000000000001208f                Java_org_contikios_cooja_corecomm_Lib6_tick
                0x00000000000120f7                Java_org_contikios_cooja_corecomm_Lib6_setReferenceAddress
 .text          0x000000000001210a       0x65 build/cooja/mtype854.a(simEnvChange.o)
                0x000000000001210a                doActionsBeforeTick
                0x000000000001213c                doActionsAfterTick
 .text          0x000000000001216f       0x83 build/cooja/mtype854.a(cooja_mt.o)
                0x000000000001216f                cooja_mt_start
                0x0000000000012199                cooja_mt_exec
                0x00000000000121cf                cooja_mt_yield
 .text          0x00000000000121f2       0xbe build/cooja/mtype854.a(cooja_mtarch.o)
                0x00000000000121f2                cooja_mtarch_start
                0x0000000000012265                cooja_sw
                0x0000000000012288                cooja_mtarch_exec
                0x00000000000122a5                cooja_mtarch_yield
 .text          0x00000000000122b0       0xc5 build/cooja/mtype854.a(rtimer-arch.o)
                0x00000000000122b0                rtimer_arch_init
                0x00000000000122d4                rtimer_arch_schedule
                0x0000000000012304                rtimer_arch_next
                0x0000000000012314                rtimer_arch_pending
                0x000000000001231e                rtimer_arch_check
                0x0000000000012365                rtimer_arch_now
 .text          0x0000000000012375       0x81 build/cooja/mtype854.a(beep.o)
                0x0000000000012375                beep_alarm
                0x0000000000012382                beep_beep
                0x000000000001238f                beep
                0x000000000001239c                beep_down
                0x00000000000123a9                beep_on
                0x00000000000123b6                beep_off
                0x00000000000123c3                beep_spinup
                0x00000000000123d0                beep_quick
                0x00000000000123dd                beep_long
 .text          0x00000000000123f6       0x65 build/cooja/mtype854.a(leds-arch.o)
                0x0000000000012409                leds_arch_init
 .text          0x000000000001245b       0x35 build/cooja/mtype854.a(moteid.o)
 .text          0x0000000000012490       0xb7 build/cooja/mtype854.a(pir-sensor.o)
 .text          0x0000000000012547      0x148 build/cooja/mtype854.a(rs232.o)
                0x0000000000012547                rs232_init
                0x000000000001254d                rs232_set_speed
                0x000000000001255c                rs232_set_input
                0x000000000001256a                rs232_send
                0x000000000001258e                rs232_print
                0x00000000000125aa                slip_arch_writeb
 .text          0x000000000001268f       0xb7 build/cooja/mtype854.a(vib-sensor.o)
 .text          0x0000000000012746       0x38 build/cooja/mtype854.a(clock.o)
                0x0000000000012746                clock_init
                0x000000000001274c                clock_time
                0x0000000000012756                clock_seconds
                0x000000000001276c                clock_delay
 .text          0x000000000001277e      0x219 build/cooja/mtype854.a(cooja-log.o)
                0x000000000001277e                simlog_char
                0x00000000000127c1                simlog
                0x0000000000012837                log_message
                0x0000000000012868                log_set_putchar_with_slip
                0x0000000000012876                log_putchar
                0x00000000000128f1                log_puts
                0x0000000000012919                log_printf
 .text          0x0000000000012997      0x2b9 build/cooja/mtype854.a(cfs-cooja.o)
                0x0000000000012997                cfs_open
                0x0000000000012a00                cfs_close
                0x0000000000012a0d                cfs_read
                0x0000000000012aa2                cfs_write
                0x0000000000012b7e                cfs_seek
                0x0000000000012c06                cfs_remove
                0x0000000000012c2a                cfs_opendir
                0x0000000000012c34                cfs_readdir
                0x0000000000012c3e                cfs_closedir
 .text          0x0000000000012c50      0x62b build/cooja/mtype854.a(cooja-radio.o)
                0x0000000000012c92                radio_set_channel
                0x0000000000012ca0                radio_set_txpower
                0x0000000000012cb8                radio_signal_strength_last
                0x0000000000012cc2                radio_signal_strength_current
                0x0000000000012ccc                radio_LQI
 .text          0x000000000001327b       0xee build/cooja/mtype854.a(eeprom.o)
                0x000000000001327b                eeprom_init
                0x0000000000013281                eeprom_read
                0x00000000000132ef                eeprom_write
 .text          0x0000000000013369       0x2d build/cooja/mtype854.a(random.o)
                0x0000000000013369                random_init
                0x0000000000013389                random_rand
 .text          0x0000000000013396      0x29c build/cooja/mtype854.a(sensors.o)
                0x00000000000133d1                sensors_first
                0x00000000000133db                sensors_next
                0x00000000000133f5                sensors_changed
                0x0000000000013429                sensors_find
 .text          0x0000000000013632      0x349 build/cooja/mtype854.a(leds.o)
                0x0000000000013632                leds_init
                0x0000000000013679                leds_single_on
                0x00000000000136d8                leds_single_off
                0x0000000000013737                leds_single_toggle
                0x0000000000013769                leds_on
                0x00000000000137eb                leds_off
                0x000000000001386d                leds_toggle
                0x00000000000138c2                leds_set
                0x00000000000138ee                leds_get
 .text          0x000000000001397b      0x343 build/cooja/mtype854.a(gpio-hal-arch.o)
                0x000000000001397b                gpio_hal_arch_register_pin_callback
                0x00000000000139e7                gpio_hal_arch_init
                0x0000000000013a2c                gpio_hal_arch_no_port_interrupt_enable
                0x0000000000013a5c                gpio_hal_arch_no_port_interrupt_disable
                0x0000000000013a8c                gpio_hal_arch_no_port_pin_cfg_set
                0x0000000000013ab1                gpio_hal_arch_no_port_pin_cfg_get
                0x0000000000013ad7                gpio_hal_arch_no_port_pin_set_input
                0x0000000000013ae9                gpio_hal_arch_no_port_pin_set_output
                0x0000000000013afb                gpio_hal_arch_no_port_set_pin
                0x0000000000013b1c                gpio_hal_arch_no_port_clear_pin
                0x0000000000013b3d                gpio_hal_arch_no_port_read_pin
                0x0000000000013b63                gpio_hal_arch_no_port_write_pin
                0x0000000000013b8d                gpio_hal_arch_no_port_set_pins
                0x0000000000013bd4                gpio_hal_arch_no_port_clear_pins
                0x0000000000013c1b                gpio_hal_arch_no_port_read_pins
                0x0000000000013c5e                gpio_hal_arch_no_port_write_pins
 .text          0x0000000000013cbe       0x89 build/cooja/mtype854.a(buttons.o)
 .text          0x0000000000013d47       0x48 build/cooja/mtype854.a(oxygen_generato)
 .text          0x0000000000013d8f      0x6ee build/cooja/mtype854.a(coap-observe-cl)
                0x0000000000013e2d                coap_obs_add_observee
                0x0000000000013ec9                coap_obs_remove_observee
                0x0000000000013ef9                coap_get_obs_subject_by_token
                0x0000000000013f61                coap_obs_remove_observee_by_token
                0x0000000000013ff4                coap_obs_remove_observee_by_url
                0x000000000001414c                coap_handle_notification
                0x00000000000142a7                coap_generate_token
                0x00000000000142c9                coap_obs_request_registration
 .text          0x000000000001447d      0x27b build/cooja/mtype854.a(coap-blocking-a)
                0x000000000001447d                coap_blocking_request_callback
                0x00000000000144a7                coap_blocking_request
 .text          0x00000000000146f8      0xc26 build/cooja/mtype854.a(coap-engine.o)
                0x000000000001478d                coap_add_handler
                0x00000000000147aa                coap_remove_handler
                0x00000000000147c7                coap_call_handlers
                0x00000000000148cf                coap_receive
                0x0000000000014f06                coap_engine_init
                0x0000000000014f64                coap_activate_resource
                0x000000000001500f                coap_get_first_resource
                0x0000000000015028                coap_get_next_resource
 .text          0x000000000001531e      0x2d9 build/cooja/mtype854.a(coap-res-well-k)
 .text          0x00000000000155f7      0x96a build/cooja/mtype854.a(coap-observe.o)
                0x000000000001570c                coap_remove_observer
                0x000000000001573c                coap_remove_observer_by_client
                0x00000000000157a4                coap_remove_observer_by_token
                0x0000000000015837                coap_remove_observer_by_uri
                0x00000000000158de                coap_remove_observer_by_mid
                0x000000000001595a                coap_notify_observers
                0x0000000000015973                coap_notify_observers_sub
                0x0000000000015ddd                coap_observe_handler
                0x0000000000015ef8                coap_has_observers
 .text          0x0000000000015f61      0x733 build/cooja/mtype854.a(coap-uip.o)
                0x0000000000015f61                coap_endpoint_log
                0x0000000000015fe7                coap_endpoint_print
                0x000000000001606d                coap_endpoint_snprint
                0x00000000000161a0                coap_endpoint_copy
                0x00000000000161dd                coap_endpoint_cmp
                0x00000000000162eb                coap_endpoint_parse
                0x00000000000164d6                coap_endpoint_is_secure
                0x00000000000164e5                coap_endpoint_is_connected
                0x0000000000016519                coap_endpoint_connect
                0x0000000000016535                coap_endpoint_disconnect
                0x000000000001653b                coap_databuf
                0x0000000000016545                coap_transport_init
                0x0000000000016595                coap_sendto
 .text          0x0000000000016694      0x324 build/cooja/mtype854.a(coap-timer.o)
                0x0000000000016791                coap_timer_stop
                0x00000000000167bc                coap_timer_set
                0x00000000000167ff                coap_timer_reset
                0x0000000000016842                coap_timer_time_to_next_expiration
                0x00000000000168ae                coap_timer_run
                0x000000000001697a                coap_timer_init
 .text          0x00000000000169b8      0x2c6 build/cooja/mtype854.a(coap-transactio)
                0x0000000000016a1e                coap_new_transaction
                0x0000000000016a84                coap_send_transaction
                0x0000000000016be5                coap_clear_transaction
                0x0000000000016c2d                coap_get_transaction_by_mid
 .text          0x0000000000016c7e     0x1ceb build/cooja/mtype854.a(coap.o)
                0x00000000000171eb                coap_init_connection
                0x00000000000171ff                coap_get_mid
                0x000000000001721b                coap_init_message
                0x0000000000017264                coap_serialize_message
                0x00000000000178e6                coap_parse_message
                0x0000000000017fe5                coap_get_query_variable
                0x0000000000018027                coap_get_post_variable
                0x000000000001806b                coap_set_status_code
                0x0000000000018090                coap_set_token
                0x00000000000180d7                coap_get_header_content_format
                0x0000000000018108                coap_set_header_content_format
                0x000000000001812b                coap_get_header_accept
                0x000000000001815c                coap_set_header_accept
                0x000000000001817f                coap_get_header_max_age
                0x00000000000181b0                coap_set_header_max_age
                0x00000000000181d0                coap_get_header_etag
                0x0000000000018202                coap_set_header_etag
                0x0000000000018259                coap_get_header_if_match
                0x000000000001828b                coap_set_header_if_match
                0x00000000000182e2                coap_get_header_if_none_match
                0x00000000000182fc                coap_set_header_if_none_match
                0x0000000000018313                coap_get_header_proxy_uri
                0x0000000000018341                coap_set_header_proxy_uri
                0x000000000001837e                coap_get_header_uri_host
                0x00000000000183ac                coap_set_header_uri_host
                0x00000000000183e9                coap_get_header_uri_path
                0x0000000000018417                coap_set_header_uri_path
                0x0000000000018464                coap_get_header_uri_query
                0x0000000000018498                coap_set_header_uri_query
                0x00000000000184ee                coap_get_header_location_path
                0x000000000001851c                coap_set_header_location_path
                0x00000000000185b5                coap_get_header_location_query
                0x00000000000185e3                coap_set_header_location_query
                0x0000000000018630                coap_get_header_observe
                0x000000000001865f                coap_set_header_observe
                0x000000000001867f                coap_get_header_block2
                0x00000000000186eb                coap_set_header_block2
                0x0000000000018762                coap_get_header_block1
                0x00000000000187d7                coap_set_header_block1
                0x0000000000018852                coap_get_header_size2
                0x0000000000018882                coap_set_header_size2
                0x00000000000188a5                coap_get_header_size1
                0x00000000000188d5                coap_set_header_size1
                0x00000000000188f8                coap_get_payload
                0x0000000000018932                coap_set_payload
 .text          0x0000000000018969      0x332 build/cooja/mtype854.a(contiki-main.o)
                0x0000000000018969                main
 .text          0x0000000000018c9b       0x92 build/cooja/mtype854.a(autostart.o)
                0x0000000000018c9b                autostart_start
                0x0000000000018ce5                autostart_exit
 .text          0x0000000000018d2d      0x355 build/cooja/mtype854.a(ctimer.o)
                0x0000000000018e55                ctimer_init
                0x0000000000018e88                ctimer_set
                0x0000000000018eae                ctimer_set_with_process
                0x0000000000018f2b                ctimer_reset
                0x0000000000018f7f                ctimer_restart
                0x0000000000018fd3                ctimer_stop
                0x0000000000019023                ctimer_expired
 .text          0x0000000000019082      0x3d7 build/cooja/mtype854.a(log.o)
                0x0000000000019082                log_6addr
                0x00000000000190d5                log_6addr_compact_snprint
                0x0000000000019173                log_6addr_compact
                0x00000000000191c6                log_lladdr
                0x0000000000019238                log_lladdr_compact
                0x00000000000192a0                log_bytes
                0x00000000000192e3                log_set_level
                0x000000000001939e                log_get_level
                0x0000000000019417                log_level_to_str
 .text          0x0000000000019459       0x1b build/cooja/mtype854.a(energest.o)
                0x0000000000019459                energest_init
                0x000000000001945f                energest_flush
                0x0000000000019465                energest_get_total_time
 .text          0x0000000000019474      0x43f build/cooja/mtype854.a(etimer.o)
                0x0000000000019698                etimer_request_poll
                0x0000000000019721                etimer_set
                0x000000000001974a                etimer_reset_with_new_interval
                0x0000000000019779                etimer_reset
                0x000000000001979f                etimer_restart
                0x00000000000197c5                etimer_adjust
                0x00000000000197e2                etimer_expired
                0x00000000000197f5                etimer_expiration_time
                0x0000000000019807                etimer_start_time
                0x0000000000019811                etimer_pending
                0x0000000000019823                etimer_next_expiration_time
                0x000000000001983d                etimer_stop
 .text          0x00000000000198b3       0x25 build/cooja/mtype854.a(node-id.o)
                0x00000000000198b3                node_id_init
 .text          0x00000000000198d8       0xeb build/cooja/mtype854.a(rtimer.o)
                0x00000000000198d8                rtimer_init
                0x00000000000198e6                rtimer_set
                0x0000000000019961                rtimer_run_next
 .text          0x00000000000199c3      0x4fb build/cooja/mtype854.a(process.o)
                0x00000000000199c3                process_alloc_event
                0x00000000000199d8                process_start
                0x0000000000019bb2                process_exit
                0x0000000000019bcf                process_init
                0x0000000000019d64                process_run
                0x0000000000019d97                process_nevents
                0x0000000000019db2                process_post
                0x0000000000019e45                process_post_synch
                0x0000000000019e7a                process_poll
                0x0000000000019eaa                process_is_running
 .text          0x0000000000019ebe       0xb1 build/cooja/mtype854.a(timer.o)
                0x0000000000019ebe                timer_set
                0x0000000000019edc                timer_reset
                0x0000000000019f09                timer_restart
                0x0000000000019f1e                timer_expired
                0x0000000000019f4b                timer_remaining
 .text          0x0000000000019f6f      0x28f build/cooja/mtype854.a(list.o)
                0x0000000000019f6f                list_init
                0x0000000000019f7e                list_head
                0x0000000000019f88                list_copy
                0x0000000000019f98                list_tail
                0x0000000000019fce                list_add
                0x000000000001a01a                list_push
                0x000000000001a046                list_chop
                0x000000000001a0b0                list_pop
                0x000000000001a0d8                list_remove
                0x000000000001a140                list_length
                0x000000000001a16e                list_insert
                0x000000000001a1b3                list_item_next
                0x000000000001a1ca                list_contains
 .text          0x000000000001a1fe      0x1b5 build/cooja/mtype854.a(memb.o)
                0x000000000001a1fe                memb_init
                0x000000000001a253                memb_alloc
                0x000000000001a2b6                memb_free
                0x000000000001a32d                memb_inmemb
                0x000000000001a36c                memb_numfree
 .text          0x000000000001a3b3      0x493 build/cooja/mtype854.a(button-hal.o)
                0x000000000001a53f                button_hal_get_by_id
                0x000000000001a57d                button_hal_get_by_index
                0x000000000001a5a9                button_hal_get_state
                0x000000000001a5fb                button_hal_init
 .text          0x000000000001a846      0x1f3 build/cooja/mtype854.a(serial-line.o)
                0x000000000001a846                serial_line_input_byte
                0x000000000001aa04                serial_line_init
 .text          0x000000000001aa39      0x168 build/cooja/mtype854.a(gpio-hal.o)
                0x000000000001aa39                gpio_hal_register_handler
                0x000000000001aa56                gpio_hal_event_handler
                0x000000000001aab2                gpio_hal_init
                0x000000000001aad1                gpio_hal_arch_port_toggle_pin
                0x000000000001ab0d                gpio_hal_arch_port_toggle_pins
                0x000000000001ab3b                gpio_hal_arch_no_port_toggle_pin
                0x000000000001ab79                gpio_hal_arch_no_port_toggle_pins
 .text          0x000000000001aba1      0x2e7 build/cooja/mtype854.a(queuebuf.o)
                0x000000000001abab                queuebuf_init
                0x000000000001abd4                queuebuf_numfree
                0x000000000001abec                queuebuf_new_from_packetbuf
                0x000000000001ac8b                queuebuf_update_attr_from_packetbuf
                0x000000000001acc0                queuebuf_update_from_packetbuf
                0x000000000001ad10                queuebuf_free
                0x000000000001ad59                queuebuf_to_packetbuf
                0x000000000001adc5                queuebuf_dataptr
                0x000000000001adff                queuebuf_datalen
                0x000000000001ae22                queuebuf_addr
                0x000000000001ae57                queuebuf_attr
                0x000000000001ae82                queuebuf_debug_print
 .text          0x000000000001ae88      0x407 build/cooja/mtype854.a(packetbuf.o)
                0x000000000001ae88                packetbuf_clear
                0x000000000001aeb3                packetbuf_copyfrom
                0x000000000001af02                packetbuf_copyto
                0x000000000001af95                packetbuf_hdralloc
                0x000000000001b011                packetbuf_hdrreduce
                0x000000000001b057                packetbuf_set_datalen
                0x000000000001b071                packetbuf_dataptr
                0x000000000001b08e                packetbuf_hdrptr
                0x000000000001b098                packetbuf_datalen
                0x000000000001b0a4                packetbuf_hdrlen
                0x000000000001b0bb                packetbuf_totlen
                0x000000000001b0d1                packetbuf_remaininglen
                0x000000000001b0e4                packetbuf_attr_clear
                0x000000000001b130                packetbuf_attr_copyto
                0x000000000001b188                packetbuf_attr_copyfrom
                0x000000000001b1e0                packetbuf_set_attr
                0x000000000001b20a                packetbuf_attr
                0x000000000001b224                packetbuf_set_addr
                0x000000000001b255                packetbuf_addr
                0x000000000001b272                packetbuf_holds_broadcast
 .text          0x000000000001b28f       0xef build/cooja/mtype854.a(netstack.o)
                0x000000000001b28f                netstack_process_ip_callback
                0x000000000001b320                netstack_ip_packet_processor_add
                0x000000000001b343                uip_ds6_ip_packet_processor_rm
                0x000000000001b360                netstack_init
 .text          0x000000000001b37e       0x4f build/cooja/mtype854.a(linkaddr.o)
                0x000000000001b37e                linkaddr_copy
                0x000000000001b394                linkaddr_cmp
                0x000000000001b3b7                linkaddr_set_node_addr
 .text          0x000000000001b3cd      0x229 build/cooja/mtype854.a(csma.o)
 .text          0x000000000001b5f6      0x95d build/cooja/mtype854.a(csma-output.o)
                0x000000000001bc8d                csma_output_packet
                0x000000000001bf1a                csma_output_init
 .text          0x000000000001bf53      0xc11 build/cooja/mtype854.a(uip-ds6.o)
                0x000000000001bf53                uip_ds6_default_prefix
                0x000000000001bf5d                uip_ds6_set_default_prefix
                0x000000000001bf88                uip_ds6_init
                0x000000000001c1ea                uip_ds6_periodic
                0x000000000001c271                uip_ds6_list_loop
                0x000000000001c331                uip_ds6_prefix_add
                0x000000000001c3dd                uip_ds6_prefix_rm
                0x000000000001c3f0                uip_ds6_prefix_lookup
                0x000000000001c42f                uip_ds6_is_addr_onlink
                0x000000000001c4a2                uip_ds6_addr_add
                0x000000000001c5c2                uip_ds6_addr_rm
                0x000000000001c66b                uip_ds6_addr_lookup
                0x000000000001c6a4                uip_ds6_get_link_local
                0x000000000001c725                uip_ds6_get_global
                0x000000000001c7a6                uip_ds6_maddr_add
                0x000000000001c806                uip_ds6_maddr_rm
                0x000000000001c819                uip_ds6_maddr_lookup
                0x000000000001c852                uip_ds6_aaddr_add
                0x000000000001c8b2                uip_ds6_aaddr_rm
                0x000000000001c8c5                uip_ds6_aaddr_lookup
                0x000000000001c8fe                uip_ds6_select_src
                0x000000000001ca47                uip_ds6_set_addr_iid
                0x000000000001ca72                uip_ds6_set_lladdr_from_iid
                0x000000000001ca9b                get_match_length
                0x000000000001cb2c                uip_ds6_compute_reachable_time
 .text          0x000000000001cb64      0x128 build/cooja/mtype854.a(uip-udp-packet.)
                0x000000000001cb64                uip_udp_packet_send
                0x000000000001cbbf                uip_udp_packet_sendto
 .text          0x000000000001cc8c      0x365 build/cooja/mtype854.a(uip-ds6-route.o)
                0x000000000001ccdd                uip_ds6_route_init
                0x000000000001cd07                uip_ds6_route_count_nexthop_neighbors
                0x000000000001cd11                uip_ds6_route_nexthop
                0x000000000001cd1b                uip_ds6_route_head
                0x000000000001cd25                uip_ds6_route_next
                0x000000000001cd2f                uip_ds6_route_is_nexthop
                0x000000000001cd39                uip_ds6_route_num_routes
                0x000000000001cd43                uip_ds6_route_lookup
                0x000000000001cd4d                uip_ds6_route_add
                0x000000000001cd60                uip_ds6_route_rm
                0x000000000001cd66                uip_ds6_route_rm_by_nexthop
                0x000000000001cd6c                uip_ds6_defrt_head
                0x000000000001cd85                uip_ds6_defrt_add
                0x000000000001ce33                uip_ds6_defrt_rm
                0x000000000001ce99                uip_ds6_defrt_lookup
                0x000000000001cf00                uip_ds6_defrt_choose
                0x000000000001cf76                uip_ds6_defrt_periodic
 .text          0x000000000001cff1      0x6f7 build/cooja/mtype854.a(tcpip.o)
                0x000000000001d00b                tcpip_output
                0x000000000001d08a                udp_attach
                0x000000000001d0a2                udp_new
                0x000000000001d0ec                udp_broadcast_new
                0x000000000001d25e                tcpip_input
                0x000000000001d3ee                tcpip_ipv6_output
                0x000000000001d5e2                tcpip_poll_udp
                0x000000000001d600                tcpip_uipcall
 .text          0x000000000001d6e8     0x1205 build/cooja/mtype854.a(uip6.o)
                0x000000000001d797                uip_chksum
                0x000000000001d86e                uip_icmp6chksum
                0x000000000001d883                uip_udpchksum
                0x000000000001d898                uip_init
                0x000000000001d8e1                uip_remove_ext_hdr
                0x000000000001d9bb                uip_udp_new
                0x000000000001dccf                uip_process
                0x000000000001e7c7                uip_htons
                0x000000000001e7e9                uip_htonl
                0x000000000001e827                uip_send
 .text          0x000000000001e8ed      0x369 build/cooja/mtype854.a(uip-ds6-nbr.o)
                0x000000000001e8ed                uip_ds6_neighbors_init
                0x000000000001e911                uip_ds6_nbr_add
                0x000000000001e997                uip_ds6_nbr_rm
                0x000000000001e9e2                uip_ds6_nbr_update_ll
                0x000000000001ead0                uip_ds6_nbr_get_ipaddr
                0x000000000001eae5                uip_ds6_nbr_get_ll
                0x000000000001eb01                uip_ds6_nbr_num
                0x000000000001eb4a                uip_ds6_nbr_head
                0x000000000001eb63                uip_ds6_nbr_next
                0x000000000001eb7f                uip_ds6_nbr_lookup
                0x000000000001ebd7                uip_ds6_nbr_ll_lookup
                0x000000000001ebf3                uip_ds6_nbr_ipaddr_from_lladdr
                0x000000000001ec1c                uip_ds6_nbr_lladdr_from_ipaddr
                0x000000000001ec50                uip_ds6_link_callback
 .text          0x000000000001ec56      0x6ad build/cooja/mtype854.a(uip-nd6.o)
                0x000000000001f2ea                uip_nd6_init
 .text          0x000000000001f303     0x2f35 build/cooja/mtype854.a(sicslowpan.o)
                0x000000000001f90a                netstack_sniffer_add
                0x000000000001f918                netstack_sniffer_remove
                0x000000000002220c                sicslowpan_init
                0x000000000002222e                sicslowpan_get_last_rssi
 .text          0x0000000000022238      0x4d1 build/cooja/mtype854.a(uiplib.o)
                0x0000000000022238                uiplib_ip6addrconv
                0x00000000000223f0                uiplib_ip4addrconv
                0x00000000000224b3                uiplib_ipaddr_print
                0x0000000000022506                uiplib_ipaddr_snprint
 .text          0x0000000000022709      0x4c9 build/cooja/mtype854.a(rpl.o)
                0x0000000000022709                rpl_lollipop_greater_than
                0x0000000000022763                rpl_get_global_address
                0x000000000002285b                rpl_link_callback
                0x000000000002289f                rpl_has_joined
                0x00000000000228c4                rpl_is_reachable
                0x0000000000022945                rpl_reset_prefix
                0x00000000000229af                rpl_set_prefix_from_addr
                0x0000000000022a94                rpl_set_prefix
                0x0000000000022bae                rpl_set_leaf_only
                0x0000000000022bc6                rpl_get_leaf_only
 .text          0x0000000000022bd2     0x138c build/cooja/mtype854.a(rpl-icmp6.o)
                0x0000000000022cf7                rpl_icmp6_update_nbr_table
                0x0000000000022d80                rpl_icmp6_dis_output
                0x00000000000233c6                rpl_icmp6_dio_output
                0x0000000000023bc4                rpl_icmp6_dao_output
                0x0000000000023ea5                rpl_icmp6_dao_ack_output
                0x0000000000023f15                rpl_icmp6_init
 .text          0x0000000000023f5e      0x264 build/cooja/mtype854.a(rpl-dag-root.o)
                0x0000000000023f5e                rpl_dag_root_print_links
                0x000000000002408a                rpl_dag_root_set_prefix
                0x00000000000240b6                rpl_dag_root_start
                0x0000000000024193                rpl_dag_root_is_root
 .text          0x00000000000241c2       0x30 build/cooja/mtype854.a(watchdog.o)
                0x00000000000241c2                watchdog_init
                0x00000000000241c8                watchdog_start
                0x00000000000241ce                watchdog_periodic
                0x00000000000241e6                watchdog_stop
                0x00000000000241ec                watchdog_reboot
 .text          0x00000000000241f2       0x4a build/cooja/mtype854.a(int-master.o)
                0x00000000000241f2                int_master_enable
                0x0000000000024202                int_master_read_and_disable
                0x000000000002421f                int_master_status_set
                0x000000000002422d                int_master_is_enabled
 .text          0x000000000002423c      0x226 build/cooja/mtype854.a(coap-timer-defa)
 .text          0x0000000000024462       0xc7 build/cooja/mtype854.a(stimer.o)
                0x0000000000024462                stimer_set
                0x0000000000024480                stimer_reset
                0x00000000000244ad                stimer_restart
                0x00000000000244c2                stimer_expired
                0x00000000000244ed                stimer_remaining
                0x0000000000024511                stimer_elapsed
 .text          0x0000000000024529      0x156 build/cooja/mtype854.a(ringbuf.o)
                0x0000000000024529                ringbuf_init
                0x000000000002455b                ringbuf_put
                0x00000000000245d9                ringbuf_get
                0x0000000000024646                ringbuf_size
                0x0000000000024658                ringbuf_elements
 .text          0x000000000002467f       0x1f build/cooja/mtype854.a(assert.o)
                0x000000000002467f                _xassert
 .text          0x000000000002469e      0x9aa build/cooja/mtype854.a(nbr-table.o)
                0x00000000000249c1                nbr_table_count_entries
                0x0000000000024a4f                nbr_table_gc_get_worst
                0x0000000000024a85                nbr_table_can_accept_new
                0x0000000000024be0                nbr_table_entry_is_allowed
                0x0000000000024c64                nbr_table_register
                0x0000000000024cd1                nbr_table_is_registered
                0x0000000000024d0c                nbr_table_head
                0x0000000000024d67                nbr_table_next
                0x0000000000024dc8                nbr_table_add_lladdr
                0x0000000000024f00                nbr_table_get_from_lladdr
                0x0000000000024f4c                nbr_table_remove
                0x0000000000024f84                nbr_table_lock
                0x0000000000024f9e                nbr_table_unlock
                0x0000000000024fb8                nbr_table_get_lladdr
                0x0000000000024fe4                nbr_table_clear
                0x0000000000025019                nbr_table_key_head
                0x0000000000025032                nbr_table_key_next
 .text          0x0000000000025048      0x3a5 build/cooja/mtype854.a(link-stats.o)
                0x0000000000025048                link_stats_from_lladdr
                0x0000000000025064                link_stats_get_lladdr
                0x0000000000025080                link_stats_is_fresh
                0x00000000000250bc                guess_etx_from_rssi
                0x0000000000025138                link_stats_packet_sent
                0x0000000000025258                link_stats_input_callback
                0x0000000000025368                link_stats_reset
                0x00000000000253b8                link_stats_init
 .text          0x00000000000253ed      0x187 build/cooja/mtype854.a(mac-sequence.o)
                0x00000000000253ed                mac_sequence_is_duplicate
                0x000000000002548d                mac_sequence_register_seqno
 .text          0x0000000000025574       0x23 build/cooja/mtype854.a(mac.o)
                0x0000000000025574                mac_call_sent_callback
 .text          0x0000000000025597      0x432 build/cooja/mtype854.a(framer-802154.o)
                0x0000000000025726                framer_802154_setup_params
 .text          0x00000000000259c9      0xb6f build/cooja/mtype854.a(frame802154.o)
                0x00000000000259fa                frame802154_get_pan_id
                0x0000000000025a06                frame802154_set_pan_id
                0x0000000000025a20                frame802154_has_panid
                0x0000000000025bcf                frame802154_check_dest_panid
                0x0000000000025c57                frame802154_is_broadcast_addr
                0x0000000000025ca4                frame802154_extract_linkaddr
                0x0000000000025f09                frame802154_hdrlen
                0x0000000000025f7c                frame802154_create_fcf
                0x0000000000026034                frame802154_create
                0x00000000000261a9                frame802154_parse_fcf
                0x000000000002628b                frame802154_parse
 .text          0x0000000000026538       0x2d build/cooja/mtype854.a(csma-security.o)
                0x0000000000026538                csma_security_create_frame
                0x0000000000026556                csma_security_parse_frame
 .text          0x0000000000026565      0x509 build/cooja/mtype854.a(uipbuf.o)
                0x0000000000026565                uipbuf_clear
                0x000000000002658c                uipbuf_add_ext_hdr
                0x000000000002660c                uipbuf_set_len
                0x0000000000026639                uipbuf_set_len_field
                0x0000000000026665                uipbuf_get_len_field
                0x0000000000026685                uipbuf_get_next_header
                0x00000000000267b7                uipbuf_get_last_header
                0x0000000000026830                uipbuf_search_header
                0x00000000000268e6                uipbuf_get_attr
                0x000000000002690d                uipbuf_set_attr
                0x0000000000026944                uipbuf_set_default_attr
                0x000000000002697b                uipbuf_clear_attr
                0x00000000000269c4                uipbuf_set_attr_flag
                0x00000000000269e5                uipbuf_clr_attr_flag
                0x0000000000026a0c                uipbuf_is_attr_flag
                0x0000000000026a30                uipbuf_init
 .text          0x0000000000026a6e      0x73f build/cooja/mtype854.a(uip-icmp6.o)
                0x0000000000026ae3                uip_icmp6_input
                0x0000000000026b3a                uip_icmp6_register_input_handler
                0x0000000000026c8d                uip_icmp6_error_output
                0x0000000000026f3e                uip_icmp6_send
                0x0000000000027135                uip_icmp6_echo_reply_callback_add
                0x0000000000027167                uip_icmp6_echo_reply_callback_rm
                0x0000000000027184                uip_icmp6_init
 .text          0x00000000000271ad      0x69b build/cooja/mtype854.a(uip-sr.o)
                0x00000000000271ad                uip_sr_num_nodes
                0x000000000002723b                uip_sr_get_node
                0x0000000000027292                uip_sr_is_addr_reachable
                0x0000000000027340                uip_sr_expire_parent
                0x0000000000027389                uip_sr_update_node
                0x00000000000274b9                uip_sr_init
                0x00000000000274ed                uip_sr_node_head
                0x0000000000027506                uip_sr_node_next
                0x000000000002751c                uip_sr_periodic
                0x0000000000027622                uip_sr_free_all
                0x0000000000027692                uip_sr_link_snprint
 .text          0x0000000000027848      0x146 build/cooja/mtype854.a(uip-packetqueue)
                0x0000000000027876                uip_packetqueue_new
                0x0000000000027885                uip_packetqueue_alloc
                0x00000000000278e0                uip_packetqueue_free
                0x0000000000027927                uip_packetqueue_buf
                0x0000000000027944                uip_packetqueue_buflen
                0x0000000000027965                uip_packetqueue_set_buflen
 .text          0x000000000002798e       0x70 build/cooja/mtype854.a(rpl-nbr-policy.)
                0x00000000000279c7                rpl_nbr_gc_get_worst
 .text          0x00000000000279fe      0x915 build/cooja/mtype854.a(rpl-neighbor.o)
                0x0000000000027a7a                rpl_neighbor_snprint
                0x0000000000027d2d                rpl_neighbor_print_list
                0x0000000000027de2                rpl_neighbor_count
                0x0000000000027e89                rpl_neighbor_get_from_lladdr
                0x0000000000027ea5                rpl_neighbor_is_acceptable_parent
                0x0000000000027ed9                rpl_neighbor_get_link_metric
                0x0000000000027f0d                rpl_neighbor_rank_via_nbr
                0x0000000000027f41                rpl_neighbor_get_lladdr
                0x0000000000027f5d                rpl_neighbor_get_ipaddr
                0x0000000000027f84                rpl_neighbor_get_link_stats
                0x0000000000027fab                rpl_neighbor_is_fresh
                0x0000000000027fd2                rpl_neighbor_is_reachable
                0x000000000002801d                rpl_neighbor_is_parent
                0x0000000000028047                rpl_neighbor_set_preferred_parent
                0x00000000000280de                rpl_neighbor_remove_all
                0x000000000002813a                rpl_neighbor_get_from_ipaddr
                0x0000000000028248                rpl_neighbor_select_best
                0x00000000000282f4                rpl_neighbor_init
 .text          0x0000000000028313      0xe69 build/cooja/mtype854.a(rpl-dag.o)
                0x0000000000028313                rpl_dag_state_to_str
                0x0000000000028352                rpl_dag_get_root_ipaddr
                0x000000000002839a                rpl_dag_leave
                0x0000000000028423                rpl_dag_poison_and_leave
                0x000000000002843b                rpl_dag_periodic
                0x00000000000284c3                rpl_is_addr_in_our_dag
                0x0000000000028507                rpl_get_default_instance
                0x0000000000028523                rpl_get_any_dag
                0x000000000002857c                rpl_refresh_routes
                0x00000000000285bc                rpl_global_repair
                0x0000000000028655                rpl_local_repair
                0x000000000002869f                rpl_dag_ready_to_advertise
                0x00000000000286e2                rpl_dag_update_state
                0x0000000000028e0f                rpl_process_dio
                0x0000000000028e8d                rpl_process_dis
                0x0000000000028ed2                rpl_process_dao
                0x0000000000028f61                rpl_process_dao_ack
                0x0000000000028ff8                rpl_process_hbh
                0x0000000000029048                rpl_dag_init_root
                0x000000000002915c                rpl_dag_init
 .text          0x000000000002917c      0x9e7 build/cooja/mtype854.a(rpl-timers.o)
                0x000000000002917c                rpl_timers_schedule_periodic_dis
                0x00000000000292ca                rpl_timers_dio_reset
                0x00000000000293d8                rpl_timers_schedule_unicast_dio
                0x000000000002952c                rpl_timers_schedule_dao
                0x00000000000295eb                rpl_timers_schedule_dao_ack
                0x0000000000029671                rpl_timers_notify_dao_ack
                0x00000000000296cf                get_probing_delay
                0x0000000000029703                get_probing_target
                0x00000000000298ed                rpl_schedule_probing
                0x000000000002991b                rpl_schedule_probing_now
                0x0000000000029985                rpl_timers_unschedule_leaving
                0x00000000000299bd                rpl_timers_schedule_leaving
                0x00000000000299fe                rpl_timers_init
                0x0000000000029a8e                rpl_timers_stop_dag_timers
                0x0000000000029b07                rpl_timers_unschedule_state_update
                0x0000000000029b2b                rpl_timers_schedule_state_update
 .text          0x0000000000029b63      0xbd8 build/cooja/mtype854.a(rpl-ext-header.)
                0x0000000000029b63                rpl_ext_header_srh_get_next_hop
                0x0000000000029c4a                rpl_ext_header_srh_update
                0x000000000002a200                rpl_ext_header_hbh_update
                0x000000000002a500                rpl_ext_header_update
                0x000000000002a589                rpl_ext_header_remove
 .text          0x000000000002a73b      0x31b build/cooja/mtype854.a(rpl-mrhof.o)
 *fill*         0x000000000002aa56        0xa 
 .text          0x000000000002aa60      0x122 /usr/lib/gcc/i686-linux-gnu/5/libgcc.a(_udivdi3.o)
                0x000000000002aa60                __udivdi3
 .text          0x000000000002ab82        0x0 /usr/lib/gcc/i686-linux-gnu/5/crtendS.o
 .text          0x000000000002ab82        0x0 /usr/lib/gcc/i686-linux-gnu/5/../../../i386-linux-gnu/crtn.o
 *(.gnu.warning)

.fini           0x000000000002ab84       0x14
 *(SORT(.fini))
 .fini          0x000000000002ab84        0xf /usr/lib/gcc/i686-linux-gnu/5/../../../i386-linux-gnu/crti.o
                0x000000000002ab84                _fini
 .fini          0x000000000002ab93        0x5 /usr/lib/gcc/i686-linux-gnu/5/../../../i386-linux-gnu/crtn.o
                [!provide]                        PROVIDE (__etext, .)
                [!provide]                        PROVIDE (_etext, .)
                [!provide]                        PROVIDE (etext, .)

.rodata         0x000000000002aba0      0xb6b
 *(.rodata .rodata.* .gnu.linkonce.r.*)
 .rodata        0x000000000002aba0      0x1b5 oxygen_actuator.o
                0x000000000002ac60                autostart_processes
 *fill*         0x000000000002ad55        0x3 
 .rodata        0x000000000002ad58        0x8 build/cooja/mtype854.a(beep.o)
                0x000000000002ad58                beep_interface
 .rodata        0x000000000002ad60        0xe build/cooja/mtype854.a(leds-arch.o)
                0x000000000002ad60                leds_interface
                0x000000000002ad68                leds_arch_leds
 *fill*         0x000000000002ad6e        0x2 
 .rodata        0x000000000002ad70        0x8 build/cooja/mtype854.a(moteid.o)
                0x000000000002ad70                moteid_interface
 .rodata        0x000000000002ad78       0x1c build/cooja/mtype854.a(pir-sensor.o)
                0x000000000002ad78                pir_interface
                0x000000000002ad84                pir_sensor
 .rodata        0x000000000002ad94        0xe build/cooja/mtype854.a(rs232.o)
                0x000000000002ad94                rs232_interface
 *fill*         0x000000000002ada2        0x2 
 .rodata        0x000000000002ada4       0x24 build/cooja/mtype854.a(vib-sensor.o)
                0x000000000002ada4                vib_interface
                0x000000000002adb8                vib_sensor
 .rodata        0x000000000002adc8        0x8 build/cooja/mtype854.a(clock.o)
                0x000000000002adc8                clock_interface
 .rodata        0x000000000002add0        0x8 build/cooja/mtype854.a(cooja-log.o)
                0x000000000002add0                simlog_interface
 .rodata        0x000000000002add8       0x2f build/cooja/mtype854.a(cfs-cooja.o)
                0x000000000002add8                cfs_interface
 *fill*         0x000000000002ae07       0x19 
 .rodata        0x000000000002ae20       0xb8 build/cooja/mtype854.a(cooja-radio.o)
                0x000000000002ae20                radio_interface
                0x000000000002aea0                cooja_radio_driver
 .rodata        0x000000000002aed8        0x8 build/cooja/mtype854.a(eeprom.o)
                0x000000000002aed8                eeprom_interface
 .rodata        0x000000000002aee0        0x8 build/cooja/mtype854.a(sensors.o)
 .rodata        0x000000000002aee8       0x2c build/cooja/mtype854.a(buttons.o)
                0x000000000002aee8                button_interface
                0x000000000002aefc                button_hal_button_count
                0x000000000002af04                button_sensor
 .rodata        0x000000000002af14       0x4c build/cooja/mtype854.a(oxygen_generato)
 .rodata        0x000000000002af60       0x41 build/cooja/mtype854.a(coap-engine.o)
 .rodata        0x000000000002afa1       0x19 build/cooja/mtype854.a(coap-res-well-k)
 .rodata        0x000000000002afba       0x11 build/cooja/mtype854.a(coap-observe.o)
 .rodata        0x000000000002afcb       0x35 build/cooja/mtype854.a(coap-uip.o)
 .rodata        0x000000000002b000      0x1ac build/cooja/mtype854.a(coap.o)
 .rodata        0x000000000002b1ac       0xf8 build/cooja/mtype854.a(contiki-main.o)
 .rodata        0x000000000002b2a4        0xf build/cooja/mtype854.a(ctimer.o)
 *fill*         0x000000000002b2b3        0x1 
 .rodata        0x000000000002b2b4       0xc4 build/cooja/mtype854.a(log.o)
 .rodata        0x000000000002b378        0xc build/cooja/mtype854.a(etimer.o)
 .rodata        0x000000000002b384       0x13 build/cooja/mtype854.a(button-hal.o)
 .rodata        0x000000000002b397        0xe build/cooja/mtype854.a(serial-line.o)
 *fill*         0x000000000002b3a5        0x3 
 .rodata        0x000000000002b3a8        0x8 build/cooja/mtype854.a(linkaddr.o)
                0x000000000002b3a8                linkaddr_null
 .rodata        0x000000000002b3b0       0x24 build/cooja/mtype854.a(csma.o)
                0x000000000002b3b8                csma_driver
 .rodata        0x000000000002b3d4       0x24 build/cooja/mtype854.a(csma-output.o)
 .rodata        0x000000000002b3f8       0x4d build/cooja/mtype854.a(uip-ds6-route.o)
 .rodata        0x000000000002b445        0xd build/cooja/mtype854.a(tcpip.o)
 *fill*         0x000000000002b452        0x2 
 .rodata        0x000000000002b454       0x30 build/cooja/mtype854.a(sicslowpan.o)
                0x000000000002b454                unc_llconf
                0x000000000002b458                unc_ctxconf
                0x000000000002b45c                unc_mxconf
                0x000000000002b460                llprefix
                0x000000000002b474                sicslowpan_driver
 .rodata        0x000000000002b484       0x2d build/cooja/mtype854.a(uiplib.o)
 *fill*         0x000000000002b4b1        0xf 
 .rodata        0x000000000002b4c0       0x74 build/cooja/mtype854.a(rpl.o)
                0x000000000002b4e0                rpl_lite_driver
 .rodata        0x000000000002b534       0x20 build/cooja/mtype854.a(coap-timer-defa)
                0x000000000002b548                coap_timer_default_driver
 .rodata        0x000000000002b554       0x25 build/cooja/mtype854.a(assert.o)
 *fill*         0x000000000002b579        0x3 
 .rodata        0x000000000002b57c        0xc build/cooja/mtype854.a(framer-802154.o)
                0x000000000002b57c                framer_802154
 .rodata        0x000000000002b588       0x44 build/cooja/mtype854.a(uip-sr.o)
 .rodata        0x000000000002b5cc       0x58 build/cooja/mtype854.a(rpl-neighbor.o)
 .rodata        0x000000000002b624       0xdb build/cooja/mtype854.a(rpl-dag.o)
 .rodata        0x000000000002b6ff        0xc build/cooja/mtype854.a(rpl-timers.o)

.rodata1
 *(.rodata1)

.eh_frame_hdr   0x000000000002b70c     0x1ab4
 *(.eh_frame_hdr)
 .eh_frame_hdr  0x000000000002b70c     0x1ab4 oxygen_actuator.o
                0x000000000002b70c                __GNU_EH_FRAME_HDR
 *(.eh_frame_entry .eh_frame_entry.*)

.eh_frame       0x000000000002d1c0     0x6c58
 *(.eh_frame)
 .eh_frame      0x000000000002d1c0       0x3c /usr/lib/gcc/i686-linux-gnu/5/../../../i386-linux-gnu/crti.o
                                         0x40 (size before relaxing)
 .eh_frame      0x000000000002d1fc       0x84 oxygen_actuator.o
                                         0x9c (size before relaxing)
 .eh_frame      0x000000000002d280      0x178 build/cooja/mtype854.o
                                        0x190 (size before relaxing)
 .eh_frame      0x000000000002d3f8       0x40 build/cooja/mtype854.a(simEnvChange.o)
                                         0x58 (size before relaxing)
 .eh_frame      0x000000000002d438       0x60 build/cooja/mtype854.a(cooja_mt.o)
                                         0x78 (size before relaxing)
 .eh_frame      0x000000000002d498       0x80 build/cooja/mtype854.a(cooja_mtarch.o)
                                         0x98 (size before relaxing)
 .eh_frame      0x000000000002d518       0xc8 build/cooja/mtype854.a(rtimer-arch.o)
                                         0xe0 (size before relaxing)
 .eh_frame      0x000000000002d5e0      0x160 build/cooja/mtype854.a(beep.o)
                                        0x178 (size before relaxing)
 .eh_frame      0x000000000002d740       0x80 build/cooja/mtype854.a(leds-arch.o)
                                         0x98 (size before relaxing)
 .eh_frame      0x000000000002d7c0       0x40 build/cooja/mtype854.a(moteid.o)
                                         0x58 (size before relaxing)
 .eh_frame      0x000000000002d800       0xa0 build/cooja/mtype854.a(pir-sensor.o)
                                         0xb8 (size before relaxing)
 .eh_frame      0x000000000002d8a0      0x100 build/cooja/mtype854.a(rs232.o)
                                        0x118 (size before relaxing)
 .eh_frame      0x000000000002d9a0       0xa0 build/cooja/mtype854.a(vib-sensor.o)
                                         0xb8 (size before relaxing)
 .eh_frame      0x000000000002da40       0xc0 build/cooja/mtype854.a(clock.o)
                                         0xd8 (size before relaxing)
 .eh_frame      0x000000000002db00      0x120 build/cooja/mtype854.a(cooja-log.o)
                                        0x138 (size before relaxing)
 .eh_frame      0x000000000002dc20      0x160 build/cooja/mtype854.a(cfs-cooja.o)
                                        0x178 (size before relaxing)
 .eh_frame      0x000000000002dd80      0x340 build/cooja/mtype854.a(cooja-radio.o)
                                        0x358 (size before relaxing)
 .eh_frame      0x000000000002e0c0       0xa0 build/cooja/mtype854.a(eeprom.o)
                                         0xb8 (size before relaxing)
 .eh_frame      0x000000000002e160       0x40 build/cooja/mtype854.a(random.o)
                                         0x58 (size before relaxing)
 .eh_frame      0x000000000002e1a0       0xc0 build/cooja/mtype854.a(sensors.o)
                                         0xd8 (size before relaxing)
 .eh_frame      0x000000000002e260      0x120 build/cooja/mtype854.a(leds.o)
                                        0x138 (size before relaxing)
 .eh_frame      0x000000000002e380      0x220 build/cooja/mtype854.a(gpio-hal-arch.o)
                                        0x238 (size before relaxing)
 .eh_frame      0x000000000002e5a0       0xa0 build/cooja/mtype854.a(buttons.o)
                                         0xb8 (size before relaxing)
 .eh_frame      0x000000000002e640       0x60 build/cooja/mtype854.a(oxygen_generato)
                                         0x78 (size before relaxing)
 .eh_frame      0x000000000002e6a0      0x1c4 build/cooja/mtype854.a(coap-observe-cl)
                                        0x1dc (size before relaxing)
 .eh_frame      0x000000000002e864       0x44 build/cooja/mtype854.a(coap-blocking-a)
                                         0x5c (size before relaxing)
 .eh_frame      0x000000000002e8a8      0x220 build/cooja/mtype854.a(coap-engine.o)
                                        0x238 (size before relaxing)
 .eh_frame      0x000000000002eac8       0x24 build/cooja/mtype854.a(coap-res-well-k)
                                         0x3c (size before relaxing)
 .eh_frame      0x000000000002eaec      0x188 build/cooja/mtype854.a(coap-observe.o)
                                        0x1a0 (size before relaxing)
 .eh_frame      0x000000000002ec74      0x250 build/cooja/mtype854.a(coap-uip.o)
                                        0x268 (size before relaxing)
 .eh_frame      0x000000000002eec4      0x114 build/cooja/mtype854.a(coap-timer.o)
                                        0x12c (size before relaxing)
 .eh_frame      0x000000000002efd8      0x100 build/cooja/mtype854.a(coap-transactio)
                                        0x118 (size before relaxing)
 .eh_frame      0x000000000002f0d8      0x6ec build/cooja/mtype854.a(coap.o)
                                        0x704 (size before relaxing)
 .eh_frame      0x000000000002f7c4       0x30 build/cooja/mtype854.a(contiki-main.o)
                                         0x48 (size before relaxing)
 .eh_frame      0x000000000002f7f4       0x40 build/cooja/mtype854.a(autostart.o)
                                         0x58 (size before relaxing)
 .eh_frame      0x000000000002f834      0x100 build/cooja/mtype854.a(ctimer.o)
                                        0x118 (size before relaxing)
 .eh_frame      0x000000000002f934      0x120 build/cooja/mtype854.a(log.o)
                                        0x138 (size before relaxing)
 .eh_frame      0x000000000002fa54       0x60 build/cooja/mtype854.a(energest.o)
                                         0x78 (size before relaxing)
 .eh_frame      0x000000000002fab4      0x1e0 build/cooja/mtype854.a(etimer.o)
                                        0x1f8 (size before relaxing)
 .eh_frame      0x000000000002fc94       0x20 build/cooja/mtype854.a(node-id.o)
                                         0x38 (size before relaxing)
 .eh_frame      0x000000000002fcb4       0x60 build/cooja/mtype854.a(rtimer.o)
                                         0x78 (size before relaxing)
 .eh_frame      0x000000000002fd14      0x1c4 build/cooja/mtype854.a(process.o)
                                        0x1dc (size before relaxing)
 .eh_frame      0x000000000002fed8       0xa4 build/cooja/mtype854.a(timer.o)
                                         0xbc (size before relaxing)
 .eh_frame      0x000000000002ff7c      0x1a0 build/cooja/mtype854.a(list.o)
                                        0x1b8 (size before relaxing)
 .eh_frame      0x000000000003011c       0xa0 build/cooja/mtype854.a(memb.o)
                                         0xb8 (size before relaxing)
 .eh_frame      0x00000000000301bc      0x164 build/cooja/mtype854.a(button-hal.o)
                                        0x17c (size before relaxing)
 .eh_frame      0x0000000000030320       0x60 build/cooja/mtype854.a(serial-line.o)
                                         0x78 (size before relaxing)
 .eh_frame      0x0000000000030380       0xe0 build/cooja/mtype854.a(gpio-hal.o)
                                         0xf8 (size before relaxing)
 .eh_frame      0x0000000000030460      0x1a0 build/cooja/mtype854.a(queuebuf.o)
                                        0x1b8 (size before relaxing)
 .eh_frame      0x0000000000030600      0x28c build/cooja/mtype854.a(packetbuf.o)
                                        0x2a4 (size before relaxing)
 .eh_frame      0x000000000003088c       0x80 build/cooja/mtype854.a(netstack.o)
                                         0x98 (size before relaxing)
 .eh_frame      0x000000000003090c       0x60 build/cooja/mtype854.a(linkaddr.o)
                                         0x78 (size before relaxing)
 .eh_frame      0x000000000003096c       0xe0 build/cooja/mtype854.a(csma.o)
                                         0xf8 (size before relaxing)
 .eh_frame      0x0000000000030a4c      0x1d0 build/cooja/mtype854.a(csma-output.o)
                                        0x1e8 (size before relaxing)
 .eh_frame      0x0000000000030c1c      0x328 build/cooja/mtype854.a(uip-ds6.o)
                                        0x340 (size before relaxing)
 .eh_frame      0x0000000000030f44       0x40 build/cooja/mtype854.a(uip-udp-packet.)
                                         0x58 (size before relaxing)
 .eh_frame      0x0000000000030f84      0x240 build/cooja/mtype854.a(uip-ds6-route.o)
                                        0x258 (size before relaxing)
 .eh_frame      0x00000000000311c4      0x244 build/cooja/mtype854.a(tcpip.o)
                                        0x25c (size before relaxing)
 .eh_frame      0x0000000000031408      0x1e8 build/cooja/mtype854.a(uip6.o)
                                        0x200 (size before relaxing)
 .eh_frame      0x00000000000315f0      0x1c0 build/cooja/mtype854.a(uip-ds6-nbr.o)
                                        0x1d8 (size before relaxing)
 .eh_frame      0x00000000000317b0       0x84 build/cooja/mtype854.a(uip-nd6.o)
                                         0x9c (size before relaxing)
 .eh_frame      0x0000000000031834      0x2f8 build/cooja/mtype854.a(sicslowpan.o)
                                        0x310 (size before relaxing)
 .eh_frame      0x0000000000031b2c       0x88 build/cooja/mtype854.a(uiplib.o)
                                         0xa0 (size before relaxing)
 .eh_frame      0x0000000000031bb4      0x1e0 build/cooja/mtype854.a(rpl.o)
                                        0x1f8 (size before relaxing)
 .eh_frame      0x0000000000031d94      0x1c4 build/cooja/mtype854.a(rpl-icmp6.o)
                                        0x1dc (size before relaxing)
 .eh_frame      0x0000000000031f58       0xa0 build/cooja/mtype854.a(rpl-dag-root.o)
                                         0xb8 (size before relaxing)
 .eh_frame      0x0000000000031ff8       0xa0 build/cooja/mtype854.a(watchdog.o)
                                         0xb8 (size before relaxing)
 .eh_frame      0x0000000000032098       0x80 build/cooja/mtype854.a(int-master.o)
                                         0x98 (size before relaxing)
 .eh_frame      0x0000000000032118       0xa4 build/cooja/mtype854.a(coap-timer-defa)
                                         0xbc (size before relaxing)
 .eh_frame      0x00000000000321bc       0xc4 build/cooja/mtype854.a(stimer.o)
                                         0xdc (size before relaxing)
 .eh_frame      0x0000000000032280       0xa0 build/cooja/mtype854.a(ringbuf.o)
                                         0xb8 (size before relaxing)
 .eh_frame      0x0000000000032320       0x20 build/cooja/mtype854.a(assert.o)
                                         0x38 (size before relaxing)
 .eh_frame      0x0000000000032340      0x3f0 build/cooja/mtype854.a(nbr-table.o)
                                        0x408 (size before relaxing)
 .eh_frame      0x0000000000032730      0x120 build/cooja/mtype854.a(link-stats.o)
                                        0x138 (size before relaxing)
 .eh_frame      0x0000000000032850       0x48 build/cooja/mtype854.a(mac-sequence.o)
                                         0x60 (size before relaxing)
 .eh_frame      0x0000000000032898       0x20 build/cooja/mtype854.a(mac.o)
                                         0x38 (size before relaxing)
 .eh_frame      0x00000000000328b8       0xa4 build/cooja/mtype854.a(framer-802154.o)
                                         0xbc (size before relaxing)
 .eh_frame      0x000000000003295c      0x1a4 build/cooja/mtype854.a(frame802154.o)
                                        0x1bc (size before relaxing)
 .eh_frame      0x0000000000032b00       0x40 build/cooja/mtype854.a(csma-security.o)
                                         0x58 (size before relaxing)
 .eh_frame      0x0000000000032b40      0x200 build/cooja/mtype854.a(uipbuf.o)
                                        0x218 (size before relaxing)
 .eh_frame      0x0000000000032d40      0x150 build/cooja/mtype854.a(uip-icmp6.o)
                                        0x168 (size before relaxing)
 .eh_frame      0x0000000000032e90      0x184 build/cooja/mtype854.a(uip-sr.o)
                                        0x19c (size before relaxing)
 .eh_frame      0x0000000000033014       0xe0 build/cooja/mtype854.a(uip-packetqueue)
                                         0xf8 (size before relaxing)
 .eh_frame      0x00000000000330f4       0x44 build/cooja/mtype854.a(rpl-nbr-policy.)
                                         0x5c (size before relaxing)
 .eh_frame      0x0000000000033138      0x2d4 build/cooja/mtype854.a(rpl-neighbor.o)
                                        0x2ec (size before relaxing)
 .eh_frame      0x000000000003340c      0x370 build/cooja/mtype854.a(rpl-dag.o)
                                        0x388 (size before relaxing)
 .eh_frame      0x000000000003377c      0x3a8 build/cooja/mtype854.a(rpl-timers.o)
                                        0x3c0 (size before relaxing)
 .eh_frame      0x0000000000033b24      0x124 build/cooja/mtype854.a(rpl-ext-header.)
                                        0x13c (size before relaxing)
 .eh_frame      0x0000000000033c48      0x148 build/cooja/mtype854.a(rpl-mrhof.o)
                                        0x160 (size before relaxing)
 .eh_frame      0x0000000000033d90       0x84 /usr/lib/gcc/i686-linux-gnu/5/libgcc.a(_udivdi3.o)
                                         0x9c (size before relaxing)
 .eh_frame      0x0000000000033e14        0x4 /usr/lib/gcc/i686-linux-gnu/5/crtendS.o
 *(.eh_frame.*)

.gcc_except_table
 *(.gcc_except_table .gcc_except_table.*)

.gnu_extab
 *(.gnu_extab*)

.exception_ranges
 *(.exception_ranges .exception_ranges*)
                0x0000000000034f10                . = DATA_SEGMENT_ALIGN (0x1000, 0x1000)

.eh_frame
 *(.eh_frame)
 *(.eh_frame.*)

.gnu_extab
 *(.gnu_extab)

.gcc_except_table
 *(.gcc_except_table .gcc_except_table.*)

.exception_ranges
 *(.exception_ranges .exception_ranges*)

.tdata
 *(.tdata .tdata.* .gnu.linkonce.td.*)

.tbss
 *(.tbss .tbss.* .gnu.linkonce.tb.*)
 *(.tcommon)

.preinit_array
 *(.preinit_array)

.init_array     0x0000000000034f10        0x4
 *(SORT(.init_array.*) SORT(.ctors.*))
 *(.init_array EXCLUDE_FILE(*crtend?.o *crtend.o *crtbegin?.o *crtbegin.o) .ctors)
 .init_array    0x0000000000034f10        0x4 /usr/lib/gcc/i686-linux-gnu/5/crtbeginS.o

.fini_array     0x0000000000034f14        0x4
 *(SORT(.fini_array.*) SORT(.dtors.*))
 *(.fini_array EXCLUDE_FILE(*crtend?.o *crtend.o *crtbegin?.o *crtbegin.o) .dtors)
 .fini_array    0x0000000000034f14        0x4 /usr/lib/gcc/i686-linux-gnu/5/crtbeginS.o

.ctors
 *crtbegin.o(.ctors)
 *crtbegin?.o(.ctors)
 *(EXCLUDE_FILE(*crtend?.o *crtend.o) .ctors)
 *(SORT(.ctors.*))
 *(.ctors)

.dtors
 *crtbegin.o(.dtors)
 *crtbegin?.o(.dtors)
 *(EXCLUDE_FILE(*crtend?.o *crtend.o) .dtors)
 *(SORT(.dtors.*))
 *(.dtors)

.jcr            0x0000000000034f18        0x4
 *(.jcr)
 .jcr           0x0000000000034f18        0x0 /usr/lib/gcc/i686-linux-gnu/5/crtbeginS.o
 .jcr           0x0000000000034f18        0x4 /usr/lib/gcc/i686-linux-gnu/5/crtendS.o

.data.rel.ro
 *(.data.rel.ro.local* .gnu.linkonce.d.rel.ro.local.*)
 *(.data.rel.ro .data.rel.ro.* .gnu.linkonce.d.rel.ro.*)

.dynamic        0x0000000000034f1c       0xd0
 *(.dynamic)
 .dynamic       0x0000000000034f1c       0xd0 /usr/lib/gcc/i686-linux-gnu/5/../../../i386-linux-gnu/crti.o
                0x0000000000034f1c                _DYNAMIC

.got            0x0000000000034fec       0x14
 *(.got)
 .got           0x0000000000034fec       0x14 /usr/lib/gcc/i686-linux-gnu/5/../../../i386-linux-gnu/crti.o
 *(.igot)
                0x0000000000035ff4                . = DATA_SEGMENT_RELRO_END (., (SIZEOF (.got.plt) >= 0xc)?0xc:0x0)

.got.plt        0x0000000000035000        0xc
 *(.got.plt)
 .got.plt       0x0000000000035000        0xc /usr/lib/gcc/i686-linux-gnu/5/../../../i386-linux-gnu/crti.o
                0x0000000000035000                _GLOBAL_OFFSET_TABLE_
 *(.igot.plt)

.data           0x0000000000035020      0x444
 *(.data .data.* .gnu.linkonce.d.*)
 .data          0x0000000000035020        0x0 /usr/lib/gcc/i686-linux-gnu/5/../../../i386-linux-gnu/crti.o
 .data          0x0000000000035020        0x0 /usr/lib/gcc/i686-linux-gnu/5/crtbeginS.o
 .data.rel.local
                0x0000000000035020        0x4 /usr/lib/gcc/i686-linux-gnu/5/crtbeginS.o
                0x0000000000035020                __dso_handle
 .data          0x0000000000035024       0x14 oxygen_actuator.o
                0x0000000000035028                oxygen_actuator
 *fill*         0x0000000000035038        0x8 
 .data          0x0000000000035040       0x44 build/cooja/mtype854.o
                0x0000000000035040                simInterfaces
                0x0000000000035074                sensors
 .data          0x0000000000035084        0x0 build/cooja/mtype854.a(simEnvChange.o)
 .data          0x0000000000035084        0x0 build/cooja/mtype854.a(cooja_mt.o)
 .data          0x0000000000035084        0x0 build/cooja/mtype854.a(cooja_mtarch.o)
 .data          0x0000000000035084        0x0 build/cooja/mtype854.a(rtimer-arch.o)
 .data          0x0000000000035084        0x0 build/cooja/mtype854.a(beep.o)
 .data          0x0000000000035084        0x0 build/cooja/mtype854.a(leds-arch.o)
 .data          0x0000000000035084        0x0 build/cooja/mtype854.a(moteid.o)
 .data          0x0000000000035084        0x0 build/cooja/mtype854.a(pir-sensor.o)
 .data          0x0000000000035084        0x0 build/cooja/mtype854.a(rs232.o)
 .data          0x0000000000035084        0x0 build/cooja/mtype854.a(vib-sensor.o)
 .data          0x0000000000035084        0x0 build/cooja/mtype854.a(clock.o)
 .data          0x0000000000035084        0x0 build/cooja/mtype854.a(cooja-log.o)
 .data          0x0000000000035084        0x0 build/cooja/mtype854.a(cfs-cooja.o)
 .data          0x0000000000035084       0x2c build/cooja/mtype854.a(cooja-radio.o)
                0x0000000000035084                simRadioHWOn
                0x0000000000035088                simSignalStrength
                0x000000000003508c                simLastSignalStrength
                0x0000000000035090                simPower
                0x0000000000035094                simRadioChannel
                0x0000000000035098                simLQI
                0x00000000000350a0                cooja_radio_process
 .data          0x00000000000350b0        0x0 build/cooja/mtype854.a(eeprom.o)
 .data          0x00000000000350b0        0x0 build/cooja/mtype854.a(random.o)
 .data          0x00000000000350b0       0x10 build/cooja/mtype854.a(sensors.o)
                0x00000000000350b0                sensors_process
 .data          0x00000000000350c0        0x0 build/cooja/mtype854.a(leds.o)
 .data          0x00000000000350c0        0x0 build/cooja/mtype854.a(gpio-hal-arch.o)
 .data          0x00000000000350c0       0x78 build/cooja/mtype854.a(buttons.o)
                0x00000000000350c0                simButtonIsActive
                0x0000000000035130                button_hal_buttons
 *fill*         0x0000000000035138        0x8 
 .data          0x0000000000035140       0x24 build/cooja/mtype854.a(oxygen_generato)
                0x0000000000035140                oxygen_generator
 .data          0x0000000000035164       0x10 build/cooja/mtype854.a(coap-observe-cl)
 .data          0x0000000000035174        0x0 build/cooja/mtype854.a(coap-blocking-a)
 .data          0x0000000000035174        0x8 build/cooja/mtype854.a(coap-engine.o)
 *fill*         0x000000000003517c        0x4 
 .data          0x0000000000035180       0x24 build/cooja/mtype854.a(coap-res-well-k)
                0x0000000000035180                res_well_known_core
 .data          0x00000000000351a4       0x10 build/cooja/mtype854.a(coap-observe.o)
 .data          0x00000000000351b4       0x10 build/cooja/mtype854.a(coap-uip.o)
                0x00000000000351b4                coap_engine
 .data          0x00000000000351c4        0x4 build/cooja/mtype854.a(coap-timer.o)
 .data          0x00000000000351c8       0x10 build/cooja/mtype854.a(coap-transactio)
 .data          0x00000000000351d8        0x4 build/cooja/mtype854.a(coap.o)
                0x00000000000351d8                coap_error_message
 .data          0x00000000000351dc        0x0 build/cooja/mtype854.a(contiki-main.o)
 .data          0x00000000000351dc        0x0 build/cooja/mtype854.a(autostart.o)
 .data          0x00000000000351dc       0x14 build/cooja/mtype854.a(ctimer.o)
                0x00000000000351e0                ctimer_process
 *fill*         0x00000000000351f0       0x10 
 .data          0x0000000000035200       0xbc build/cooja/mtype854.a(log.o)
                0x0000000000035200                curr_log_level_main
                0x0000000000035220                all_modules
 .data          0x00000000000352bc        0x0 build/cooja/mtype854.a(energest.o)
 .data          0x00000000000352bc       0x10 build/cooja/mtype854.a(etimer.o)
                0x00000000000352bc                etimer_process
 .data          0x00000000000352cc        0x0 build/cooja/mtype854.a(node-id.o)
 .data          0x00000000000352cc        0x0 build/cooja/mtype854.a(rtimer.o)
 .data          0x00000000000352cc        0x0 build/cooja/mtype854.a(process.o)
 .data          0x00000000000352cc        0x0 build/cooja/mtype854.a(timer.o)
 .data          0x00000000000352cc        0x0 build/cooja/mtype854.a(list.o)
 .data          0x00000000000352cc        0x0 build/cooja/mtype854.a(memb.o)
 .data          0x00000000000352cc       0x10 build/cooja/mtype854.a(button-hal.o)
                0x00000000000352cc                button_hal_process
 .data          0x00000000000352dc       0x10 build/cooja/mtype854.a(serial-line.o)
                0x00000000000352dc                serial_line_process
 .data          0x00000000000352ec        0x4 build/cooja/mtype854.a(gpio-hal.o)
 .data          0x00000000000352f0       0x18 build/cooja/mtype854.a(queuebuf.o)
 .data          0x0000000000035308        0x4 build/cooja/mtype854.a(packetbuf.o)
 .data          0x000000000003530c        0x4 build/cooja/mtype854.a(netstack.o)
 .data          0x0000000000035310        0x0 build/cooja/mtype854.a(linkaddr.o)
 .data          0x0000000000035310        0x0 build/cooja/mtype854.a(csma.o)
 .data          0x0000000000035310       0x28 build/cooja/mtype854.a(csma-output.o)
 .data          0x0000000000035338        0x0 build/cooja/mtype854.a(uip-ds6.o)
 .data          0x0000000000035338        0x0 build/cooja/mtype854.a(uip-udp-packet.)
 .data          0x0000000000035338       0x10 build/cooja/mtype854.a(uip-ds6-route.o)
 .data          0x0000000000035348       0x10 build/cooja/mtype854.a(tcpip.o)
                0x0000000000035348                tcpip_process
 .data          0x0000000000035358        0x0 build/cooja/mtype854.a(uip6.o)
 .data          0x0000000000035358       0x14 build/cooja/mtype854.a(uip-ds6-nbr.o)
 .data          0x000000000003536c        0xc build/cooja/mtype854.a(uip-nd6.o)
 .data          0x0000000000035378        0x0 build/cooja/mtype854.a(sicslowpan.o)
 .data          0x0000000000035378        0x0 build/cooja/mtype854.a(uiplib.o)
 .data          0x0000000000035378        0x0 build/cooja/mtype854.a(rpl.o)
 .data          0x0000000000035378       0x30 build/cooja/mtype854.a(rpl-icmp6.o)
 .data          0x00000000000353a8        0x0 build/cooja/mtype854.a(rpl-dag-root.o)
 .data          0x00000000000353a8        0x0 build/cooja/mtype854.a(watchdog.o)
 .data          0x00000000000353a8        0x0 build/cooja/mtype854.a(int-master.o)
 .data          0x00000000000353a8       0x10 build/cooja/mtype854.a(coap-timer-defa)
                0x00000000000353a8                coap_timer_process
 .data          0x00000000000353b8        0x0 build/cooja/mtype854.a(stimer.o)
 .data          0x00000000000353b8        0x0 build/cooja/mtype854.a(ringbuf.o)
 .data          0x00000000000353b8        0x0 build/cooja/mtype854.a(assert.o)
 .data          0x00000000000353b8       0x10 build/cooja/mtype854.a(nbr-table.o)
 .data          0x00000000000353c8       0x14 build/cooja/mtype854.a(link-stats.o)
 .data          0x00000000000353dc        0x0 build/cooja/mtype854.a(mac-sequence.o)
 .data          0x00000000000353dc        0x0 build/cooja/mtype854.a(mac.o)
 .data          0x00000000000353dc        0x0 build/cooja/mtype854.a(framer-802154.o)
 .data          0x00000000000353dc        0x2 build/cooja/mtype854.a(frame802154.o)
 .data          0x00000000000353de        0x0 build/cooja/mtype854.a(csma-security.o)
 .data          0x00000000000353de        0x0 build/cooja/mtype854.a(uipbuf.o)
 *fill*         0x00000000000353de        0x2 
 .data          0x00000000000353e0       0x20 build/cooja/mtype854.a(uip-icmp6.o)
 .data          0x0000000000035400       0x10 build/cooja/mtype854.a(uip-sr.o)
 .data          0x0000000000035410        0xc build/cooja/mtype854.a(uip-packetqueue)
 .data          0x000000000003541c        0x0 build/cooja/mtype854.a(rpl-nbr-policy.)
 .data          0x000000000003541c       0x14 build/cooja/mtype854.a(rpl-neighbor.o)
                0x000000000003542c                rpl_neighbors
 .data          0x0000000000035430        0x0 build/cooja/mtype854.a(rpl-dag.o)
 .data          0x0000000000035430        0x0 build/cooja/mtype854.a(rpl-timers.o)
 .data          0x0000000000035430        0x0 build/cooja/mtype854.a(rpl-ext-header.)
 *fill*         0x0000000000035430       0x10 
 .data          0x0000000000035440       0x24 build/cooja/mtype854.a(rpl-mrhof.o)
                0x0000000000035440                rpl_mrhof
 .data          0x0000000000035464        0x0 /usr/lib/gcc/i686-linux-gnu/5/libgcc.a(_udivdi3.o)
 .data          0x0000000000035464        0x0 /usr/lib/gcc/i686-linux-gnu/5/crtendS.o
 .data          0x0000000000035464        0x0 /usr/lib/gcc/i686-linux-gnu/5/../../../i386-linux-gnu/crtn.o

.tm_clone_table
                0x0000000000035464        0x0
 .tm_clone_table
                0x0000000000035464        0x0 /usr/lib/gcc/i686-linux-gnu/5/crtbeginS.o
 .tm_clone_table
                0x0000000000035464        0x0 /usr/lib/gcc/i686-linux-gnu/5/crtendS.o

.data1
 *(.data1)
                0x0000000000035464                _edata = .
                [!provide]                        PROVIDE (edata, .)
                0x0000000000035464                . = .
                0x0000000000035464                __bss_start = .

.bss            0x0000000000035480    0x14144
 *(.dynbss)
 .dynbss        0x0000000000035480        0x0 /usr/lib/gcc/i686-linux-gnu/5/../../../i386-linux-gnu/crti.o
 *(.bss .bss.* .gnu.linkonce.b.*)
 .bss           0x0000000000035480        0x0 /usr/lib/gcc/i686-linux-gnu/5/../../../i386-linux-gnu/crti.o
 .bss           0x0000000000035480        0x1 /usr/lib/gcc/i686-linux-gnu/5/crtbeginS.o
 *fill*         0x0000000000035481       0x1f 
 .bss           0x00000000000354a0      0x18c oxygen_actuator.o
                0x00000000000354a0                current_oxygen_level
 *fill*         0x000000000003562c       0x14 
 .bss           0x0000000000035640     0x2030 build/cooja/mtype854.o
 .bss           0x0000000000037670        0x1 build/cooja/mtype854.a(simEnvChange.o)
                0x0000000000037670                simDontFallAsleep
 *fill*         0x0000000000037671        0x3 
 .bss           0x0000000000037674        0x4 build/cooja/mtype854.a(cooja_mt.o)
 .bss           0x0000000000037678        0x4 build/cooja/mtype854.a(cooja_mtarch.o)
 .bss           0x000000000003767c        0x0 build/cooja/mtype854.a(rtimer-arch.o)
 .bss           0x000000000003767c        0x0 build/cooja/mtype854.a(beep.o)
 .bss           0x000000000003767c        0x1 build/cooja/mtype854.a(leds-arch.o)
                0x000000000003767c                simLedsValue
 .bss           0x000000000003767d        0x0 build/cooja/mtype854.a(moteid.o)
 .bss           0x000000000003767d        0x1 build/cooja/mtype854.a(pir-sensor.o)
                0x000000000003767d                simPirValue
 *fill*         0x000000000003767e        0x2 
 .bss           0x0000000000037680        0x4 build/cooja/mtype854.a(rs232.o)
 .bss           0x0000000000037684        0x1 build/cooja/mtype854.a(vib-sensor.o)
                0x0000000000037684                simVibValue
 .bss           0x0000000000037685        0x0 build/cooja/mtype854.a(clock.o)
 *fill*         0x0000000000037685       0x1b 
 .bss           0x00000000000376a0     0x2020 build/cooja/mtype854.a(cooja-log.o)
 .bss           0x00000000000396c0      0xfc0 build/cooja/mtype854.a(cfs-cooja.o)
                0x00000000000396c0                simCFSData
                0x000000000003a660                simCFSSize
                0x000000000003a664                simCFSChanged
                0x000000000003a668                simCFSRead
                0x000000000003a66c                simCFSWritten
 .bss           0x000000000003a680       0x24 build/cooja/mtype854.a(cooja-radio.o)
                0x000000000003a680                simReceiving
                0x000000000003a684                simInSize
                0x000000000003a688                simLastPacketTimestamp
                0x000000000003a690                simOutSize
 .bss           0x000000000003a6a4        0xc build/cooja/mtype854.a(eeprom.o)
                0x000000000003a6a4                simEEPROMChanged
                0x000000000003a6a8                simEEPROMRead
                0x000000000003a6ac                simEEPROMWritten
 .bss           0x000000000003a6b0        0x0 build/cooja/mtype854.a(random.o)
 .bss           0x000000000003a6b0        0xc build/cooja/mtype854.a(sensors.o)
 .bss           0x000000000003a6bc        0x0 build/cooja/mtype854.a(leds.o)
 .bss           0x000000000003a6bc       0x24 build/cooja/mtype854.a(gpio-hal-arch.o)
 .bss           0x000000000003a6e0        0x0 build/cooja/mtype854.a(buttons.o)
 .bss           0x000000000003a6e0        0x1 build/cooja/mtype854.a(oxygen_generato)
                0x000000000003a6e0                status
 *fill*         0x000000000003a6e1       0x1f 
 .bss           0x000000000003a700      0x1b1 build/cooja/mtype854.a(coap-observe-cl)
 .bss           0x000000000003a8b1        0x0 build/cooja/mtype854.a(coap-blocking-a)
 *fill*         0x000000000003a8b1        0xf 
 .bss           0x000000000003a8c0      0x190 build/cooja/mtype854.a(coap-engine.o)
 .bss           0x000000000003aa50        0x0 build/cooja/mtype854.a(coap-res-well-k)
 *fill*         0x000000000003aa50       0x10 
 .bss           0x000000000003aa60      0x120 build/cooja/mtype854.a(coap-observe.o)
 .bss           0x000000000003ab80       0x18 build/cooja/mtype854.a(coap-uip.o)
 .bss           0x000000000003ab98        0x5 build/cooja/mtype854.a(coap-timer.o)
 *fill*         0x000000000003ab9d        0x3 
 .bss           0x000000000003aba0      0x334 build/cooja/mtype854.a(coap-transactio)
 .bss           0x000000000003aed4        0x6 build/cooja/mtype854.a(coap.o)
                0x000000000003aed4                coap_status_code
 .bss           0x000000000003aeda        0x0 build/cooja/mtype854.a(contiki-main.o)
 .bss           0x000000000003aeda        0x0 build/cooja/mtype854.a(autostart.o)
 *fill*         0x000000000003aeda        0x2 
 .bss           0x000000000003aedc        0x5 build/cooja/mtype854.a(ctimer.o)
 *fill*         0x000000000003aee1        0x3 
 .bss           0x000000000003aee4       0x2c build/cooja/mtype854.a(log.o)
                0x000000000003aee4                curr_log_level_rpl
                0x000000000003aee8                curr_log_level_tcpip
                0x000000000003aeec                curr_log_level_ipv6
                0x000000000003aef0                curr_log_level_6lowpan
                0x000000000003aef4                curr_log_level_nullnet
                0x000000000003aef8                curr_log_level_mac
                0x000000000003aefc                curr_log_level_framer
                0x000000000003af00                curr_log_level_6top
                0x000000000003af04                curr_log_level_coap
                0x000000000003af08                curr_log_level_snmp
                0x000000000003af0c                curr_log_level_lwm2m
 .bss           0x000000000003af10        0x0 build/cooja/mtype854.a(energest.o)
 .bss           0x000000000003af10        0x8 build/cooja/mtype854.a(etimer.o)
 .bss           0x000000000003af18        0x2 build/cooja/mtype854.a(node-id.o)
                0x000000000003af18                node_id
 *fill*         0x000000000003af1a        0x2 
 .bss           0x000000000003af1c        0x4 build/cooja/mtype854.a(rtimer.o)
 .bss           0x000000000003af20      0x1a1 build/cooja/mtype854.a(process.o)
                0x000000000003af20                process_list
                0x000000000003af24                process_current
 .bss           0x000000000003b0c1        0x0 build/cooja/mtype854.a(timer.o)
 .bss           0x000000000003b0c1        0x0 build/cooja/mtype854.a(list.o)
 .bss           0x000000000003b0c1        0x0 build/cooja/mtype854.a(memb.o)
 *fill*         0x000000000003b0c1        0x3 
 .bss           0x000000000003b0c4       0x10 build/cooja/mtype854.a(button-hal.o)
 *fill*         0x000000000003b0d4        0xc 
 .bss           0x000000000003b0e0      0x140 build/cooja/mtype854.a(serial-line.o)
 .bss           0x000000000003b220        0x4 build/cooja/mtype854.a(gpio-hal.o)
 *fill*         0x000000000003b224       0x1c 
 .bss           0x000000000003b240     0x2c80 build/cooja/mtype854.a(queuebuf.o)