Archive member included to satisfy reference by file (symbol)

build/cooja/mtype446.a(simEnvChange.o)
                              build/cooja/mtype446.o (simDontFallAsleep)
build/cooja/mtype446.a(cooja_mt.o)
                              build/cooja/mtype446.o (cooja_mt_start)
build/cooja/mtype446.a(cooja_mtarch.o)
                              build/cooja/mtype446.a(cooja_mt.o) (cooja_mtarch_start)
build/cooja/mtype446.a(rtimer-arch.o)
                              build/cooja/mtype446.o (rtimer_arch_check)
build/cooja/mtype446.a(beep.o)
                              build/cooja/mtype446.o (beep_interface)
build/cooja/mtype446.a(leds-arch.o)
                              build/cooja/mtype446.o (leds_interface)
build/cooja/mtype446.a(moteid.o)
                              build/cooja/mtype446.o (moteid_interface)
build/cooja/mtype446.a(pir-sensor.o)
                              build/cooja/mtype446.o (pir_interface)
build/cooja/mtype446.a(rs232.o)
                              build/cooja/mtype446.o (rs232_interface)
build/cooja/mtype446.a(vib-sensor.o)
                              build/cooja/mtype446.o (vib_interface)
build/cooja/mtype446.a(clock.o)
                              build/cooja/mtype446.o (clock_interface)
build/cooja/mtype446.a(cooja-log.o)
                              build/cooja/mtype446.o (simlog_interface)
build/cooja/mtype446.a(cfs-cooja.o)
                              build/cooja/mtype446.o (cfs_interface)
build/cooja/mtype446.a(cooja-radio.o)
                              build/cooja/mtype446.o (radio_interface)
build/cooja/mtype446.a(eeprom.o)
                              build/cooja/mtype446.o (eeprom_interface)
build/cooja/mtype446.a(random.o)
                              build/cooja/mtype446.a(moteid.o) (random_init)
build/cooja/mtype446.a(sensors.o)
                              build/cooja/mtype446.a(pir-sensor.o) (sensors_changed)
build/cooja/mtype446.a(leds.o)
                              oxygen_actuator.o (leds_set)
build/cooja/mtype446.a(gpio-hal-arch.o)
                              build/cooja/mtype446.a(leds-arch.o) (gpio_hal_arch_register_pin_callback)
build/cooja/mtype446.a(buttons.o)
                              build/cooja/mtype446.o (button_interface)
build/cooja/mtype446.a(oxygen_generato)
                              oxygen_actuator.o (alert_level)
build/cooja/mtype446.a(coap-observe-cl)
                              oxygen_actuator.o (coap_obs_request_registration)
build/cooja/mtype446.a(coap-blocking-a)
                              oxygen_actuator.o (coap_blocking_request)
build/cooja/mtype446.a(coap-engine.o)
                              oxygen_actuator.o (coap_activate_resource)
build/cooja/mtype446.a(coap-res-well-k)
                              build/cooja/mtype446.a(coap-engine.o) (res_well_known_core)
build/cooja/mtype446.a(coap-observe.o)
                              build/cooja/mtype446.a(coap-engine.o) (coap_remove_observer_by_mid)
build/cooja/mtype446.a(coap-uip.o)
                              oxygen_actuator.o (coap_endpoint_log)
build/cooja/mtype446.a(coap-timer.o)
                              build/cooja/mtype446.a(coap-engine.o) (coap_timer_set)
build/cooja/mtype446.a(coap-transactio)
                              build/cooja/mtype446.a(coap-observe-cl) (coap_send_transaction)
build/cooja/mtype446.a(coap.o)
                              build/cooja/mtype446.a(coap-engine.o) (coap_status_code)
build/cooja/mtype446.a(contiki-main.o)
                              build/cooja/mtype446.o (main)
build/cooja/mtype446.a(autostart.o)
                              build/cooja/mtype446.a(contiki-main.o) (autostart_start)
build/cooja/mtype446.a(ctimer.o)
                              build/cooja/mtype446.a(contiki-main.o) (ctimer_init)
build/cooja/mtype446.a(log.o)
                              build/cooja/mtype446.a(contiki-main.o) (curr_log_level_main)
build/cooja/mtype446.a(energest.o)
                              build/cooja/mtype446.a(contiki-main.o) (energest_init)
build/cooja/mtype446.a(etimer.o)
                              build/cooja/mtype446.a(contiki-main.o) (etimer_process)
build/cooja/mtype446.a(node-id.o)
                              build/cooja/mtype446.a(contiki-main.o) (node_id)
build/cooja/mtype446.a(rtimer.o)
                              build/cooja/mtype446.a(contiki-main.o) (rtimer_init)
build/cooja/mtype446.a(process.o)
                              build/cooja/mtype446.a(coap-blocking-a) (process_current)
build/cooja/mtype446.a(timer.o)
                              build/cooja/mtype446.a(etimer.o) (timer_set)
build/cooja/mtype446.a(list.o)
                              build/cooja/mtype446.a(coap-engine.o) (list_init)
build/cooja/mtype446.a(memb.o)
                              build/cooja/mtype446.a(coap-observe-cl) (memb_alloc)
build/cooja/mtype446.a(button-hal.o)
                              build/cooja/mtype446.o (button_hal_init)
build/cooja/mtype446.a(serial-line.o)
[...]
Memory Configuration

Name             Origin             Length             Attributes
*default*        0x0000000000000000 0xffffffffffffffff

Linker script and memory map

LOAD /usr/lib/gcc/i686-linux-gnu/5/../../../i386-linux-gnu/crti.o
LOAD /usr/lib/gcc/i686-linux-gnu/5/crtbeginS.o
LOAD oxygen_actuator.o
LOAD build/cooja/mtype446.o
LOAD build/cooja/mtype446.a
LOAD /usr/lib/gcc/i686-linux-gnu/5/libgcc.a
LOAD /usr/lib/gcc/i686-linux-gnu/5/libgcc_s.so
LOAD /usr/lib/gcc/i686-linux-gnu/5/../../../i386-linux-gnu/libc.so
START GROUP
LOAD /lib/i386-linux-gnu/libc.so.6
LOAD /usr/lib/i386-linux-gnu/libc_nonshared.a
LOAD /lib/i386-linux-gnu/ld-linux.so.2
END GROUP
LOAD /usr/lib/gcc/i686-linux-gnu/5/libgcc.a
LOAD /usr/lib/gcc/i686-linux-gnu/5/libgcc_s.so
LOAD /usr/lib/gcc/i686-linux-gnu/5/crtendS.o
LOAD /usr/lib/gcc/i686-linux-gnu/5/../../../i386-linux-gnu/crtn.o
                0x0000000000000114                . = (0x0 + SIZEOF_HEADERS)

.note.gnu.build-id
                0x0000000000000114       0x24
 *(.note.gnu.build-id)
 .note.gnu.build-id
                0x0000000000000114       0x24 /usr/lib/gcc/i686-linux-gnu/5/../../../i386-linux-gnu/crti.o

.hash
 *(.hash)

.gnu.hash       0x0000000000000138     0x15c4
 *(.gnu.hash)
 .gnu.hash      0x0000000000000138     0x15c4 /usr/lib/gcc/i686-linux-gnu/5/../../../i386-linux-gnu/crti.o

.dynsym         0x00000000000016fc     0x2fe0
 *(.dynsym)
 .dynsym        0x00000000000016fc     0x2fe0 /usr/lib/gcc/i686-linux-gnu/5/../../../i386-linux-gnu/crti.o

.dynstr         0x00000000000046dc     0x37ce
 *(.dynstr)
 .dynstr        0x00000000000046dc     0x37ce /usr/lib/gcc/i686-linux-gnu/5/../../../i386-linux-gnu/crti.o

.gnu.version    0x0000000000007eaa      0x5fc
 *(.gnu.version)
 .gnu.version   0x0000000000007eaa      0x5fc /usr/lib/gcc/i686-linux-gnu/5/../../../i386-linux-gnu/crti.o

.gnu.version_d  0x00000000000084a8        0x0
 *(.gnu.version_d)
 .gnu.version_d
                0x00000000000084a8        0x0 /usr/lib/gcc/i686-linux-gnu/5/../../../i386-linux-gnu/crti.o

.gnu.version_r  0x00000000000084a8       0x40
 *(.gnu.version_r)
 .gnu.version_r
                0x00000000000084a8       0x40 /usr/lib/gcc/i686-linux-gnu/5/../../../i386-linux-gnu/crti.o

.rel.dyn        0x00000000000084e8     0x95e8
 *(.rel.init)
 .rel.init      0x00000000000084e8        0x0 /usr/lib/gcc/i686-linux-gnu/5/../../../i386-linux-gnu/crti.o
 *(.rel.text .rel.text.* .rel.gnu.linkonce.t.*)
 .rel.text      0x00000000000084e8     0x8be8 /usr/lib/gcc/i686-linux-gnu/5/../../../i386-linux-gnu/crti.o
 *(.rel.fini)
 .rel.fini      0x00000000000110d0        0x0 /usr/lib/gcc/i686-linux-gnu/5/../../../i386-linux-gnu/crti.o
 *(.rel.rodata .rel.rodata.* .rel.gnu.linkonce.r.*)
 .rel.rodata    0x00000000000110d0      0x5b0 /usr/lib/gcc/i686-linux-gnu/5/../../../i386-linux-gnu/crti.o
 *(.rel.data.rel.ro .rel.data.rel.ro.* .rel.gnu.linkonce.d.rel.ro.*)
 *(.rel.data .rel.data.* .rel.gnu.linkonce.d.*)
 .rel.data.rel.local
                0x0000000000011680        0x8 /usr/lib/gcc/i686-linux-gnu/5/../../../i386-linux-gnu/crti.o
 .rel.data      0x0000000000011688      0x410 /usr/lib/gcc/i686-linux-gnu/5/../../../i386-linux-gnu/crti.o
 *(.rel.tdata .rel.tdata.* .rel.gnu.linkonce.td.*)
 *(.rel.tbss .rel.tbss.* .rel.gnu.linkonce.tb.*)
 *(.rel.ctors)
 *(.rel.dtors)
 *(.rel.got)
 .rel.got       0x0000000000011a98       0x28 /usr/lib/gcc/i686-linux-gnu/5/../../../i386-linux-gnu/crti.o
 *(.rel.bss .rel.bss.* .rel.gnu.linkonce.b.*)
 *(.rel.ifunc)
 .rel.ifunc     0x0000000000011ac0        0x0 /usr/lib/gcc/i686-linux-gnu/5/../../../i386-linux-gnu/crti.o
 .rel.fini_array
                0x0000000000011ac0        0x8 /usr/lib/gcc/i686-linux-gnu/5/../../../i386-linux-gnu/crti.o
 .rel.init_array
                0x0000000000011ac8        0x8 /usr/lib/gcc/i686-linux-gnu/5/../../../i386-linux-gnu/crti.o

.rel.plt        0x0000000000011ad0        0x0
 *(.rel.plt)
 .rel.plt       0x0000000000011ad0        0x0 /usr/lib/gcc/i686-linux-gnu/5/../../../i386-linux-gnu/crti.o
 *(.rel.iplt)

.init           0x0000000000011ad0       0x23
 *(SORT(.init))
 .init          0x0000000000011ad0       0x1e /usr/lib/gcc/i686-linux-gnu/5/../../../i386-linux-gnu/crti.o
                0x0000000000011ad0                _init
 .init          0x0000000000011aee        0x5 /usr/lib/gcc/i686-linux-gnu/5/../../../i386-linux-gnu/crtn.o

.plt            0x0000000000011b00       0x10
 *(.plt)
 .plt           0x0000000000011b00       0x10 /usr/lib/gcc/i686-linux-gnu/5/../../../i386-linux-gnu/crti.o
 *(.iplt)

.plt.got        0x0000000000011b10       0x10
 *(.plt.got)
 .plt.got       0x0000000000011b10       0x10 /usr/lib/gcc/i686-linux-gnu/5/../../../i386-linux-gnu/crti.o

.text           0x0000000000011b20    0x19212
 *(.text.unlikely .text.*_unlikely .text.unlikely.*)
 .text.unlikely
                0x0000000000011b20        0x0 /usr/lib/gcc/i686-linux-gnu/5/crtbeginS.o
 .text.unlikely
                0x0000000000011b20        0x0 /usr/lib/gcc/i686-linux-gnu/5/libgcc.a(_udivdi3.o)
 *(.text.exit .text.exit.*)
 *(.text.startup .text.startup.*)
 *(.text.hot .text.hot.*)
 *(.text .stub .text.* .gnu.linkonce.t.*)
 .text          0x0000000000011b20        0x0 /usr/lib/gcc/i686-linux-gnu/5/../../../i386-linux-gnu/crti.o
 .gnu.linkonce.t.__x86.get_pc_thunk.bx
                0x0000000000011b20        0x4 /usr/lib/gcc/i686-linux-gnu/5/../../../i386-linux-gnu/crti.o
                0x0000000000011b20                __x86.get_pc_thunk.bx
 *fill*         0x0000000000011b24        0xc 
 .text          0x0000000000011b30      0x11c /usr/lib/gcc/i686-linux-gnu/5/crtbeginS.o
 .text.__x86.get_pc_thunk.dx
                0x0000000000011c4c        0x4 /usr/lib/gcc/i686-linux-gnu/5/crtbeginS.o
                0x0000000000011c4c                __x86.get_pc_thunk.dx
 .text          0x0000000000011c50      0x6b1 oxygen_actuator.o
                0x0000000000011c50                update_leds
                0x0000000000011cad                wait_for_ack
                0x0000000000011d02                wait_for_discovery
 .text          0x0000000000012301      0x283 build/cooja/mtype446.o
                0x0000000000012393                platform_init_stage_one
                0x00000000000123a6                platform_init_stage_two
                0x00000000000123b9                platform_init_stage_three
                0x00000000000123cc                platform_main_loop
                0x000000000001243f                Java_org_contikios_cooja_corecomm_Lib173_init
                0x0000000000012476                Java_org_contikios_cooja_corecomm_Lib173_getMemory
                0x00000000000124a9                Java_org_contikios_cooja_corecomm_Lib173_setMemory
                0x0000000000012509                Java_org_contikios_cooja_corecomm_Lib173_tick
                0x0000000000012571                Java_org_contikios_cooja_corecomm_Lib173_setReferenceAddress
 .text          0x0000000000012584       0x65 build/cooja/mtype446.a(simEnvChange.o)
                0x0000000000012584                doActionsBeforeTick
                0x00000000000125b6                doActionsAfterTick
 .text          0x00000000000125e9       0x83 build/cooja/mtype446.a(cooja_mt.o)
                0x00000000000125e9                cooja_mt_start
                0x0000000000012613                cooja_mt_exec
                0x0000000000012649                cooja_mt_yield
 .text          0x000000000001266c       0xbe build/cooja/mtype446.a(cooja_mtarch.o)
                0x000000000001266c                cooja_mtarch_start
                0x00000000000126df                cooja_sw
                0x0000000000012702                cooja_mtarch_exec
                0x000000000001271f                cooja_mtarch_yield
 .text          0x000000000001272a       0xc5 build/cooja/mtype446.a(rtimer-arch.o)
                0x000000000001272a                rtimer_arch_init
                0x000000000001274e                rtimer_arch_schedule
                0x000000000001277e                rtimer_arch_next
                0x000000000001278e                rtimer_arch_pending
                0x0000000000012798                rtimer_arch_check
                0x00000000000127df                rtimer_arch_now
 .text          0x00000000000127ef       0x81 build/cooja/mtype446.a(beep.o)
                0x00000000000127ef                beep_alarm
                0x00000000000127fc                beep_beep
                0x0000000000012809                beep
                0x0000000000012816                beep_down
                0x0000000000012823                beep_on
                0x0000000000012830                beep_off
                0x000000000001283d                beep_spinup
                0x000000000001284a                beep_quick
                0x0000000000012857                beep_long
 .text          0x0000000000012870       0x65 build/cooja/mtype446.a(leds-arch.o)
                0x0000000000012883                leds_arch_init
 .text          0x00000000000128d5       0x35 build/cooja/mtype446.a(moteid.o)
 .text          0x000000000001290a       0xb7 build/cooja/mtype446.a(pir-sensor.o)
 .text          0x00000000000129c1      0x148 build/cooja/mtype446.a(rs232.o)
                0x00000000000129c1                rs232_init
                0x00000000000129c7                rs232_set_speed
                0x00000000000129d6                rs232_set_input
                0x00000000000129e4                rs232_send
                0x0000000000012a08                rs232_print
                0x0000000000012a24                slip_arch_writeb
 .text          0x0000000000012b09       0xb7 build/cooja/mtype446.a(vib-sensor.o)
 .text          0x0000000000012bc0       0x38 build/cooja/mtype446.a(clock.o)
                0x0000000000012bc0                clock_init
                0x0000000000012bc6                clock_time
                0x0000000000012bd0                clock_seconds
                0x0000000000012be6                clock_delay
 .text          0x0000000000012bf8      0x219 build/cooja/mtype446.a(cooja-log.o)
                0x0000000000012bf8                simlog_char
                0x0000000000012c3b                simlog
                0x0000000000012cb1                log_message
                0x0000000000012ce2                log_set_putchar_with_slip
                0x0000000000012cf0                log_putchar
                0x0000000000012d6b                log_puts
                0x0000000000012d93                log_printf
 .text          0x0000000000012e11      0x2b9 build/cooja/mtype446.a(cfs-cooja.o)
                0x0000000000012e11                cfs_open
                0x0000000000012e7a                cfs_close
                0x0000000000012e87                cfs_read
                0x0000000000012f1c                cfs_write
                0x0000000000012ff8                cfs_seek
                0x0000000000013080                cfs_remove
                0x00000000000130a4                cfs_opendir
                0x00000000000130ae                cfs_readdir
                0x00000000000130b8                cfs_closedir
 .text          0x00000000000130ca      0x620 build/cooja/mtype446.a(cooja-radio.o)
                0x000000000001310c                radio_set_channel
                0x000000000001311a                radio_set_txpower
                0x0000000000013132                radio_signal_strength_last
                0x000000000001313c                radio_signal_strength_current
                0x0000000000013146                radio_LQI
 .text          0x00000000000136ea       0xee build/cooja/mtype446.a(eeprom.o)
                0x00000000000136ea                eeprom_init
                0x00000000000136f0                eeprom_read
                0x000000000001375e                eeprom_write
 .text          0x00000000000137d8       0x2d build/cooja/mtype446.a(random.o)
                0x00000000000137d8                random_init
                0x00000000000137f8                random_rand
 .text          0x0000000000013805      0x29c build/cooja/mtype446.a(sensors.o)
                0x0000000000013840                sensors_first
                0x000000000001384a                sensors_next
                0x0000000000013864                sensors_changed
                0x0000000000013898                sensors_find
 .text          0x0000000000013aa1      0x349 build/cooja/mtype446.a(leds.o)
                0x0000000000013aa1                leds_init
                0x0000000000013ae8                leds_single_on
                0x0000000000013b47                leds_single_off
                0x0000000000013ba6                leds_single_toggle
                0x0000000000013bd8                leds_on
                0x0000000000013c5a                leds_off
                0x0000000000013cdc                leds_toggle
                0x0000000000013d31                leds_set
                0x0000000000013d5d                leds_get
 .text          0x0000000000013dea      0x343 build/cooja/mtype446.a(gpio-hal-arch.o)
                0x0000000000013dea                gpio_hal_arch_register_pin_callback
                0x0000000000013e56                gpio_hal_arch_init
                0x0000000000013e9b                gpio_hal_arch_no_port_interrupt_enable
                0x0000000000013ecb                gpio_hal_arch_no_port_interrupt_disable
                0x0000000000013efb                gpio_hal_arch_no_port_pin_cfg_set
                0x0000000000013f20                gpio_hal_arch_no_port_pin_cfg_get
                0x0000000000013f46                gpio_hal_arch_no_port_pin_set_input
                0x0000000000013f58                gpio_hal_arch_no_port_pin_set_output
                0x0000000000013f6a                gpio_hal_arch_no_port_set_pin
                0x0000000000013f8b                gpio_hal_arch_no_port_clear_pin
                0x0000000000013fac                gpio_hal_arch_no_port_read_pin
                0x0000000000013fd2                gpio_hal_arch_no_port_write_pin
                0x0000000000013ffc                gpio_hal_arch_no_port_set_pins
                0x0000000000014043                gpio_hal_arch_no_port_clear_pins
                0x000000000001408a                gpio_hal_arch_no_port_read_pins
                0x00000000000140cd                gpio_hal_arch_no_port_write_pins
 .text          0x000000000001412d       0x89 build/cooja/mtype446.a(buttons.o)
 .text          0x00000000000141b6      0x377 build/cooja/mtype446.a(oxygen_generato)
 .text          0x000000000001452d      0x6ee build/cooja/mtype446.a(coap-observe-cl)
                0x00000000000145cb                coap_obs_add_observee
                0x0000000000014667                coap_obs_remove_observee
                0x0000000000014697                coap_get_obs_subject_by_token
                0x00000000000146ff                coap_obs_remove_observee_by_token
                0x0000000000014792                coap_obs_remove_observee_by_url
                0x00000000000148ea                coap_handle_notification
                0x0000000000014a45                coap_generate_token
                0x0000000000014a67                coap_obs_request_registration
 .text          0x0000000000014c1b      0x27b build/cooja/mtype446.a(coap-blocking-a)
                0x0000000000014c1b                coap_blocking_request_callback
                0x0000000000014c45                coap_blocking_request
 .text          0x0000000000014e96      0xc26 build/cooja/mtype446.a(coap-engine.o)
                0x0000000000014f2b                coap_add_handler
                0x0000000000014f48                coap_remove_handler
                0x0000000000014f65                coap_call_handlers
                0x000000000001506d                coap_receive
                0x00000000000156a4                coap_engine_init
                0x0000000000015702                coap_activate_resource
                0x00000000000157ad                coap_get_first_resource
                0x00000000000157c6                coap_get_next_resource
 .text          0x0000000000015abc      0x2d9 build/cooja/mtype446.a(coap-res-well-k)
 .text          0x0000000000015d95      0x96a build/cooja/mtype446.a(coap-observe.o)
                0x0000000000015eaa                coap_remove_observer
                0x0000000000015eda                coap_remove_observer_by_client
                0x0000000000015f42                coap_remove_observer_by_token
                0x0000000000015fd5                coap_remove_observer_by_uri
                0x000000000001607c                coap_remove_observer_by_mid
                0x00000000000160f8                coap_notify_observers
                0x0000000000016111                coap_notify_observers_sub
                0x000000000001657b                coap_observe_handler
                0x0000000000016696                coap_has_observers
 .text          0x00000000000166ff      0x733 build/cooja/mtype446.a(coap-uip.o)
                0x00000000000166ff                coap_endpoint_log
                0x0000000000016785                coap_endpoint_print
                0x000000000001680b                coap_endpoint_snprint
                0x000000000001693e                coap_endpoint_copy
                0x000000000001697b                coap_endpoint_cmp
                0x0000000000016a89                coap_endpoint_parse
                0x0000000000016c74                coap_endpoint_is_secure
                0x0000000000016c83                coap_endpoint_is_connected
                0x0000000000016cb7                coap_endpoint_connect
                0x0000000000016cd3                coap_endpoint_disconnect
                0x0000000000016cd9                coap_databuf
                0x0000000000016ce3                coap_transport_init
                0x0000000000016d33                coap_sendto
 .text          0x0000000000016e32      0x324 build/cooja/mtype446.a(coap-timer.o)
                0x0000000000016f2f                coap_timer_stop
                0x0000000000016f5a                coap_timer_set
                0x0000000000016f9d                coap_timer_reset
                0x0000000000016fe0                coap_timer_time_to_next_expiration
                0x000000000001704c                coap_timer_run
                0x0000000000017118                coap_timer_init
 .text          0x0000000000017156      0x2c6 build/cooja/mtype446.a(coap-transactio)
                0x00000000000171bc                coap_new_transaction
                0x0000000000017222                coap_send_transaction
                0x0000000000017383                coap_clear_transaction
                0x00000000000173cb                coap_get_transaction_by_mid
 .text          0x000000000001741c     0x1c53 build/cooja/mtype446.a(coap.o)
                0x0000000000017989                coap_init_connection
                0x000000000001799d                coap_get_mid
                0x00000000000179b9                coap_init_message
                0x0000000000017a02                coap_serialize_message
                0x0000000000018084                coap_parse_message
                0x00000000000186eb                coap_get_query_variable
                0x000000000001872d                coap_get_post_variable
                0x0000000000018771                coap_set_status_code
                0x0000000000018796                coap_set_token
                0x00000000000187dd                coap_get_header_content_format
                0x000000000001880e                coap_set_header_content_format
                0x0000000000018831                coap_get_header_accept
                0x0000000000018862                coap_set_header_accept
                0x0000000000018885                coap_get_header_max_age
                0x00000000000188b6                coap_set_header_max_age
                0x00000000000188d6                coap_get_header_etag
                0x0000000000018908                coap_set_header_etag
                0x000000000001895f                coap_get_header_if_match
                0x0000000000018991                coap_set_header_if_match
                0x00000000000189e8                coap_get_header_if_none_match
                0x0000000000018a02                coap_set_header_if_none_match
                0x0000000000018a19                coap_get_header_proxy_uri
                0x0000000000018a47                coap_set_header_proxy_uri
                0x0000000000018a84                coap_get_header_uri_host
                0x0000000000018ab2                coap_set_header_uri_host
                0x0000000000018aef                coap_get_header_uri_path
                0x0000000000018b1d                coap_set_header_uri_path
                0x0000000000018b6a                coap_get_header_uri_query
                0x0000000000018b9e                coap_set_header_uri_query
                0x0000000000018bf4                coap_get_header_location_path
                0x0000000000018c22                coap_set_header_location_path
                0x0000000000018cbb                coap_get_header_location_query
                0x0000000000018ce9                coap_set_header_location_query
                0x0000000000018d36                coap_get_header_observe
                0x0000000000018d65                coap_set_header_observe
                0x0000000000018d85                coap_get_header_block2
                0x0000000000018df1                coap_set_header_block2
                0x0000000000018e68                coap_get_header_block1
                0x0000000000018edd                coap_set_header_block1
                0x0000000000018f58                coap_get_header_size2
                0x0000000000018f88                coap_set_header_size2
                0x0000000000018fab                coap_get_header_size1
                0x0000000000018fdb                coap_set_header_size1
                0x0000000000018ffe                coap_get_payload
                0x0000000000019038                coap_set_payload
 .text          0x000000000001906f      0x332 build/cooja/mtype446.a(contiki-main.o)
                0x000000000001906f                main
 .text          0x00000000000193a1       0x92 build/cooja/mtype446.a(autostart.o)
                0x00000000000193a1                autostart_start
                0x00000000000193eb                autostart_exit
 .text          0x0000000000019433      0x355 build/cooja/mtype446.a(ctimer.o)
                0x000000000001955b                ctimer_init
                0x000000000001958e                ctimer_set
                0x00000000000195b4                ctimer_set_with_process
                0x0000000000019631                ctimer_reset
                0x0000000000019685                ctimer_restart
                0x00000000000196d9                ctimer_stop
                0x0000000000019729                ctimer_expired
 .text          0x0000000000019788      0x394 build/cooja/mtype446.a(log.o)
                0x0000000000019788                log_6addr
                0x00000000000197db                log_6addr_compact_snprint
                0x0000000000019879                log_6addr_compact
                0x00000000000198cc                log_lladdr
                0x000000000001993e                log_lladdr_compact
                0x00000000000199a6                log_set_level
                0x0000000000019a61                log_get_level
                0x0000000000019ada                log_level_to_str
 .text          0x0000000000019b1c       0x1b build/cooja/mtype446.a(energest.o)
                0x0000000000019b1c                energest_init
                0x0000000000019b22                energest_flush
                0x0000000000019b28                energest_get_total_time
 .text          0x0000000000019b37      0x43f build/cooja/mtype446.a(etimer.o)
                0x0000000000019d5b                etimer_request_poll
                0x0000000000019de4                etimer_set
                0x0000000000019e0d                etimer_reset_with_new_interval
                0x0000000000019e3c                etimer_reset
                0x0000000000019e62                etimer_restart
                0x0000000000019e88                etimer_adjust
                0x0000000000019ea5                etimer_expired
                0x0000000000019eb8                etimer_expiration_time
                0x0000000000019eca                etimer_start_time
                0x0000000000019ed4                etimer_pending
                0x0000000000019ee6                etimer_next_expiration_time
                0x0000000000019f00                etimer_stop
 .text          0x0000000000019f76       0x25 build/cooja/mtype446.a(node-id.o)
                0x0000000000019f76                node_id_init
 .text          0x0000000000019f9b       0xeb build/cooja/mtype446.a(rtimer.o)
                0x0000000000019f9b                rtimer_init
                0x0000000000019fa9                rtimer_set
                0x000000000001a024                rtimer_run_next
 .text          0x000000000001a086      0x4fb build/cooja/mtype446.a(process.o)
                0x000000000001a086                process_alloc_event
                0x000000000001a09b                process_start
                0x000000000001a275                process_exit
                0x000000000001a292                process_init
                0x000000000001a427                process_run
                0x000000000001a45a                process_nevents
                0x000000000001a475                process_post
                0x000000000001a508                process_post_synch
                0x000000000001a53d                process_poll
                0x000000000001a56d                process_is_running
 .text          0x000000000001a581       0xb1 build/cooja/mtype446.a(timer.o)
                0x000000000001a581                timer_set
                0x000000000001a59f                timer_reset
                0x000000000001a5cc                timer_restart
                0x000000000001a5e1                timer_expired
                0x000000000001a60e                timer_remaining
 .text          0x000000000001a632      0x28f build/cooja/mtype446.a(list.o)
                0x000000000001a632                list_init
                0x000000000001a641                list_head
                0x000000000001a64b                list_copy
                0x000000000001a65b                list_tail
                0x000000000001a691                list_add
                0x000000000001a6dd                list_push
                0x000000000001a709                list_chop
                0x000000000001a773                list_pop
                0x000000000001a79b                list_remove
                0x000000000001a803                list_length
                0x000000000001a831                list_insert
                0x000000000001a876                list_item_next
                0x000000000001a88d                list_contains
 .text          0x000000000001a8c1      0x1b5 build/cooja/mtype446.a(memb.o)
                0x000000000001a8c1                memb_init
                0x000000000001a916                memb_alloc
                0x000000000001a979                memb_free
                0x000000000001a9f0                memb_inmemb
                0x000000000001aa2f                memb_numfree
 .text          0x000000000001aa76      0x41c build/cooja/mtype446.a(button-hal.o)
                0x000000000001abef                button_hal_get_by_id
                0x000000000001ac2d                button_hal_get_by_index
                0x000000000001ac59                button_hal_get_state
                0x000000000001acab                button_hal_init
 .text          0x000000000001ae92      0x1f3 build/cooja/mtype446.a(serial-line.o)
                0x000000000001ae92                serial_line_input_byte
                0x000000000001b050                serial_line_init
 .text          0x000000000001b085      0x168 build/cooja/mtype446.a(gpio-hal.o)
                0x000000000001b085                gpio_hal_register_handler
                0x000000000001b0a2                gpio_hal_event_handler
                0x000000000001b0fe                gpio_hal_init
                0x000000000001b11d                gpio_hal_arch_port_toggle_pin
                0x000000000001b159                gpio_hal_arch_port_toggle_pins
                0x000000000001b187                gpio_hal_arch_no_port_toggle_pin
                0x000000000001b1c5                gpio_hal_arch_no_port_toggle_pins
 .text          0x000000000001b1ed      0x2e7 build/cooja/mtype446.a(queuebuf.o)
                0x000000000001b1f7                queuebuf_init
                0x000000000001b220                queuebuf_numfree
                0x000000000001b238                queuebuf_new_from_packetbuf
                0x000000000001b2d7                queuebuf_update_attr_from_packetbuf
                0x000000000001b30c                queuebuf_update_from_packetbuf
                0x000000000001b35c                queuebuf_free
                0x000000000001b3a5                queuebuf_to_packetbuf
                0x000000000001b411                queuebuf_dataptr
                0x000000000001b44b                queuebuf_datalen
                0x000000000001b46e                queuebuf_addr
                0x000000000001b4a3                queuebuf_attr
                0x000000000001b4ce                queuebuf_debug_print
 .text          0x000000000001b4d4      0x407 build/cooja/mtype446.a(packetbuf.o)
                0x000000000001b4d4                packetbuf_clear
                0x000000000001b4ff                packetbuf_copyfrom
                0x000000000001b54e                packetbuf_copyto
                0x000000000001b5e1                packetbuf_hdralloc
                0x000000000001b65d                packetbuf_hdrreduce
                0x000000000001b6a3                packetbuf_set_datalen
                0x000000000001b6bd                packetbuf_dataptr
                0x000000000001b6da                packetbuf_hdrptr
                0x000000000001b6e4                packetbuf_datalen
                0x000000000001b6f0                packetbuf_hdrlen
                0x000000000001b707                packetbuf_totlen
                0x000000000001b71d                packetbuf_remaininglen
                0x000000000001b730                packetbuf_attr_clear
                0x000000000001b77c                packetbuf_attr_copyto
                0x000000000001b7d4                packetbuf_attr_copyfrom
                0x000000000001b82c                packetbuf_set_attr
                0x000000000001b856                packetbuf_attr
                0x000000000001b870                packetbuf_set_addr
                0x000000000001b8a1                packetbuf_addr
                0x000000000001b8be                packetbuf_holds_broadcast
 .text          0x000000000001b8db       0xef build/cooja/mtype446.a(netstack.o)
                0x000000000001b8db                netstack_process_ip_callback
                0x000000000001b96c                netstack_ip_packet_processor_add
                0x000000000001b98f                uip_ds6_ip_packet_processor_rm
                0x000000000001b9ac                netstack_init
 .text          0x000000000001b9ca       0x4f build/cooja/mtype446.a(linkaddr.o)
                0x000000000001b9ca                linkaddr_copy
                0x000000000001b9e0                linkaddr_cmp
                0x000000000001ba03                linkaddr_set_node_addr
 .text          0x000000000001ba19      0x1f6 build/cooja/mtype446.a(csma.o)
 .text          0x000000000001bc0f      0x95d build/cooja/mtype446.a(csma-output.o)
                0x000000000001c2a6                csma_output_packet
                0x000000000001c533                csma_output_init
 .text          0x000000000001c56c      0xc11 build/cooja/mtype446.a(uip-ds6.o)
                0x000000000001c56c                uip_ds6_default_prefix
                0x000000000001c576                uip_ds6_set_default_prefix
                0x000000000001c5a1                uip_ds6_init
                0x000000000001c803                uip_ds6_periodic
                0x000000000001c88a                uip_ds6_list_loop
                0x000000000001c94a                uip_ds6_prefix_add
                0x000000000001c9f6                uip_ds6_prefix_rm
                0x000000000001ca09                uip_ds6_prefix_lookup
                0x000000000001ca48                uip_ds6_is_addr_onlink
                0x000000000001cabb                uip_ds6_addr_add
                0x000000000001cbdb                uip_ds6_addr_rm
                0x000000000001cc84                uip_ds6_addr_lookup
                0x000000000001ccbd                uip_ds6_get_link_local
                0x000000000001cd3e                uip_ds6_get_global
                0x000000000001cdbf                uip_ds6_maddr_add
                0x000000000001ce1f                uip_ds6_maddr_rm
                0x000000000001ce32                uip_ds6_maddr_lookup
                0x000000000001ce6b                uip_ds6_aaddr_add
                0x000000000001cecb                uip_ds6_aaddr_rm
                0x000000000001cede                uip_ds6_aaddr_lookup
                0x000000000001cf17                uip_ds6_select_src
                0x000000000001d060                uip_ds6_set_addr_iid
                0x000000000001d08b                uip_ds6_set_lladdr_from_iid
                0x000000000001d0b4                get_match_length
                0x000000000001d145                uip_ds6_compute_reachable_time
 .text          0x000000000001d17d      0x128 build/cooja/mtype446.a(uip-udp-packet.)
                0x000000000001d17d                uip_udp_packet_send
                0x000000000001d1d8                uip_udp_packet_sendto
 .text          0x000000000001d2a5      0x35b build/cooja/mtype446.a(uip-ds6-route.o)
                0x000000000001d2f6                uip_ds6_route_init
                0x000000000001d320                uip_ds6_route_nexthop
                0x000000000001d32a                uip_ds6_route_head
                0x000000000001d334                uip_ds6_route_next
                0x000000000001d33e                uip_ds6_route_is_nexthop
                0x000000000001d348                uip_ds6_route_num_routes
                0x000000000001d352                uip_ds6_route_lookup
                0x000000000001d35c                uip_ds6_route_add
                0x000000000001d36f                uip_ds6_route_rm
                0x000000000001d375                uip_ds6_route_rm_by_nexthop
                0x000000000001d37b                uip_ds6_defrt_head
                0x000000000001d394                uip_ds6_defrt_add
                0x000000000001d442                uip_ds6_defrt_rm
                0x000000000001d4a8                uip_ds6_defrt_lookup
                0x000000000001d50f                uip_ds6_defrt_choose
                0x000000000001d585                uip_ds6_defrt_periodic
 .text          0x000000000001d600      0x6f7 build/cooja/mtype446.a(tcpip.o)
                0x000000000001d61a                tcpip_output
                0x000000000001d699                udp_attach
                0x000000000001d6b1                udp_new
                0x000000000001d6fb                udp_broadcast_new
                0x000000000001d86d                tcpip_input
                0x000000000001d9fd                tcpip_ipv6_output
                0x000000000001dbf1                tcpip_poll_udp
                0x000000000001dc0f                tcpip_uipcall
 .text          0x000000000001dcf7     0x1205 build/cooja/mtype446.a(uip6.o)
                0x000000000001dda6                uip_chksum
                0x000000000001de7d                uip_icmp6chksum
                0x000000000001de92                uip_udpchksum
                0x000000000001dea7                uip_init
                0x000000000001def0                uip_remove_ext_hdr
                0x000000000001dfca                uip_udp_new
                0x000000000001e2de                uip_process
                0x000000000001edd6                uip_htons
                0x000000000001edf8                uip_htonl
                0x000000000001ee36                uip_send
 .text          0x000000000001eefc      0x369 build/cooja/mtype446.a(uip-ds6-nbr.o)
                0x000000000001eefc                uip_ds6_neighbors_init
                0x000000000001ef20                uip_ds6_nbr_add
                0x000000000001efa6                uip_ds6_nbr_rm
                0x000000000001eff1                uip_ds6_nbr_update_ll
                0x000000000001f0df                uip_ds6_nbr_get_ipaddr
                0x000000000001f0f4                uip_ds6_nbr_get_ll
                0x000000000001f110                uip_ds6_nbr_num
                0x000000000001f159                uip_ds6_nbr_head
                0x000000000001f172                uip_ds6_nbr_next
                0x000000000001f18e                uip_ds6_nbr_lookup
                0x000000000001f1e6                uip_ds6_nbr_ll_lookup
                0x000000000001f202                uip_ds6_nbr_ipaddr_from_lladdr
                0x000000000001f22b                uip_ds6_nbr_lladdr_from_ipaddr
                0x000000000001f25f                uip_ds6_link_callback
 .text          0x000000000001f265      0x6a7 build/cooja/mtype446.a(uip-nd6.o)
                0x000000000001f8f3                uip_nd6_init
 .text          0x000000000001f90c     0x2c17 build/cooja/mtype446.a(sicslowpan.o)
                0x000000000001ff13                netstack_sniffer_add
                0x000000000001ff21                netstack_sniffer_remove
                0x00000000000224f7                sicslowpan_init
                0x0000000000022519                sicslowpan_get_last_rssi
 .text          0x0000000000022523      0x4d1 build/cooja/mtype446.a(uiplib.o)
                0x0000000000022523                uiplib_ip6addrconv
                0x00000000000226db                uiplib_ip4addrconv
                0x000000000002279e                uiplib_ipaddr_print
                0x00000000000227f1                uiplib_ipaddr_snprint
 .text          0x00000000000229f4      0x4c9 build/cooja/mtype446.a(rpl.o)
                0x00000000000229f4                rpl_lollipop_greater_than
                0x0000000000022a4e                rpl_get_global_address
                0x0000000000022b46                rpl_link_callback
                0x0000000000022b8a                rpl_has_joined
                0x0000000000022baf                rpl_is_reachable
                0x0000000000022c30                rpl_reset_prefix
                0x0000000000022c9a                rpl_set_prefix_from_addr
                0x0000000000022d7f                rpl_set_prefix
                0x0000000000022e99                rpl_set_leaf_only
                0x0000000000022eb1                rpl_get_leaf_only
 .text          0x0000000000022ebd     0x138c build/cooja/mtype446.a(rpl-icmp6.o)
                0x0000000000022fe2                rpl_icmp6_update_nbr_table
                0x000000000002306b                rpl_icmp6_dis_output
                0x00000000000236b1                rpl_icmp6_dio_output
                0x0000000000023eaf                rpl_icmp6_dao_output
                0x0000000000024190                rpl_icmp6_dao_ack_output
                0x0000000000024200                rpl_icmp6_init
 .text          0x0000000000024249      0x264 build/cooja/mtype446.a(rpl-dag-root.o)
                0x0000000000024249                rpl_dag_root_print_links
                0x0000000000024375                rpl_dag_root_set_prefix
                0x00000000000243a1                rpl_dag_root_start
                0x000000000002447e                rpl_dag_root_is_root
 .text          0x00000000000244ad       0x30 build/cooja/mtype446.a(watchdog.o)
                0x00000000000244ad                watchdog_init
                0x00000000000244b3                watchdog_start
                0x00000000000244b9                watchdog_periodic
                0x00000000000244d1                watchdog_stop
                0x00000000000244d7                watchdog_reboot
 .text          0x00000000000244dd       0x4a build/cooja/mtype446.a(int-master.o)
                0x00000000000244dd                int_master_enable
                0x00000000000244ed                int_master_read_and_disable
                0x000000000002450a                int_master_status_set
                0x0000000000024518                int_master_is_enabled
 .text          0x0000000000024527      0x226 build/cooja/mtype446.a(coap-timer-defa)
 .text          0x000000000002474d       0xc7 build/cooja/mtype446.a(stimer.o)
                0x000000000002474d                stimer_set
                0x000000000002476b                stimer_reset
                0x0000000000024798                stimer_restart
                0x00000000000247ad                stimer_expired
                0x00000000000247d8                stimer_remaining
                0x00000000000247fc                stimer_elapsed
 .text          0x0000000000024814      0x156 build/cooja/mtype446.a(ringbuf.o)
                0x0000000000024814                ringbuf_init
                0x0000000000024846                ringbuf_put
                0x00000000000248c4                ringbuf_get
                0x0000000000024931                ringbuf_size
                0x0000000000024943                ringbuf_elements
 .text          0x000000000002496a       0x1f build/cooja/mtype446.a(assert.o)
                0x000000000002496a                _xassert
 .text          0x0000000000024989      0x79b build/cooja/mtype446.a(nbr-table.o)
                0x0000000000024e02                nbr_table_register
                0x0000000000024e6f                nbr_table_is_registered
                0x0000000000024eaa                nbr_table_head
                0x0000000000024f05                nbr_table_next
                0x0000000000024f66                nbr_table_add_lladdr
                0x0000000000025040                nbr_table_get_from_lladdr
                0x000000000002508c                nbr_table_remove
                0x00000000000250c4                nbr_table_lock
                0x00000000000250de                nbr_table_unlock
                0x00000000000250f8                nbr_table_get_lladdr
 .text          0x0000000000025124      0x3a5 build/cooja/mtype446.a(link-stats.o)
                0x0000000000025124                link_stats_from_lladdr
                0x0000000000025140                link_stats_get_lladdr
                0x000000000002515c                link_stats_is_fresh
                0x0000000000025198                guess_etx_from_rssi
                0x0000000000025214                link_stats_packet_sent
                0x0000000000025334                link_stats_input_callback
                0x0000000000025444                link_stats_reset
                0x0000000000025494                link_stats_init
 .text          0x00000000000254c9      0x187 build/cooja/mtype446.a(mac-sequence.o)
                0x00000000000254c9                mac_sequence_is_duplicate
                0x0000000000025569                mac_sequence_register_seqno
 .text          0x0000000000025650       0x23 build/cooja/mtype446.a(mac.o)
                0x0000000000025650                mac_call_sent_callback
 .text          0x0000000000025673      0x432 build/cooja/mtype446.a(framer-802154.o)
                0x0000000000025802                framer_802154_setup_params
 .text          0x0000000000025aa5      0xb6f build/cooja/mtype446.a(frame802154.o)
                0x0000000000025ad6                frame802154_get_pan_id
                0x0000000000025ae2                frame802154_set_pan_id
                0x0000000000025afc                frame802154_has_panid
                0x0000000000025cab                frame802154_check_dest_panid
                0x0000000000025d33                frame802154_is_broadcast_addr
                0x0000000000025d80                frame802154_extract_linkaddr
                0x0000000000025fe5                frame802154_hdrlen
                0x0000000000026058                frame802154_create_fcf
                0x0000000000026110                frame802154_create
                0x0000000000026285                frame802154_parse_fcf
                0x0000000000026367                frame802154_parse
 .text          0x0000000000026614       0x2d build/cooja/mtype446.a(csma-security.o)
                0x0000000000026614                csma_security_create_frame
                0x0000000000026632                csma_security_parse_frame
 .text          0x0000000000026641      0x4e4 build/cooja/mtype446.a(uipbuf.o)
                0x0000000000026641                uipbuf_clear
                0x0000000000026668                uipbuf_add_ext_hdr
                0x00000000000266e8                uipbuf_set_len
                0x0000000000026715                uipbuf_set_len_field
                0x0000000000026741                uipbuf_get_len_field
                0x0000000000026761                uipbuf_get_next_header
                0x0000000000026893                uipbuf_get_last_header
                0x000000000002690c                uipbuf_search_header
                0x00000000000269c2                uipbuf_get_attr
                0x00000000000269e9                uipbuf_set_attr
                0x0000000000026a20                uipbuf_set_default_attr
                0x0000000000026a57                uipbuf_clear_attr
                0x0000000000026a7b                uipbuf_set_attr_flag
                0x0000000000026a9c                uipbuf_clr_attr_flag
                0x0000000000026ac3                uipbuf_is_attr_flag
                0x0000000000026ae7                uipbuf_init
 .text          0x0000000000026b25      0x73f build/cooja/mtype446.a(uip-icmp6.o)
                0x0000000000026b9a                uip_icmp6_input
                0x0000000000026bf1                uip_icmp6_register_input_handler
                0x0000000000026d44                uip_icmp6_error_output
                0x0000000000026ff5                uip_icmp6_send
                0x00000000000271ec                uip_icmp6_echo_reply_callback_add
                0x000000000002721e                uip_icmp6_echo_reply_callback_rm
                0x000000000002723b                uip_icmp6_init
 .text          0x0000000000027264      0x69b build/cooja/mtype446.a(uip-sr.o)
                0x0000000000027264                uip_sr_num_nodes
                0x00000000000272f2                uip_sr_get_node
                0x0000000000027349                uip_sr_is_addr_reachable
                0x00000000000273f7                uip_sr_expire_parent
                0x0000000000027440                uip_sr_update_node
                0x0000000000027570                uip_sr_init
                0x00000000000275a4                uip_sr_node_head
                0x00000000000275bd                uip_sr_node_next
                0x00000000000275d3                uip_sr_periodic
                0x00000000000276d9                uip_sr_free_all
                0x0000000000027749                uip_sr_link_snprint
 .text          0x00000000000278ff      0x146 build/cooja/mtype446.a(uip-packetqueue)
                0x000000000002792d                uip_packetqueue_new
                0x000000000002793c                uip_packetqueue_alloc
                0x0000000000027997                uip_packetqueue_free
                0x00000000000279de                uip_packetqueue_buf
                0x00000000000279fb                uip_packetqueue_buflen
                0x0000000000027a1c                uip_packetqueue_set_buflen
 .text          0x0000000000027a45      0x1b0 build/cooja/mtype446.a(rpl-nbr-policy.)
                0x0000000000027bb2                rpl_nbr_policy_find_removable
 .text          0x0000000000027bf5      0x915 build/cooja/mtype446.a(rpl-neighbor.o)
                0x0000000000027c71                rpl_neighbor_snprint
                0x0000000000027f24                rpl_neighbor_print_list
                0x0000000000027fd9                rpl_neighbor_count
                0x0000000000028080                rpl_neighbor_get_from_lladdr
                0x000000000002809c                rpl_neighbor_is_acceptable_parent
                0x00000000000280d0                rpl_neighbor_get_link_metric
                0x0000000000028104                rpl_neighbor_rank_via_nbr
                0x0000000000028138                rpl_neighbor_get_lladdr
                0x0000000000028154                rpl_neighbor_get_ipaddr
                0x000000000002817b                rpl_neighbor_get_link_stats
                0x00000000000281a2                rpl_neighbor_is_fresh
                0x00000000000281c9                rpl_neighbor_is_reachable
                0x0000000000028214                rpl_neighbor_is_parent
                0x000000000002823e                rpl_neighbor_set_preferred_parent
                0x00000000000282d5                rpl_neighbor_remove_all
                0x0000000000028331                rpl_neighbor_get_from_ipaddr
                0x000000000002843f                rpl_neighbor_select_best
                0x00000000000284eb                rpl_neighbor_init
 .text          0x000000000002850a      0xe69 build/cooja/mtype446.a(rpl-dag.o)
                0x000000000002850a                rpl_dag_state_to_str
                0x0000000000028549                rpl_dag_get_root_ipaddr
                0x0000000000028591                rpl_dag_leave
                0x000000000002861a                rpl_dag_poison_and_leave
                0x0000000000028632                rpl_dag_periodic
                0x00000000000286ba                rpl_is_addr_in_our_dag
                0x00000000000286fe                rpl_get_default_instance
                0x000000000002871a                rpl_get_any_dag
                0x0000000000028773                rpl_refresh_routes
                0x00000000000287b3                rpl_global_repair
                0x000000000002884c                rpl_local_repair
                0x0000000000028896                rpl_dag_ready_to_advertise
                0x00000000000288d9                rpl_dag_update_state
                0x0000000000029006                rpl_process_dio
                0x0000000000029084                rpl_process_dis
                0x00000000000290c9                rpl_process_dao
                0x0000000000029158                rpl_process_dao_ack
                0x00000000000291ef                rpl_process_hbh
                0x000000000002923f                rpl_dag_init_root
                0x0000000000029353                rpl_dag_init
 .text          0x0000000000029373      0x9e7 build/cooja/mtype446.a(rpl-timers.o)
                0x0000000000029373                rpl_timers_schedule_periodic_dis
                0x00000000000294c1                rpl_timers_dio_reset
                0x00000000000295cf                rpl_timers_schedule_unicast_dio
                0x0000000000029723                rpl_timers_schedule_dao
                0x00000000000297e2                rpl_timers_schedule_dao_ack
                0x0000000000029868                rpl_timers_notify_dao_ack
                0x00000000000298c6                get_probing_delay
                0x00000000000298fa                get_probing_target
                0x0000000000029ae4                rpl_schedule_probing
                0x0000000000029b12                rpl_schedule_probing_now
                0x0000000000029b7c                rpl_timers_unschedule_leaving
                0x0000000000029bb4                rpl_timers_schedule_leaving
                0x0000000000029bf5                rpl_timers_init
                0x0000000000029c85                rpl_timers_stop_dag_timers
                0x0000000000029cfe                rpl_timers_unschedule_state_update
                0x0000000000029d22                rpl_timers_schedule_state_update
 .text          0x0000000000029d5a      0xb8e build/cooja/mtype446.a(rpl-ext-header.)
                0x0000000000029d5a                rpl_ext_header_srh_get_next_hop
                0x0000000000029e41                rpl_ext_header_srh_update
                0x000000000002a3ad                rpl_ext_header_hbh_update
                0x000000000002a6ad                rpl_ext_header_update
                0x000000000002a736                rpl_ext_header_remove
 .text          0x000000000002a8e8      0x31b build/cooja/mtype446.a(rpl-mrhof.o)
 *fill*         0x000000000002ac03        0xd 
 .text          0x000000000002ac10      0x122 /usr/lib/gcc/i686-linux-gnu/5/libgcc.a(_udivdi3.o)
                0x000000000002ac10                __udivdi3
 .text          0x000000000002ad32        0x0 /usr/lib/gcc/i686-linux-gnu/5/crtendS.o
 .text          0x000000000002ad32        0x0 /usr/lib/gcc/i686-linux-gnu/5/../../../i386-linux-gnu/crtn.o
 *(.gnu.warning)

.fini           0x000000000002ad34       0x14
 *(SORT(.fini))
 .fini          0x000000000002ad34        0xf /usr/lib/gcc/i686-linux-gnu/5/../../../i386-linux-gnu/crti.o
                0x000000000002ad34                _fini
 .fini          0x000000000002ad43        0x5 /usr/lib/gcc/i686-linux-gnu/5/../../../i386-linux-gnu/crtn.o
                [!provide]                        PROVIDE (__etext, .)
                [!provide]                        PROVIDE (_etext, .)
                [!provide]                        PROVIDE (etext, .)

.rodata         0x000000000002ad60      0xceb
 *(.rodata .rodata.* .gnu.linkonce.r.*)
 .rodata        0x000000000002ad60      0x269 oxygen_actuator.o
                0x000000000002ae5c                autostart_processes
 *fill*         0x000000000002afc9        0x3 
 .rodata        0x000000000002afcc        0x8 build/cooja/mtype446.a(beep.o)
                0x000000000002afcc                beep_interface
 .rodata        0x000000000002afd4        0xe build/cooja/mtype446.a(leds-arch.o)
                0x000000000002afd4                leds_interface
                0x000000000002afdc                leds_arch_leds
 *fill*         0x000000000002afe2        0x2 
 .rodata        0x000000000002afe4        0x8 build/cooja/mtype446.a(moteid.o)
                0x000000000002afe4                moteid_interface
 .rodata        0x000000000002afec       0x1c build/cooja/mtype446.a(pir-sensor.o)
                0x000000000002afec                pir_interface
                0x000000000002aff8                pir_sensor
 .rodata        0x000000000002b008        0xe build/cooja/mtype446.a(rs232.o)
                0x000000000002b008                rs232_interface
 *fill*         0x000000000002b016        0x2 
 .rodata        0x000000000002b018       0x24 build/cooja/mtype446.a(vib-sensor.o)
                0x000000000002b018                vib_interface
                0x000000000002b02c                vib_sensor
 .rodata        0x000000000002b03c        0x8 build/cooja/mtype446.a(clock.o)
                0x000000000002b03c                clock_interface
 .rodata        0x000000000002b044        0x8 build/cooja/mtype446.a(cooja-log.o)
                0x000000000002b044                simlog_interface
 .rodata        0x000000000002b04c       0x2f build/cooja/mtype446.a(cfs-cooja.o)
                0x000000000002b04c                cfs_interface
 *fill*         0x000000000002b07b        0x5 
 .rodata        0x000000000002b080       0xb8 build/cooja/mtype446.a(cooja-radio.o)
                0x000000000002b080                radio_interface
                0x000000000002b100                cooja_radio_driver
 .rodata        0x000000000002b138        0x8 build/cooja/mtype446.a(eeprom.o)
                0x000000000002b138                eeprom_interface
 .rodata        0x000000000002b140        0x8 build/cooja/mtype446.a(sensors.o)
 .rodata        0x000000000002b148       0x2c build/cooja/mtype446.a(buttons.o)
                0x000000000002b148                button_interface
                0x000000000002b15c                button_hal_button_count
                0x000000000002b164                button_sensor
 *fill*         0x000000000002b174        0x4 
 .rodata        0x000000000002b178      0x130 build/cooja/mtype446.a(oxygen_generato)
 .rodata        0x000000000002b2a8       0x41 build/cooja/mtype446.a(coap-engine.o)
 .rodata        0x000000000002b2e9       0x19 build/cooja/mtype446.a(coap-res-well-k)
 .rodata        0x000000000002b302       0x11 build/cooja/mtype446.a(coap-observe.o)
 .rodata        0x000000000002b313       0x35 build/cooja/mtype446.a(coap-uip.o)
 .rodata        0x000000000002b348      0x1ac build/cooja/mtype446.a(coap.o)
 .rodata        0x000000000002b4f4       0xf8 build/cooja/mtype446.a(contiki-main.o)
 .rodata        0x000000000002b5ec        0xf build/cooja/mtype446.a(ctimer.o)
 *fill*         0x000000000002b5fb        0x1 
 .rodata        0x000000000002b5fc       0xc4 build/cooja/mtype446.a(log.o)
 .rodata        0x000000000002b6c0        0xc build/cooja/mtype446.a(etimer.o)
 .rodata        0x000000000002b6cc       0x13 build/cooja/mtype446.a(button-hal.o)
 .rodata        0x000000000002b6df        0xe build/cooja/mtype446.a(serial-line.o)
 *fill*         0x000000000002b6ed        0x3 
 .rodata        0x000000000002b6f0        0x8 build/cooja/mtype446.a(linkaddr.o)
                0x000000000002b6f0                linkaddr_null
 .rodata        0x000000000002b6f8       0x24 build/cooja/mtype446.a(csma.o)
                0x000000000002b700                csma_driver
 .rodata        0x000000000002b71c       0x24 build/cooja/mtype446.a(csma-output.o)
 .rodata        0x000000000002b740       0x4d build/cooja/mtype446.a(uip-ds6-route.o)
 .rodata        0x000000000002b78d        0xd build/cooja/mtype446.a(tcpip.o)
 *fill*         0x000000000002b79a        0x2 
 .rodata        0x000000000002b79c       0x30 build/cooja/mtype446.a(sicslowpan.o)
                0x000000000002b79c                unc_llconf
                0x000000000002b7a0                unc_ctxconf
                0x000000000002b7a4                unc_mxconf
                0x000000000002b7a8                llprefix
                0x000000000002b7bc                sicslowpan_driver
 .rodata        0x000000000002b7cc       0x2d build/cooja/mtype446.a(uiplib.o)
 *fill*         0x000000000002b7f9        0x7 
 .rodata        0x000000000002b800       0x74 build/cooja/mtype446.a(rpl.o)
                0x000000000002b820                rpl_lite_driver
 .rodata        0x000000000002b874       0x20 build/cooja/mtype446.a(coap-timer-defa)
                0x000000000002b888                coap_timer_default_driver
 .rodata        0x000000000002b894       0x25 build/cooja/mtype446.a(assert.o)
 *fill*         0x000000000002b8b9        0x3 
 .rodata        0x000000000002b8bc        0xc build/cooja/mtype446.a(framer-802154.o)
                0x000000000002b8bc                framer_802154
 .rodata        0x000000000002b8c8       0x44 build/cooja/mtype446.a(uip-sr.o)
 .rodata        0x000000000002b90c       0x58 build/cooja/mtype446.a(rpl-neighbor.o)
 .rodata        0x000000000002b964       0xdb build/cooja/mtype446.a(rpl-dag.o)
 .rodata        0x000000000002ba3f        0xc build/cooja/mtype446.a(rpl-timers.o)

.rodata1
 *(.rodata1)

.eh_frame_hdr   0x000000000002ba4c     0x1a64
 *(.eh_frame_hdr)
 .eh_frame_hdr  0x000000000002ba4c     0x1a64 oxygen_actuator.o
                0x000000000002ba4c                __GNU_EH_FRAME_HDR
 *(.eh_frame_entry .eh_frame_entry.*)

.eh_frame       0x000000000002d4b0     0x6b10
 *(.eh_frame)
 .eh_frame      0x000000000002d4b0       0x3c /usr/lib/gcc/i686-linux-gnu/5/../../../i386-linux-gnu/crti.o
                                         0x40 (size before relaxing)
 .eh_frame      0x000000000002d4ec       0xa4 oxygen_actuator.o
                                         0xbc (size before relaxing)
 .eh_frame      0x000000000002d590      0x178 build/cooja/mtype446.o
                                        0x190 (size before relaxing)
 .eh_frame      0x000000000002d708       0x40 build/cooja/mtype446.a(simEnvChange.o)
                                         0x58 (size before relaxing)
 .eh_frame      0x000000000002d748       0x60 build/cooja/mtype446.a(cooja_mt.o)
                                         0x78 (size before relaxing)
 .eh_frame      0x000000000002d7a8       0x80 build/cooja/mtype446.a(cooja_mtarch.o)
                                         0x98 (size before relaxing)
 .eh_frame      0x000000000002d828       0xc8 build/cooja/mtype446.a(rtimer-arch.o)
                                         0xe0 (size before relaxing)
 .eh_frame      0x000000000002d8f0      0x160 build/cooja/mtype446.a(beep.o)
                                        0x178 (size before relaxing)
 .eh_frame      0x000000000002da50       0x80 build/cooja/mtype446.a(leds-arch.o)
                                         0x98 (size before relaxing)
 .eh_frame      0x000000000002dad0       0x40 build/cooja/mtype446.a(moteid.o)
                                         0x58 (size before relaxing)
 .eh_frame      0x000000000002db10       0xa0 build/cooja/mtype446.a(pir-sensor.o)
                                         0xb8 (size before relaxing)
 .eh_frame      0x000000000002dbb0      0x100 build/cooja/mtype446.a(rs232.o)
                                        0x118 (size before relaxing)
 .eh_frame      0x000000000002dcb0       0xa0 build/cooja/mtype446.a(vib-sensor.o)
                                         0xb8 (size before relaxing)
 .eh_frame      0x000000000002dd50       0xc0 build/cooja/mtype446.a(clock.o)
                                         0xd8 (size before relaxing)
 .eh_frame      0x000000000002de10      0x120 build/cooja/mtype446.a(cooja-log.o)
                                        0x138 (size before relaxing)
 .eh_frame      0x000000000002df30      0x160 build/cooja/mtype446.a(cfs-cooja.o)
                                        0x178 (size before relaxing)
 .eh_frame      0x000000000002e090      0x340 build/cooja/mtype446.a(cooja-radio.o)
                                        0x358 (size before relaxing)
 .eh_frame      0x000000000002e3d0       0xa0 build/cooja/mtype446.a(eeprom.o)
                                         0xb8 (size before relaxing)
 .eh_frame      0x000000000002e470       0x40 build/cooja/mtype446.a(random.o)
                                         0x58 (size before relaxing)
 .eh_frame      0x000000000002e4b0       0xc0 build/cooja/mtype446.a(sensors.o)
                                         0xd8 (size before relaxing)
 .eh_frame      0x000000000002e570      0x120 build/cooja/mtype446.a(leds.o)
                                        0x138 (size before relaxing)
 .eh_frame      0x000000000002e690      0x220 build/cooja/mtype446.a(gpio-hal-arch.o)
                                        0x238 (size before relaxing)
 .eh_frame      0x000000000002e8b0       0xa0 build/cooja/mtype446.a(buttons.o)
                                         0xb8 (size before relaxing)
 .eh_frame      0x000000000002e950       0x60 build/cooja/mtype446.a(oxygen_generato)
                                         0x78 (size before relaxing)
 .eh_frame      0x000000000002e9b0      0x1c4 build/cooja/mtype446.a(coap-observe-cl)
                                        0x1dc (size before relaxing)
 .eh_frame      0x000000000002eb74       0x44 build/cooja/mtype446.a(coap-blocking-a)
                                         0x5c (size before relaxing)
 .eh_frame      0x000000000002ebb8      0x220 build/cooja/mtype446.a(coap-engine.o)
                                        0x238 (size before relaxing)
 .eh_frame      0x000000000002edd8       0x24 build/cooja/mtype446.a(coap-res-well-k)
                                         0x3c (size before relaxing)
 .eh_frame      0x000000000002edfc      0x188 build/cooja/mtype446.a(coap-observe.o)
                                        0x1a0 (size before relaxing)
 .eh_frame      0x000000000002ef84      0x250 build/cooja/mtype446.a(coap-uip.o)
                                        0x268 (size before relaxing)
 .eh_frame      0x000000000002f1d4      0x114 build/cooja/mtype446.a(coap-timer.o)
                                        0x12c (size before relaxing)
 .eh_frame      0x000000000002f2e8      0x100 build/cooja/mtype446.a(coap-transactio)
                                        0x118 (size before relaxing)
 .eh_frame      0x000000000002f3e8      0x6ec build/cooja/mtype446.a(coap.o)
                                        0x704 (size before relaxing)
 .eh_frame      0x000000000002fad4       0x30 build/cooja/mtype446.a(contiki-main.o)
                                         0x48 (size before relaxing)
 .eh_frame      0x000000000002fb04       0x40 build/cooja/mtype446.a(autostart.o)
                                         0x58 (size before relaxing)
 .eh_frame      0x000000000002fb44      0x100 build/cooja/mtype446.a(ctimer.o)
                                        0x118 (size before relaxing)
 .eh_frame      0x000000000002fc44      0x100 build/cooja/mtype446.a(log.o)
                                        0x118 (size before relaxing)
 .eh_frame      0x000000000002fd44       0x60 build/cooja/mtype446.a(energest.o)
                                         0x78 (size before relaxing)
 .eh_frame      0x000000000002fda4      0x1e0 build/cooja/mtype446.a(etimer.o)
                                        0x1f8 (size before relaxing)
 .eh_frame      0x000000000002ff84       0x20 build/cooja/mtype446.a(node-id.o)
                                         0x38 (size before relaxing)
 .eh_frame      0x000000000002ffa4       0x60 build/cooja/mtype446.a(rtimer.o)
                                         0x78 (size before relaxing)
 .eh_frame      0x0000000000030004      0x1c4 build/cooja/mtype446.a(process.o)
                                        0x1dc (size before relaxing)
 .eh_frame      0x00000000000301c8       0xa4 build/cooja/mtype446.a(timer.o)
                                         0xbc (size before relaxing)
 .eh_frame      0x000000000003026c      0x1a0 build/cooja/mtype446.a(list.o)
                                        0x1b8 (size before relaxing)
 .eh_frame      0x000000000003040c       0xa0 build/cooja/mtype446.a(memb.o)
                                         0xb8 (size before relaxing)
 .eh_frame      0x00000000000304ac      0x144 build/cooja/mtype446.a(button-hal.o)
                                        0x15c (size before relaxing)
 .eh_frame      0x00000000000305f0       0x60 build/cooja/mtype446.a(serial-line.o)
                                         0x78 (size before relaxing)
 .eh_frame      0x0000000000030650       0xe0 build/cooja/mtype446.a(gpio-hal.o)
                                         0xf8 (size before relaxing)
 .eh_frame      0x0000000000030730      0x1a0 build/cooja/mtype446.a(queuebuf.o)
                                        0x1b8 (size before relaxing)
 .eh_frame      0x00000000000308d0      0x28c build/cooja/mtype446.a(packetbuf.o)
                                        0x2a4 (size before relaxing)
 .eh_frame      0x0000000000030b5c       0x80 build/cooja/mtype446.a(netstack.o)
                                         0x98 (size before relaxing)
 .eh_frame      0x0000000000030bdc       0x60 build/cooja/mtype446.a(linkaddr.o)
                                         0x78 (size before relaxing)
 .eh_frame      0x0000000000030c3c       0xe0 build/cooja/mtype446.a(csma.o)
                                         0xf8 (size before relaxing)
 .eh_frame      0x0000000000030d1c      0x1d0 build/cooja/mtype446.a(csma-output.o)
                                        0x1e8 (size before relaxing)
 .eh_frame      0x0000000000030eec      0x328 build/cooja/mtype446.a(uip-ds6.o)
                                        0x340 (size before relaxing)
 .eh_frame      0x0000000000031214       0x40 build/cooja/mtype446.a(uip-udp-packet.)
                                         0x58 (size before relaxing)
 .eh_frame      0x0000000000031254      0x220 build/cooja/mtype446.a(uip-ds6-route.o)
                                        0x238 (size before relaxing)
 .eh_frame      0x0000000000031474      0x244 build/cooja/mtype446.a(tcpip.o)
                                        0x25c (size before relaxing)
 .eh_frame      0x00000000000316b8      0x1e8 build/cooja/mtype446.a(uip6.o)
                                        0x200 (size before relaxing)
 .eh_frame      0x00000000000318a0      0x1c0 build/cooja/mtype446.a(uip-ds6-nbr.o)
                                        0x1d8 (size before relaxing)
 .eh_frame      0x0000000000031a60       0x84 build/cooja/mtype446.a(uip-nd6.o)
                                         0x9c (size before relaxing)
 .eh_frame      0x0000000000031ae4      0x2f8 build/cooja/mtype446.a(sicslowpan.o)
                                        0x310 (size before relaxing)
 .eh_frame      0x0000000000031ddc       0x88 build/cooja/mtype446.a(uiplib.o)
                                         0xa0 (size before relaxing)
 .eh_frame      0x0000000000031e64      0x1e0 build/cooja/mtype446.a(rpl.o)
                                        0x1f8 (size before relaxing)
 .eh_frame      0x0000000000032044      0x1c4 build/cooja/mtype446.a(rpl-icmp6.o)
                                        0x1dc (size before relaxing)
 .eh_frame      0x0000000000032208       0xa0 build/cooja/mtype446.a(rpl-dag-root.o)
                                         0xb8 (size before relaxing)
 .eh_frame      0x00000000000322a8       0xa0 build/cooja/mtype446.a(watchdog.o)
                                         0xb8 (size before relaxing)
 .eh_frame      0x0000000000032348       0x80 build/cooja/mtype446.a(int-master.o)
                                         0x98 (size before relaxing)
 .eh_frame      0x00000000000323c8       0xa4 build/cooja/mtype446.a(coap-timer-defa)
                                         0xbc (size before relaxing)
 .eh_frame      0x000000000003246c       0xc4 build/cooja/mtype446.a(stimer.o)
                                         0xdc (size before relaxing)
 .eh_frame      0x0000000000032530       0xa0 build/cooja/mtype446.a(ringbuf.o)
                                         0xb8 (size before relaxing)
 .eh_frame      0x00000000000325d0       0x20 build/cooja/mtype446.a(assert.o)
                                         0x38 (size before relaxing)
 .eh_frame      0x00000000000325f0      0x2ac build/cooja/mtype446.a(nbr-table.o)
                                        0x2c4 (size before relaxing)
 .eh_frame      0x000000000003289c      0x120 build/cooja/mtype446.a(link-stats.o)
                                        0x138 (size before relaxing)
 .eh_frame      0x00000000000329bc       0x48 build/cooja/mtype446.a(mac-sequence.o)
                                         0x60 (size before relaxing)
 .eh_frame      0x0000000000032a04       0x20 build/cooja/mtype446.a(mac.o)
                                         0x38 (size before relaxing)
 .eh_frame      0x0000000000032a24       0xa4 build/cooja/mtype446.a(framer-802154.o)
                                         0xbc (size before relaxing)
 .eh_frame      0x0000000000032ac8      0x1a4 build/cooja/mtype446.a(frame802154.o)
                                        0x1bc (size before relaxing)
 .eh_frame      0x0000000000032c6c       0x40 build/cooja/mtype446.a(csma-security.o)
                                         0x58 (size before relaxing)
 .eh_frame      0x0000000000032cac      0x200 build/cooja/mtype446.a(uipbuf.o)
                                        0x218 (size before relaxing)
 .eh_frame      0x0000000000032eac      0x150 build/cooja/mtype446.a(uip-icmp6.o)
                                        0x168 (size before relaxing)
 .eh_frame      0x0000000000032ffc      0x184 build/cooja/mtype446.a(uip-sr.o)
                                        0x19c (size before relaxing)
 .eh_frame      0x0000000000033180       0xe0 build/cooja/mtype446.a(uip-packetqueue)
                                         0xf8 (size before relaxing)
 .eh_frame      0x0000000000033260       0x80 build/cooja/mtype446.a(rpl-nbr-policy.)
                                         0x98 (size before relaxing)
 .eh_frame      0x00000000000332e0      0x2d4 build/cooja/mtype446.a(rpl-neighbor.o)
                                        0x2ec (size before relaxing)
 .eh_frame      0x00000000000335b4      0x370 build/cooja/mtype446.a(rpl-dag.o)
                                        0x388 (size before relaxing)
 .eh_frame      0x0000000000033924      0x3a8 build/cooja/mtype446.a(rpl-timers.o)
                                        0x3c0 (size before relaxing)
 .eh_frame      0x0000000000033ccc      0x124 build/cooja/mtype446.a(rpl-ext-header.)
                                        0x13c (size before relaxing)
 .eh_frame      0x0000000000033df0      0x148 build/cooja/mtype446.a(rpl-mrhof.o)
                                        0x160 (size before relaxing)
 .eh_frame      0x0000000000033f38       0x84 /usr/lib/gcc/i686-linux-gnu/5/libgcc.a(_udivdi3.o)
                                         0x9c (size before relaxing)
 .eh_frame      0x0000000000033fbc        0x4 /usr/lib/gcc/i686-linux-gnu/5/crtendS.o
 *(.eh_frame.*)

.gcc_except_table
 *(.gcc_except_table .gcc_except_table.*)

.gnu_extab
 *(.gnu_extab*)

.exception_ranges
 *(.exception_ranges .exception_ranges*)
                0x0000000000035f10                . = DATA_SEGMENT_ALIGN (0x1000, 0x1000)

.eh_frame
 *(.eh_frame)
 *(.eh_frame.*)

.gnu_extab
 *(.gnu_extab)

.gcc_except_table
 *(.gcc_except_table .gcc_except_table.*)

.exception_ranges
 *(.exception_ranges .exception_ranges*)

.tdata
 *(.tdata .tdata.* .gnu.linkonce.td.*)

.tbss
 *(.tbss .tbss.* .gnu.linkonce.tb.*)
 *(.tcommon)

.preinit_array
 *(.preinit_array)

.init_array     0x0000000000035f10        0x4
 *(SORT(.init_array.*) SORT(.ctors.*))
 *(.init_array EXCLUDE_FILE(*crtend?.o *crtend.o *crtbegin?.o *crtbegin.o) .ctors)
 .init_array    0x0000000000035f10        0x4 /usr/lib/gcc/i686-linux-gnu/5/crtbeginS.o

.fini_array     0x0000000000035f14        0x4
 *(SORT(.fini_array.*) SORT(.dtors.*))
 *(.fini_array EXCLUDE_FILE(*crtend?.o *crtend.o *crtbegin?.o *crtbegin.o) .dtors)
 .fini_array    0x0000000000035f14        0x4 /usr/lib/gcc/i686-linux-gnu/5/crtbeginS.o

.ctors
 *crtbegin.o(.ctors)
 *crtbegin?.o(.ctors)
 *(EXCLUDE_FILE(*crtend?.o *crtend.o) .ctors)
 *(SORT(.ctors.*))
 *(.ctors)

.dtors
 *crtbegin.o(.dtors)
 *crtbegin?.o(.dtors)
 *(EXCLUDE_FILE(*crtend?.o *crtend.o) .dtors)
 *(SORT(.dtors.*))
 *(.dtors)

.jcr            0x0000000000035f18        0x4
 *(.jcr)
 .jcr           0x0000000000035f18        0x0 /usr/lib/gcc/i686-linux-gnu/5/crtbeginS.o
 .jcr           0x0000000000035f18        0x4 /usr/lib/gcc/i686-linux-gnu/5/crtendS.o

.data.rel.ro
 *(.data.rel.ro.local* .gnu.linkonce.d.rel.ro.local.*)
 *(.data.rel.ro .data.rel.ro.* .gnu.linkonce.d.rel.ro.*)

.dynamic        0x0000000000035f1c       0xd0
 *(.dynamic)
 .dynamic       0x0000000000035f1c       0xd0 /usr/lib/gcc/i686-linux-gnu/5/../../../i386-linux-gnu/crti.o
                0x0000000000035f1c                _DYNAMIC

.got            0x0000000000035fec       0x14
 *(.got)
 .got           0x0000000000035fec       0x14 /usr/lib/gcc/i686-linux-gnu/5/../../../i386-linux-gnu/crti.o
 *(.igot)
                0x0000000000036ff4                . = DATA_SEGMENT_RELRO_END (., (SIZEOF (.got.plt) >= 0xc)?0xc:0x0)

.got.plt        0x0000000000036000        0xc
 *(.got.plt)
 .got.plt       0x0000000000036000        0xc /usr/lib/gcc/i686-linux-gnu/5/../../../i386-linux-gnu/crti.o
                0x0000000000036000                _GLOBAL_OFFSET_TABLE_
 *(.igot.plt)

.data           0x0000000000036020      0x464
 *(.data .data.* .gnu.linkonce.d.*)
 .data          0x0000000000036020        0x0 /usr/lib/gcc/i686-linux-gnu/5/../../../i386-linux-gnu/crti.o
 .data          0x0000000000036020        0x0 /usr/lib/gcc/i686-linux-gnu/5/crtbeginS.o
 .data.rel.local
                0x0000000000036020        0x4 /usr/lib/gcc/i686-linux-gnu/5/crtbeginS.o
                0x0000000000036020                __dso_handle
 .data          0x0000000000036024       0x14 oxygen_actuator.o
                0x0000000000036028                oxygen_actuator
 *fill*         0x0000000000036038        0x8 
 .data          0x0000000000036040       0x44 build/cooja/mtype446.o
                0x0000000000036040                simInterfaces
                0x0000000000036074                sensors
 .data          0x0000000000036084        0x0 build/cooja/mtype446.a(simEnvChange.o)
 .data          0x0000000000036084        0x0 build/cooja/mtype446.a(cooja_mt.o)
 .data          0x0000000000036084        0x0 build/cooja/mtype446.a(cooja_mtarch.o)
 .data          0x0000000000036084        0x0 build/cooja/mtype446.a(rtimer-arch.o)
 .data          0x0000000000036084        0x0 build/cooja/mtype446.a(beep.o)
 .data          0x0000000000036084        0x0 build/cooja/mtype446.a(leds-arch.o)
 .data          0x0000000000036084        0x0 build/cooja/mtype446.a(moteid.o)
 .data          0x0000000000036084        0x0 build/cooja/mtype446.a(pir-sensor.o)
 .data          0x0000000000036084        0x0 build/cooja/mtype446.a(rs232.o)
 .data          0x0000000000036084        0x0 build/cooja/mtype446.a(vib-sensor.o)
 .data          0x0000000000036084        0x0 build/cooja/mtype446.a(clock.o)
 .data          0x0000000000036084        0x0 build/cooja/mtype446.a(cooja-log.o)
 .data          0x0000000000036084        0x0 build/cooja/mtype446.a(cfs-cooja.o)
 .data          0x0000000000036084       0x2c build/cooja/mtype446.a(cooja-radio.o)
                0x0000000000036084                simRadioHWOn
                0x0000000000036088                simSignalStrength
                0x000000000003608c                simLastSignalStrength
                0x0000000000036090                simPower
                0x0000000000036094                simRadioChannel
                0x0000000000036098                simLQI
                0x00000000000360a0                cooja_radio_process
 .data          0x00000000000360b0        0x0 build/cooja/mtype446.a(eeprom.o)
 .data          0x00000000000360b0        0x0 build/cooja/mtype446.a(random.o)
 .data          0x00000000000360b0       0x10 build/cooja/mtype446.a(sensors.o)
                0x00000000000360b0                sensors_process
 .data          0x00000000000360c0        0x0 build/cooja/mtype446.a(leds.o)
 .data          0x00000000000360c0        0x0 build/cooja/mtype446.a(gpio-hal-arch.o)
 .data          0x00000000000360c0       0x78 build/cooja/mtype446.a(buttons.o)
                0x00000000000360c0                simButtonIsActive
                0x0000000000036130                button_hal_buttons
 *fill*         0x0000000000036138        0x8 
 .data          0x0000000000036140       0x44 build/cooja/mtype446.a(oxygen_generato)
                0x0000000000036140                alert_level
                0x0000000000036144                GOOD_OXYGEN_LEVEL
                0x0000000000036160                oxygen_generator
 .data          0x0000000000036184       0x10 build/cooja/mtype446.a(coap-observe-cl)
 .data          0x0000000000036194        0x0 build/cooja/mtype446.a(coap-blocking-a)
 .data          0x0000000000036194        0x8 build/cooja/mtype446.a(coap-engine.o)
 *fill*         0x000000000003619c        0x4 
 .data          0x00000000000361a0       0x24 build/cooja/mtype446.a(coap-res-well-k)
                0x00000000000361a0                res_well_known_core
 .data          0x00000000000361c4       0x10 build/cooja/mtype446.a(coap-observe.o)
 .data          0x00000000000361d4       0x10 build/cooja/mtype446.a(coap-uip.o)
                0x00000000000361d4                coap_engine
 .data          0x00000000000361e4        0x4 build/cooja/mtype446.a(coap-timer.o)
 .data          0x00000000000361e8       0x10 build/cooja/mtype446.a(coap-transactio)
 .data          0x00000000000361f8        0x4 build/cooja/mtype446.a(coap.o)
                0x00000000000361f8                coap_error_message
 .data          0x00000000000361fc        0x0 build/cooja/mtype446.a(contiki-main.o)
 .data          0x00000000000361fc        0x0 build/cooja/mtype446.a(autostart.o)
 .data          0x00000000000361fc       0x14 build/cooja/mtype446.a(ctimer.o)
                0x0000000000036200                ctimer_process
 *fill*         0x0000000000036210       0x10 
 .data          0x0000000000036220       0xbc build/cooja/mtype446.a(log.o)
                0x0000000000036220                curr_log_level_main
                0x0000000000036240                all_modules
 .data          0x00000000000362dc        0x0 build/cooja/mtype446.a(energest.o)
 .data          0x00000000000362dc       0x10 build/cooja/mtype446.a(etimer.o)
                0x00000000000362dc                etimer_process
 .data          0x00000000000362ec        0x0 build/cooja/mtype446.a(node-id.o)
 .data          0x00000000000362ec        0x0 build/cooja/mtype446.a(rtimer.o)
 .data          0x00000000000362ec        0x0 build/cooja/mtype446.a(process.o)
 .data          0x00000000000362ec        0x0 build/cooja/mtype446.a(timer.o)
 .data          0x00000000000362ec        0x0 build/cooja/mtype446.a(list.o)
 .data          0x00000000000362ec        0x0 build/cooja/mtype446.a(memb.o)
 .data          0x00000000000362ec       0x10 build/cooja/mtype446.a(button-hal.o)
                0x00000000000362ec                button_hal_process
 .data          0x00000000000362fc       0x10 build/cooja/mtype446.a(serial-line.o)
                0x00000000000362fc                serial_line_process
 .data          0x000000000003630c        0x4 build/cooja/mtype446.a(gpio-hal.o)
 .data          0x0000000000036310       0x18 build/cooja/mtype446.a(queuebuf.o)
 .data          0x0000000000036328        0x4 build/cooja/mtype446.a(packetbuf.o)
 .data          0x000000000003632c        0x4 build/cooja/mtype446.a(netstack.o)
 .data          0x0000000000036330        0x0 build/cooja/mtype446.a(linkaddr.o)
 .data          0x0000000000036330        0x0 build/cooja/mtype446.a(csma.o)
 .data          0x0000000000036330       0x28 build/cooja/mtype446.a(csma-output.o)
 .data          0x0000000000036358        0x0 build/cooja/mtype446.a(uip-ds6.o)
 .data          0x0000000000036358        0x0 build/cooja/mtype446.a(uip-udp-packet.)
 .data          0x0000000000036358       0x10 build/cooja/mtype446.a(uip-ds6-route.o)
 .data          0x0000000000036368       0x10 build/cooja/mtype446.a(tcpip.o)
                0x0000000000036368                tcpip_process
 .data          0x0000000000036378        0x0 build/cooja/mtype446.a(uip6.o)
 .data          0x0000000000036378       0x14 build/cooja/mtype446.a(uip-ds6-nbr.o)
 .data          0x000000000003638c        0xc build/cooja/mtype446.a(uip-nd6.o)
 .data          0x0000000000036398        0x0 build/cooja/mtype446.a(sicslowpan.o)
 .data          0x0000000000036398        0x0 build/cooja/mtype446.a(uiplib.o)
 .data          0x0000000000036398        0x0 build/cooja/mtype446.a(rpl.o)
 .data          0x0000000000036398       0x30 build/cooja/mtype446.a(rpl-icmp6.o)
 .data          0x00000000000363c8        0x0 build/cooja/mtype446.a(rpl-dag-root.o)
 .data          0x00000000000363c8        0x0 build/cooja/mtype446.a(watchdog.o)
 .data          0x00000000000363c8        0x0 build/cooja/mtype446.a(int-master.o)
 .data          0x00000000000363c8       0x10 build/cooja/mtype446.a(coap-timer-defa)
                0x00000000000363c8                coap_timer_process
 .data          0x00000000000363d8        0x0 build/cooja/mtype446.a(stimer.o)
 .data          0x00000000000363d8        0x0 build/cooja/mtype446.a(ringbuf.o)
 .data          0x00000000000363d8        0x0 build/cooja/mtype446.a(assert.o)
 .data          0x00000000000363d8       0x10 build/cooja/mtype446.a(nbr-table.o)
 .data          0x00000000000363e8       0x14 build/cooja/mtype446.a(link-stats.o)
 .data          0x00000000000363fc        0x0 build/cooja/mtype446.a(mac-sequence.o)
 .data          0x00000000000363fc        0x0 build/cooja/mtype446.a(mac.o)
 .data          0x00000000000363fc        0x0 build/cooja/mtype446.a(framer-802154.o)
 .data          0x00000000000363fc        0x2 build/cooja/mtype446.a(frame802154.o)
 .data          0x00000000000363fe        0x0 build/cooja/mtype446.a(csma-security.o)
 .data          0x00000000000363fe        0x0 build/cooja/mtype446.a(uipbuf.o)
 *fill*         0x00000000000363fe        0x2 
 .data          0x0000000000036400       0x20 build/cooja/mtype446.a(uip-icmp6.o)
 .data          0x0000000000036420       0x10 build/cooja/mtype446.a(uip-sr.o)
 .data          0x0000000000036430        0xc build/cooja/mtype446.a(uip-packetqueue)
 .data          0x000000000003643c        0x0 build/cooja/mtype446.a(rpl-nbr-policy.)
 .data          0x000000000003643c       0x14 build/cooja/mtype446.a(rpl-neighbor.o)
                0x000000000003644c                rpl_neighbors
 .data          0x0000000000036450        0x0 build/cooja/mtype446.a(rpl-dag.o)
 .data          0x0000000000036450        0x0 build/cooja/mtype446.a(rpl-timers.o)
 .data          0x0000000000036450        0x0 build/cooja/mtype446.a(rpl-ext-header.)
 *fill*         0x0000000000036450       0x10 
 .data          0x0000000000036460       0x24 build/cooja/mtype446.a(rpl-mrhof.o)
                0x0000000000036460                rpl_mrhof
 .data          0x0000000000036484        0x0 /usr/lib/gcc/i686-linux-gnu/5/libgcc.a(_udivdi3.o)
 .data          0x0000000000036484        0x0 /usr/lib/gcc/i686-linux-gnu/5/crtendS.o
 .data          0x0000000000036484        0x0 /usr/lib/gcc/i686-linux-gnu/5/../../../i386-linux-gnu/crtn.o

.tm_clone_table
                0x0000000000036484        0x0
 .tm_clone_table
                0x0000000000036484        0x0 /usr/lib/gcc/i686-linux-gnu/5/crtbeginS.o
 .tm_clone_table
                0x0000000000036484        0x0 /usr/lib/gcc/i686-linux-gnu/5/crtendS.o

.data1
 *(.data1)
                0x0000000000036484                _edata = .
                [!provide]                        PROVIDE (edata, .)
                0x0000000000036484                . = .
                0x0000000000036484                __bss_start = .

.bss            0x00000000000364a0    0x141a4
 *(.dynbss)
 .dynbss        0x00000000000364a0        0x0 /usr/lib/gcc/i686-linux-gnu/5/../../../i386-linux-gnu/crti.o
 *(.bss .bss.* .gnu.linkonce.b.*)
 .bss           0x00000000000364a0        0x0 /usr/lib/gcc/i686-linux-gnu/5/../../../i386-linux-gnu/crti.o
 .bss           0x00000000000364a0        0x1 /usr/lib/gcc/i686-linux-gnu/5/crtbeginS.o
 *fill*         0x00000000000364a1       0x1f 
 .bss           0x00000000000364c0      0x18c oxygen_actuator.o
                0x00000000000364c0                oxygen_level
 *fill*         0x000000000003664c       0x14 
 .bss           0x0000000000036660     0x2030 build/cooja/mtype446.o
 .bss           0x0000000000038690        0x1 build/cooja/mtype446.a(simEnvChange.o)
                0x0000000000038690                simDontFallAsleep
 *fill*         0x0000000000038691        0x3 
 .bss           0x0000000000038694        0x4 build/cooja/mtype446.a(cooja_mt.o)
 .bss           0x0000000000038698        0x4 build/cooja/mtype446.a(cooja_mtarch.o)
 .bss           0x000000000003869c        0x0 build/cooja/mtype446.a(rtimer-arch.o)
 .bss           0x000000000003869c        0x0 build/cooja/mtype446.a(beep.o)
 .bss           0x000000000003869c        0x1 build/cooja/mtype446.a(leds-arch.o)
                0x000000000003869c                simLedsValue
 .bss           0x000000000003869d        0x0 build/cooja/mtype446.a(moteid.o)
 .bss           0x000000000003869d        0x1 build/cooja/mtype446.a(pir-sensor.o)
                0x000000000003869d                simPirValue
 *fill*         0x000000000003869e        0x2 
 .bss           0x00000000000386a0        0x4 build/cooja/mtype446.a(rs232.o)
 .bss           0x00000000000386a4        0x1 build/cooja/mtype446.a(vib-sensor.o)
                0x00000000000386a4                simVibValue
 .bss           0x00000000000386a5        0x0 build/cooja/mtype446.a(clock.o)
 *fill*         0x00000000000386a5       0x1b 
 .bss           0x00000000000386c0     0x2020 build/cooja/mtype446.a(cooja-log.o)
 .bss           0x000000000003a6e0      0xfc0 build/cooja/mtype446.a(cfs-cooja.o)
                0x000000000003a6e0                simCFSData
                0x000000000003b680                simCFSSize
                0x000000000003b684                simCFSChanged
                0x000000000003b688                simCFSRead
                0x000000000003b68c                simCFSWritten
 .bss           0x000000000003b6a0       0x24 build/cooja/mtype446.a(cooja-radio.o)
                0x000000000003b6a0                simReceiving
                0x000000000003b6a4                simInSize
                0x000000000003b6a8                simLastPacketTimestamp
                0x000000000003b6b0                simOutSize
 .bss           0x000000000003b6c4        0xc build/cooja/mtype446.a(eeprom.o)
                0x000000000003b6c4                simEEPROMChanged
                0x000000000003b6c8                simEEPROMRead
                0x000000000003b6cc                simEEPROMWritten
 .bss           0x000000000003b6d0        0x0 build/cooja/mtype446.a(random.o)
 .bss           0x000000000003b6d0        0xc build/cooja/mtype446.a(sensors.o)
 .bss           0x000000000003b6dc        0x0 build/cooja/mtype446.a(leds.o)
 .bss           0x000000000003b6dc       0x24 build/cooja/mtype446.a(gpio-hal-arch.o)
 .bss           0x000000000003b700        0x0 build/cooja/mtype446.a(buttons.o)
 .bss           0x000000000003b700        0x8 build/cooja/mtype446.a(oxygen_generato)
                0x000000000003b700                status
 *fill*         0x000000000003b708       0x18 
 .bss           0x000000000003b720      0x1b1 build/cooja/mtype446.a(coap-observe-cl)
 .bss           0x000000000003b8d1        0x0 build/cooja/mtype446.a(coap-blocking-a)
 *fill*         0x000000000003b8d1        0xf 
 .bss           0x000000000003b8e0      0x190 build/cooja/mtype446.a(coap-engine.o)
 .bss           0x000000000003ba70        0x0 build/cooja/mtype446.a(coap-res-well-k)
 *fill*         0x000000000003ba70       0x10 
 .bss           0x000000000003ba80      0x120 build/cooja/mtype446.a(coap-observe.o)
 .bss           0x000000000003bba0       0x18 build/cooja/mtype446.a(coap-uip.o)
 .bss           0x000000000003bbb8        0x5 build/cooja/mtype446.a(coap-timer.o)
 *fill*         0x000000000003bbbd        0x3 
 .bss           0x000000000003bbc0      0x334 build/cooja/mtype446.a(coap-transactio)
 .bss           0x000000000003bef4        0x6 build/cooja/mtype446.a(coap.o)
                0x000000000003bef4                coap_status_code
 .bss           0x000000000003befa        0x0 build/cooja/mtype446.a(contiki-main.o)
 .bss           0x000000000003befa        0x0 build/cooja/mtype446.a(autostart.o)
 *fill*         0x000000000003befa        0x2 
 .bss           0x000000000003befc        0x5 build/cooja/mtype446.a(ctimer.o)
 *fill*         0x000000000003bf01        0x3 
 .bss           0x000000000003bf04       0x2c build/cooja/mtype446.a(log.o)
                0x000000000003bf04                curr_log_level_rpl
                0x000000000003bf08                curr_log_level_tcpip
                0x000000000003bf0c                curr_log_level_ipv6
                0x000000000003bf10                curr_log_level_6lowpan
                0x000000000003bf14                curr_log_level_nullnet
                0x000000000003bf18                curr_log_level_mac
                0x000000000003bf1c                curr_log_level_framer
                0x000000000003bf20                curr_log_level_6top
                0x000000000003bf24                curr_log_level_coap
                0x000000000003bf28                curr_log_level_snmp
                0x000000000003bf2c                curr_log_level_lwm2m
 .bss           0x000000000003bf30        0x0 build/cooja/mtype446.a(energest.o)
 .bss           0x000000000003bf30        0x8 build/cooja/mtype446.a(etimer.o)
 .bss           0x000000000003bf38        0x2 build/cooja/mtype446.a(node-id.o)
                0x000000000003bf38                node_id
 *fill*         0x000000000003bf3a        0x2 
 .bss           0x000000000003bf3c        0x4 build/cooja/mtype446.a(rtimer.o)
 .bss           0x000000000003bf40      0x1a1 build/cooja/mtype446.a(process.o)
                0x000000000003bf40                process_list
                0x000000000003bf44                process_current
 .bss           0x000000000003c0e1        0x0 build/cooja/mtype446.a(timer.o)
 .bss           0x000000000003c0e1        0x0 build/cooja/mtype446.a(list.o)
 .bss           0x000000000003c0e1        0x0 build/cooja/mtype446.a(memb.o)
 *fill*         0x000000000003c0e1        0x3 
 .bss           0x000000000003c0e4       0x10 build/cooja/mtype446.a(button-hal.o)
 *fill*         0x000000000003c0f4        0xc 
 .bss           0x000000000003c100      0x140 build/cooja/mtype446.a(serial-line.o)
 .bss           0x000000000003c240        0x4 build/cooja/mtype446.a(gpio-hal.o)
 *fill*         0x000000000003c244       0x1c 
 .bss           0x000000000003c260     0x2c80 build/cooja/mtype446.a(queuebuf.o)
 .bss           0x000000000003eee0       0xa0 build/cooja/mtype446.a(packetbuf.o)
 .bss           0x000000000003ef80        0x4 build/cooja/mtype446.a(netstack.o)
 .bss           0x000000000003ef84        0x0 build/cooja/mtype446.a(linkaddr.o)
 .bss           0x000000000003ef84        0x0 build/cooja/mtype446.a(csma.o)
 *fill*         0x000000000003ef84       0x1c 
 .bss           0x000000000003efa0      0x726 build/cooja/mtype446.a(csma-output.o)