Archive member included to satisfy reference by file (symbol)

build/cooja/mtype251.a(simEnvChange.o)
                              build/cooja/mtype251.o (simDontFallAsleep)
build/cooja/mtype251.a(cooja_mt.o)
                              build/cooja/mtype251.o (cooja_mt_start)
build/cooja/mtype251.a(cooja_mtarch.o)
                              build/cooja/mtype251.a(cooja_mt.o) (cooja_mtarch_start)
build/cooja/mtype251.a(rtimer-arch.o)
                              build/cooja/mtype251.o (rtimer_arch_check)
build/cooja/mtype251.a(beep.o)
                              build/cooja/mtype251.o (beep_interface)
build/cooja/mtype251.a(leds-arch.o)
                              build/cooja/mtype251.o (leds_interface)
build/cooja/mtype251.a(moteid.o)
                              build/cooja/mtype251.o (moteid_interface)
build/cooja/mtype251.a(pir-sensor.o)
                              build/cooja/mtype251.o (pir_interface)
build/cooja/mtype251.a(rs232.o)
                              build/cooja/mtype251.o (rs232_interface)
build/cooja/mtype251.a(vib-sensor.o)
                              build/cooja/mtype251.o (vib_interface)
build/cooja/mtype251.a(clock.o)
                              build/cooja/mtype251.o (clock_interface)
build/cooja/mtype251.a(cooja-log.o)
                              build/cooja/mtype251.o (simlog_interface)
build/cooja/mtype251.a(cfs-cooja.o)
                              build/cooja/mtype251.o (cfs_interface)
build/cooja/mtype251.a(cooja-radio.o)
                              build/cooja/mtype251.o (radio_interface)
build/cooja/mtype251.a(eeprom.o)
                              build/cooja/mtype251.o (eeprom_interface)
build/cooja/mtype251.a(random.o)
                              build/cooja/mtype251.a(moteid.o) (random_init)
build/cooja/mtype251.a(sensors.o)
                              build/cooja/mtype251.a(pir-sensor.o) (sensors_changed)
build/cooja/mtype251.a(leds.o)
                              build/cooja/mtype251.a(leds-arch.o) (leds_get)
build/cooja/mtype251.a(gpio-hal-arch.o)
                              build/cooja/mtype251.a(leds-arch.o) (gpio_hal_arch_register_pin_callback)
build/cooja/mtype251.a(buttons.o)
                              build/cooja/mtype251.o (button_interface)
build/cooja/mtype251.a(minerals_measur)
                              minerals_sensor.o (minerals_measuring_device)
build/cooja/mtype251.a(coap-blocking-a)
                              minerals_sensor.o (coap_blocking_request)
build/cooja/mtype251.a(coap-engine.o)
                              minerals_sensor.o (coap_activate_resource)
build/cooja/mtype251.a(coap-res-well-k)
                              build/cooja/mtype251.a(coap-engine.o) (res_well_known_core)
build/cooja/mtype251.a(coap-observe.o)
                              build/cooja/mtype251.a(coap-engine.o) (coap_remove_observer_by_mid)
build/cooja/mtype251.a(coap-uip.o)
                              build/cooja/mtype251.a(coap-observe.o) (coap_endpoint_copy)
build/cooja/mtype251.a(coap-timer.o)
                              build/cooja/mtype251.a(coap-engine.o) (coap_timer_set)
build/cooja/mtype251.a(coap-transactio)
                              build/cooja/mtype251.a(coap-blocking-a) (coap_send_transaction)
build/cooja/mtype251.a(coap.o)
                              build/cooja/mtype251.a(coap-engine.o) (coap_status_code)
build/cooja/mtype251.a(contiki-main.o)
                              build/cooja/mtype251.o (main)
build/cooja/mtype251.a(autostart.o)
                              build/cooja/mtype251.a(contiki-main.o) (autostart_start)
build/cooja/mtype251.a(ctimer.o)
                              build/cooja/mtype251.a(contiki-main.o) (ctimer_init)
build/cooja/mtype251.a(log.o)
                              build/cooja/mtype251.a(contiki-main.o) (curr_log_level_main)
build/cooja/mtype251.a(energest.o)
                              build/cooja/mtype251.a(contiki-main.o) (energest_init)
build/cooja/mtype251.a(etimer.o)
                              build/cooja/mtype251.a(contiki-main.o) (etimer_process)
build/cooja/mtype251.a(node-id.o)
                              build/cooja/mtype251.a(contiki-main.o) (node_id)
build/cooja/mtype251.a(rtimer.o)
                              build/cooja/mtype251.a(contiki-main.o) (rtimer_init)
build/cooja/mtype251.a(process.o)
                              build/cooja/mtype251.a(coap-blocking-a) (process_current)
build/cooja/mtype251.a(timer.o)
                              build/cooja/mtype251.a(etimer.o) (timer_set)
build/cooja/mtype251.a(list.o)
                              build/cooja/mtype251.a(coap-engine.o) (list_init)
build/cooja/mtype251.a(memb.o)
                              build/cooja/mtype251.a(coap-observe.o) (memb_alloc)
build/cooja/mtype251.a(button-hal.o)
                              minerals_sensor.o (button_hal_press_event)
build/cooja/mtype251.a(serial-line.o)
                              build/cooja/mtype251.a(rs232.o) (serial_line_input_byte)
[...]
Memory Configuration

Name             Origin             Length             Attributes
*default*        0x0000000000000000 0xffffffffffffffff

Linker script and memory map

LOAD /usr/lib/gcc/i686-linux-gnu/5/../../../i386-linux-gnu/crti.o
LOAD /usr/lib/gcc/i686-linux-gnu/5/crtbeginS.o
LOAD minerals_sensor.o
LOAD build/cooja/mtype251.o
LOAD build/cooja/mtype251.a
LOAD /usr/lib/gcc/i686-linux-gnu/5/libgcc.a
LOAD /usr/lib/gcc/i686-linux-gnu/5/libgcc_s.so
LOAD /usr/lib/gcc/i686-linux-gnu/5/../../../i386-linux-gnu/libc.so
START GROUP
LOAD /lib/i386-linux-gnu/libc.so.6
LOAD /usr/lib/i386-linux-gnu/libc_nonshared.a
LOAD /lib/i386-linux-gnu/ld-linux.so.2
END GROUP
LOAD /usr/lib/gcc/i686-linux-gnu/5/libgcc.a
LOAD /usr/lib/gcc/i686-linux-gnu/5/libgcc_s.so
LOAD /usr/lib/gcc/i686-linux-gnu/5/crtendS.o
LOAD /usr/lib/gcc/i686-linux-gnu/5/../../../i386-linux-gnu/crtn.o
                0x0000000000000114                . = (0x0 + SIZEOF_HEADERS)

.note.gnu.build-id
                0x0000000000000114       0x24
 *(.note.gnu.build-id)
 .note.gnu.build-id
                0x0000000000000114       0x24 /usr/lib/gcc/i686-linux-gnu/5/../../../i386-linux-gnu/crti.o

.hash
 *(.hash)

.gnu.hash       0x0000000000000138     0x15c8
 *(.gnu.hash)
 .gnu.hash      0x0000000000000138     0x15c8 /usr/lib/gcc/i686-linux-gnu/5/../../../i386-linux-gnu/crti.o

.dynsym         0x0000000000001700     0x2fb0
 *(.dynsym)
 .dynsym        0x0000000000001700     0x2fb0 /usr/lib/gcc/i686-linux-gnu/5/../../../i386-linux-gnu/crti.o

.dynstr         0x00000000000046b0     0x37de
 *(.dynstr)
 .dynstr        0x00000000000046b0     0x37de /usr/lib/gcc/i686-linux-gnu/5/../../../i386-linux-gnu/crti.o

.gnu.version    0x0000000000007e8e      0x5f6
 *(.gnu.version)
 .gnu.version   0x0000000000007e8e      0x5f6 /usr/lib/gcc/i686-linux-gnu/5/../../../i386-linux-gnu/crti.o

.gnu.version_d  0x0000000000008484        0x0
 *(.gnu.version_d)
 .gnu.version_d
                0x0000000000008484        0x0 /usr/lib/gcc/i686-linux-gnu/5/../../../i386-linux-gnu/crti.o

.gnu.version_r  0x0000000000008484       0x40
 *(.gnu.version_r)
 .gnu.version_r
                0x0000000000008484       0x40 /usr/lib/gcc/i686-linux-gnu/5/../../../i386-linux-gnu/crti.o

.rel.dyn        0x00000000000084c4     0x9300
 *(.rel.init)
 .rel.init      0x00000000000084c4        0x0 /usr/lib/gcc/i686-linux-gnu/5/../../../i386-linux-gnu/crti.o
 *(.rel.text .rel.text.* .rel.gnu.linkonce.t.*)
 .rel.text      0x00000000000084c4     0x8938 /usr/lib/gcc/i686-linux-gnu/5/../../../i386-linux-gnu/crti.o
 *(.rel.fini)
 .rel.fini      0x0000000000010dfc        0x0 /usr/lib/gcc/i686-linux-gnu/5/../../../i386-linux-gnu/crti.o
 *(.rel.rodata .rel.rodata.* .rel.gnu.linkonce.r.*)
 .rel.rodata    0x0000000000010dfc      0x588 /usr/lib/gcc/i686-linux-gnu/5/../../../i386-linux-gnu/crti.o
 *(.rel.data.rel.ro .rel.data.rel.ro.* .rel.gnu.linkonce.d.rel.ro.*)
 *(.rel.data .rel.data.* .rel.gnu.linkonce.d.*)
 .rel.data.rel.local
                0x0000000000011384        0x8 /usr/lib/gcc/i686-linux-gnu/5/../../../i386-linux-gnu/crti.o
 .rel.data      0x000000000001138c      0x400 /usr/lib/gcc/i686-linux-gnu/5/../../../i386-linux-gnu/crti.o
 *(.rel.tdata .rel.tdata.* .rel.gnu.linkonce.td.*)
 *(.rel.tbss .rel.tbss.* .rel.gnu.linkonce.tb.*)
 *(.rel.ctors)
 *(.rel.dtors)
 *(.rel.got)
 .rel.got       0x000000000001178c       0x28 /usr/lib/gcc/i686-linux-gnu/5/../../../i386-linux-gnu/crti.o
 *(.rel.bss .rel.bss.* .rel.gnu.linkonce.b.*)
 *(.rel.ifunc)
 .rel.ifunc     0x00000000000117b4        0x0 /usr/lib/gcc/i686-linux-gnu/5/../../../i386-linux-gnu/crti.o
 .rel.fini_array
                0x00000000000117b4        0x8 /usr/lib/gcc/i686-linux-gnu/5/../../../i386-linux-gnu/crti.o
 .rel.init_array
                0x00000000000117bc        0x8 /usr/lib/gcc/i686-linux-gnu/5/../../../i386-linux-gnu/crti.o

.rel.plt        0x00000000000117c4        0x0
 *(.rel.plt)
 .rel.plt       0x00000000000117c4        0x0 /usr/lib/gcc/i686-linux-gnu/5/../../../i386-linux-gnu/crti.o
 *(.rel.iplt)

.init           0x00000000000117c4       0x23
 *(SORT(.init))
 .init          0x00000000000117c4       0x1e /usr/lib/gcc/i686-linux-gnu/5/../../../i386-linux-gnu/crti.o
                0x00000000000117c4                _init
 .init          0x00000000000117e2        0x5 /usr/lib/gcc/i686-linux-gnu/5/../../../i386-linux-gnu/crtn.o

.plt            0x00000000000117f0       0x10
 *(.plt)
 .plt           0x00000000000117f0       0x10 /usr/lib/gcc/i686-linux-gnu/5/../../../i386-linux-gnu/crti.o
 *(.iplt)

.plt.got        0x0000000000011800       0x10
 *(.plt.got)
 .plt.got       0x0000000000011800       0x10 /usr/lib/gcc/i686-linux-gnu/5/../../../i386-linux-gnu/crti.o

.text           0x0000000000011810    0x19212
 *(.text.unlikely .text.*_unlikely .text.unlikely.*)
 .text.unlikely
                0x0000000000011810        0x0 /usr/lib/gcc/i686-linux-gnu/5/crtbeginS.o
 .text.unlikely
                0x0000000000011810        0x0 /usr/lib/gcc/i686-linux-gnu/5/libgcc.a(_udivdi3.o)
 *(.text.exit .text.exit.*)
 *(.text.startup .text.startup.*)
 *(.text.hot .text.hot.*)
 *(.text .stub .text.* .gnu.linkonce.t.*)
 .text          0x0000000000011810        0x0 /usr/lib/gcc/i686-linux-gnu/5/../../../i386-linux-gnu/crti.o
 .gnu.linkonce.t.__x86.get_pc_thunk.bx
                0x0000000000011810        0x4 /usr/lib/gcc/i686-linux-gnu/5/../../../i386-linux-gnu/crti.o
                0x0000000000011810                __x86.get_pc_thunk.bx
 *fill*         0x0000000000011814        0xc 
 .text          0x0000000000011820      0x11c /usr/lib/gcc/i686-linux-gnu/5/crtbeginS.o
 .text.__x86.get_pc_thunk.dx
                0x000000000001193c        0x4 /usr/lib/gcc/i686-linux-gnu/5/crtbeginS.o
                0x000000000001193c                __x86.get_pc_thunk.dx
 .text          0x0000000000011940      0x2a8 minerals_sensor.o
                0x0000000000011940                wait_for_ack
 .text          0x0000000000011be8      0x283 build/cooja/mtype251.o
                0x0000000000011c7a                platform_init_stage_one
                0x0000000000011c8d                platform_init_stage_two
                0x0000000000011ca0                platform_init_stage_three
                0x0000000000011cb3                platform_main_loop
                0x0000000000011d26                Java_org_contikios_cooja_corecomm_Lib14_init
                0x0000000000011d5d                Java_org_contikios_cooja_corecomm_Lib14_getMemory
                0x0000000000011d90                Java_org_contikios_cooja_corecomm_Lib14_setMemory
                0x0000000000011df0                Java_org_contikios_cooja_corecomm_Lib14_tick
                0x0000000000011e58                Java_org_contikios_cooja_corecomm_Lib14_setReferenceAddress
 .text          0x0000000000011e6b       0x65 build/cooja/mtype251.a(simEnvChange.o)
                0x0000000000011e6b                doActionsBeforeTick
                0x0000000000011e9d                doActionsAfterTick
 .text          0x0000000000011ed0       0x83 build/cooja/mtype251.a(cooja_mt.o)
                0x0000000000011ed0                cooja_mt_start
                0x0000000000011efa                cooja_mt_exec
                0x0000000000011f30                cooja_mt_yield
 .text          0x0000000000011f53       0xbe build/cooja/mtype251.a(cooja_mtarch.o)
                0x0000000000011f53                cooja_mtarch_start
                0x0000000000011fc6                cooja_sw
                0x0000000000011fe9                cooja_mtarch_exec
                0x0000000000012006                cooja_mtarch_yield
 .text          0x0000000000012011       0xc5 build/cooja/mtype251.a(rtimer-arch.o)
                0x0000000000012011                rtimer_arch_init
                0x0000000000012035                rtimer_arch_schedule
                0x0000000000012065                rtimer_arch_next
                0x0000000000012075                rtimer_arch_pending
                0x000000000001207f                rtimer_arch_check
                0x00000000000120c6                rtimer_arch_now
 .text          0x00000000000120d6       0x81 build/cooja/mtype251.a(beep.o)
                0x00000000000120d6                beep_alarm
                0x00000000000120e3                beep_beep
                0x00000000000120f0                beep
                0x00000000000120fd                beep_down
                0x000000000001210a                beep_on
                0x0000000000012117                beep_off
                0x0000000000012124                beep_spinup
                0x0000000000012131                beep_quick
                0x000000000001213e                beep_long
 .text          0x0000000000012157       0x65 build/cooja/mtype251.a(leds-arch.o)
                0x000000000001216a                leds_arch_init
 .text          0x00000000000121bc       0x35 build/cooja/mtype251.a(moteid.o)
 .text          0x00000000000121f1       0xb7 build/cooja/mtype251.a(pir-sensor.o)
 .text          0x00000000000122a8      0x148 build/cooja/mtype251.a(rs232.o)
                0x00000000000122a8                rs232_init
                0x00000000000122ae                rs232_set_speed
                0x00000000000122bd                rs232_set_input
                0x00000000000122cb                rs232_send
                0x00000000000122ef                rs232_print
                0x000000000001230b                slip_arch_writeb
 .text          0x00000000000123f0       0xb7 build/cooja/mtype251.a(vib-sensor.o)
 .text          0x00000000000124a7       0x38 build/cooja/mtype251.a(clock.o)
                0x00000000000124a7                clock_init
                0x00000000000124ad                clock_time
                0x00000000000124b7                clock_seconds
                0x00000000000124cd                clock_delay
 .text          0x00000000000124df      0x219 build/cooja/mtype251.a(cooja-log.o)
                0x00000000000124df                simlog_char
                0x0000000000012522                simlog
                0x0000000000012598                log_message
                0x00000000000125c9                log_set_putchar_with_slip
                0x00000000000125d7                log_putchar
                0x0000000000012652                log_puts
                0x000000000001267a                log_printf
 .text          0x00000000000126f8      0x2b9 build/cooja/mtype251.a(cfs-cooja.o)
                0x00000000000126f8                cfs_open
                0x0000000000012761                cfs_close
                0x000000000001276e                cfs_read
                0x0000000000012803                cfs_write
                0x00000000000128df                cfs_seek
                0x0000000000012967                cfs_remove
                0x000000000001298b                cfs_opendir
                0x0000000000012995                cfs_readdir
                0x000000000001299f                cfs_closedir
 .text          0x00000000000129b1      0x62b build/cooja/mtype251.a(cooja-radio.o)
                0x00000000000129f3                radio_set_channel
                0x0000000000012a01                radio_set_txpower
                0x0000000000012a19                radio_signal_strength_last
                0x0000000000012a23                radio_signal_strength_current
                0x0000000000012a2d                radio_LQI
 .text          0x0000000000012fdc       0xee build/cooja/mtype251.a(eeprom.o)
                0x0000000000012fdc                eeprom_init
                0x0000000000012fe2                eeprom_read
                0x0000000000013050                eeprom_write
 .text          0x00000000000130ca       0x2d build/cooja/mtype251.a(random.o)
                0x00000000000130ca                random_init
                0x00000000000130ea                random_rand
 .text          0x00000000000130f7      0x29c build/cooja/mtype251.a(sensors.o)
                0x0000000000013132                sensors_first
                0x000000000001313c                sensors_next
                0x0000000000013156                sensors_changed
                0x000000000001318a                sensors_find
 .text          0x0000000000013393      0x349 build/cooja/mtype251.a(leds.o)
                0x0000000000013393                leds_init
                0x00000000000133da                leds_single_on
                0x0000000000013439                leds_single_off
                0x0000000000013498                leds_single_toggle
                0x00000000000134ca                leds_on
                0x000000000001354c                leds_off
                0x00000000000135ce                leds_toggle
                0x0000000000013623                leds_set
                0x000000000001364f                leds_get
 .text          0x00000000000136dc      0x343 build/cooja/mtype251.a(gpio-hal-arch.o)
                0x00000000000136dc                gpio_hal_arch_register_pin_callback
                0x0000000000013748                gpio_hal_arch_init
                0x000000000001378d                gpio_hal_arch_no_port_interrupt_enable
                0x00000000000137bd                gpio_hal_arch_no_port_interrupt_disable
                0x00000000000137ed                gpio_hal_arch_no_port_pin_cfg_set
                0x0000000000013812                gpio_hal_arch_no_port_pin_cfg_get
                0x0000000000013838                gpio_hal_arch_no_port_pin_set_input
                0x000000000001384a                gpio_hal_arch_no_port_pin_set_output
                0x000000000001385c                gpio_hal_arch_no_port_set_pin
                0x000000000001387d                gpio_hal_arch_no_port_clear_pin
                0x000000000001389e                gpio_hal_arch_no_port_read_pin
                0x00000000000138c4                gpio_hal_arch_no_port_write_pin
                0x00000000000138ee                gpio_hal_arch_no_port_set_pins
                0x0000000000013935                gpio_hal_arch_no_port_clear_pins
                0x000000000001397c                gpio_hal_arch_no_port_read_pins
                0x00000000000139bf                gpio_hal_arch_no_port_write_pins
 .text          0x0000000000013a1f       0x89 build/cooja/mtype251.a(buttons.o)
 .text          0x0000000000013aa8      0x1af build/cooja/mtype251.a(minerals_measur)
                0x0000000000013aa8                randInRange
 .text          0x0000000000013c57      0x27b build/cooja/mtype251.a(coap-blocking-a)
                0x0000000000013c57                coap_blocking_request_callback
                0x0000000000013c81                coap_blocking_request
 .text          0x0000000000013ed2      0xc26 build/cooja/mtype251.a(coap-engine.o)
                0x0000000000013f67                coap_add_handler
                0x0000000000013f84                coap_remove_handler
                0x0000000000013fa1                coap_call_handlers
                0x00000000000140a9                coap_receive
                0x00000000000146e0                coap_engine_init
                0x000000000001473e                coap_activate_resource
                0x00000000000147e9                coap_get_first_resource
                0x0000000000014802                coap_get_next_resource
 .text          0x0000000000014af8      0x2d9 build/cooja/mtype251.a(coap-res-well-k)
 .text          0x0000000000014dd1      0x96a build/cooja/mtype251.a(coap-observe.o)
                0x0000000000014ee6                coap_remove_observer
                0x0000000000014f16                coap_remove_observer_by_client
                0x0000000000014f7e                coap_remove_observer_by_token
                0x0000000000015011                coap_remove_observer_by_uri
                0x00000000000150b8                coap_remove_observer_by_mid
                0x0000000000015134                coap_notify_observers
                0x000000000001514d                coap_notify_observers_sub
                0x00000000000155b7                coap_observe_handler
                0x00000000000156d2                coap_has_observers
 .text          0x000000000001573b      0x733 build/cooja/mtype251.a(coap-uip.o)
                0x000000000001573b                coap_endpoint_log
                0x00000000000157c1                coap_endpoint_print
                0x0000000000015847                coap_endpoint_snprint
                0x000000000001597a                coap_endpoint_copy
                0x00000000000159b7                coap_endpoint_cmp
                0x0000000000015ac5                coap_endpoint_parse
                0x0000000000015cb0                coap_endpoint_is_secure
                0x0000000000015cbf                coap_endpoint_is_connected
                0x0000000000015cf3                coap_endpoint_connect
                0x0000000000015d0f                coap_endpoint_disconnect
                0x0000000000015d15                coap_databuf
                0x0000000000015d1f                coap_transport_init
                0x0000000000015d6f                coap_sendto
 .text          0x0000000000015e6e      0x324 build/cooja/mtype251.a(coap-timer.o)
                0x0000000000015f6b                coap_timer_stop
                0x0000000000015f96                coap_timer_set
                0x0000000000015fd9                coap_timer_reset
                0x000000000001601c                coap_timer_time_to_next_expiration
                0x0000000000016088                coap_timer_run
                0x0000000000016154                coap_timer_init
 .text          0x0000000000016192      0x2c6 build/cooja/mtype251.a(coap-transactio)
                0x00000000000161f8                coap_new_transaction
                0x000000000001625e                coap_send_transaction
                0x00000000000163bf                coap_clear_transaction
                0x0000000000016407                coap_get_transaction_by_mid
 .text          0x0000000000016458     0x1ceb build/cooja/mtype251.a(coap.o)
                0x00000000000169c5                coap_init_connection
                0x00000000000169d9                coap_get_mid
                0x00000000000169f5                coap_init_message
                0x0000000000016a3e                coap_serialize_message
                0x00000000000170c0                coap_parse_message
                0x00000000000177bf                coap_get_query_variable
                0x0000000000017801                coap_get_post_variable
                0x0000000000017845                coap_set_status_code
                0x000000000001786a                coap_set_token
                0x00000000000178b1                coap_get_header_content_format
                0x00000000000178e2                coap_set_header_content_format
                0x0000000000017905                coap_get_header_accept
                0x0000000000017936                coap_set_header_accept
                0x0000000000017959                coap_get_header_max_age
                0x000000000001798a                coap_set_header_max_age
                0x00000000000179aa                coap_get_header_etag
                0x00000000000179dc                coap_set_header_etag
                0x0000000000017a33                coap_get_header_if_match
                0x0000000000017a65                coap_set_header_if_match
                0x0000000000017abc                coap_get_header_if_none_match
                0x0000000000017ad6                coap_set_header_if_none_match
                0x0000000000017aed                coap_get_header_proxy_uri
                0x0000000000017b1b                coap_set_header_proxy_uri
                0x0000000000017b58                coap_get_header_uri_host
                0x0000000000017b86                coap_set_header_uri_host
                0x0000000000017bc3                coap_get_header_uri_path
                0x0000000000017bf1                coap_set_header_uri_path
                0x0000000000017c3e                coap_get_header_uri_query
                0x0000000000017c72                coap_set_header_uri_query
                0x0000000000017cc8                coap_get_header_location_path
                0x0000000000017cf6                coap_set_header_location_path
                0x0000000000017d8f                coap_get_header_location_query
                0x0000000000017dbd                coap_set_header_location_query
                0x0000000000017e0a                coap_get_header_observe
                0x0000000000017e39                coap_set_header_observe
                0x0000000000017e59                coap_get_header_block2
                0x0000000000017ec5                coap_set_header_block2
                0x0000000000017f3c                coap_get_header_block1
                0x0000000000017fb1                coap_set_header_block1
                0x000000000001802c                coap_get_header_size2
                0x000000000001805c                coap_set_header_size2
                0x000000000001807f                coap_get_header_size1
                0x00000000000180af                coap_set_header_size1
                0x00000000000180d2                coap_get_payload
                0x000000000001810c                coap_set_payload
 .text          0x0000000000018143      0x332 build/cooja/mtype251.a(contiki-main.o)
                0x0000000000018143                main
 .text          0x0000000000018475       0x92 build/cooja/mtype251.a(autostart.o)
                0x0000000000018475                autostart_start
                0x00000000000184bf                autostart_exit
 .text          0x0000000000018507      0x355 build/cooja/mtype251.a(ctimer.o)
                0x000000000001862f                ctimer_init
                0x0000000000018662                ctimer_set
                0x0000000000018688                ctimer_set_with_process
                0x0000000000018705                ctimer_reset
                0x0000000000018759                ctimer_restart
                0x00000000000187ad                ctimer_stop
                0x00000000000187fd                ctimer_expired
 .text          0x000000000001885c      0x3d7 build/cooja/mtype251.a(log.o)
                0x000000000001885c                log_6addr
                0x00000000000188af                log_6addr_compact_snprint
                0x000000000001894d                log_6addr_compact
                0x00000000000189a0                log_lladdr
                0x0000000000018a12                log_lladdr_compact
                0x0000000000018a7a                log_bytes
                0x0000000000018abd                log_set_level
                0x0000000000018b78                log_get_level
                0x0000000000018bf1                log_level_to_str
 .text          0x0000000000018c33       0x1b build/cooja/mtype251.a(energest.o)
                0x0000000000018c33                energest_init
                0x0000000000018c39                energest_flush
                0x0000000000018c3f                energest_get_total_time
 .text          0x0000000000018c4e      0x43f build/cooja/mtype251.a(etimer.o)
                0x0000000000018e72                etimer_request_poll
                0x0000000000018efb                etimer_set
                0x0000000000018f24                etimer_reset_with_new_interval
                0x0000000000018f53                etimer_reset
                0x0000000000018f79                etimer_restart
                0x0000000000018f9f                etimer_adjust
                0x0000000000018fbc                etimer_expired
                0x0000000000018fcf                etimer_expiration_time
                0x0000000000018fe1                etimer_start_time
                0x0000000000018feb                etimer_pending
                0x0000000000018ffd                etimer_next_expiration_time
                0x0000000000019017                etimer_stop
 .text          0x000000000001908d       0x25 build/cooja/mtype251.a(node-id.o)
                0x000000000001908d                node_id_init
 .text          0x00000000000190b2       0xeb build/cooja/mtype251.a(rtimer.o)
                0x00000000000190b2                rtimer_init
                0x00000000000190c0                rtimer_set
                0x000000000001913b                rtimer_run_next
 .text          0x000000000001919d      0x4fb build/cooja/mtype251.a(process.o)
                0x000000000001919d                process_alloc_event
                0x00000000000191b2                process_start
                0x000000000001938c                process_exit
                0x00000000000193a9                process_init
                0x000000000001953e                process_run
                0x0000000000019571                process_nevents
                0x000000000001958c                process_post
                0x000000000001961f                process_post_synch
                0x0000000000019654                process_poll
                0x0000000000019684                process_is_running
 .text          0x0000000000019698       0xb1 build/cooja/mtype251.a(timer.o)
                0x0000000000019698                timer_set
                0x00000000000196b6                timer_reset
                0x00000000000196e3                timer_restart
                0x00000000000196f8                timer_expired
                0x0000000000019725                timer_remaining
 .text          0x0000000000019749      0x28f build/cooja/mtype251.a(list.o)
                0x0000000000019749                list_init
                0x0000000000019758                list_head
                0x0000000000019762                list_copy
                0x0000000000019772                list_tail
                0x00000000000197a8                list_add
                0x00000000000197f4                list_push
                0x0000000000019820                list_chop
                0x000000000001988a                list_pop
                0x00000000000198b2                list_remove
                0x000000000001991a                list_length
                0x0000000000019948                list_insert
                0x000000000001998d                list_item_next
                0x00000000000199a4                list_contains
 .text          0x00000000000199d8      0x1b5 build/cooja/mtype251.a(memb.o)
                0x00000000000199d8                memb_init
                0x0000000000019a2d                memb_alloc
                0x0000000000019a90                memb_free
                0x0000000000019b07                memb_inmemb
                0x0000000000019b46                memb_numfree
 .text          0x0000000000019b8d      0x493 build/cooja/mtype251.a(button-hal.o)
                0x0000000000019d19                button_hal_get_by_id
                0x0000000000019d57                button_hal_get_by_index
                0x0000000000019d83                button_hal_get_state
                0x0000000000019dd5                button_hal_init
 .text          0x000000000001a020      0x1f3 build/cooja/mtype251.a(serial-line.o)
                0x000000000001a020                serial_line_input_byte
                0x000000000001a1de                serial_line_init
 .text          0x000000000001a213      0x168 build/cooja/mtype251.a(gpio-hal.o)
                0x000000000001a213                gpio_hal_register_handler
                0x000000000001a230                gpio_hal_event_handler
                0x000000000001a28c                gpio_hal_init
                0x000000000001a2ab                gpio_hal_arch_port_toggle_pin
                0x000000000001a2e7                gpio_hal_arch_port_toggle_pins
                0x000000000001a315                gpio_hal_arch_no_port_toggle_pin
                0x000000000001a353                gpio_hal_arch_no_port_toggle_pins
 .text          0x000000000001a37b      0x2e7 build/cooja/mtype251.a(queuebuf.o)
                0x000000000001a385                queuebuf_init
                0x000000000001a3ae                queuebuf_numfree
                0x000000000001a3c6                queuebuf_new_from_packetbuf
                0x000000000001a465                queuebuf_update_attr_from_packetbuf
                0x000000000001a49a                queuebuf_update_from_packetbuf
                0x000000000001a4ea                queuebuf_free
                0x000000000001a533                queuebuf_to_packetbuf
                0x000000000001a59f                queuebuf_dataptr
                0x000000000001a5d9                queuebuf_datalen
                0x000000000001a5fc                queuebuf_addr
                0x000000000001a631                queuebuf_attr
                0x000000000001a65c                queuebuf_debug_print
 .text          0x000000000001a662      0x407 build/cooja/mtype251.a(packetbuf.o)
                0x000000000001a662                packetbuf_clear
                0x000000000001a68d                packetbuf_copyfrom
                0x000000000001a6dc                packetbuf_copyto
                0x000000000001a76f                packetbuf_hdralloc
                0x000000000001a7eb                packetbuf_hdrreduce
                0x000000000001a831                packetbuf_set_datalen
                0x000000000001a84b                packetbuf_dataptr
                0x000000000001a868                packetbuf_hdrptr
                0x000000000001a872                packetbuf_datalen
                0x000000000001a87e                packetbuf_hdrlen
                0x000000000001a895                packetbuf_totlen
                0x000000000001a8ab                packetbuf_remaininglen
                0x000000000001a8be                packetbuf_attr_clear
                0x000000000001a90a                packetbuf_attr_copyto
                0x000000000001a962                packetbuf_attr_copyfrom
                0x000000000001a9ba                packetbuf_set_attr
                0x000000000001a9e4                packetbuf_attr
                0x000000000001a9fe                packetbuf_set_addr
                0x000000000001aa2f                packetbuf_addr
                0x000000000001aa4c                packetbuf_holds_broadcast
 .text          0x000000000001aa69       0xef build/cooja/mtype251.a(netstack.o)
                0x000000000001aa69                netstack_process_ip_callback
                0x000000000001aafa                netstack_ip_packet_processor_add
                0x000000000001ab1d                uip_ds6_ip_packet_processor_rm
                0x000000000001ab3a                netstack_init
 .text          0x000000000001ab58       0x4f build/cooja/mtype251.a(linkaddr.o)
                0x000000000001ab58                linkaddr_copy
                0x000000000001ab6e                linkaddr_cmp
                0x000000000001ab91                linkaddr_set_node_addr
 .text          0x000000000001aba7      0x229 build/cooja/mtype251.a(csma.o)
 .text          0x000000000001add0      0x95d build/cooja/mtype251.a(csma-output.o)
                0x000000000001b467                csma_output_packet
                0x000000000001b6f4                csma_output_init
 .text          0x000000000001b72d      0xc11 build/cooja/mtype251.a(uip-ds6.o)
                0x000000000001b72d                uip_ds6_default_prefix
                0x000000000001b737                uip_ds6_set_default_prefix
                0x000000000001b762                uip_ds6_init
                0x000000000001b9c4                uip_ds6_periodic
                0x000000000001ba4b                uip_ds6_list_loop
                0x000000000001bb0b                uip_ds6_prefix_add
                0x000000000001bbb7                uip_ds6_prefix_rm
                0x000000000001bbca                uip_ds6_prefix_lookup
                0x000000000001bc09                uip_ds6_is_addr_onlink
                0x000000000001bc7c                uip_ds6_addr_add
                0x000000000001bd9c                uip_ds6_addr_rm
                0x000000000001be45                uip_ds6_addr_lookup
                0x000000000001be7e                uip_ds6_get_link_local
                0x000000000001beff                uip_ds6_get_global
                0x000000000001bf80                uip_ds6_maddr_add
                0x000000000001bfe0                uip_ds6_maddr_rm
                0x000000000001bff3                uip_ds6_maddr_lookup
                0x000000000001c02c                uip_ds6_aaddr_add
                0x000000000001c08c                uip_ds6_aaddr_rm
                0x000000000001c09f                uip_ds6_aaddr_lookup
                0x000000000001c0d8                uip_ds6_select_src
                0x000000000001c221                uip_ds6_set_addr_iid
                0x000000000001c24c                uip_ds6_set_lladdr_from_iid
                0x000000000001c275                get_match_length
                0x000000000001c306                uip_ds6_compute_reachable_time
 .text          0x000000000001c33e      0x128 build/cooja/mtype251.a(uip-udp-packet.)
                0x000000000001c33e                uip_udp_packet_send
                0x000000000001c399                uip_udp_packet_sendto
 .text          0x000000000001c466      0x365 build/cooja/mtype251.a(uip-ds6-route.o)
                0x000000000001c4b7                uip_ds6_route_init
                0x000000000001c4e1                uip_ds6_route_count_nexthop_neighbors
                0x000000000001c4eb                uip_ds6_route_nexthop
                0x000000000001c4f5                uip_ds6_route_head
                0x000000000001c4ff                uip_ds6_route_next
                0x000000000001c509                uip_ds6_route_is_nexthop
                0x000000000001c513                uip_ds6_route_num_routes
                0x000000000001c51d                uip_ds6_route_lookup
                0x000000000001c527                uip_ds6_route_add
                0x000000000001c53a                uip_ds6_route_rm
                0x000000000001c540                uip_ds6_route_rm_by_nexthop
                0x000000000001c546                uip_ds6_defrt_head
                0x000000000001c55f                uip_ds6_defrt_add
                0x000000000001c60d                uip_ds6_defrt_rm
                0x000000000001c673                uip_ds6_defrt_lookup
                0x000000000001c6da                uip_ds6_defrt_choose
                0x000000000001c750                uip_ds6_defrt_periodic
 .text          0x000000000001c7cb      0x6f7 build/cooja/mtype251.a(tcpip.o)
                0x000000000001c7e5                tcpip_output
                0x000000000001c864                udp_attach
                0x000000000001c87c                udp_new
                0x000000000001c8c6                udp_broadcast_new
                0x000000000001ca38                tcpip_input
                0x000000000001cbc8                tcpip_ipv6_output
                0x000000000001cdbc                tcpip_poll_udp
                0x000000000001cdda                tcpip_uipcall
 .text          0x000000000001cec2     0x1205 build/cooja/mtype251.a(uip6.o)
                0x000000000001cf71                uip_chksum
                0x000000000001d048                uip_icmp6chksum
                0x000000000001d05d                uip_udpchksum
                0x000000000001d072                uip_init
                0x000000000001d0bb                uip_remove_ext_hdr
                0x000000000001d195                uip_udp_new
                0x000000000001d4a9                uip_process
                0x000000000001dfa1                uip_htons
                0x000000000001dfc3                uip_htonl
                0x000000000001e001                uip_send
 .text          0x000000000001e0c7      0x369 build/cooja/mtype251.a(uip-ds6-nbr.o)
                0x000000000001e0c7                uip_ds6_neighbors_init
                0x000000000001e0eb                uip_ds6_nbr_add
                0x000000000001e171                uip_ds6_nbr_rm
                0x000000000001e1bc                uip_ds6_nbr_update_ll
                0x000000000001e2aa                uip_ds6_nbr_get_ipaddr
                0x000000000001e2bf                uip_ds6_nbr_get_ll
                0x000000000001e2db                uip_ds6_nbr_num
                0x000000000001e324                uip_ds6_nbr_head
                0x000000000001e33d                uip_ds6_nbr_next
                0x000000000001e359                uip_ds6_nbr_lookup
                0x000000000001e3b1                uip_ds6_nbr_ll_lookup
                0x000000000001e3cd                uip_ds6_nbr_ipaddr_from_lladdr
                0x000000000001e3f6                uip_ds6_nbr_lladdr_from_ipaddr
                0x000000000001e42a                uip_ds6_link_callback
 .text          0x000000000001e430      0x6ad build/cooja/mtype251.a(uip-nd6.o)
                0x000000000001eac4                uip_nd6_init
 .text          0x000000000001eadd     0x2f35 build/cooja/mtype251.a(sicslowpan.o)
                0x000000000001f0e4                netstack_sniffer_add
                0x000000000001f0f2                netstack_sniffer_remove
                0x00000000000219e6                sicslowpan_init
                0x0000000000021a08                sicslowpan_get_last_rssi
 .text          0x0000000000021a12      0x4d1 build/cooja/mtype251.a(uiplib.o)
                0x0000000000021a12                uiplib_ip6addrconv
                0x0000000000021bca                uiplib_ip4addrconv
                0x0000000000021c8d                uiplib_ipaddr_print
                0x0000000000021ce0                uiplib_ipaddr_snprint
 .text          0x0000000000021ee3      0x4c9 build/cooja/mtype251.a(rpl.o)
                0x0000000000021ee3                rpl_lollipop_greater_than
                0x0000000000021f3d                rpl_get_global_address
                0x0000000000022035                rpl_link_callback
                0x0000000000022079                rpl_has_joined
                0x000000000002209e                rpl_is_reachable
                0x000000000002211f                rpl_reset_prefix
                0x0000000000022189                rpl_set_prefix_from_addr
                0x000000000002226e                rpl_set_prefix
                0x0000000000022388                rpl_set_leaf_only
                0x00000000000223a0                rpl_get_leaf_only
 .text          0x00000000000223ac     0x138c build/cooja/mtype251.a(rpl-icmp6.o)
                0x00000000000224d1                rpl_icmp6_update_nbr_table
                0x000000000002255a                rpl_icmp6_dis_output
                0x0000000000022ba0                rpl_icmp6_dio_output
                0x000000000002339e                rpl_icmp6_dao_output
                0x000000000002367f                rpl_icmp6_dao_ack_output
                0x00000000000236ef                rpl_icmp6_init
 .text          0x0000000000023738      0x264 build/cooja/mtype251.a(rpl-dag-root.o)
                0x0000000000023738                rpl_dag_root_print_links
                0x0000000000023864                rpl_dag_root_set_prefix
                0x0000000000023890                rpl_dag_root_start
                0x000000000002396d                rpl_dag_root_is_root
 .text          0x000000000002399c       0x30 build/cooja/mtype251.a(watchdog.o)
                0x000000000002399c                watchdog_init
                0x00000000000239a2                watchdog_start
                0x00000000000239a8                watchdog_periodic
                0x00000000000239c0                watchdog_stop
                0x00000000000239c6                watchdog_reboot
 .text          0x00000000000239cc       0x4a build/cooja/mtype251.a(int-master.o)
                0x00000000000239cc                int_master_enable
                0x00000000000239dc                int_master_read_and_disable
                0x00000000000239f9                int_master_status_set
                0x0000000000023a07                int_master_is_enabled
 .text          0x0000000000023a16      0x6ee build/cooja/mtype251.a(coap-observe-cl)
                0x0000000000023ab4                coap_obs_add_observee
                0x0000000000023b50                coap_obs_remove_observee
                0x0000000000023b80                coap_get_obs_subject_by_token
                0x0000000000023be8                coap_obs_remove_observee_by_token
                0x0000000000023c7b                coap_obs_remove_observee_by_url
                0x0000000000023dd3                coap_handle_notification
                0x0000000000023f2e                coap_generate_token
                0x0000000000023f50                coap_obs_request_registration
 .text          0x0000000000024104      0x226 build/cooja/mtype251.a(coap-timer-defa)
 .text          0x000000000002432a       0xc7 build/cooja/mtype251.a(stimer.o)
                0x000000000002432a                stimer_set
                0x0000000000024348                stimer_reset
                0x0000000000024375                stimer_restart
                0x000000000002438a                stimer_expired
                0x00000000000243b5                stimer_remaining
                0x00000000000243d9                stimer_elapsed
 .text          0x00000000000243f1      0x156 build/cooja/mtype251.a(ringbuf.o)
                0x00000000000243f1                ringbuf_init
                0x0000000000024423                ringbuf_put
                0x00000000000244a1                ringbuf_get
                0x000000000002450e                ringbuf_size
                0x0000000000024520                ringbuf_elements
 .text          0x0000000000024547       0x1f build/cooja/mtype251.a(assert.o)
                0x0000000000024547                _xassert
 .text          0x0000000000024566      0x9aa build/cooja/mtype251.a(nbr-table.o)
                0x0000000000024889                nbr_table_count_entries
                0x0000000000024917                nbr_table_gc_get_worst
                0x000000000002494d                nbr_table_can_accept_new
                0x0000000000024aa8                nbr_table_entry_is_allowed
                0x0000000000024b2c                nbr_table_register
                0x0000000000024b99                nbr_table_is_registered
                0x0000000000024bd4                nbr_table_head
                0x0000000000024c2f                nbr_table_next
                0x0000000000024c90                nbr_table_add_lladdr
                0x0000000000024dc8                nbr_table_get_from_lladdr
                0x0000000000024e14                nbr_table_remove
                0x0000000000024e4c                nbr_table_lock
                0x0000000000024e66                nbr_table_unlock
                0x0000000000024e80                nbr_table_get_lladdr
                0x0000000000024eac                nbr_table_clear
                0x0000000000024ee1                nbr_table_key_head
                0x0000000000024efa                nbr_table_key_next
 .text          0x0000000000024f10      0x3a5 build/cooja/mtype251.a(link-stats.o)
                0x0000000000024f10                link_stats_from_lladdr
                0x0000000000024f2c                link_stats_get_lladdr
                0x0000000000024f48                link_stats_is_fresh
                0x0000000000024f84                guess_etx_from_rssi
                0x0000000000025000                link_stats_packet_sent
                0x0000000000025120                link_stats_input_callback
                0x0000000000025230                link_stats_reset
                0x0000000000025280                link_stats_init
 .text          0x00000000000252b5      0x187 build/cooja/mtype251.a(mac-sequence.o)
                0x00000000000252b5                mac_sequence_is_duplicate
                0x0000000000025355                mac_sequence_register_seqno
 .text          0x000000000002543c       0x23 build/cooja/mtype251.a(mac.o)
                0x000000000002543c                mac_call_sent_callback
 .text          0x000000000002545f      0x432 build/cooja/mtype251.a(framer-802154.o)
                0x00000000000255ee                framer_802154_setup_params
 .text          0x0000000000025891      0xb6f build/cooja/mtype251.a(frame802154.o)
                0x00000000000258c2                frame802154_get_pan_id
                0x00000000000258ce                frame802154_set_pan_id
                0x00000000000258e8                frame802154_has_panid
                0x0000000000025a97                frame802154_check_dest_panid
                0x0000000000025b1f                frame802154_is_broadcast_addr
                0x0000000000025b6c                frame802154_extract_linkaddr
                0x0000000000025dd1                frame802154_hdrlen
                0x0000000000025e44                frame802154_create_fcf
                0x0000000000025efc                frame802154_create
                0x0000000000026071                frame802154_parse_fcf
                0x0000000000026153                frame802154_parse
 .text          0x0000000000026400       0x2d build/cooja/mtype251.a(csma-security.o)
                0x0000000000026400                csma_security_create_frame
                0x000000000002641e                csma_security_parse_frame
 .text          0x000000000002642d      0x4e4 build/cooja/mtype251.a(uipbuf.o)
                0x000000000002642d                uipbuf_clear
                0x0000000000026454                uipbuf_add_ext_hdr
                0x00000000000264d4                uipbuf_set_len
                0x0000000000026501                uipbuf_set_len_field
                0x000000000002652d                uipbuf_get_len_field
                0x000000000002654d                uipbuf_get_next_header
                0x000000000002667f                uipbuf_get_last_header
                0x00000000000266f8                uipbuf_search_header
                0x00000000000267ae                uipbuf_get_attr
                0x00000000000267d5                uipbuf_set_attr
                0x000000000002680c                uipbuf_set_default_attr
                0x0000000000026843                uipbuf_clear_attr
                0x0000000000026867                uipbuf_set_attr_flag
                0x0000000000026888                uipbuf_clr_attr_flag
                0x00000000000268af                uipbuf_is_attr_flag
                0x00000000000268d3                uipbuf_init
 .text          0x0000000000026911      0x73f build/cooja/mtype251.a(uip-icmp6.o)
                0x0000000000026986                uip_icmp6_input
                0x00000000000269dd                uip_icmp6_register_input_handler
                0x0000000000026b30                uip_icmp6_error_output
                0x0000000000026de1                uip_icmp6_send
                0x0000000000026fd8                uip_icmp6_echo_reply_callback_add
                0x000000000002700a                uip_icmp6_echo_reply_callback_rm
                0x0000000000027027                uip_icmp6_init
 .text          0x0000000000027050      0x69b build/cooja/mtype251.a(uip-sr.o)
                0x0000000000027050                uip_sr_num_nodes
                0x00000000000270de                uip_sr_get_node
                0x0000000000027135                uip_sr_is_addr_reachable
                0x00000000000271e3                uip_sr_expire_parent
                0x000000000002722c                uip_sr_update_node
                0x000000000002735c                uip_sr_init
                0x0000000000027390                uip_sr_node_head
                0x00000000000273a9                uip_sr_node_next
                0x00000000000273bf                uip_sr_periodic
                0x00000000000274c5                uip_sr_free_all
                0x0000000000027535                uip_sr_link_snprint
 .text          0x00000000000276eb      0x146 build/cooja/mtype251.a(uip-packetqueue)
                0x0000000000027719                uip_packetqueue_new
                0x0000000000027728                uip_packetqueue_alloc
                0x0000000000027783                uip_packetqueue_free
                0x00000000000277ca                uip_packetqueue_buf
                0x00000000000277e7                uip_packetqueue_buflen
                0x0000000000027808                uip_packetqueue_set_buflen
 .text          0x0000000000027831       0x70 build/cooja/mtype251.a(rpl-nbr-policy.)
                0x000000000002786a                rpl_nbr_gc_get_worst
 .text          0x00000000000278a1      0x915 build/cooja/mtype251.a(rpl-neighbor.o)
                0x000000000002791d                rpl_neighbor_snprint
                0x0000000000027bd0                rpl_neighbor_print_list
                0x0000000000027c85                rpl_neighbor_count
                0x0000000000027d2c                rpl_neighbor_get_from_lladdr
                0x0000000000027d48                rpl_neighbor_is_acceptable_parent
                0x0000000000027d7c                rpl_neighbor_get_link_metric
                0x0000000000027db0                rpl_neighbor_rank_via_nbr
                0x0000000000027de4                rpl_neighbor_get_lladdr
                0x0000000000027e00                rpl_neighbor_get_ipaddr
                0x0000000000027e27                rpl_neighbor_get_link_stats
                0x0000000000027e4e                rpl_neighbor_is_fresh
                0x0000000000027e75                rpl_neighbor_is_reachable
                0x0000000000027ec0                rpl_neighbor_is_parent
                0x0000000000027eea                rpl_neighbor_set_preferred_parent
                0x0000000000027f81                rpl_neighbor_remove_all
                0x0000000000027fdd                rpl_neighbor_get_from_ipaddr
                0x00000000000280eb                rpl_neighbor_select_best
                0x0000000000028197                rpl_neighbor_init
 .text          0x00000000000281b6      0xe69 build/cooja/mtype251.a(rpl-dag.o)
                0x00000000000281b6                rpl_dag_state_to_str
                0x00000000000281f5                rpl_dag_get_root_ipaddr
                0x000000000002823d                rpl_dag_leave
                0x00000000000282c6                rpl_dag_poison_and_leave
                0x00000000000282de                rpl_dag_periodic
                0x0000000000028366                rpl_is_addr_in_our_dag
                0x00000000000283aa                rpl_get_default_instance
                0x00000000000283c6                rpl_get_any_dag
                0x000000000002841f                rpl_refresh_routes
                0x000000000002845f                rpl_global_repair
                0x00000000000284f8                rpl_local_repair
                0x0000000000028542                rpl_dag_ready_to_advertise
                0x0000000000028585                rpl_dag_update_state
                0x0000000000028cb2                rpl_process_dio
                0x0000000000028d30                rpl_process_dis
                0x0000000000028d75                rpl_process_dao
                0x0000000000028e04                rpl_process_dao_ack
                0x0000000000028e9b                rpl_process_hbh
                0x0000000000028eeb                rpl_dag_init_root
                0x0000000000028fff                rpl_dag_init
 .text          0x000000000002901f      0x9e7 build/cooja/mtype251.a(rpl-timers.o)
                0x000000000002901f                rpl_timers_schedule_periodic_dis
                0x000000000002916d                rpl_timers_dio_reset
                0x000000000002927b                rpl_timers_schedule_unicast_dio
                0x00000000000293cf                rpl_timers_schedule_dao
                0x000000000002948e                rpl_timers_schedule_dao_ack
                0x0000000000029514                rpl_timers_notify_dao_ack
                0x0000000000029572                get_probing_delay
                0x00000000000295a6                get_probing_target
                0x0000000000029790                rpl_schedule_probing
                0x00000000000297be                rpl_schedule_probing_now
                0x0000000000029828                rpl_timers_unschedule_leaving
                0x0000000000029860                rpl_timers_schedule_leaving
                0x00000000000298a1                rpl_timers_init
                0x0000000000029931                rpl_timers_stop_dag_timers
                0x00000000000299aa                rpl_timers_unschedule_state_update
                0x00000000000299ce                rpl_timers_schedule_state_update
 .text          0x0000000000029a06      0xbd8 build/cooja/mtype251.a(rpl-ext-header.)
                0x0000000000029a06                rpl_ext_header_srh_get_next_hop
                0x0000000000029aed                rpl_ext_header_srh_update
                0x000000000002a0a3                rpl_ext_header_hbh_update
                0x000000000002a3a3                rpl_ext_header_update
                0x000000000002a42c                rpl_ext_header_remove
 .text          0x000000000002a5de      0x31b build/cooja/mtype251.a(rpl-mrhof.o)
 *fill*         0x000000000002a8f9        0x7 
 .text          0x000000000002a900      0x122 /usr/lib/gcc/i686-linux-gnu/5/libgcc.a(_udivdi3.o)
                0x000000000002a900                __udivdi3
 .text          0x000000000002aa22        0x0 /usr/lib/gcc/i686-linux-gnu/5/crtendS.o
 .text          0x000000000002aa22        0x0 /usr/lib/gcc/i686-linux-gnu/5/../../../i386-linux-gnu/crtn.o
 *(.gnu.warning)

.fini           0x000000000002aa24       0x14
 *(SORT(.fini))
 .fini          0x000000000002aa24        0xf /usr/lib/gcc/i686-linux-gnu/5/../../../i386-linux-gnu/crti.o
                0x000000000002aa24                _fini
 .fini          0x000000000002aa33        0x5 /usr/lib/gcc/i686-linux-gnu/5/../../../i386-linux-gnu/crtn.o
                [!provide]                        PROVIDE (__etext, .)
                [!provide]                        PROVIDE (_etext, .)
                [!provide]                        PROVIDE (etext, .)

.rodata         0x000000000002aa40      0xaeb
 *(.rodata .rodata.* .gnu.linkonce.r.*)
 .rodata        0x000000000002aa40       0xf5 minerals_sensor.o
                0x000000000002aa94                autostart_processes
 *fill*         0x000000000002ab35        0x3 
 .rodata        0x000000000002ab38        0x8 build/cooja/mtype251.a(beep.o)
                0x000000000002ab38                beep_interface
 .rodata        0x000000000002ab40        0xe build/cooja/mtype251.a(leds-arch.o)
                0x000000000002ab40                leds_interface
                0x000000000002ab48                leds_arch_leds
 *fill*         0x000000000002ab4e        0x2 
 .rodata        0x000000000002ab50        0x8 build/cooja/mtype251.a(moteid.o)
                0x000000000002ab50                moteid_interface
 .rodata        0x000000000002ab58       0x1c build/cooja/mtype251.a(pir-sensor.o)
                0x000000000002ab58                pir_interface
                0x000000000002ab64                pir_sensor
 .rodata        0x000000000002ab74        0xe build/cooja/mtype251.a(rs232.o)
                0x000000000002ab74                rs232_interface
 *fill*         0x000000000002ab82        0x2 
 .rodata        0x000000000002ab84       0x24 build/cooja/mtype251.a(vib-sensor.o)
                0x000000000002ab84                vib_interface
                0x000000000002ab98                vib_sensor
 .rodata        0x000000000002aba8        0x8 build/cooja/mtype251.a(clock.o)
                0x000000000002aba8                clock_interface
 .rodata        0x000000000002abb0        0x8 build/cooja/mtype251.a(cooja-log.o)
                0x000000000002abb0                simlog_interface
 .rodata        0x000000000002abb8       0x2f build/cooja/mtype251.a(cfs-cooja.o)
                0x000000000002abb8                cfs_interface
 *fill*         0x000000000002abe7       0x19 
 .rodata        0x000000000002ac00       0xb8 build/cooja/mtype251.a(cooja-radio.o)
                0x000000000002ac00                radio_interface
                0x000000000002ac80                cooja_radio_driver
 .rodata        0x000000000002acb8        0x8 build/cooja/mtype251.a(eeprom.o)
                0x000000000002acb8                eeprom_interface
 .rodata        0x000000000002acc0        0x8 build/cooja/mtype251.a(sensors.o)
 .rodata        0x000000000002acc8       0x2c build/cooja/mtype251.a(buttons.o)
                0x000000000002acc8                button_interface
                0x000000000002acdc                button_hal_button_count
                0x000000000002ace4                button_sensor
 .rodata        0x000000000002acf4       0x7c build/cooja/mtype251.a(minerals_measur)
 .rodata        0x000000000002ad70       0x41 build/cooja/mtype251.a(coap-engine.o)
 .rodata        0x000000000002adb1       0x19 build/cooja/mtype251.a(coap-res-well-k)
 .rodata        0x000000000002adca       0x11 build/cooja/mtype251.a(coap-observe.o)
 .rodata        0x000000000002addb       0x35 build/cooja/mtype251.a(coap-uip.o)
 .rodata        0x000000000002ae10      0x1ac build/cooja/mtype251.a(coap.o)
 .rodata        0x000000000002afbc       0xf8 build/cooja/mtype251.a(contiki-main.o)
 .rodata        0x000000000002b0b4        0xf build/cooja/mtype251.a(ctimer.o)
 *fill*         0x000000000002b0c3        0x1 
 .rodata        0x000000000002b0c4       0xc4 build/cooja/mtype251.a(log.o)
 .rodata        0x000000000002b188        0xc build/cooja/mtype251.a(etimer.o)
 .rodata        0x000000000002b194       0x13 build/cooja/mtype251.a(button-hal.o)
 .rodata        0x000000000002b1a7        0xe build/cooja/mtype251.a(serial-line.o)
 *fill*         0x000000000002b1b5        0x3 
 .rodata        0x000000000002b1b8        0x8 build/cooja/mtype251.a(linkaddr.o)
                0x000000000002b1b8                linkaddr_null
 .rodata        0x000000000002b1c0       0x24 build/cooja/mtype251.a(csma.o)
                0x000000000002b1c8                csma_driver
 .rodata        0x000000000002b1e4       0x24 build/cooja/mtype251.a(csma-output.o)
 .rodata        0x000000000002b208       0x4d build/cooja/mtype251.a(uip-ds6-route.o)
 .rodata        0x000000000002b255        0xd build/cooja/mtype251.a(tcpip.o)
 *fill*         0x000000000002b262        0x2 
 .rodata        0x000000000002b264       0x30 build/cooja/mtype251.a(sicslowpan.o)
                0x000000000002b264                unc_llconf
                0x000000000002b268                unc_ctxconf
                0x000000000002b26c                unc_mxconf
                0x000000000002b270                llprefix
                0x000000000002b284                sicslowpan_driver
 .rodata        0x000000000002b294       0x2d build/cooja/mtype251.a(uiplib.o)
 *fill*         0x000000000002b2c1       0x1f 
 .rodata        0x000000000002b2e0       0x74 build/cooja/mtype251.a(rpl.o)
                0x000000000002b300                rpl_lite_driver
 .rodata        0x000000000002b354       0x20 build/cooja/mtype251.a(coap-timer-defa)
                0x000000000002b368                coap_timer_default_driver
 .rodata        0x000000000002b374       0x25 build/cooja/mtype251.a(assert.o)
 *fill*         0x000000000002b399        0x3 
 .rodata        0x000000000002b39c        0xc build/cooja/mtype251.a(framer-802154.o)
                0x000000000002b39c                framer_802154
 .rodata        0x000000000002b3a8       0x44 build/cooja/mtype251.a(uip-sr.o)
 .rodata        0x000000000002b3ec       0x58 build/cooja/mtype251.a(rpl-neighbor.o)
 .rodata        0x000000000002b444       0xdb build/cooja/mtype251.a(rpl-dag.o)
 .rodata        0x000000000002b51f        0xc build/cooja/mtype251.a(rpl-timers.o)

.rodata1
 *(.rodata1)

.eh_frame_hdr   0x000000000002b52c     0x1aa4
 *(.eh_frame_hdr)
 .eh_frame_hdr  0x000000000002b52c     0x1aa4 minerals_sensor.o
                0x000000000002b52c                __GNU_EH_FRAME_HDR
 *(.eh_frame_entry .eh_frame_entry.*)

.eh_frame       0x000000000002cfd0     0x6c14
 *(.eh_frame)
 .eh_frame      0x000000000002cfd0       0x3c /usr/lib/gcc/i686-linux-gnu/5/../../../i386-linux-gnu/crti.o
                                         0x40 (size before relaxing)
 .eh_frame      0x000000000002d00c       0x40 minerals_sensor.o
                                         0x58 (size before relaxing)
 .eh_frame      0x000000000002d04c      0x178 build/cooja/mtype251.o
                                        0x190 (size before relaxing)
 .eh_frame      0x000000000002d1c4       0x40 build/cooja/mtype251.a(simEnvChange.o)
                                         0x58 (size before relaxing)
 .eh_frame      0x000000000002d204       0x60 build/cooja/mtype251.a(cooja_mt.o)
                                         0x78 (size before relaxing)
 .eh_frame      0x000000000002d264       0x80 build/cooja/mtype251.a(cooja_mtarch.o)
                                         0x98 (size before relaxing)
 .eh_frame      0x000000000002d2e4       0xc8 build/cooja/mtype251.a(rtimer-arch.o)
                                         0xe0 (size before relaxing)
 .eh_frame      0x000000000002d3ac      0x160 build/cooja/mtype251.a(beep.o)
                                        0x178 (size before relaxing)
 .eh_frame      0x000000000002d50c       0x80 build/cooja/mtype251.a(leds-arch.o)
                                         0x98 (size before relaxing)
 .eh_frame      0x000000000002d58c       0x40 build/cooja/mtype251.a(moteid.o)
                                         0x58 (size before relaxing)
 .eh_frame      0x000000000002d5cc       0xa0 build/cooja/mtype251.a(pir-sensor.o)
                                         0xb8 (size before relaxing)
 .eh_frame      0x000000000002d66c      0x100 build/cooja/mtype251.a(rs232.o)
                                        0x118 (size before relaxing)
 .eh_frame      0x000000000002d76c       0xa0 build/cooja/mtype251.a(vib-sensor.o)
                                         0xb8 (size before relaxing)
 .eh_frame      0x000000000002d80c       0xc0 build/cooja/mtype251.a(clock.o)
                                         0xd8 (size before relaxing)
 .eh_frame      0x000000000002d8cc      0x120 build/cooja/mtype251.a(cooja-log.o)
                                        0x138 (size before relaxing)
 .eh_frame      0x000000000002d9ec      0x160 build/cooja/mtype251.a(cfs-cooja.o)
                                        0x178 (size before relaxing)
 .eh_frame      0x000000000002db4c      0x340 build/cooja/mtype251.a(cooja-radio.o)
                                        0x358 (size before relaxing)
 .eh_frame      0x000000000002de8c       0xa0 build/cooja/mtype251.a(eeprom.o)
                                         0xb8 (size before relaxing)
 .eh_frame      0x000000000002df2c       0x40 build/cooja/mtype251.a(random.o)
                                         0x58 (size before relaxing)
 .eh_frame      0x000000000002df6c       0xc0 build/cooja/mtype251.a(sensors.o)
                                         0xd8 (size before relaxing)
 .eh_frame      0x000000000002e02c      0x120 build/cooja/mtype251.a(leds.o)
                                        0x138 (size before relaxing)
 .eh_frame      0x000000000002e14c      0x220 build/cooja/mtype251.a(gpio-hal-arch.o)
                                        0x238 (size before relaxing)
 .eh_frame      0x000000000002e36c       0xa0 build/cooja/mtype251.a(buttons.o)
                                         0xb8 (size before relaxing)
 .eh_frame      0x000000000002e40c       0x60 build/cooja/mtype251.a(minerals_measur)
                                         0x78 (size before relaxing)
 .eh_frame      0x000000000002e46c       0x44 build/cooja/mtype251.a(coap-blocking-a)
                                         0x5c (size before relaxing)
 .eh_frame      0x000000000002e4b0      0x220 build/cooja/mtype251.a(coap-engine.o)
                                        0x238 (size before relaxing)
 .eh_frame      0x000000000002e6d0       0x24 build/cooja/mtype251.a(coap-res-well-k)
                                         0x3c (size before relaxing)
 .eh_frame      0x000000000002e6f4      0x188 build/cooja/mtype251.a(coap-observe.o)
                                        0x1a0 (size before relaxing)
 .eh_frame      0x000000000002e87c      0x250 build/cooja/mtype251.a(coap-uip.o)
                                        0x268 (size before relaxing)
 .eh_frame      0x000000000002eacc      0x114 build/cooja/mtype251.a(coap-timer.o)
                                        0x12c (size before relaxing)
 .eh_frame      0x000000000002ebe0      0x100 build/cooja/mtype251.a(coap-transactio)
                                        0x118 (size before relaxing)
 .eh_frame      0x000000000002ece0      0x6ec build/cooja/mtype251.a(coap.o)
                                        0x704 (size before relaxing)
 .eh_frame      0x000000000002f3cc       0x30 build/cooja/mtype251.a(contiki-main.o)
                                         0x48 (size before relaxing)
 .eh_frame      0x000000000002f3fc       0x40 build/cooja/mtype251.a(autostart.o)
                                         0x58 (size before relaxing)
 .eh_frame      0x000000000002f43c      0x100 build/cooja/mtype251.a(ctimer.o)
                                        0x118 (size before relaxing)
 .eh_frame      0x000000000002f53c      0x120 build/cooja/mtype251.a(log.o)
                                        0x138 (size before relaxing)
 .eh_frame      0x000000000002f65c       0x60 build/cooja/mtype251.a(energest.o)
                                         0x78 (size before relaxing)
 .eh_frame      0x000000000002f6bc      0x1e0 build/cooja/mtype251.a(etimer.o)
                                        0x1f8 (size before relaxing)
 .eh_frame      0x000000000002f89c       0x20 build/cooja/mtype251.a(node-id.o)
                                         0x38 (size before relaxing)
 .eh_frame      0x000000000002f8bc       0x60 build/cooja/mtype251.a(rtimer.o)
                                         0x78 (size before relaxing)
 .eh_frame      0x000000000002f91c      0x1c4 build/cooja/mtype251.a(process.o)
                                        0x1dc (size before relaxing)
 .eh_frame      0x000000000002fae0       0xa4 build/cooja/mtype251.a(timer.o)
                                         0xbc (size before relaxing)
 .eh_frame      0x000000000002fb84      0x1a0 build/cooja/mtype251.a(list.o)
                                        0x1b8 (size before relaxing)
 .eh_frame      0x000000000002fd24       0xa0 build/cooja/mtype251.a(memb.o)
                                         0xb8 (size before relaxing)
 .eh_frame      0x000000000002fdc4      0x164 build/cooja/mtype251.a(button-hal.o)
                                        0x17c (size before relaxing)
 .eh_frame      0x000000000002ff28       0x60 build/cooja/mtype251.a(serial-line.o)
                                         0x78 (size before relaxing)
 .eh_frame      0x000000000002ff88       0xe0 build/cooja/mtype251.a(gpio-hal.o)
                                         0xf8 (size before relaxing)
 .eh_frame      0x0000000000030068      0x1a0 build/cooja/mtype251.a(queuebuf.o)
                                        0x1b8 (size before relaxing)
 .eh_frame      0x0000000000030208      0x28c build/cooja/mtype251.a(packetbuf.o)
                                        0x2a4 (size before relaxing)
 .eh_frame      0x0000000000030494       0x80 build/cooja/mtype251.a(netstack.o)
                                         0x98 (size before relaxing)
 .eh_frame      0x0000000000030514       0x60 build/cooja/mtype251.a(linkaddr.o)
                                         0x78 (size before relaxing)
 .eh_frame      0x0000000000030574       0xe0 build/cooja/mtype251.a(csma.o)
                                         0xf8 (size before relaxing)
 .eh_frame      0x0000000000030654      0x1d0 build/cooja/mtype251.a(csma-output.o)
                                        0x1e8 (size before relaxing)
 .eh_frame      0x0000000000030824      0x328 build/cooja/mtype251.a(uip-ds6.o)
                                        0x340 (size before relaxing)
 .eh_frame      0x0000000000030b4c       0x40 build/cooja/mtype251.a(uip-udp-packet.)
                                         0x58 (size before relaxing)
 .eh_frame      0x0000000000030b8c      0x240 build/cooja/mtype251.a(uip-ds6-route.o)
                                        0x258 (size before relaxing)
 .eh_frame      0x0000000000030dcc      0x244 build/cooja/mtype251.a(tcpip.o)
                                        0x25c (size before relaxing)
 .eh_frame      0x0000000000031010      0x1e8 build/cooja/mtype251.a(uip6.o)
                                        0x200 (size before relaxing)
 .eh_frame      0x00000000000311f8      0x1c0 build/cooja/mtype251.a(uip-ds6-nbr.o)
                                        0x1d8 (size before relaxing)
 .eh_frame      0x00000000000313b8       0x84 build/cooja/mtype251.a(uip-nd6.o)
                                         0x9c (size before relaxing)
 .eh_frame      0x000000000003143c      0x2f8 build/cooja/mtype251.a(sicslowpan.o)
                                        0x310 (size before relaxing)
 .eh_frame      0x0000000000031734       0x88 build/cooja/mtype251.a(uiplib.o)
                                         0xa0 (size before relaxing)
 .eh_frame      0x00000000000317bc      0x1e0 build/cooja/mtype251.a(rpl.o)
                                        0x1f8 (size before relaxing)
 .eh_frame      0x000000000003199c      0x1c4 build/cooja/mtype251.a(rpl-icmp6.o)
                                        0x1dc (size before relaxing)
 .eh_frame      0x0000000000031b60       0xa0 build/cooja/mtype251.a(rpl-dag-root.o)
                                         0xb8 (size before relaxing)
 .eh_frame      0x0000000000031c00       0xa0 build/cooja/mtype251.a(watchdog.o)
                                         0xb8 (size before relaxing)
 .eh_frame      0x0000000000031ca0       0x80 build/cooja/mtype251.a(int-master.o)
                                         0x98 (size before relaxing)
 .eh_frame      0x0000000000031d20      0x1c4 build/cooja/mtype251.a(coap-observe-cl)
                                        0x1dc (size before relaxing)
 .eh_frame      0x0000000000031ee4       0xa4 build/cooja/mtype251.a(coap-timer-defa)
                                         0xbc (size before relaxing)
 .eh_frame      0x0000000000031f88       0xc4 build/cooja/mtype251.a(stimer.o)
                                         0xdc (size before relaxing)
 .eh_frame      0x000000000003204c       0xa0 build/cooja/mtype251.a(ringbuf.o)
                                         0xb8 (size before relaxing)
 .eh_frame      0x00000000000320ec       0x20 build/cooja/mtype251.a(assert.o)
                                         0x38 (size before relaxing)
 .eh_frame      0x000000000003210c      0x3f0 build/cooja/mtype251.a(nbr-table.o)
                                        0x408 (size before relaxing)
 .eh_frame      0x00000000000324fc      0x120 build/cooja/mtype251.a(link-stats.o)
                                        0x138 (size before relaxing)
 .eh_frame      0x000000000003261c       0x48 build/cooja/mtype251.a(mac-sequence.o)
                                         0x60 (size before relaxing)
 .eh_frame      0x0000000000032664       0x20 build/cooja/mtype251.a(mac.o)
                                         0x38 (size before relaxing)
 .eh_frame      0x0000000000032684       0xa4 build/cooja/mtype251.a(framer-802154.o)
                                         0xbc (size before relaxing)
 .eh_frame      0x0000000000032728      0x1a4 build/cooja/mtype251.a(frame802154.o)
                                        0x1bc (size before relaxing)
 .eh_frame      0x00000000000328cc       0x40 build/cooja/mtype251.a(csma-security.o)
                                         0x58 (size before relaxing)
 .eh_frame      0x000000000003290c      0x200 build/cooja/mtype251.a(uipbuf.o)
                                        0x218 (size before relaxing)
 .eh_frame      0x0000000000032b0c      0x150 build/cooja/mtype251.a(uip-icmp6.o)
                                        0x168 (size before relaxing)
 .eh_frame      0x0000000000032c5c      0x184 build/cooja/mtype251.a(uip-sr.o)
                                        0x19c (size before relaxing)
 .eh_frame      0x0000000000032de0       0xe0 build/cooja/mtype251.a(uip-packetqueue)
                                         0xf8 (size before relaxing)
 .eh_frame      0x0000000000032ec0       0x44 build/cooja/mtype251.a(rpl-nbr-policy.)
                                         0x5c (size before relaxing)
 .eh_frame      0x0000000000032f04      0x2d4 build/cooja/mtype251.a(rpl-neighbor.o)
                                        0x2ec (size before relaxing)
 .eh_frame      0x00000000000331d8      0x370 build/cooja/mtype251.a(rpl-dag.o)
                                        0x388 (size before relaxing)
 .eh_frame      0x0000000000033548      0x3a8 build/cooja/mtype251.a(rpl-timers.o)
                                        0x3c0 (size before relaxing)
 .eh_frame      0x00000000000338f0      0x124 build/cooja/mtype251.a(rpl-ext-header.)
                                        0x13c (size before relaxing)
 .eh_frame      0x0000000000033a14      0x148 build/cooja/mtype251.a(rpl-mrhof.o)
                                        0x160 (size before relaxing)
 .eh_frame      0x0000000000033b5c       0x84 /usr/lib/gcc/i686-linux-gnu/5/libgcc.a(_udivdi3.o)
                                         0x9c (size before relaxing)
 .eh_frame      0x0000000000033be0        0x4 /usr/lib/gcc/i686-linux-gnu/5/crtendS.o
 *(.eh_frame.*)

.gcc_except_table
 *(.gcc_except_table .gcc_except_table.*)

.gnu_extab
 *(.gnu_extab*)

.exception_ranges
 *(.exception_ranges .exception_ranges*)
                0x0000000000034f10                . = DATA_SEGMENT_ALIGN (0x1000, 0x1000)

.eh_frame
 *(.eh_frame)
 *(.eh_frame.*)

.gnu_extab
 *(.gnu_extab)

.gcc_except_table
 *(.gcc_except_table .gcc_except_table.*)

.exception_ranges
 *(.exception_ranges .exception_ranges*)

.tdata
 *(.tdata .tdata.* .gnu.linkonce.td.*)

.tbss
 *(.tbss .tbss.* .gnu.linkonce.tb.*)
 *(.tcommon)

.preinit_array
 *(.preinit_array)

.init_array     0x0000000000034f10        0x4
 *(SORT(.init_array.*) SORT(.ctors.*))
 *(.init_array EXCLUDE_FILE(*crtend?.o *crtend.o *crtbegin?.o *crtbegin.o) .ctors)
 .init_array    0x0000000000034f10        0x4 /usr/lib/gcc/i686-linux-gnu/5/crtbeginS.o

.fini_array     0x0000000000034f14        0x4
 *(SORT(.fini_array.*) SORT(.dtors.*))
 *(.fini_array EXCLUDE_FILE(*crtend?.o *crtend.o *crtbegin?.o *crtbegin.o) .dtors)
 .fini_array    0x0000000000034f14        0x4 /usr/lib/gcc/i686-linux-gnu/5/crtbeginS.o

.ctors
 *crtbegin.o(.ctors)
 *crtbegin?.o(.ctors)
 *(EXCLUDE_FILE(*crtend?.o *crtend.o) .ctors)
 *(SORT(.ctors.*))
 *(.ctors)

.dtors
 *crtbegin.o(.dtors)
 *crtbegin?.o(.dtors)
 *(EXCLUDE_FILE(*crtend?.o *crtend.o) .dtors)
 *(SORT(.dtors.*))
 *(.dtors)

.jcr            0x0000000000034f18        0x4
 *(.jcr)
 .jcr           0x0000000000034f18        0x0 /usr/lib/gcc/i686-linux-gnu/5/crtbeginS.o
 .jcr           0x0000000000034f18        0x4 /usr/lib/gcc/i686-linux-gnu/5/crtendS.o

.data.rel.ro
 *(.data.rel.ro.local* .gnu.linkonce.d.rel.ro.local.*)
 *(.data.rel.ro .data.rel.ro.* .gnu.linkonce.d.rel.ro.*)

.dynamic        0x0000000000034f1c       0xd0
 *(.dynamic)
 .dynamic       0x0000000000034f1c       0xd0 /usr/lib/gcc/i686-linux-gnu/5/../../../i386-linux-gnu/crti.o
                0x0000000000034f1c                _DYNAMIC

.got            0x0000000000034fec       0x14
 *(.got)
 .got           0x0000000000034fec       0x14 /usr/lib/gcc/i686-linux-gnu/5/../../../i386-linux-gnu/crti.o
 *(.igot)
                0x0000000000035ff4                . = DATA_SEGMENT_RELRO_END (., (SIZEOF (.got.plt) >= 0xc)?0xc:0x0)

.got.plt        0x0000000000035000        0xc
 *(.got.plt)
 .got.plt       0x0000000000035000        0xc /usr/lib/gcc/i686-linux-gnu/5/../../../i386-linux-gnu/crti.o
                0x0000000000035000                _GLOBAL_OFFSET_TABLE_
 *(.igot.plt)

.data           0x0000000000035020      0x464
 *(.data .data.* .gnu.linkonce.d.*)
 .data          0x0000000000035020        0x0 /usr/lib/gcc/i686-linux-gnu/5/../../../i386-linux-gnu/crti.o
 .data          0x0000000000035020        0x0 /usr/lib/gcc/i686-linux-gnu/5/crtbeginS.o
 .data.rel.local
                0x0000000000035020        0x4 /usr/lib/gcc/i686-linux-gnu/5/crtbeginS.o
                0x0000000000035020                __dso_handle
 .data          0x0000000000035024       0x14 minerals_sensor.o
                0x0000000000035028                minerals_sensor
 *fill*         0x0000000000035038        0x8 
 .data          0x0000000000035040       0x44 build/cooja/mtype251.o
                0x0000000000035040                simInterfaces
                0x0000000000035074                sensors
 .data          0x0000000000035084        0x0 build/cooja/mtype251.a(simEnvChange.o)
 .data          0x0000000000035084        0x0 build/cooja/mtype251.a(cooja_mt.o)
 .data          0x0000000000035084        0x0 build/cooja/mtype251.a(cooja_mtarch.o)
 .data          0x0000000000035084        0x0 build/cooja/mtype251.a(rtimer-arch.o)
 .data          0x0000000000035084        0x0 build/cooja/mtype251.a(beep.o)
 .data          0x0000000000035084        0x0 build/cooja/mtype251.a(leds-arch.o)
 .data          0x0000000000035084        0x0 build/cooja/mtype251.a(moteid.o)
 .data          0x0000000000035084        0x0 build/cooja/mtype251.a(pir-sensor.o)
 .data          0x0000000000035084        0x0 build/cooja/mtype251.a(rs232.o)
 .data          0x0000000000035084        0x0 build/cooja/mtype251.a(vib-sensor.o)
 .data          0x0000000000035084        0x0 build/cooja/mtype251.a(clock.o)
 .data          0x0000000000035084        0x0 build/cooja/mtype251.a(cooja-log.o)
 .data          0x0000000000035084        0x0 build/cooja/mtype251.a(cfs-cooja.o)
 .data          0x0000000000035084       0x2c build/cooja/mtype251.a(cooja-radio.o)
                0x0000000000035084                simRadioHWOn
                0x0000000000035088                simSignalStrength
                0x000000000003508c                simLastSignalStrength
                0x0000000000035090                simPower
                0x0000000000035094                simRadioChannel
                0x0000000000035098                simLQI
                0x00000000000350a0                cooja_radio_process
 .data          0x00000000000350b0        0x0 build/cooja/mtype251.a(eeprom.o)
 .data          0x00000000000350b0        0x0 build/cooja/mtype251.a(random.o)
 .data          0x00000000000350b0       0x10 build/cooja/mtype251.a(sensors.o)
                0x00000000000350b0                sensors_process
 .data          0x00000000000350c0        0x0 build/cooja/mtype251.a(leds.o)
 .data          0x00000000000350c0        0x0 build/cooja/mtype251.a(gpio-hal-arch.o)
 .data          0x00000000000350c0       0x78 build/cooja/mtype251.a(buttons.o)
                0x00000000000350c0                simButtonIsActive
                0x0000000000035130                button_hal_buttons
 *fill*         0x0000000000035138        0x8 
 .data          0x0000000000035140       0x44 build/cooja/mtype251.a(minerals_measur)
                0x0000000000035140                minerals_level
                0x0000000000035160                minerals_measuring_device
 .data          0x0000000000035184        0x0 build/cooja/mtype251.a(coap-blocking-a)
 .data          0x0000000000035184        0x8 build/cooja/mtype251.a(coap-engine.o)
 *fill*         0x000000000003518c       0x14 
 .data          0x00000000000351a0       0x24 build/cooja/mtype251.a(coap-res-well-k)
                0x00000000000351a0                res_well_known_core
 .data          0x00000000000351c4       0x10 build/cooja/mtype251.a(coap-observe.o)
 .data          0x00000000000351d4       0x10 build/cooja/mtype251.a(coap-uip.o)
                0x00000000000351d4                coap_engine
 .data          0x00000000000351e4        0x4 build/cooja/mtype251.a(coap-timer.o)
 .data          0x00000000000351e8       0x10 build/cooja/mtype251.a(coap-transactio)
 .data          0x00000000000351f8        0x4 build/cooja/mtype251.a(coap.o)
                0x00000000000351f8                coap_error_message
 .data          0x00000000000351fc        0x0 build/cooja/mtype251.a(contiki-main.o)
 .data          0x00000000000351fc        0x0 build/cooja/mtype251.a(autostart.o)
 .data          0x00000000000351fc       0x14 build/cooja/mtype251.a(ctimer.o)
                0x0000000000035200                ctimer_process
 *fill*         0x0000000000035210       0x10 
 .data          0x0000000000035220       0xbc build/cooja/mtype251.a(log.o)
                0x0000000000035220                curr_log_level_main
                0x0000000000035240                all_modules
 .data          0x00000000000352dc        0x0 build/cooja/mtype251.a(energest.o)
 .data          0x00000000000352dc       0x10 build/cooja/mtype251.a(etimer.o)
                0x00000000000352dc                etimer_process
 .data          0x00000000000352ec        0x0 build/cooja/mtype251.a(node-id.o)
 .data          0x00000000000352ec        0x0 build/cooja/mtype251.a(rtimer.o)
 .data          0x00000000000352ec        0x0 build/cooja/mtype251.a(process.o)
 .data          0x00000000000352ec        0x0 build/cooja/mtype251.a(timer.o)
 .data          0x00000000000352ec        0x0 build/cooja/mtype251.a(list.o)
 .data          0x00000000000352ec        0x0 build/cooja/mtype251.a(memb.o)
 .data          0x00000000000352ec       0x10 build/cooja/mtype251.a(button-hal.o)
                0x00000000000352ec                button_hal_process
 .data          0x00000000000352fc       0x10 build/cooja/mtype251.a(serial-line.o)
                0x00000000000352fc                serial_line_process
 .data          0x000000000003530c        0x4 build/cooja/mtype251.a(gpio-hal.o)
 .data          0x0000000000035310       0x18 build/cooja/mtype251.a(queuebuf.o)
 .data          0x0000000000035328        0x4 build/cooja/mtype251.a(packetbuf.o)
 .data          0x000000000003532c        0x4 build/cooja/mtype251.a(netstack.o)
 .data          0x0000000000035330        0x0 build/cooja/mtype251.a(linkaddr.o)
 .data          0x0000000000035330        0x0 build/cooja/mtype251.a(csma.o)
 .data          0x0000000000035330       0x28 build/cooja/mtype251.a(csma-output.o)
 .data          0x0000000000035358        0x0 build/cooja/mtype251.a(uip-ds6.o)
 .data          0x0000000000035358        0x0 build/cooja/mtype251.a(uip-udp-packet.)
 .data          0x0000000000035358       0x10 build/cooja/mtype251.a(uip-ds6-route.o)
 .data          0x0000000000035368       0x10 build/cooja/mtype251.a(tcpip.o)
                0x0000000000035368                tcpip_process
 .data          0x0000000000035378        0x0 build/cooja/mtype251.a(uip6.o)
 .data          0x0000000000035378       0x14 build/cooja/mtype251.a(uip-ds6-nbr.o)
 .data          0x000000000003538c        0xc build/cooja/mtype251.a(uip-nd6.o)
 .data          0x0000000000035398        0x0 build/cooja/mtype251.a(sicslowpan.o)
 .data          0x0000000000035398        0x0 build/cooja/mtype251.a(uiplib.o)
 .data          0x0000000000035398        0x0 build/cooja/mtype251.a(rpl.o)
 .data          0x0000000000035398       0x30 build/cooja/mtype251.a(rpl-icmp6.o)
 .data          0x00000000000353c8        0x0 build/cooja/mtype251.a(rpl-dag-root.o)
 .data          0x00000000000353c8        0x0 build/cooja/mtype251.a(watchdog.o)
 .data          0x00000000000353c8        0x0 build/cooja/mtype251.a(int-master.o)
 .data          0x00000000000353c8       0x10 build/cooja/mtype251.a(coap-observe-cl)
 .data          0x00000000000353d8       0x10 build/cooja/mtype251.a(coap-timer-defa)
                0x00000000000353d8                coap_timer_process
 .data          0x00000000000353e8        0x0 build/cooja/mtype251.a(stimer.o)
 .data          0x00000000000353e8        0x0 build/cooja/mtype251.a(ringbuf.o)
 .data          0x00000000000353e8        0x0 build/cooja/mtype251.a(assert.o)
 .data          0x00000000000353e8       0x10 build/cooja/mtype251.a(nbr-table.o)
 .data          0x00000000000353f8       0x14 build/cooja/mtype251.a(link-stats.o)
 .data          0x000000000003540c        0x0 build/cooja/mtype251.a(mac-sequence.o)
 .data          0x000000000003540c        0x0 build/cooja/mtype251.a(mac.o)
 .data          0x000000000003540c        0x0 build/cooja/mtype251.a(framer-802154.o)
 .data          0x000000000003540c        0x2 build/cooja/mtype251.a(frame802154.o)
 .data          0x000000000003540e        0x0 build/cooja/mtype251.a(csma-security.o)
 .data          0x000000000003540e        0x0 build/cooja/mtype251.a(uipbuf.o)
 *fill*         0x000000000003540e        0x2 
 .data          0x0000000000035410       0x20 build/cooja/mtype251.a(uip-icmp6.o)
 .data          0x0000000000035430       0x10 build/cooja/mtype251.a(uip-sr.o)
 .data          0x0000000000035440        0xc build/cooja/mtype251.a(uip-packetqueue)
 .data          0x000000000003544c        0x0 build/cooja/mtype251.a(rpl-nbr-policy.)
 .data          0x000000000003544c       0x14 build/cooja/mtype251.a(rpl-neighbor.o)
                0x000000000003545c                rpl_neighbors
 .data          0x0000000000035460        0x0 build/cooja/mtype251.a(rpl-dag.o)
 .data          0x0000000000035460        0x0 build/cooja/mtype251.a(rpl-timers.o)
 .data          0x0000000000035460        0x0 build/cooja/mtype251.a(rpl-ext-header.)
 .data          0x0000000000035460       0x24 build/cooja/mtype251.a(rpl-mrhof.o)
                0x0000000000035460                rpl_mrhof
 .data          0x0000000000035484        0x0 /usr/lib/gcc/i686-linux-gnu/5/libgcc.a(_udivdi3.o)
 .data          0x0000000000035484        0x0 /usr/lib/gcc/i686-linux-gnu/5/crtendS.o
 .data          0x0000000000035484        0x0 /usr/lib/gcc/i686-linux-gnu/5/../../../i386-linux-gnu/crtn.o

.tm_clone_table
                0x0000000000035484        0x0
 .tm_clone_table
                0x0000000000035484        0x0 /usr/lib/gcc/i686-linux-gnu/5/crtbeginS.o
 .tm_clone_table
                0x0000000000035484        0x0 /usr/lib/gcc/i686-linux-gnu/5/crtendS.o

.data1
 *(.data1)
                0x0000000000035484                _edata = .
                [!provide]                        PROVIDE (edata, .)
                0x0000000000035484                . = .
                0x0000000000035484                __bss_start = .

.bss            0x00000000000354a0    0x140a4
 *(.dynbss)
 .dynbss        0x00000000000354a0        0x0 /usr/lib/gcc/i686-linux-gnu/5/../../../i386-linux-gnu/crti.o
 *(.bss .bss.* .gnu.linkonce.b.*)
 .bss           0x00000000000354a0        0x0 /usr/lib/gcc/i686-linux-gnu/5/../../../i386-linux-gnu/crti.o
 .bss           0x00000000000354a0        0x1 /usr/lib/gcc/i686-linux-gnu/5/crtbeginS.o
 *fill*         0x00000000000354a1       0x1f 
 .bss           0x00000000000354c0      0x11c minerals_sensor.o
 *fill*         0x00000000000355dc        0x4 
 .bss           0x00000000000355e0     0x2030 build/cooja/mtype251.o
 .bss           0x0000000000037610        0x1 build/cooja/mtype251.a(simEnvChange.o)
                0x0000000000037610                simDontFallAsleep
 *fill*         0x0000000000037611        0x3 
 .bss           0x0000000000037614        0x4 build/cooja/mtype251.a(cooja_mt.o)
 .bss           0x0000000000037618        0x4 build/cooja/mtype251.a(cooja_mtarch.o)
 .bss           0x000000000003761c        0x0 build/cooja/mtype251.a(rtimer-arch.o)
 .bss           0x000000000003761c        0x0 build/cooja/mtype251.a(beep.o)
 .bss           0x000000000003761c        0x1 build/cooja/mtype251.a(leds-arch.o)
                0x000000000003761c                simLedsValue
 .bss           0x000000000003761d        0x0 build/cooja/mtype251.a(moteid.o)
 .bss           0x000000000003761d        0x1 build/cooja/mtype251.a(pir-sensor.o)
                0x000000000003761d                simPirValue
 *fill*         0x000000000003761e        0x2 
 .bss           0x0000000000037620        0x4 build/cooja/mtype251.a(rs232.o)
 .bss           0x0000000000037624        0x1 build/cooja/mtype251.a(vib-sensor.o)
                0x0000000000037624                simVibValue
 .bss           0x0000000000037625        0x0 build/cooja/mtype251.a(clock.o)
 *fill*         0x0000000000037625       0x1b 
 .bss           0x0000000000037640     0x2020 build/cooja/mtype251.a(cooja-log.o)
 .bss           0x0000000000039660      0xfc0 build/cooja/mtype251.a(cfs-cooja.o)
                0x0000000000039660                simCFSData
                0x000000000003a600                simCFSSize
                0x000000000003a604                simCFSChanged
                0x000000000003a608                simCFSRead
                0x000000000003a60c                simCFSWritten
 .bss           0x000000000003a620       0x24 build/cooja/mtype251.a(cooja-radio.o)
                0x000000000003a620                simReceiving
                0x000000000003a624                simInSize
                0x000000000003a628                simLastPacketTimestamp
                0x000000000003a630                simOutSize
 .bss           0x000000000003a644        0xc build/cooja/mtype251.a(eeprom.o)
                0x000000000003a644                simEEPROMChanged
                0x000000000003a648                simEEPROMRead
                0x000000000003a64c                simEEPROMWritten
 .bss           0x000000000003a650        0x0 build/cooja/mtype251.a(random.o)
 .bss           0x000000000003a650        0xc build/cooja/mtype251.a(sensors.o)
 .bss           0x000000000003a65c        0x0 build/cooja/mtype251.a(leds.o)
 .bss           0x000000000003a65c       0x24 build/cooja/mtype251.a(gpio-hal-arch.o)
 .bss           0x000000000003a680        0x0 build/cooja/mtype251.a(buttons.o)
 .bss           0x000000000003a680        0x0 build/cooja/mtype251.a(minerals_measur)
 .bss           0x000000000003a680        0x0 build/cooja/mtype251.a(coap-blocking-a)
 .bss           0x000000000003a680      0x190 build/cooja/mtype251.a(coap-engine.o)
 .bss           0x000000000003a810        0x0 build/cooja/mtype251.a(coap-res-well-k)
 *fill*         0x000000000003a810       0x10 
 .bss           0x000000000003a820      0x120 build/cooja/mtype251.a(coap-observe.o)
 .bss           0x000000000003a940       0x18 build/cooja/mtype251.a(coap-uip.o)
 .bss           0x000000000003a958        0x5 build/cooja/mtype251.a(coap-timer.o)
 *fill*         0x000000000003a95d        0x3 
 .bss           0x000000000003a960      0x334 build/cooja/mtype251.a(coap-transactio)
 .bss           0x000000000003ac94        0x6 build/cooja/mtype251.a(coap.o)
                0x000000000003ac94                coap_status_code
 .bss           0x000000000003ac9a        0x0 build/cooja/mtype251.a(contiki-main.o)
 .bss           0x000000000003ac9a        0x0 build/cooja/mtype251.a(autostart.o)
 *fill*         0x000000000003ac9a        0x2 
 .bss           0x000000000003ac9c        0x5 build/cooja/mtype251.a(ctimer.o)
 *fill*         0x000000000003aca1        0x3 
 .bss           0x000000000003aca4       0x2c build/cooja/mtype251.a(log.o)
                0x000000000003aca4                curr_log_level_rpl
                0x000000000003aca8                curr_log_level_tcpip
                0x000000000003acac                curr_log_level_ipv6
                0x000000000003acb0                curr_log_level_6lowpan
                0x000000000003acb4                curr_log_level_nullnet
                0x000000000003acb8                curr_log_level_mac
                0x000000000003acbc                curr_log_level_framer
                0x000000000003acc0                curr_log_level_6top
                0x000000000003acc4                curr_log_level_coap
                0x000000000003acc8                curr_log_level_snmp
                0x000000000003accc                curr_log_level_lwm2m
 .bss           0x000000000003acd0        0x0 build/cooja/mtype251.a(energest.o)
 .bss           0x000000000003acd0        0x8 build/cooja/mtype251.a(etimer.o)
 .bss           0x000000000003acd8        0x2 build/cooja/mtype251.a(node-id.o)
                0x000000000003acd8                node_id
 *fill*         0x000000000003acda        0x2 
 .bss           0x000000000003acdc        0x4 build/cooja/mtype251.a(rtimer.o)
 .bss           0x000000000003ace0      0x1a1 build/cooja/mtype251.a(process.o)
                0x000000000003ace0                process_list
                0x000000000003ace4                process_current
 .bss           0x000000000003ae81        0x0 build/cooja/mtype251.a(timer.o)
 .bss           0x000000000003ae81        0x0 build/cooja/mtype251.a(list.o)
 .bss           0x000000000003ae81        0x0 build/cooja/mtype251.a(memb.o)
 *fill*         0x000000000003ae81        0x3 
 .bss           0x000000000003ae84       0x10 build/cooja/mtype251.a(button-hal.o)
 *fill*         0x000000000003ae94        0xc 
 .bss           0x000000000003aea0      0x140 build/cooja/mtype251.a(serial-line.o)
 .bss           0x000000000003afe0        0x4 build/cooja/mtype251.a(gpio-hal.o)
 *fill*         0x000000000003afe4       0x1c 
 .bss           0x000000000003b000     0x2c80 build/cooja/mtype251.a(queuebuf.o)
 .bss           0x000000000003dc80       0xa0 build/cooja/mtype251.a(packetbuf.o)
 .bss           0x000000000003dd20        0x4 build/cooja/mtype251.a(netstack.o)
 .bss           0x000000000003dd24        0x0 build/cooja/mtype251.a(linkaddr.o)
 .bss           0x000000000003dd24        0x0 build/cooja/mtype251.a(csma.o)