Archive member included to satisfy reference by file (symbol)

build/cooja/mtype422.a(simEnvChange.o)
                              build/cooja/mtype422.o (simDontFallAsleep)
build/cooja/mtype422.a(cooja_mt.o)
                              build/cooja/mtype422.o (cooja_mt_start)
build/cooja/mtype422.a(cooja_mtarch.o)
                              build/cooja/mtype422.a(cooja_mt.o) (cooja_mtarch_start)
build/cooja/mtype422.a(rtimer-arch.o)
                              build/cooja/mtype422.o (rtimer_arch_check)
build/cooja/mtype422.a(beep.o)
                              build/cooja/mtype422.o (beep_interface)
build/cooja/mtype422.a(leds-arch.o)
                              build/cooja/mtype422.o (leds_interface)
build/cooja/mtype422.a(moteid.o)
                              build/cooja/mtype422.o (moteid_interface)
build/cooja/mtype422.a(pir-sensor.o)
                              build/cooja/mtype422.o (pir_interface)
build/cooja/mtype422.a(rs232.o)
                              build/cooja/mtype422.o (rs232_interface)
build/cooja/mtype422.a(vib-sensor.o)
                              build/cooja/mtype422.o (vib_interface)
build/cooja/mtype422.a(clock.o)
                              build/cooja/mtype422.o (clock_interface)
build/cooja/mtype422.a(cooja-log.o)
                              build/cooja/mtype422.o (simlog_interface)
build/cooja/mtype422.a(cfs-cooja.o)
                              build/cooja/mtype422.o (cfs_interface)
build/cooja/mtype422.a(cooja-radio.o)
                              build/cooja/mtype422.o (radio_interface)
build/cooja/mtype422.a(eeprom.o)
                              build/cooja/mtype422.o (eeprom_interface)
build/cooja/mtype422.a(random.o)
                              build/cooja/mtype422.a(moteid.o) (random_init)
build/cooja/mtype422.a(sensors.o)
                              build/cooja/mtype422.a(pir-sensor.o) (sensors_changed)
build/cooja/mtype422.a(leds.o)
                              build/cooja/mtype422.a(leds-arch.o) (leds_get)
build/cooja/mtype422.a(gpio-hal-arch.o)
                              build/cooja/mtype422.a(leds-arch.o) (gpio_hal_arch_register_pin_callback)
build/cooja/mtype422.a(buttons.o)
                              build/cooja/mtype422.o (button_interface)
build/cooja/mtype422.a(oxygen_measurin)
                              oxygen_sensor.o (oxygen_measuring_device)
build/cooja/mtype422.a(coap-blocking-a)
                              oxygen_sensor.o (coap_blocking_request)
build/cooja/mtype422.a(coap-engine.o)
                              oxygen_sensor.o (coap_activate_resource)
build/cooja/mtype422.a(coap-res-well-k)
                              build/cooja/mtype422.a(coap-engine.o) (res_well_known_core)
build/cooja/mtype422.a(coap-observe.o)
                              build/cooja/mtype422.a(coap-engine.o) (coap_remove_observer_by_mid)
build/cooja/mtype422.a(coap-uip.o)
                              build/cooja/mtype422.a(coap-observe.o) (coap_endpoint_copy)
build/cooja/mtype422.a(coap-timer.o)
                              build/cooja/mtype422.a(coap-engine.o) (coap_timer_set)
build/cooja/mtype422.a(coap-transactio)
                              build/cooja/mtype422.a(coap-blocking-a) (coap_send_transaction)
build/cooja/mtype422.a(coap.o)
                              build/cooja/mtype422.a(coap-engine.o) (coap_status_code)
build/cooja/mtype422.a(contiki-main.o)
                              build/cooja/mtype422.o (main)
build/cooja/mtype422.a(autostart.o)
                              build/cooja/mtype422.a(contiki-main.o) (autostart_start)
build/cooja/mtype422.a(ctimer.o)
                              build/cooja/mtype422.a(contiki-main.o) (ctimer_init)
build/cooja/mtype422.a(log.o)
                              build/cooja/mtype422.a(contiki-main.o) (curr_log_level_main)
build/cooja/mtype422.a(energest.o)
                              build/cooja/mtype422.a(contiki-main.o) (energest_init)
build/cooja/mtype422.a(etimer.o)
                              build/cooja/mtype422.a(contiki-main.o) (etimer_process)
build/cooja/mtype422.a(node-id.o)
                              build/cooja/mtype422.a(contiki-main.o) (node_id)
build/cooja/mtype422.a(rtimer.o)
                              build/cooja/mtype422.a(contiki-main.o) (rtimer_init)
build/cooja/mtype422.a(process.o)
                              build/cooja/mtype422.a(coap-blocking-a) (process_current)
build/cooja/mtype422.a(timer.o)
                              build/cooja/mtype422.a(etimer.o) (timer_set)
build/cooja/mtype422.a(list.o)
                              build/cooja/mtype422.a(coap-engine.o) (list_init)
build/cooja/mtype422.a(memb.o)
                              build/cooja/mtype422.a(coap-observe.o) (memb_alloc)
build/cooja/mtype422.a(button-hal.o)
                              build/cooja/mtype422.o (button_hal_init)
build/cooja/mtype422.a(serial-line.o)
                              build/cooja/mtype422.a(rs232.o) (serial_line_input_byte)
[...]
Memory Configuration

Name             Origin             Length             Attributes
*default*        0x0000000000000000 0xffffffffffffffff

Linker script and memory map

LOAD /usr/lib/gcc/i686-linux-gnu/5/../../../i386-linux-gnu/crti.o
LOAD /usr/lib/gcc/i686-linux-gnu/5/crtbeginS.o
LOAD oxygen_sensor.o
LOAD build/cooja/mtype422.o
LOAD build/cooja/mtype422.a
LOAD /usr/lib/gcc/i686-linux-gnu/5/libgcc.a
LOAD /usr/lib/gcc/i686-linux-gnu/5/libgcc_s.so
LOAD /usr/lib/gcc/i686-linux-gnu/5/../../../i386-linux-gnu/libc.so
START GROUP
LOAD /lib/i386-linux-gnu/libc.so.6
LOAD /usr/lib/i386-linux-gnu/libc_nonshared.a
LOAD /lib/i386-linux-gnu/ld-linux.so.2
END GROUP
LOAD /usr/lib/gcc/i686-linux-gnu/5/libgcc.a
LOAD /usr/lib/gcc/i686-linux-gnu/5/libgcc_s.so
LOAD /usr/lib/gcc/i686-linux-gnu/5/crtendS.o
LOAD /usr/lib/gcc/i686-linux-gnu/5/../../../i386-linux-gnu/crtn.o
                0x0000000000000114                . = (0x0 + SIZEOF_HEADERS)

.note.gnu.build-id
                0x0000000000000114       0x24
 *(.note.gnu.build-id)
 .note.gnu.build-id
                0x0000000000000114       0x24 /usr/lib/gcc/i686-linux-gnu/5/../../../i386-linux-gnu/crti.o

.hash
 *(.hash)

.gnu.hash       0x0000000000000138     0x15b4
 *(.gnu.hash)
 .gnu.hash      0x0000000000000138     0x15b4 /usr/lib/gcc/i686-linux-gnu/5/../../../i386-linux-gnu/crti.o

.dynsym         0x00000000000016ec     0x2f50
 *(.dynsym)
 .dynsym        0x00000000000016ec     0x2f50 /usr/lib/gcc/i686-linux-gnu/5/../../../i386-linux-gnu/crti.o

.dynstr         0x000000000000463c     0x3765
 *(.dynstr)
 .dynstr        0x000000000000463c     0x3765 /usr/lib/gcc/i686-linux-gnu/5/../../../i386-linux-gnu/crti.o

.gnu.version    0x0000000000007da2      0x5ea
 *(.gnu.version)
 .gnu.version   0x0000000000007da2      0x5ea /usr/lib/gcc/i686-linux-gnu/5/../../../i386-linux-gnu/crti.o

.gnu.version_d  0x000000000000838c        0x0
 *(.gnu.version_d)
 .gnu.version_d
                0x000000000000838c        0x0 /usr/lib/gcc/i686-linux-gnu/5/../../../i386-linux-gnu/crti.o

.gnu.version_r  0x000000000000838c       0x40
 *(.gnu.version_r)
 .gnu.version_r
                0x000000000000838c       0x40 /usr/lib/gcc/i686-linux-gnu/5/../../../i386-linux-gnu/crti.o

.rel.dyn        0x00000000000083cc     0x91e8
 *(.rel.init)
 .rel.init      0x00000000000083cc        0x0 /usr/lib/gcc/i686-linux-gnu/5/../../../i386-linux-gnu/crti.o
 *(.rel.text .rel.text.* .rel.gnu.linkonce.t.*)
 .rel.text      0x00000000000083cc     0x8820 /usr/lib/gcc/i686-linux-gnu/5/../../../i386-linux-gnu/crti.o
 *(.rel.fini)
 .rel.fini      0x0000000000010bec        0x0 /usr/lib/gcc/i686-linux-gnu/5/../../../i386-linux-gnu/crti.o
 *(.rel.rodata .rel.rodata.* .rel.gnu.linkonce.r.*)
 .rel.rodata    0x0000000000010bec      0x588 /usr/lib/gcc/i686-linux-gnu/5/../../../i386-linux-gnu/crti.o
 *(.rel.data.rel.ro .rel.data.rel.ro.* .rel.gnu.linkonce.d.rel.ro.*)
 *(.rel.data .rel.data.* .rel.gnu.linkonce.d.*)
 .rel.data.rel.local
                0x0000000000011174        0x8 /usr/lib/gcc/i686-linux-gnu/5/../../../i386-linux-gnu/crti.o
 .rel.data      0x000000000001117c      0x400 /usr/lib/gcc/i686-linux-gnu/5/../../../i386-linux-gnu/crti.o
 *(.rel.tdata .rel.tdata.* .rel.gnu.linkonce.td.*)
 *(.rel.tbss .rel.tbss.* .rel.gnu.linkonce.tb.*)
 *(.rel.ctors)
 *(.rel.dtors)
 *(.rel.got)
 .rel.got       0x000000000001157c       0x28 /usr/lib/gcc/i686-linux-gnu/5/../../../i386-linux-gnu/crti.o
 *(.rel.bss .rel.bss.* .rel.gnu.linkonce.b.*)
 *(.rel.ifunc)
 .rel.ifunc     0x00000000000115a4        0x0 /usr/lib/gcc/i686-linux-gnu/5/../../../i386-linux-gnu/crti.o
 .rel.fini_array
                0x00000000000115a4        0x8 /usr/lib/gcc/i686-linux-gnu/5/../../../i386-linux-gnu/crti.o
 .rel.init_array
                0x00000000000115ac        0x8 /usr/lib/gcc/i686-linux-gnu/5/../../../i386-linux-gnu/crti.o

.rel.plt        0x00000000000115b4        0x0
 *(.rel.plt)
 .rel.plt       0x00000000000115b4        0x0 /usr/lib/gcc/i686-linux-gnu/5/../../../i386-linux-gnu/crti.o
 *(.rel.iplt)

.init           0x00000000000115b4       0x23
 *(SORT(.init))
 .init          0x00000000000115b4       0x1e /usr/lib/gcc/i686-linux-gnu/5/../../../i386-linux-gnu/crti.o
                0x00000000000115b4                _init
 .init          0x00000000000115d2        0x5 /usr/lib/gcc/i686-linux-gnu/5/../../../i386-linux-gnu/crtn.o

.plt            0x00000000000115e0       0x10
 *(.plt)
 .plt           0x00000000000115e0       0x10 /usr/lib/gcc/i686-linux-gnu/5/../../../i386-linux-gnu/crti.o
 *(.iplt)

.plt.got        0x00000000000115f0       0x10
 *(.plt.got)
 .plt.got       0x00000000000115f0       0x10 /usr/lib/gcc/i686-linux-gnu/5/../../../i386-linux-gnu/crti.o

.text           0x0000000000011600    0x18c32
 *(.text.unlikely .text.*_unlikely .text.unlikely.*)
 .text.unlikely
                0x0000000000011600        0x0 /usr/lib/gcc/i686-linux-gnu/5/crtbeginS.o
 .text.unlikely
                0x0000000000011600        0x0 /usr/lib/gcc/i686-linux-gnu/5/libgcc.a(_udivdi3.o)
 *(.text.exit .text.exit.*)
 *(.text.startup .text.startup.*)
 *(.text.hot .text.hot.*)
 *(.text .stub .text.* .gnu.linkonce.t.*)
 .text          0x0000000000011600        0x0 /usr/lib/gcc/i686-linux-gnu/5/../../../i386-linux-gnu/crti.o
 .gnu.linkonce.t.__x86.get_pc_thunk.bx
                0x0000000000011600        0x4 /usr/lib/gcc/i686-linux-gnu/5/../../../i386-linux-gnu/crti.o
                0x0000000000011600                __x86.get_pc_thunk.bx
 *fill*         0x0000000000011604        0xc 
 .text          0x0000000000011610      0x11c /usr/lib/gcc/i686-linux-gnu/5/crtbeginS.o
 .text.__x86.get_pc_thunk.dx
                0x000000000001172c        0x4 /usr/lib/gcc/i686-linux-gnu/5/crtbeginS.o
                0x000000000001172c                __x86.get_pc_thunk.dx
 .text          0x0000000000011730      0x30a oxygen_sensor.o
 .text          0x0000000000011a3a      0x283 build/cooja/mtype422.o
                0x0000000000011acc                platform_init_stage_one
                0x0000000000011adf                platform_init_stage_two
                0x0000000000011af2                platform_init_stage_three
                0x0000000000011b05                platform_main_loop
                0x0000000000011b78                Java_org_contikios_cooja_corecomm_Lib4_init
                0x0000000000011baf                Java_org_contikios_cooja_corecomm_Lib4_getMemory
                0x0000000000011be2                Java_org_contikios_cooja_corecomm_Lib4_setMemory
                0x0000000000011c42                Java_org_contikios_cooja_corecomm_Lib4_tick
                0x0000000000011caa                Java_org_contikios_cooja_corecomm_Lib4_setReferenceAddress
 .text          0x0000000000011cbd       0x65 build/cooja/mtype422.a(simEnvChange.o)
                0x0000000000011cbd                doActionsBeforeTick
                0x0000000000011cef                doActionsAfterTick
 .text          0x0000000000011d22       0x83 build/cooja/mtype422.a(cooja_mt.o)
                0x0000000000011d22                cooja_mt_start
                0x0000000000011d4c                cooja_mt_exec
                0x0000000000011d82                cooja_mt_yield
 .text          0x0000000000011da5       0xbe build/cooja/mtype422.a(cooja_mtarch.o)
                0x0000000000011da5                cooja_mtarch_start
                0x0000000000011e18                cooja_sw
                0x0000000000011e3b                cooja_mtarch_exec
                0x0000000000011e58                cooja_mtarch_yield
 .text          0x0000000000011e63       0xc5 build/cooja/mtype422.a(rtimer-arch.o)
                0x0000000000011e63                rtimer_arch_init
                0x0000000000011e87                rtimer_arch_schedule
                0x0000000000011eb7                rtimer_arch_next
                0x0000000000011ec7                rtimer_arch_pending
                0x0000000000011ed1                rtimer_arch_check
                0x0000000000011f18                rtimer_arch_now
 .text          0x0000000000011f28       0x81 build/cooja/mtype422.a(beep.o)
                0x0000000000011f28                beep_alarm
                0x0000000000011f35                beep_beep
                0x0000000000011f42                beep
                0x0000000000011f4f                beep_down
                0x0000000000011f5c                beep_on
                0x0000000000011f69                beep_off
                0x0000000000011f76                beep_spinup
                0x0000000000011f83                beep_quick
                0x0000000000011f90                beep_long
 .text          0x0000000000011fa9       0x65 build/cooja/mtype422.a(leds-arch.o)
                0x0000000000011fbc                leds_arch_init
 .text          0x000000000001200e       0x35 build/cooja/mtype422.a(moteid.o)
 .text          0x0000000000012043       0xb7 build/cooja/mtype422.a(pir-sensor.o)
 .text          0x00000000000120fa      0x148 build/cooja/mtype422.a(rs232.o)
                0x00000000000120fa                rs232_init
                0x0000000000012100                rs232_set_speed
                0x000000000001210f                rs232_set_input
                0x000000000001211d                rs232_send
                0x0000000000012141                rs232_print
                0x000000000001215d                slip_arch_writeb
 .text          0x0000000000012242       0xb7 build/cooja/mtype422.a(vib-sensor.o)
 .text          0x00000000000122f9       0x38 build/cooja/mtype422.a(clock.o)
                0x00000000000122f9                clock_init
                0x00000000000122ff                clock_time
                0x0000000000012309                clock_seconds
                0x000000000001231f                clock_delay
 .text          0x0000000000012331      0x219 build/cooja/mtype422.a(cooja-log.o)
                0x0000000000012331                simlog_char
                0x0000000000012374                simlog
                0x00000000000123ea                log_message
                0x000000000001241b                log_set_putchar_with_slip
                0x0000000000012429                log_putchar
                0x00000000000124a4                log_puts
                0x00000000000124cc                log_printf
 .text          0x000000000001254a      0x2b9 build/cooja/mtype422.a(cfs-cooja.o)
                0x000000000001254a                cfs_open
                0x00000000000125b3                cfs_close
                0x00000000000125c0                cfs_read
                0x0000000000012655                cfs_write
                0x0000000000012731                cfs_seek
                0x00000000000127b9                cfs_remove
                0x00000000000127dd                cfs_opendir
                0x00000000000127e7                cfs_readdir
                0x00000000000127f1                cfs_closedir
 .text          0x0000000000012803      0x620 build/cooja/mtype422.a(cooja-radio.o)
                0x0000000000012845                radio_set_channel
                0x0000000000012853                radio_set_txpower
                0x000000000001286b                radio_signal_strength_last
                0x0000000000012875                radio_signal_strength_current
                0x000000000001287f                radio_LQI
 .text          0x0000000000012e23       0xee build/cooja/mtype422.a(eeprom.o)
                0x0000000000012e23                eeprom_init
                0x0000000000012e29                eeprom_read
                0x0000000000012e97                eeprom_write
 .text          0x0000000000012f11       0x2d build/cooja/mtype422.a(random.o)
                0x0000000000012f11                random_init
                0x0000000000012f31                random_rand
 .text          0x0000000000012f3e      0x29c build/cooja/mtype422.a(sensors.o)
                0x0000000000012f79                sensors_first
                0x0000000000012f83                sensors_next
                0x0000000000012f9d                sensors_changed
                0x0000000000012fd1                sensors_find
 .text          0x00000000000131da      0x349 build/cooja/mtype422.a(leds.o)
                0x00000000000131da                leds_init
                0x0000000000013221                leds_single_on
                0x0000000000013280                leds_single_off
                0x00000000000132df                leds_single_toggle
                0x0000000000013311                leds_on
                0x0000000000013393                leds_off
                0x0000000000013415                leds_toggle
                0x000000000001346a                leds_set
                0x0000000000013496                leds_get
 .text          0x0000000000013523      0x343 build/cooja/mtype422.a(gpio-hal-arch.o)
                0x0000000000013523                gpio_hal_arch_register_pin_callback
                0x000000000001358f                gpio_hal_arch_init
                0x00000000000135d4                gpio_hal_arch_no_port_interrupt_enable
                0x0000000000013604                gpio_hal_arch_no_port_interrupt_disable
                0x0000000000013634                gpio_hal_arch_no_port_pin_cfg_set
                0x0000000000013659                gpio_hal_arch_no_port_pin_cfg_get
                0x000000000001367f                gpio_hal_arch_no_port_pin_set_input
                0x0000000000013691                gpio_hal_arch_no_port_pin_set_output
                0x00000000000136a3                gpio_hal_arch_no_port_set_pin
                0x00000000000136c4                gpio_hal_arch_no_port_clear_pin
                0x00000000000136e5                gpio_hal_arch_no_port_read_pin
                0x000000000001370b                gpio_hal_arch_no_port_write_pin
                0x0000000000013735                gpio_hal_arch_no_port_set_pins
                0x000000000001377c                gpio_hal_arch_no_port_clear_pins
                0x00000000000137c3                gpio_hal_arch_no_port_read_pins
                0x0000000000013806                gpio_hal_arch_no_port_write_pins
 .text          0x0000000000013866       0x89 build/cooja/mtype422.a(buttons.o)
 .text          0x00000000000138ef      0x146 build/cooja/mtype422.a(oxygen_measurin)
                0x00000000000138ef                randInRange
 .text          0x0000000000013a35      0x27b build/cooja/mtype422.a(coap-blocking-a)
                0x0000000000013a35                coap_blocking_request_callback
                0x0000000000013a5f                coap_blocking_request
 .text          0x0000000000013cb0      0xc26 build/cooja/mtype422.a(coap-engine.o)
                0x0000000000013d45                coap_add_handler
                0x0000000000013d62                coap_remove_handler
                0x0000000000013d7f                coap_call_handlers
                0x0000000000013e87                coap_receive
                0x00000000000144be                coap_engine_init
                0x000000000001451c                coap_activate_resource
                0x00000000000145c7                coap_get_first_resource
                0x00000000000145e0                coap_get_next_resource
 .text          0x00000000000148d6      0x2d9 build/cooja/mtype422.a(coap-res-well-k)
 .text          0x0000000000014baf      0x96a build/cooja/mtype422.a(coap-observe.o)
                0x0000000000014cc4                coap_remove_observer
                0x0000000000014cf4                coap_remove_observer_by_client
                0x0000000000014d5c                coap_remove_observer_by_token
                0x0000000000014def                coap_remove_observer_by_uri
                0x0000000000014e96                coap_remove_observer_by_mid
                0x0000000000014f12                coap_notify_observers
                0x0000000000014f2b                coap_notify_observers_sub
                0x0000000000015395                coap_observe_handler
                0x00000000000154b0                coap_has_observers
 .text          0x0000000000015519      0x733 build/cooja/mtype422.a(coap-uip.o)
                0x0000000000015519                coap_endpoint_log
                0x000000000001559f                coap_endpoint_print
                0x0000000000015625                coap_endpoint_snprint
                0x0000000000015758                coap_endpoint_copy
                0x0000000000015795                coap_endpoint_cmp
                0x00000000000158a3                coap_endpoint_parse
                0x0000000000015a8e                coap_endpoint_is_secure
                0x0000000000015a9d                coap_endpoint_is_connected
                0x0000000000015ad1                coap_endpoint_connect
                0x0000000000015aed                coap_endpoint_disconnect
                0x0000000000015af3                coap_databuf
                0x0000000000015afd                coap_transport_init
                0x0000000000015b4d                coap_sendto
 .text          0x0000000000015c4c      0x324 build/cooja/mtype422.a(coap-timer.o)
                0x0000000000015d49                coap_timer_stop
                0x0000000000015d74                coap_timer_set
                0x0000000000015db7                coap_timer_reset
                0x0000000000015dfa                coap_timer_time_to_next_expiration
                0x0000000000015e66                coap_timer_run
                0x0000000000015f32                coap_timer_init
 .text          0x0000000000015f70      0x2c6 build/cooja/mtype422.a(coap-transactio)
                0x0000000000015fd6                coap_new_transaction
                0x000000000001603c                coap_send_transaction
                0x000000000001619d                coap_clear_transaction
                0x00000000000161e5                coap_get_transaction_by_mid
 .text          0x0000000000016236     0x1c53 build/cooja/mtype422.a(coap.o)
                0x00000000000167a3                coap_init_connection
                0x00000000000167b7                coap_get_mid
                0x00000000000167d3                coap_init_message
                0x000000000001681c                coap_serialize_message
                0x0000000000016e9e                coap_parse_message
                0x0000000000017505                coap_get_query_variable
                0x0000000000017547                coap_get_post_variable
                0x000000000001758b                coap_set_status_code
                0x00000000000175b0                coap_set_token
                0x00000000000175f7                coap_get_header_content_format
                0x0000000000017628                coap_set_header_content_format
                0x000000000001764b                coap_get_header_accept
                0x000000000001767c                coap_set_header_accept
                0x000000000001769f                coap_get_header_max_age
                0x00000000000176d0                coap_set_header_max_age
                0x00000000000176f0                coap_get_header_etag
                0x0000000000017722                coap_set_header_etag
                0x0000000000017779                coap_get_header_if_match
                0x00000000000177ab                coap_set_header_if_match
                0x0000000000017802                coap_get_header_if_none_match
                0x000000000001781c                coap_set_header_if_none_match
                0x0000000000017833                coap_get_header_proxy_uri
                0x0000000000017861                coap_set_header_proxy_uri
                0x000000000001789e                coap_get_header_uri_host
                0x00000000000178cc                coap_set_header_uri_host
                0x0000000000017909                coap_get_header_uri_path
                0x0000000000017937                coap_set_header_uri_path
                0x0000000000017984                coap_get_header_uri_query
                0x00000000000179b8                coap_set_header_uri_query
                0x0000000000017a0e                coap_get_header_location_path
                0x0000000000017a3c                coap_set_header_location_path
                0x0000000000017ad5                coap_get_header_location_query
                0x0000000000017b03                coap_set_header_location_query
                0x0000000000017b50                coap_get_header_observe
                0x0000000000017b7f                coap_set_header_observe
                0x0000000000017b9f                coap_get_header_block2
                0x0000000000017c0b                coap_set_header_block2
                0x0000000000017c82                coap_get_header_block1
                0x0000000000017cf7                coap_set_header_block1
                0x0000000000017d72                coap_get_header_size2
                0x0000000000017da2                coap_set_header_size2
                0x0000000000017dc5                coap_get_header_size1
                0x0000000000017df5                coap_set_header_size1
                0x0000000000017e18                coap_get_payload
                0x0000000000017e52                coap_set_payload
 .text          0x0000000000017e89      0x332 build/cooja/mtype422.a(contiki-main.o)
                0x0000000000017e89                main
 .text          0x00000000000181bb       0x92 build/cooja/mtype422.a(autostart.o)
                0x00000000000181bb                autostart_start
                0x0000000000018205                autostart_exit
 .text          0x000000000001824d      0x355 build/cooja/mtype422.a(ctimer.o)
                0x0000000000018375                ctimer_init
                0x00000000000183a8                ctimer_set
                0x00000000000183ce                ctimer_set_with_process
                0x000000000001844b                ctimer_reset
                0x000000000001849f                ctimer_restart
                0x00000000000184f3                ctimer_stop
                0x0000000000018543                ctimer_expired
 .text          0x00000000000185a2      0x394 build/cooja/mtype422.a(log.o)
                0x00000000000185a2                log_6addr
                0x00000000000185f5                log_6addr_compact_snprint
                0x0000000000018693                log_6addr_compact
                0x00000000000186e6                log_lladdr
                0x0000000000018758                log_lladdr_compact
                0x00000000000187c0                log_set_level
                0x000000000001887b                log_get_level
                0x00000000000188f4                log_level_to_str
 .text          0x0000000000018936       0x1b build/cooja/mtype422.a(energest.o)
                0x0000000000018936                energest_init
                0x000000000001893c                energest_flush
                0x0000000000018942                energest_get_total_time
 .text          0x0000000000018951      0x43f build/cooja/mtype422.a(etimer.o)
                0x0000000000018b75                etimer_request_poll
                0x0000000000018bfe                etimer_set
                0x0000000000018c27                etimer_reset_with_new_interval
                0x0000000000018c56                etimer_reset
                0x0000000000018c7c                etimer_restart
                0x0000000000018ca2                etimer_adjust
                0x0000000000018cbf                etimer_expired
                0x0000000000018cd2                etimer_expiration_time
                0x0000000000018ce4                etimer_start_time
                0x0000000000018cee                etimer_pending
                0x0000000000018d00                etimer_next_expiration_time
                0x0000000000018d1a                etimer_stop
 .text          0x0000000000018d90       0x25 build/cooja/mtype422.a(node-id.o)
                0x0000000000018d90                node_id_init
 .text          0x0000000000018db5       0xeb build/cooja/mtype422.a(rtimer.o)
                0x0000000000018db5                rtimer_init
                0x0000000000018dc3                rtimer_set
                0x0000000000018e3e                rtimer_run_next
 .text          0x0000000000018ea0      0x4fb build/cooja/mtype422.a(process.o)
                0x0000000000018ea0                process_alloc_event
                0x0000000000018eb5                process_start
                0x000000000001908f                process_exit
                0x00000000000190ac                process_init
                0x0000000000019241                process_run
                0x0000000000019274                process_nevents
                0x000000000001928f                process_post
                0x0000000000019322                process_post_synch
                0x0000000000019357                process_poll
                0x0000000000019387                process_is_running
 .text          0x000000000001939b       0xb1 build/cooja/mtype422.a(timer.o)
                0x000000000001939b                timer_set
                0x00000000000193b9                timer_reset
                0x00000000000193e6                timer_restart
                0x00000000000193fb                timer_expired
                0x0000000000019428                timer_remaining
 .text          0x000000000001944c      0x28f build/cooja/mtype422.a(list.o)
                0x000000000001944c                list_init
                0x000000000001945b                list_head
                0x0000000000019465                list_copy
                0x0000000000019475                list_tail
                0x00000000000194ab                list_add
                0x00000000000194f7                list_push
                0x0000000000019523                list_chop
                0x000000000001958d                list_pop
                0x00000000000195b5                list_remove
                0x000000000001961d                list_length
                0x000000000001964b                list_insert
                0x0000000000019690                list_item_next
                0x00000000000196a7                list_contains
 .text          0x00000000000196db      0x1b5 build/cooja/mtype422.a(memb.o)
                0x00000000000196db                memb_init
                0x0000000000019730                memb_alloc
                0x0000000000019793                memb_free
                0x000000000001980a                memb_inmemb
                0x0000000000019849                memb_numfree
 .text          0x0000000000019890      0x41c build/cooja/mtype422.a(button-hal.o)
                0x0000000000019a09                button_hal_get_by_id
                0x0000000000019a47                button_hal_get_by_index
                0x0000000000019a73                button_hal_get_state
                0x0000000000019ac5                button_hal_init
 .text          0x0000000000019cac      0x1f3 build/cooja/mtype422.a(serial-line.o)
                0x0000000000019cac                serial_line_input_byte
                0x0000000000019e6a                serial_line_init
 .text          0x0000000000019e9f      0x168 build/cooja/mtype422.a(gpio-hal.o)
                0x0000000000019e9f                gpio_hal_register_handler
                0x0000000000019ebc                gpio_hal_event_handler
                0x0000000000019f18                gpio_hal_init
                0x0000000000019f37                gpio_hal_arch_port_toggle_pin
                0x0000000000019f73                gpio_hal_arch_port_toggle_pins
                0x0000000000019fa1                gpio_hal_arch_no_port_toggle_pin
                0x0000000000019fdf                gpio_hal_arch_no_port_toggle_pins
 .text          0x000000000001a007      0x2e7 build/cooja/mtype422.a(queuebuf.o)
                0x000000000001a011                queuebuf_init
                0x000000000001a03a                queuebuf_numfree
                0x000000000001a052                queuebuf_new_from_packetbuf
                0x000000000001a0f1                queuebuf_update_attr_from_packetbuf
                0x000000000001a126                queuebuf_update_from_packetbuf
                0x000000000001a176                queuebuf_free
                0x000000000001a1bf                queuebuf_to_packetbuf
                0x000000000001a22b                queuebuf_dataptr
                0x000000000001a265                queuebuf_datalen
                0x000000000001a288                queuebuf_addr
                0x000000000001a2bd                queuebuf_attr
                0x000000000001a2e8                queuebuf_debug_print
 .text          0x000000000001a2ee      0x407 build/cooja/mtype422.a(packetbuf.o)
                0x000000000001a2ee                packetbuf_clear
                0x000000000001a319                packetbuf_copyfrom
                0x000000000001a368                packetbuf_copyto
                0x000000000001a3fb                packetbuf_hdralloc
                0x000000000001a477                packetbuf_hdrreduce
                0x000000000001a4bd                packetbuf_set_datalen
                0x000000000001a4d7                packetbuf_dataptr
                0x000000000001a4f4                packetbuf_hdrptr
                0x000000000001a4fe                packetbuf_datalen
                0x000000000001a50a                packetbuf_hdrlen
                0x000000000001a521                packetbuf_totlen
                0x000000000001a537                packetbuf_remaininglen
                0x000000000001a54a                packetbuf_attr_clear
                0x000000000001a596                packetbuf_attr_copyto
                0x000000000001a5ee                packetbuf_attr_copyfrom
                0x000000000001a646                packetbuf_set_attr
                0x000000000001a670                packetbuf_attr
                0x000000000001a68a                packetbuf_set_addr
                0x000000000001a6bb                packetbuf_addr
                0x000000000001a6d8                packetbuf_holds_broadcast
 .text          0x000000000001a6f5       0xef build/cooja/mtype422.a(netstack.o)
                0x000000000001a6f5                netstack_process_ip_callback
                0x000000000001a786                netstack_ip_packet_processor_add
                0x000000000001a7a9                uip_ds6_ip_packet_processor_rm
                0x000000000001a7c6                netstack_init
 .text          0x000000000001a7e4       0x4f build/cooja/mtype422.a(linkaddr.o)
                0x000000000001a7e4                linkaddr_copy
                0x000000000001a7fa                linkaddr_cmp
                0x000000000001a81d                linkaddr_set_node_addr
 .text          0x000000000001a833      0x1f6 build/cooja/mtype422.a(csma.o)
 .text          0x000000000001aa29      0x95d build/cooja/mtype422.a(csma-output.o)
                0x000000000001b0c0                csma_output_packet
                0x000000000001b34d                csma_output_init
 .text          0x000000000001b386      0xc11 build/cooja/mtype422.a(uip-ds6.o)
                0x000000000001b386                uip_ds6_default_prefix
                0x000000000001b390                uip_ds6_set_default_prefix
                0x000000000001b3bb                uip_ds6_init
                0x000000000001b61d                uip_ds6_periodic
                0x000000000001b6a4                uip_ds6_list_loop
                0x000000000001b764                uip_ds6_prefix_add
                0x000000000001b810                uip_ds6_prefix_rm
                0x000000000001b823                uip_ds6_prefix_lookup
                0x000000000001b862                uip_ds6_is_addr_onlink
                0x000000000001b8d5                uip_ds6_addr_add
                0x000000000001b9f5                uip_ds6_addr_rm
                0x000000000001ba9e                uip_ds6_addr_lookup
                0x000000000001bad7                uip_ds6_get_link_local
                0x000000000001bb58                uip_ds6_get_global
                0x000000000001bbd9                uip_ds6_maddr_add
                0x000000000001bc39                uip_ds6_maddr_rm
                0x000000000001bc4c                uip_ds6_maddr_lookup
                0x000000000001bc85                uip_ds6_aaddr_add
                0x000000000001bce5                uip_ds6_aaddr_rm
                0x000000000001bcf8                uip_ds6_aaddr_lookup
                0x000000000001bd31                uip_ds6_select_src
                0x000000000001be7a                uip_ds6_set_addr_iid
                0x000000000001bea5                uip_ds6_set_lladdr_from_iid
                0x000000000001bece                get_match_length
                0x000000000001bf5f                uip_ds6_compute_reachable_time
 .text          0x000000000001bf97      0x128 build/cooja/mtype422.a(uip-udp-packet.)
                0x000000000001bf97                uip_udp_packet_send
                0x000000000001bff2                uip_udp_packet_sendto
 .text          0x000000000001c0bf      0x35b build/cooja/mtype422.a(uip-ds6-route.o)
                0x000000000001c110                uip_ds6_route_init
                0x000000000001c13a                uip_ds6_route_nexthop
                0x000000000001c144                uip_ds6_route_head
                0x000000000001c14e                uip_ds6_route_next
                0x000000000001c158                uip_ds6_route_is_nexthop
                0x000000000001c162                uip_ds6_route_num_routes
                0x000000000001c16c                uip_ds6_route_lookup
                0x000000000001c176                uip_ds6_route_add
                0x000000000001c189                uip_ds6_route_rm
                0x000000000001c18f                uip_ds6_route_rm_by_nexthop
                0x000000000001c195                uip_ds6_defrt_head
                0x000000000001c1ae                uip_ds6_defrt_add
                0x000000000001c25c                uip_ds6_defrt_rm
                0x000000000001c2c2                uip_ds6_defrt_lookup
                0x000000000001c329                uip_ds6_defrt_choose
                0x000000000001c39f                uip_ds6_defrt_periodic
 .text          0x000000000001c41a      0x6f7 build/cooja/mtype422.a(tcpip.o)
                0x000000000001c434                tcpip_output
                0x000000000001c4b3                udp_attach
                0x000000000001c4cb                udp_new
                0x000000000001c515                udp_broadcast_new
                0x000000000001c687                tcpip_input
                0x000000000001c817                tcpip_ipv6_output
                0x000000000001ca0b                tcpip_poll_udp
                0x000000000001ca29                tcpip_uipcall
 .text          0x000000000001cb11     0x1205 build/cooja/mtype422.a(uip6.o)
                0x000000000001cbc0                uip_chksum
                0x000000000001cc97                uip_icmp6chksum
                0x000000000001ccac                uip_udpchksum
                0x000000000001ccc1                uip_init
                0x000000000001cd0a                uip_remove_ext_hdr
                0x000000000001cde4                uip_udp_new
                0x000000000001d0f8                uip_process
                0x000000000001dbf0                uip_htons
                0x000000000001dc12                uip_htonl
                0x000000000001dc50                uip_send
 .text          0x000000000001dd16      0x369 build/cooja/mtype422.a(uip-ds6-nbr.o)
                0x000000000001dd16                uip_ds6_neighbors_init
                0x000000000001dd3a                uip_ds6_nbr_add
                0x000000000001ddc0                uip_ds6_nbr_rm
                0x000000000001de0b                uip_ds6_nbr_update_ll
                0x000000000001def9                uip_ds6_nbr_get_ipaddr
                0x000000000001df0e                uip_ds6_nbr_get_ll
                0x000000000001df2a                uip_ds6_nbr_num
                0x000000000001df73                uip_ds6_nbr_head
                0x000000000001df8c                uip_ds6_nbr_next
                0x000000000001dfa8                uip_ds6_nbr_lookup
                0x000000000001e000                uip_ds6_nbr_ll_lookup
                0x000000000001e01c                uip_ds6_nbr_ipaddr_from_lladdr
                0x000000000001e045                uip_ds6_nbr_lladdr_from_ipaddr
                0x000000000001e079                uip_ds6_link_callback
 .text          0x000000000001e07f      0x6a7 build/cooja/mtype422.a(uip-nd6.o)
                0x000000000001e70d                uip_nd6_init
 .text          0x000000000001e726     0x2c17 build/cooja/mtype422.a(sicslowpan.o)
                0x000000000001ed2d                netstack_sniffer_add
                0x000000000001ed3b                netstack_sniffer_remove
                0x0000000000021311                sicslowpan_init
                0x0000000000021333                sicslowpan_get_last_rssi
 .text          0x000000000002133d      0x4d1 build/cooja/mtype422.a(uiplib.o)
                0x000000000002133d                uiplib_ip6addrconv
                0x00000000000214f5                uiplib_ip4addrconv
                0x00000000000215b8                uiplib_ipaddr_print
                0x000000000002160b                uiplib_ipaddr_snprint
 .text          0x000000000002180e      0x4c9 build/cooja/mtype422.a(rpl.o)
                0x000000000002180e                rpl_lollipop_greater_than
                0x0000000000021868                rpl_get_global_address
                0x0000000000021960                rpl_link_callback
                0x00000000000219a4                rpl_has_joined
                0x00000000000219c9                rpl_is_reachable
                0x0000000000021a4a                rpl_reset_prefix
                0x0000000000021ab4                rpl_set_prefix_from_addr
                0x0000000000021b99                rpl_set_prefix
                0x0000000000021cb3                rpl_set_leaf_only
                0x0000000000021ccb                rpl_get_leaf_only
 .text          0x0000000000021cd7     0x138c build/cooja/mtype422.a(rpl-icmp6.o)
                0x0000000000021dfc                rpl_icmp6_update_nbr_table
                0x0000000000021e85                rpl_icmp6_dis_output
                0x00000000000224cb                rpl_icmp6_dio_output
                0x0000000000022cc9                rpl_icmp6_dao_output
                0x0000000000022faa                rpl_icmp6_dao_ack_output
                0x000000000002301a                rpl_icmp6_init
 .text          0x0000000000023063      0x264 build/cooja/mtype422.a(rpl-dag-root.o)
                0x0000000000023063                rpl_dag_root_print_links
                0x000000000002318f                rpl_dag_root_set_prefix
                0x00000000000231bb                rpl_dag_root_start
                0x0000000000023298                rpl_dag_root_is_root
 .text          0x00000000000232c7       0x30 build/cooja/mtype422.a(watchdog.o)
                0x00000000000232c7                watchdog_init
                0x00000000000232cd                watchdog_start
                0x00000000000232d3                watchdog_periodic
                0x00000000000232eb                watchdog_stop
                0x00000000000232f1                watchdog_reboot
 .text          0x00000000000232f7       0x4a build/cooja/mtype422.a(int-master.o)
                0x00000000000232f7                int_master_enable
                0x0000000000023307                int_master_read_and_disable
                0x0000000000023324                int_master_status_set
                0x0000000000023332                int_master_is_enabled
 .text          0x0000000000023341      0x6ee build/cooja/mtype422.a(coap-observe-cl)
                0x00000000000233df                coap_obs_add_observee
                0x000000000002347b                coap_obs_remove_observee
                0x00000000000234ab                coap_get_obs_subject_by_token
                0x0000000000023513                coap_obs_remove_observee_by_token
                0x00000000000235a6                coap_obs_remove_observee_by_url
                0x00000000000236fe                coap_handle_notification
                0x0000000000023859                coap_generate_token
                0x000000000002387b                coap_obs_request_registration
 .text          0x0000000000023a2f      0x226 build/cooja/mtype422.a(coap-timer-defa)
 .text          0x0000000000023c55       0xc7 build/cooja/mtype422.a(stimer.o)
                0x0000000000023c55                stimer_set
                0x0000000000023c73                stimer_reset
                0x0000000000023ca0                stimer_restart
                0x0000000000023cb5                stimer_expired
                0x0000000000023ce0                stimer_remaining
                0x0000000000023d04                stimer_elapsed
 .text          0x0000000000023d1c      0x156 build/cooja/mtype422.a(ringbuf.o)
                0x0000000000023d1c                ringbuf_init
                0x0000000000023d4e                ringbuf_put
                0x0000000000023dcc                ringbuf_get
                0x0000000000023e39                ringbuf_size
                0x0000000000023e4b                ringbuf_elements
 .text          0x0000000000023e72       0x1f build/cooja/mtype422.a(assert.o)
                0x0000000000023e72                _xassert
 .text          0x0000000000023e91      0x79b build/cooja/mtype422.a(nbr-table.o)
                0x000000000002430a                nbr_table_register
                0x0000000000024377                nbr_table_is_registered
                0x00000000000243b2                nbr_table_head
                0x000000000002440d                nbr_table_next
                0x000000000002446e                nbr_table_add_lladdr
                0x0000000000024548                nbr_table_get_from_lladdr
                0x0000000000024594                nbr_table_remove
                0x00000000000245cc                nbr_table_lock
                0x00000000000245e6                nbr_table_unlock
                0x0000000000024600                nbr_table_get_lladdr
 .text          0x000000000002462c      0x3a5 build/cooja/mtype422.a(link-stats.o)
                0x000000000002462c                link_stats_from_lladdr
                0x0000000000024648                link_stats_get_lladdr
                0x0000000000024664                link_stats_is_fresh
                0x00000000000246a0                guess_etx_from_rssi
                0x000000000002471c                link_stats_packet_sent
                0x000000000002483c                link_stats_input_callback
                0x000000000002494c                link_stats_reset
                0x000000000002499c                link_stats_init
 .text          0x00000000000249d1      0x187 build/cooja/mtype422.a(mac-sequence.o)
                0x00000000000249d1                mac_sequence_is_duplicate
                0x0000000000024a71                mac_sequence_register_seqno
 .text          0x0000000000024b58       0x23 build/cooja/mtype422.a(mac.o)
                0x0000000000024b58                mac_call_sent_callback
 .text          0x0000000000024b7b      0x432 build/cooja/mtype422.a(framer-802154.o)
                0x0000000000024d0a                framer_802154_setup_params
 .text          0x0000000000024fad      0xb6f build/cooja/mtype422.a(frame802154.o)
                0x0000000000024fde                frame802154_get_pan_id
                0x0000000000024fea                frame802154_set_pan_id
                0x0000000000025004                frame802154_has_panid
                0x00000000000251b3                frame802154_check_dest_panid
                0x000000000002523b                frame802154_is_broadcast_addr
                0x0000000000025288                frame802154_extract_linkaddr
                0x00000000000254ed                frame802154_hdrlen
                0x0000000000025560                frame802154_create_fcf
                0x0000000000025618                frame802154_create
                0x000000000002578d                frame802154_parse_fcf
                0x000000000002586f                frame802154_parse
 .text          0x0000000000025b1c       0x2d build/cooja/mtype422.a(csma-security.o)
                0x0000000000025b1c                csma_security_create_frame
                0x0000000000025b3a                csma_security_parse_frame
 .text          0x0000000000025b49      0x4e4 build/cooja/mtype422.a(uipbuf.o)
                0x0000000000025b49                uipbuf_clear
                0x0000000000025b70                uipbuf_add_ext_hdr
                0x0000000000025bf0                uipbuf_set_len
                0x0000000000025c1d                uipbuf_set_len_field
                0x0000000000025c49                uipbuf_get_len_field
                0x0000000000025c69                uipbuf_get_next_header
                0x0000000000025d9b                uipbuf_get_last_header
                0x0000000000025e14                uipbuf_search_header
                0x0000000000025eca                uipbuf_get_attr
                0x0000000000025ef1                uipbuf_set_attr
                0x0000000000025f28                uipbuf_set_default_attr
                0x0000000000025f5f                uipbuf_clear_attr
                0x0000000000025f83                uipbuf_set_attr_flag
                0x0000000000025fa4                uipbuf_clr_attr_flag
                0x0000000000025fcb                uipbuf_is_attr_flag
                0x0000000000025fef                uipbuf_init
 .text          0x000000000002602d      0x73f build/cooja/mtype422.a(uip-icmp6.o)
                0x00000000000260a2                uip_icmp6_input
                0x00000000000260f9                uip_icmp6_register_input_handler
                0x000000000002624c                uip_icmp6_error_output
                0x00000000000264fd                uip_icmp6_send
                0x00000000000266f4                uip_icmp6_echo_reply_callback_add
                0x0000000000026726                uip_icmp6_echo_reply_callback_rm
                0x0000000000026743                uip_icmp6_init
 .text          0x000000000002676c      0x69b build/cooja/mtype422.a(uip-sr.o)
                0x000000000002676c                uip_sr_num_nodes
                0x00000000000267fa                uip_sr_get_node
                0x0000000000026851                uip_sr_is_addr_reachable
                0x00000000000268ff                uip_sr_expire_parent
                0x0000000000026948                uip_sr_update_node
                0x0000000000026a78                uip_sr_init
                0x0000000000026aac                uip_sr_node_head
                0x0000000000026ac5                uip_sr_node_next
                0x0000000000026adb                uip_sr_periodic
                0x0000000000026be1                uip_sr_free_all
                0x0000000000026c51                uip_sr_link_snprint
 .text          0x0000000000026e07      0x146 build/cooja/mtype422.a(uip-packetqueue)
                0x0000000000026e35                uip_packetqueue_new
                0x0000000000026e44                uip_packetqueue_alloc
                0x0000000000026e9f                uip_packetqueue_free
                0x0000000000026ee6                uip_packetqueue_buf
                0x0000000000026f03                uip_packetqueue_buflen
                0x0000000000026f24                uip_packetqueue_set_buflen
 .text          0x0000000000026f4d      0x1b0 build/cooja/mtype422.a(rpl-nbr-policy.)
                0x00000000000270ba                rpl_nbr_policy_find_removable
 .text          0x00000000000270fd      0x915 build/cooja/mtype422.a(rpl-neighbor.o)
                0x0000000000027179                rpl_neighbor_snprint
                0x000000000002742c                rpl_neighbor_print_list
                0x00000000000274e1                rpl_neighbor_count
                0x0000000000027588                rpl_neighbor_get_from_lladdr
                0x00000000000275a4                rpl_neighbor_is_acceptable_parent
                0x00000000000275d8                rpl_neighbor_get_link_metric
                0x000000000002760c                rpl_neighbor_rank_via_nbr
                0x0000000000027640                rpl_neighbor_get_lladdr
                0x000000000002765c                rpl_neighbor_get_ipaddr
                0x0000000000027683                rpl_neighbor_get_link_stats
                0x00000000000276aa                rpl_neighbor_is_fresh
                0x00000000000276d1                rpl_neighbor_is_reachable
                0x000000000002771c                rpl_neighbor_is_parent
                0x0000000000027746                rpl_neighbor_set_preferred_parent
                0x00000000000277dd                rpl_neighbor_remove_all
                0x0000000000027839                rpl_neighbor_get_from_ipaddr
                0x0000000000027947                rpl_neighbor_select_best
                0x00000000000279f3                rpl_neighbor_init
 .text          0x0000000000027a12      0xe69 build/cooja/mtype422.a(rpl-dag.o)
                0x0000000000027a12                rpl_dag_state_to_str
                0x0000000000027a51                rpl_dag_get_root_ipaddr
                0x0000000000027a99                rpl_dag_leave
                0x0000000000027b22                rpl_dag_poison_and_leave
                0x0000000000027b3a                rpl_dag_periodic
                0x0000000000027bc2                rpl_is_addr_in_our_dag
                0x0000000000027c06                rpl_get_default_instance
                0x0000000000027c22                rpl_get_any_dag
                0x0000000000027c7b                rpl_refresh_routes
                0x0000000000027cbb                rpl_global_repair
                0x0000000000027d54                rpl_local_repair
                0x0000000000027d9e                rpl_dag_ready_to_advertise
                0x0000000000027de1                rpl_dag_update_state
                0x000000000002850e                rpl_process_dio
                0x000000000002858c                rpl_process_dis
                0x00000000000285d1                rpl_process_dao
                0x0000000000028660                rpl_process_dao_ack
                0x00000000000286f7                rpl_process_hbh
                0x0000000000028747                rpl_dag_init_root
                0x000000000002885b                rpl_dag_init
 .text          0x000000000002887b      0x9e7 build/cooja/mtype422.a(rpl-timers.o)
                0x000000000002887b                rpl_timers_schedule_periodic_dis
                0x00000000000289c9                rpl_timers_dio_reset
                0x0000000000028ad7                rpl_timers_schedule_unicast_dio
                0x0000000000028c2b                rpl_timers_schedule_dao
                0x0000000000028cea                rpl_timers_schedule_dao_ack
                0x0000000000028d70                rpl_timers_notify_dao_ack
                0x0000000000028dce                get_probing_delay
                0x0000000000028e02                get_probing_target
                0x0000000000028fec                rpl_schedule_probing
                0x000000000002901a                rpl_schedule_probing_now
                0x0000000000029084                rpl_timers_unschedule_leaving
                0x00000000000290bc                rpl_timers_schedule_leaving
                0x00000000000290fd                rpl_timers_init
                0x000000000002918d                rpl_timers_stop_dag_timers
                0x0000000000029206                rpl_timers_unschedule_state_update
                0x000000000002922a                rpl_timers_schedule_state_update
 .text          0x0000000000029262      0xb8e build/cooja/mtype422.a(rpl-ext-header.)
                0x0000000000029262                rpl_ext_header_srh_get_next_hop
                0x0000000000029349                rpl_ext_header_srh_update
                0x00000000000298b5                rpl_ext_header_hbh_update
                0x0000000000029bb5                rpl_ext_header_update
                0x0000000000029c3e                rpl_ext_header_remove
 .text          0x0000000000029df0      0x31b build/cooja/mtype422.a(rpl-mrhof.o)
 *fill*         0x000000000002a10b        0x5 
 .text          0x000000000002a110      0x122 /usr/lib/gcc/i686-linux-gnu/5/libgcc.a(_udivdi3.o)
                0x000000000002a110                __udivdi3
 .text          0x000000000002a232        0x0 /usr/lib/gcc/i686-linux-gnu/5/crtendS.o
 .text          0x000000000002a232        0x0 /usr/lib/gcc/i686-linux-gnu/5/../../../i386-linux-gnu/crtn.o
 *(.gnu.warning)

.fini           0x000000000002a234       0x14
 *(SORT(.fini))
 .fini          0x000000000002a234        0xf /usr/lib/gcc/i686-linux-gnu/5/../../../i386-linux-gnu/crti.o
                0x000000000002a234                _fini
 .fini          0x000000000002a243        0x5 /usr/lib/gcc/i686-linux-gnu/5/../../../i386-linux-gnu/crtn.o
                [!provide]                        PROVIDE (__etext, .)
                [!provide]                        PROVIDE (_etext, .)
                [!provide]                        PROVIDE (etext, .)

.rodata         0x000000000002a260      0xaab
 *(.rodata .rodata.* .gnu.linkonce.r.*)
 .rodata        0x000000000002a260       0xed oxygen_sensor.o
                0x000000000002a2b0                autostart_processes
 *fill*         0x000000000002a34d        0x3 
 .rodata        0x000000000002a350        0x8 build/cooja/mtype422.a(beep.o)
                0x000000000002a350                beep_interface
 .rodata        0x000000000002a358        0xe build/cooja/mtype422.a(leds-arch.o)
                0x000000000002a358                leds_interface
                0x000000000002a360                leds_arch_leds
 *fill*         0x000000000002a366        0x2 
 .rodata        0x000000000002a368        0x8 build/cooja/mtype422.a(moteid.o)
                0x000000000002a368                moteid_interface
 .rodata        0x000000000002a370       0x1c build/cooja/mtype422.a(pir-sensor.o)
                0x000000000002a370                pir_interface
                0x000000000002a37c                pir_sensor
 .rodata        0x000000000002a38c        0xe build/cooja/mtype422.a(rs232.o)
                0x000000000002a38c                rs232_interface
 *fill*         0x000000000002a39a        0x2 
 .rodata        0x000000000002a39c       0x24 build/cooja/mtype422.a(vib-sensor.o)
                0x000000000002a39c                vib_interface
                0x000000000002a3b0                vib_sensor
 .rodata        0x000000000002a3c0        0x8 build/cooja/mtype422.a(clock.o)
                0x000000000002a3c0                clock_interface
 .rodata        0x000000000002a3c8        0x8 build/cooja/mtype422.a(cooja-log.o)
                0x000000000002a3c8                simlog_interface
 .rodata        0x000000000002a3d0       0x2f build/cooja/mtype422.a(cfs-cooja.o)
                0x000000000002a3d0                cfs_interface
 *fill*         0x000000000002a3ff        0x1 
 .rodata        0x000000000002a400       0xb8 build/cooja/mtype422.a(cooja-radio.o)
                0x000000000002a400                radio_interface
                0x000000000002a480                cooja_radio_driver
 .rodata        0x000000000002a4b8        0x8 build/cooja/mtype422.a(eeprom.o)
                0x000000000002a4b8                eeprom_interface
 .rodata        0x000000000002a4c0        0x8 build/cooja/mtype422.a(sensors.o)
 .rodata        0x000000000002a4c8       0x2c build/cooja/mtype422.a(buttons.o)
                0x000000000002a4c8                button_interface
                0x000000000002a4dc                button_hal_button_count
                0x000000000002a4e4                button_sensor
 .rodata        0x000000000002a4f4       0x69 build/cooja/mtype422.a(oxygen_measurin)
 .rodata        0x000000000002a55d       0x41 build/cooja/mtype422.a(coap-engine.o)
 .rodata        0x000000000002a59e       0x19 build/cooja/mtype422.a(coap-res-well-k)
 .rodata        0x000000000002a5b7       0x11 build/cooja/mtype422.a(coap-observe.o)
 .rodata        0x000000000002a5c8       0x35 build/cooja/mtype422.a(coap-uip.o)
 *fill*         0x000000000002a5fd        0x3 
 .rodata        0x000000000002a600      0x1ac build/cooja/mtype422.a(coap.o)
 .rodata        0x000000000002a7ac       0xf4 build/cooja/mtype422.a(contiki-main.o)
 .rodata        0x000000000002a8a0        0xf build/cooja/mtype422.a(ctimer.o)
 *fill*         0x000000000002a8af        0x1 
 .rodata        0x000000000002a8b0       0xc4 build/cooja/mtype422.a(log.o)
 .rodata        0x000000000002a974        0xc build/cooja/mtype422.a(etimer.o)
 .rodata        0x000000000002a980       0x13 build/cooja/mtype422.a(button-hal.o)
 .rodata        0x000000000002a993        0xe build/cooja/mtype422.a(serial-line.o)
 *fill*         0x000000000002a9a1        0x3 
 .rodata        0x000000000002a9a4        0x8 build/cooja/mtype422.a(linkaddr.o)
                0x000000000002a9a4                linkaddr_null
 .rodata        0x000000000002a9ac       0x24 build/cooja/mtype422.a(csma.o)
                0x000000000002a9b4                csma_driver
 .rodata        0x000000000002a9d0       0x24 build/cooja/mtype422.a(csma-output.o)
 .rodata        0x000000000002a9f4       0x4d build/cooja/mtype422.a(uip-ds6-route.o)
 .rodata        0x000000000002aa41        0xd build/cooja/mtype422.a(tcpip.o)
 *fill*         0x000000000002aa4e        0x2 
 .rodata        0x000000000002aa50       0x30 build/cooja/mtype422.a(sicslowpan.o)
                0x000000000002aa50                unc_llconf
                0x000000000002aa54                unc_ctxconf
                0x000000000002aa58                unc_mxconf
                0x000000000002aa5c                llprefix
                0x000000000002aa70                sicslowpan_driver
 .rodata        0x000000000002aa80       0x2d build/cooja/mtype422.a(uiplib.o)
 *fill*         0x000000000002aaad       0x13 
 .rodata        0x000000000002aac0       0x74 build/cooja/mtype422.a(rpl.o)
                0x000000000002aae0                rpl_lite_driver
 .rodata        0x000000000002ab34       0x20 build/cooja/mtype422.a(coap-timer-defa)
                0x000000000002ab48                coap_timer_default_driver
 .rodata        0x000000000002ab54       0x25 build/cooja/mtype422.a(assert.o)
 *fill*         0x000000000002ab79        0x3 
 .rodata        0x000000000002ab7c        0xc build/cooja/mtype422.a(framer-802154.o)
                0x000000000002ab7c                framer_802154
 .rodata        0x000000000002ab88       0x44 build/cooja/mtype422.a(uip-sr.o)
 .rodata        0x000000000002abcc       0x58 build/cooja/mtype422.a(rpl-neighbor.o)
 .rodata        0x000000000002ac24       0xdb build/cooja/mtype422.a(rpl-dag.o)
 .rodata        0x000000000002acff        0xc build/cooja/mtype422.a(rpl-timers.o)

.rodata1
 *(.rodata1)

.eh_frame_hdr   0x000000000002ad0c     0x1a4c
 *(.eh_frame_hdr)
 .eh_frame_hdr  0x000000000002ad0c     0x1a4c oxygen_sensor.o
                0x000000000002ad0c                __GNU_EH_FRAME_HDR
 *(.eh_frame_entry .eh_frame_entry.*)

.eh_frame       0x000000000002c758     0x6aac
 *(.eh_frame)
 .eh_frame      0x000000000002c758       0x3c /usr/lib/gcc/i686-linux-gnu/5/../../../i386-linux-gnu/crti.o
                                         0x40 (size before relaxing)
 .eh_frame      0x000000000002c794       0x40 oxygen_sensor.o
                                         0x58 (size before relaxing)
 .eh_frame      0x000000000002c7d4      0x178 build/cooja/mtype422.o
                                        0x190 (size before relaxing)
 .eh_frame      0x000000000002c94c       0x40 build/cooja/mtype422.a(simEnvChange.o)
                                         0x58 (size before relaxing)
 .eh_frame      0x000000000002c98c       0x60 build/cooja/mtype422.a(cooja_mt.o)
                                         0x78 (size before relaxing)
 .eh_frame      0x000000000002c9ec       0x80 build/cooja/mtype422.a(cooja_mtarch.o)
                                         0x98 (size before relaxing)
 .eh_frame      0x000000000002ca6c       0xc8 build/cooja/mtype422.a(rtimer-arch.o)
                                         0xe0 (size before relaxing)
 .eh_frame      0x000000000002cb34      0x160 build/cooja/mtype422.a(beep.o)
                                        0x178 (size before relaxing)
 .eh_frame      0x000000000002cc94       0x80 build/cooja/mtype422.a(leds-arch.o)
                                         0x98 (size before relaxing)
 .eh_frame      0x000000000002cd14       0x40 build/cooja/mtype422.a(moteid.o)
                                         0x58 (size before relaxing)
 .eh_frame      0x000000000002cd54       0xa0 build/cooja/mtype422.a(pir-sensor.o)
                                         0xb8 (size before relaxing)
 .eh_frame      0x000000000002cdf4      0x100 build/cooja/mtype422.a(rs232.o)
                                        0x118 (size before relaxing)
 .eh_frame      0x000000000002cef4       0xa0 build/cooja/mtype422.a(vib-sensor.o)
                                         0xb8 (size before relaxing)
 .eh_frame      0x000000000002cf94       0xc0 build/cooja/mtype422.a(clock.o)
                                         0xd8 (size before relaxing)
 .eh_frame      0x000000000002d054      0x120 build/cooja/mtype422.a(cooja-log.o)
                                        0x138 (size before relaxing)
 .eh_frame      0x000000000002d174      0x160 build/cooja/mtype422.a(cfs-cooja.o)
                                        0x178 (size before relaxing)
 .eh_frame      0x000000000002d2d4      0x340 build/cooja/mtype422.a(cooja-radio.o)
                                        0x358 (size before relaxing)
 .eh_frame      0x000000000002d614       0xa0 build/cooja/mtype422.a(eeprom.o)
                                         0xb8 (size before relaxing)
 .eh_frame      0x000000000002d6b4       0x40 build/cooja/mtype422.a(random.o)
                                         0x58 (size before relaxing)
 .eh_frame      0x000000000002d6f4       0xc0 build/cooja/mtype422.a(sensors.o)
                                         0xd8 (size before relaxing)
 .eh_frame      0x000000000002d7b4      0x120 build/cooja/mtype422.a(leds.o)
                                        0x138 (size before relaxing)
 .eh_frame      0x000000000002d8d4      0x220 build/cooja/mtype422.a(gpio-hal-arch.o)
                                        0x238 (size before relaxing)
 .eh_frame      0x000000000002daf4       0xa0 build/cooja/mtype422.a(buttons.o)
                                         0xb8 (size before relaxing)
 .eh_frame      0x000000000002db94       0x60 build/cooja/mtype422.a(oxygen_measurin)
                                         0x78 (size before relaxing)
 .eh_frame      0x000000000002dbf4       0x44 build/cooja/mtype422.a(coap-blocking-a)
                                         0x5c (size before relaxing)
 .eh_frame      0x000000000002dc38      0x220 build/cooja/mtype422.a(coap-engine.o)
                                        0x238 (size before relaxing)
 .eh_frame      0x000000000002de58       0x24 build/cooja/mtype422.a(coap-res-well-k)
                                         0x3c (size before relaxing)
 .eh_frame      0x000000000002de7c      0x188 build/cooja/mtype422.a(coap-observe.o)
                                        0x1a0 (size before relaxing)
 .eh_frame      0x000000000002e004      0x250 build/cooja/mtype422.a(coap-uip.o)
                                        0x268 (size before relaxing)
 .eh_frame      0x000000000002e254      0x114 build/cooja/mtype422.a(coap-timer.o)
                                        0x12c (size before relaxing)
 .eh_frame      0x000000000002e368      0x100 build/cooja/mtype422.a(coap-transactio)
                                        0x118 (size before relaxing)
 .eh_frame      0x000000000002e468      0x6ec build/cooja/mtype422.a(coap.o)
                                        0x704 (size before relaxing)
 .eh_frame      0x000000000002eb54       0x30 build/cooja/mtype422.a(contiki-main.o)
                                         0x48 (size before relaxing)
 .eh_frame      0x000000000002eb84       0x40 build/cooja/mtype422.a(autostart.o)
                                         0x58 (size before relaxing)
 .eh_frame      0x000000000002ebc4      0x100 build/cooja/mtype422.a(ctimer.o)
                                        0x118 (size before relaxing)
 .eh_frame      0x000000000002ecc4      0x100 build/cooja/mtype422.a(log.o)
                                        0x118 (size before relaxing)
 .eh_frame      0x000000000002edc4       0x60 build/cooja/mtype422.a(energest.o)
                                         0x78 (size before relaxing)
 .eh_frame      0x000000000002ee24      0x1e0 build/cooja/mtype422.a(etimer.o)
                                        0x1f8 (size before relaxing)
 .eh_frame      0x000000000002f004       0x20 build/cooja/mtype422.a(node-id.o)
                                         0x38 (size before relaxing)
 .eh_frame      0x000000000002f024       0x60 build/cooja/mtype422.a(rtimer.o)
                                         0x78 (size before relaxing)
 .eh_frame      0x000000000002f084      0x1c4 build/cooja/mtype422.a(process.o)
                                        0x1dc (size before relaxing)
 .eh_frame      0x000000000002f248       0xa4 build/cooja/mtype422.a(timer.o)
                                         0xbc (size before relaxing)
 .eh_frame      0x000000000002f2ec      0x1a0 build/cooja/mtype422.a(list.o)
                                        0x1b8 (size before relaxing)
 .eh_frame      0x000000000002f48c       0xa0 build/cooja/mtype422.a(memb.o)
                                         0xb8 (size before relaxing)
 .eh_frame      0x000000000002f52c      0x144 build/cooja/mtype422.a(button-hal.o)
                                        0x15c (size before relaxing)
 .eh_frame      0x000000000002f670       0x60 build/cooja/mtype422.a(serial-line.o)
                                         0x78 (size before relaxing)
 .eh_frame      0x000000000002f6d0       0xe0 build/cooja/mtype422.a(gpio-hal.o)
                                         0xf8 (size before relaxing)
 .eh_frame      0x000000000002f7b0      0x1a0 build/cooja/mtype422.a(queuebuf.o)
                                        0x1b8 (size before relaxing)
 .eh_frame      0x000000000002f950      0x28c build/cooja/mtype422.a(packetbuf.o)
                                        0x2a4 (size before relaxing)
 .eh_frame      0x000000000002fbdc       0x80 build/cooja/mtype422.a(netstack.o)
                                         0x98 (size before relaxing)
 .eh_frame      0x000000000002fc5c       0x60 build/cooja/mtype422.a(linkaddr.o)
                                         0x78 (size before relaxing)
 .eh_frame      0x000000000002fcbc       0xe0 build/cooja/mtype422.a(csma.o)
                                         0xf8 (size before relaxing)
 .eh_frame      0x000000000002fd9c      0x1d0 build/cooja/mtype422.a(csma-output.o)
                                        0x1e8 (size before relaxing)
 .eh_frame      0x000000000002ff6c      0x328 build/cooja/mtype422.a(uip-ds6.o)
                                        0x340 (size before relaxing)
 .eh_frame      0x0000000000030294       0x40 build/cooja/mtype422.a(uip-udp-packet.)
                                         0x58 (size before relaxing)
 .eh_frame      0x00000000000302d4      0x220 build/cooja/mtype422.a(uip-ds6-route.o)
                                        0x238 (size before relaxing)
 .eh_frame      0x00000000000304f4      0x244 build/cooja/mtype422.a(tcpip.o)
                                        0x25c (size before relaxing)
 .eh_frame      0x0000000000030738      0x1e8 build/cooja/mtype422.a(uip6.o)
                                        0x200 (size before relaxing)
 .eh_frame      0x0000000000030920      0x1c0 build/cooja/mtype422.a(uip-ds6-nbr.o)
                                        0x1d8 (size before relaxing)
 .eh_frame      0x0000000000030ae0       0x84 build/cooja/mtype422.a(uip-nd6.o)
                                         0x9c (size before relaxing)
 .eh_frame      0x0000000000030b64      0x2f8 build/cooja/mtype422.a(sicslowpan.o)
                                        0x310 (size before relaxing)
 .eh_frame      0x0000000000030e5c       0x88 build/cooja/mtype422.a(uiplib.o)
                                         0xa0 (size before relaxing)
 .eh_frame      0x0000000000030ee4      0x1e0 build/cooja/mtype422.a(rpl.o)
                                        0x1f8 (size before relaxing)
 .eh_frame      0x00000000000310c4      0x1c4 build/cooja/mtype422.a(rpl-icmp6.o)
                                        0x1dc (size before relaxing)
 .eh_frame      0x0000000000031288       0xa0 build/cooja/mtype422.a(rpl-dag-root.o)
                                         0xb8 (size before relaxing)
 .eh_frame      0x0000000000031328       0xa0 build/cooja/mtype422.a(watchdog.o)
                                         0xb8 (size before relaxing)
 .eh_frame      0x00000000000313c8       0x80 build/cooja/mtype422.a(int-master.o)
                                         0x98 (size before relaxing)
 .eh_frame      0x0000000000031448      0x1c4 build/cooja/mtype422.a(coap-observe-cl)
                                        0x1dc (size before relaxing)
 .eh_frame      0x000000000003160c       0xa4 build/cooja/mtype422.a(coap-timer-defa)
                                         0xbc (size before relaxing)
 .eh_frame      0x00000000000316b0       0xc4 build/cooja/mtype422.a(stimer.o)
                                         0xdc (size before relaxing)
 .eh_frame      0x0000000000031774       0xa0 build/cooja/mtype422.a(ringbuf.o)
                                         0xb8 (size before relaxing)
 .eh_frame      0x0000000000031814       0x20 build/cooja/mtype422.a(assert.o)
                                         0x38 (size before relaxing)
 .eh_frame      0x0000000000031834      0x2ac build/cooja/mtype422.a(nbr-table.o)
                                        0x2c4 (size before relaxing)
 .eh_frame      0x0000000000031ae0      0x120 build/cooja/mtype422.a(link-stats.o)
                                        0x138 (size before relaxing)
 .eh_frame      0x0000000000031c00       0x48 build/cooja/mtype422.a(mac-sequence.o)
                                         0x60 (size before relaxing)
 .eh_frame      0x0000000000031c48       0x20 build/cooja/mtype422.a(mac.o)
                                         0x38 (size before relaxing)
 .eh_frame      0x0000000000031c68       0xa4 build/cooja/mtype422.a(framer-802154.o)
                                         0xbc (size before relaxing)
 .eh_frame      0x0000000000031d0c      0x1a4 build/cooja/mtype422.a(frame802154.o)
                                        0x1bc (size before relaxing)
 .eh_frame      0x0000000000031eb0       0x40 build/cooja/mtype422.a(csma-security.o)
                                         0x58 (size before relaxing)
 .eh_frame      0x0000000000031ef0      0x200 build/cooja/mtype422.a(uipbuf.o)
                                        0x218 (size before relaxing)
 .eh_frame      0x00000000000320f0      0x150 build/cooja/mtype422.a(uip-icmp6.o)
                                        0x168 (size before relaxing)
 .eh_frame      0x0000000000032240      0x184 build/cooja/mtype422.a(uip-sr.o)
                                        0x19c (size before relaxing)
 .eh_frame      0x00000000000323c4       0xe0 build/cooja/mtype422.a(uip-packetqueue)
                                         0xf8 (size before relaxing)
 .eh_frame      0x00000000000324a4       0x80 build/cooja/mtype422.a(rpl-nbr-policy.)
                                         0x98 (size before relaxing)
 .eh_frame      0x0000000000032524      0x2d4 build/cooja/mtype422.a(rpl-neighbor.o)
                                        0x2ec (size before relaxing)
 .eh_frame      0x00000000000327f8      0x370 build/cooja/mtype422.a(rpl-dag.o)
                                        0x388 (size before relaxing)
 .eh_frame      0x0000000000032b68      0x3a8 build/cooja/mtype422.a(rpl-timers.o)
                                        0x3c0 (size before relaxing)
 .eh_frame      0x0000000000032f10      0x124 build/cooja/mtype422.a(rpl-ext-header.)
                                        0x13c (size before relaxing)
 .eh_frame      0x0000000000033034      0x148 build/cooja/mtype422.a(rpl-mrhof.o)
                                        0x160 (size before relaxing)
 .eh_frame      0x000000000003317c       0x84 /usr/lib/gcc/i686-linux-gnu/5/libgcc.a(_udivdi3.o)
                                         0x9c (size before relaxing)
 .eh_frame      0x0000000000033200        0x4 /usr/lib/gcc/i686-linux-gnu/5/crtendS.o
 *(.eh_frame.*)

.gcc_except_table
 *(.gcc_except_table .gcc_except_table.*)

.gnu_extab
 *(.gnu_extab*)

.exception_ranges
 *(.exception_ranges .exception_ranges*)
                0x0000000000034f10                . = DATA_SEGMENT_ALIGN (0x1000, 0x1000)

.eh_frame
 *(.eh_frame)
 *(.eh_frame.*)

.gnu_extab
 *(.gnu_extab)

.gcc_except_table
 *(.gcc_except_table .gcc_except_table.*)

.exception_ranges
 *(.exception_ranges .exception_ranges*)

.tdata
 *(.tdata .tdata.* .gnu.linkonce.td.*)

.tbss
 *(.tbss .tbss.* .gnu.linkonce.tb.*)
 *(.tcommon)

.preinit_array
 *(.preinit_array)

.init_array     0x0000000000034f10        0x4
 *(SORT(.init_array.*) SORT(.ctors.*))
 *(.init_array EXCLUDE_FILE(*crtend?.o *crtend.o *crtbegin?.o *crtbegin.o) .ctors)
 .init_array    0x0000000000034f10        0x4 /usr/lib/gcc/i686-linux-gnu/5/crtbeginS.o

.fini_array     0x0000000000034f14        0x4
 *(SORT(.fini_array.*) SORT(.dtors.*))
 *(.fini_array EXCLUDE_FILE(*crtend?.o *crtend.o *crtbegin?.o *crtbegin.o) .dtors)
 .fini_array    0x0000000000034f14        0x4 /usr/lib/gcc/i686-linux-gnu/5/crtbeginS.o

.ctors
 *crtbegin.o(.ctors)
 *crtbegin?.o(.ctors)
 *(EXCLUDE_FILE(*crtend?.o *crtend.o) .ctors)
 *(SORT(.ctors.*))
 *(.ctors)

.dtors
 *crtbegin.o(.dtors)
 *crtbegin?.o(.dtors)
 *(EXCLUDE_FILE(*crtend?.o *crtend.o) .dtors)
 *(SORT(.dtors.*))
 *(.dtors)

.jcr            0x0000000000034f18        0x4
 *(.jcr)
 .jcr           0x0000000000034f18        0x0 /usr/lib/gcc/i686-linux-gnu/5/crtbeginS.o
 .jcr           0x0000000000034f18        0x4 /usr/lib/gcc/i686-linux-gnu/5/crtendS.o

.data.rel.ro
 *(.data.rel.ro.local* .gnu.linkonce.d.rel.ro.local.*)
 *(.data.rel.ro .data.rel.ro.* .gnu.linkonce.d.rel.ro.*)

.dynamic        0x0000000000034f1c       0xd0
 *(.dynamic)
 .dynamic       0x0000000000034f1c       0xd0 /usr/lib/gcc/i686-linux-gnu/5/../../../i386-linux-gnu/crti.o
                0x0000000000034f1c                _DYNAMIC

.got            0x0000000000034fec       0x14
 *(.got)
 .got           0x0000000000034fec       0x14 /usr/lib/gcc/i686-linux-gnu/5/../../../i386-linux-gnu/crti.o
 *(.igot)
                0x0000000000035ff4                . = DATA_SEGMENT_RELRO_END (., (SIZEOF (.got.plt) >= 0xc)?0xc:0x0)

.got.plt        0x0000000000035000        0xc
 *(.got.plt)
 .got.plt       0x0000000000035000        0xc /usr/lib/gcc/i686-linux-gnu/5/../../../i386-linux-gnu/crti.o
                0x0000000000035000                _GLOBAL_OFFSET_TABLE_
 *(.igot.plt)

.data           0x0000000000035020      0x464
 *(.data .data.* .gnu.linkonce.d.*)
 .data          0x0000000000035020        0x0 /usr/lib/gcc/i686-linux-gnu/5/../../../i386-linux-gnu/crti.o
 .data          0x0000000000035020        0x0 /usr/lib/gcc/i686-linux-gnu/5/crtbeginS.o
 .data.rel.local
                0x0000000000035020        0x4 /usr/lib/gcc/i686-linux-gnu/5/crtbeginS.o
                0x0000000000035020                __dso_handle
 .data          0x0000000000035024       0x10 oxygen_sensor.o
                0x0000000000035024                oxygen_sensor
 *fill*         0x0000000000035034        0xc 
 .data          0x0000000000035040       0x44 build/cooja/mtype422.o
                0x0000000000035040                simInterfaces
                0x0000000000035074                sensors
 .data          0x0000000000035084        0x0 build/cooja/mtype422.a(simEnvChange.o)
 .data          0x0000000000035084        0x0 build/cooja/mtype422.a(cooja_mt.o)
 .data          0x0000000000035084        0x0 build/cooja/mtype422.a(cooja_mtarch.o)
 .data          0x0000000000035084        0x0 build/cooja/mtype422.a(rtimer-arch.o)
 .data          0x0000000000035084        0x0 build/cooja/mtype422.a(beep.o)
 .data          0x0000000000035084        0x0 build/cooja/mtype422.a(leds-arch.o)
 .data          0x0000000000035084        0x0 build/cooja/mtype422.a(moteid.o)
 .data          0x0000000000035084        0x0 build/cooja/mtype422.a(pir-sensor.o)
 .data          0x0000000000035084        0x0 build/cooja/mtype422.a(rs232.o)
 .data          0x0000000000035084        0x0 build/cooja/mtype422.a(vib-sensor.o)
 .data          0x0000000000035084        0x0 build/cooja/mtype422.a(clock.o)
 .data          0x0000000000035084        0x0 build/cooja/mtype422.a(cooja-log.o)
 .data          0x0000000000035084        0x0 build/cooja/mtype422.a(cfs-cooja.o)
 .data          0x0000000000035084       0x2c build/cooja/mtype422.a(cooja-radio.o)
                0x0000000000035084                simRadioHWOn
                0x0000000000035088                simSignalStrength
                0x000000000003508c                simLastSignalStrength
                0x0000000000035090                simPower
                0x0000000000035094                simRadioChannel
                0x0000000000035098                simLQI
                0x00000000000350a0                cooja_radio_process
 .data          0x00000000000350b0        0x0 build/cooja/mtype422.a(eeprom.o)
 .data          0x00000000000350b0        0x0 build/cooja/mtype422.a(random.o)
 .data          0x00000000000350b0       0x10 build/cooja/mtype422.a(sensors.o)
                0x00000000000350b0                sensors_process
 .data          0x00000000000350c0        0x0 build/cooja/mtype422.a(leds.o)
 .data          0x00000000000350c0        0x0 build/cooja/mtype422.a(gpio-hal-arch.o)
 .data          0x00000000000350c0       0x78 build/cooja/mtype422.a(buttons.o)
                0x00000000000350c0                simButtonIsActive
                0x0000000000035130                button_hal_buttons
 *fill*         0x0000000000035138        0x8 
 .data          0x0000000000035140       0x44 build/cooja/mtype422.a(oxygen_measurin)
                0x0000000000035140                oxygen_level
                0x0000000000035160                oxygen_measuring_device
 .data          0x0000000000035184        0x0 build/cooja/mtype422.a(coap-blocking-a)
 .data          0x0000000000035184        0x8 build/cooja/mtype422.a(coap-engine.o)
 *fill*         0x000000000003518c       0x14 
 .data          0x00000000000351a0       0x24 build/cooja/mtype422.a(coap-res-well-k)
                0x00000000000351a0                res_well_known_core
 .data          0x00000000000351c4       0x10 build/cooja/mtype422.a(coap-observe.o)
 .data          0x00000000000351d4       0x10 build/cooja/mtype422.a(coap-uip.o)
                0x00000000000351d4                coap_engine
 .data          0x00000000000351e4        0x4 build/cooja/mtype422.a(coap-timer.o)
 .data          0x00000000000351e8       0x10 build/cooja/mtype422.a(coap-transactio)
 .data          0x00000000000351f8        0x4 build/cooja/mtype422.a(coap.o)
                0x00000000000351f8                coap_error_message
 .data          0x00000000000351fc        0x0 build/cooja/mtype422.a(contiki-main.o)
 .data          0x00000000000351fc        0x0 build/cooja/mtype422.a(autostart.o)
 .data          0x00000000000351fc       0x14 build/cooja/mtype422.a(ctimer.o)
                0x0000000000035200                ctimer_process
 *fill*         0x0000000000035210       0x10 
 .data          0x0000000000035220       0xbc build/cooja/mtype422.a(log.o)
                0x0000000000035220                curr_log_level_main
                0x0000000000035240                all_modules
 .data          0x00000000000352dc        0x0 build/cooja/mtype422.a(energest.o)
 .data          0x00000000000352dc       0x10 build/cooja/mtype422.a(etimer.o)
                0x00000000000352dc                etimer_process
 .data          0x00000000000352ec        0x0 build/cooja/mtype422.a(node-id.o)
 .data          0x00000000000352ec        0x0 build/cooja/mtype422.a(rtimer.o)
 .data          0x00000000000352ec        0x0 build/cooja/mtype422.a(process.o)
 .data          0x00000000000352ec        0x0 build/cooja/mtype422.a(timer.o)
 .data          0x00000000000352ec        0x0 build/cooja/mtype422.a(list.o)
 .data          0x00000000000352ec        0x0 build/cooja/mtype422.a(memb.o)
 .data          0x00000000000352ec       0x10 build/cooja/mtype422.a(button-hal.o)
                0x00000000000352ec                button_hal_process
 .data          0x00000000000352fc       0x10 build/cooja/mtype422.a(serial-line.o)
                0x00000000000352fc                serial_line_process
 .data          0x000000000003530c        0x4 build/cooja/mtype422.a(gpio-hal.o)
 .data          0x0000000000035310       0x18 build/cooja/mtype422.a(queuebuf.o)
 .data          0x0000000000035328        0x4 build/cooja/mtype422.a(packetbuf.o)
 .data          0x000000000003532c        0x4 build/cooja/mtype422.a(netstack.o)
 .data          0x0000000000035330        0x0 build/cooja/mtype422.a(linkaddr.o)
 .data          0x0000000000035330        0x0 build/cooja/mtype422.a(csma.o)
 .data          0x0000000000035330       0x28 build/cooja/mtype422.a(csma-output.o)
 .data          0x0000000000035358        0x0 build/cooja/mtype422.a(uip-ds6.o)
 .data          0x0000000000035358        0x0 build/cooja/mtype422.a(uip-udp-packet.)
 .data          0x0000000000035358       0x10 build/cooja/mtype422.a(uip-ds6-route.o)
 .data          0x0000000000035368       0x10 build/cooja/mtype422.a(tcpip.o)
                0x0000000000035368                tcpip_process
 .data          0x0000000000035378        0x0 build/cooja/mtype422.a(uip6.o)
 .data          0x0000000000035378       0x14 build/cooja/mtype422.a(uip-ds6-nbr.o)
 .data          0x000000000003538c        0xc build/cooja/mtype422.a(uip-nd6.o)
 .data          0x0000000000035398        0x0 build/cooja/mtype422.a(sicslowpan.o)
 .data          0x0000000000035398        0x0 build/cooja/mtype422.a(uiplib.o)
 .data          0x0000000000035398        0x0 build/cooja/mtype422.a(rpl.o)
 .data          0x0000000000035398       0x30 build/cooja/mtype422.a(rpl-icmp6.o)
 .data          0x00000000000353c8        0x0 build/cooja/mtype422.a(rpl-dag-root.o)
 .data          0x00000000000353c8        0x0 build/cooja/mtype422.a(watchdog.o)
 .data          0x00000000000353c8        0x0 build/cooja/mtype422.a(int-master.o)
 .data          0x00000000000353c8       0x10 build/cooja/mtype422.a(coap-observe-cl)
 .data          0x00000000000353d8       0x10 build/cooja/mtype422.a(coap-timer-defa)
                0x00000000000353d8                coap_timer_process
 .data          0x00000000000353e8        0x0 build/cooja/mtype422.a(stimer.o)
 .data          0x00000000000353e8        0x0 build/cooja/mtype422.a(ringbuf.o)
 .data          0x00000000000353e8        0x0 build/cooja/mtype422.a(assert.o)
 .data          0x00000000000353e8       0x10 build/cooja/mtype422.a(nbr-table.o)
 .data          0x00000000000353f8       0x14 build/cooja/mtype422.a(link-stats.o)
 .data          0x000000000003540c        0x0 build/cooja/mtype422.a(mac-sequence.o)
 .data          0x000000000003540c        0x0 build/cooja/mtype422.a(mac.o)
 .data          0x000000000003540c        0x0 build/cooja/mtype422.a(framer-802154.o)
 .data          0x000000000003540c        0x2 build/cooja/mtype422.a(frame802154.o)
 .data          0x000000000003540e        0x0 build/cooja/mtype422.a(csma-security.o)
 .data          0x000000000003540e        0x0 build/cooja/mtype422.a(uipbuf.o)
 *fill*         0x000000000003540e        0x2 
 .data          0x0000000000035410       0x20 build/cooja/mtype422.a(uip-icmp6.o)
 .data          0x0000000000035430       0x10 build/cooja/mtype422.a(uip-sr.o)
 .data          0x0000000000035440        0xc build/cooja/mtype422.a(uip-packetqueue)
 .data          0x000000000003544c        0x0 build/cooja/mtype422.a(rpl-nbr-policy.)
 .data          0x000000000003544c       0x14 build/cooja/mtype422.a(rpl-neighbor.o)
                0x000000000003545c                rpl_neighbors
 .data          0x0000000000035460        0x0 build/cooja/mtype422.a(rpl-dag.o)
 .data          0x0000000000035460        0x0 build/cooja/mtype422.a(rpl-timers.o)
 .data          0x0000000000035460        0x0 build/cooja/mtype422.a(rpl-ext-header.)
 .data          0x0000000000035460       0x24 build/cooja/mtype422.a(rpl-mrhof.o)
                0x0000000000035460                rpl_mrhof
 .data          0x0000000000035484        0x0 /usr/lib/gcc/i686-linux-gnu/5/libgcc.a(_udivdi3.o)
 .data          0x0000000000035484        0x0 /usr/lib/gcc/i686-linux-gnu/5/crtendS.o
 .data          0x0000000000035484        0x0 /usr/lib/gcc/i686-linux-gnu/5/../../../i386-linux-gnu/crtn.o

.tm_clone_table
                0x0000000000035484        0x0
 .tm_clone_table
                0x0000000000035484        0x0 /usr/lib/gcc/i686-linux-gnu/5/crtbeginS.o
 .tm_clone_table
                0x0000000000035484        0x0 /usr/lib/gcc/i686-linux-gnu/5/crtendS.o

.data1
 *(.data1)
                0x0000000000035484                _edata = .
                [!provide]                        PROVIDE (edata, .)
                0x0000000000035484                . = .
                0x0000000000035484                __bss_start = .

.bss            0x00000000000354a0    0x14124
 *(.dynbss)
 .dynbss        0x00000000000354a0        0x0 /usr/lib/gcc/i686-linux-gnu/5/../../../i386-linux-gnu/crti.o
 *(.bss .bss.* .gnu.linkonce.b.*)
 .bss           0x00000000000354a0        0x0 /usr/lib/gcc/i686-linux-gnu/5/../../../i386-linux-gnu/crti.o
 .bss           0x00000000000354a0        0x1 /usr/lib/gcc/i686-linux-gnu/5/crtbeginS.o
 *fill*         0x00000000000354a1       0x1f 
 .bss           0x00000000000354c0      0x12c oxygen_sensor.o
                0x00000000000354c0                registered
 *fill*         0x00000000000355ec       0x14 
 .bss           0x0000000000035600     0x2030 build/cooja/mtype422.o
 .bss           0x0000000000037630        0x1 build/cooja/mtype422.a(simEnvChange.o)
                0x0000000000037630                simDontFallAsleep
 *fill*         0x0000000000037631        0x3 
 .bss           0x0000000000037634        0x4 build/cooja/mtype422.a(cooja_mt.o)
 .bss           0x0000000000037638        0x4 build/cooja/mtype422.a(cooja_mtarch.o)
 .bss           0x000000000003763c        0x0 build/cooja/mtype422.a(rtimer-arch.o)
 .bss           0x000000000003763c        0x0 build/cooja/mtype422.a(beep.o)
 .bss           0x000000000003763c        0x1 build/cooja/mtype422.a(leds-arch.o)
                0x000000000003763c                simLedsValue
 .bss           0x000000000003763d        0x0 build/cooja/mtype422.a(moteid.o)
 .bss           0x000000000003763d        0x1 build/cooja/mtype422.a(pir-sensor.o)
                0x000000000003763d                simPirValue
 *fill*         0x000000000003763e        0x2 
 .bss           0x0000000000037640        0x4 build/cooja/mtype422.a(rs232.o)
 .bss           0x0000000000037644        0x1 build/cooja/mtype422.a(vib-sensor.o)
                0x0000000000037644                simVibValue
 .bss           0x0000000000037645        0x0 build/cooja/mtype422.a(clock.o)
 *fill*         0x0000000000037645       0x1b 
 .bss           0x0000000000037660     0x2020 build/cooja/mtype422.a(cooja-log.o)
 .bss           0x0000000000039680      0xfc0 build/cooja/mtype422.a(cfs-cooja.o)
                0x0000000000039680                simCFSData
                0x000000000003a620                simCFSSize
                0x000000000003a624                simCFSChanged
                0x000000000003a628                simCFSRead
                0x000000000003a62c                simCFSWritten
 .bss           0x000000000003a640       0x24 build/cooja/mtype422.a(cooja-radio.o)
                0x000000000003a640                simReceiving
                0x000000000003a644                simInSize
                0x000000000003a648                simLastPacketTimestamp
                0x000000000003a650                simOutSize
 .bss           0x000000000003a664        0xc build/cooja/mtype422.a(eeprom.o)
                0x000000000003a664                simEEPROMChanged
                0x000000000003a668                simEEPROMRead
                0x000000000003a66c                simEEPROMWritten
 .bss           0x000000000003a670        0x0 build/cooja/mtype422.a(random.o)
 .bss           0x000000000003a670        0xc build/cooja/mtype422.a(sensors.o)
 .bss           0x000000000003a67c        0x0 build/cooja/mtype422.a(leds.o)
 .bss           0x000000000003a67c       0x24 build/cooja/mtype422.a(gpio-hal-arch.o)
 .bss           0x000000000003a6a0        0x0 build/cooja/mtype422.a(buttons.o)
 .bss           0x000000000003a6a0        0x0 build/cooja/mtype422.a(oxygen_measurin)
 .bss           0x000000000003a6a0        0x0 build/cooja/mtype422.a(coap-blocking-a)
 .bss           0x000000000003a6a0      0x190 build/cooja/mtype422.a(coap-engine.o)
 .bss           0x000000000003a830        0x0 build/cooja/mtype422.a(coap-res-well-k)
 *fill*         0x000000000003a830       0x10 
 .bss           0x000000000003a840      0x120 build/cooja/mtype422.a(coap-observe.o)
 .bss           0x000000000003a960       0x18 build/cooja/mtype422.a(coap-uip.o)
 .bss           0x000000000003a978        0x5 build/cooja/mtype422.a(coap-timer.o)
 *fill*         0x000000000003a97d        0x3 
 .bss           0x000000000003a980      0x334 build/cooja/mtype422.a(coap-transactio)
 .bss           0x000000000003acb4        0x6 build/cooja/mtype422.a(coap.o)
                0x000000000003acb4                coap_status_code
 .bss           0x000000000003acba        0x0 build/cooja/mtype422.a(contiki-main.o)
 .bss           0x000000000003acba        0x0 build/cooja/mtype422.a(autostart.o)
 *fill*         0x000000000003acba        0x2 
 .bss           0x000000000003acbc        0x5 build/cooja/mtype422.a(ctimer.o)
 *fill*         0x000000000003acc1        0x3 
 .bss           0x000000000003acc4       0x2c build/cooja/mtype422.a(log.o)
                0x000000000003acc4                curr_log_level_rpl
                0x000000000003acc8                curr_log_level_tcpip
                0x000000000003accc                curr_log_level_ipv6
                0x000000000003acd0                curr_log_level_6lowpan
                0x000000000003acd4                curr_log_level_nullnet
                0x000000000003acd8                curr_log_level_mac
                0x000000000003acdc                curr_log_level_framer
                0x000000000003ace0                curr_log_level_6top
                0x000000000003ace4                curr_log_level_coap
                0x000000000003ace8                curr_log_level_snmp
                0x000000000003acec                curr_log_level_lwm2m
 .bss           0x000000000003acf0        0x0 build/cooja/mtype422.a(energest.o)
 .bss           0x000000000003acf0        0x8 build/cooja/mtype422.a(etimer.o)
 .bss           0x000000000003acf8        0x2 build/cooja/mtype422.a(node-id.o)
                0x000000000003acf8                node_id
 *fill*         0x000000000003acfa        0x2 
 .bss           0x000000000003acfc        0x4 build/cooja/mtype422.a(rtimer.o)
 .bss           0x000000000003ad00      0x1a1 build/cooja/mtype422.a(process.o)
                0x000000000003ad00                process_list
                0x000000000003ad04                process_current
 .bss           0x000000000003aea1        0x0 build/cooja/mtype422.a(timer.o)
 .bss           0x000000000003aea1        0x0 build/cooja/mtype422.a(list.o)
 .bss           0x000000000003aea1        0x0 build/cooja/mtype422.a(memb.o)
 *fill*         0x000000000003aea1        0x3 
 .bss           0x000000000003aea4       0x10 build/cooja/mtype422.a(button-hal.o)
 *fill*         0x000000000003aeb4        0xc 
 .bss           0x000000000003aec0      0x140 build/cooja/mtype422.a(serial-line.o)
 .bss           0x000000000003b000        0x4 build/cooja/mtype422.a(gpio-hal.o)
 *fill*         0x000000000003b004       0x1c 
 .bss           0x000000000003b020     0x2c80 build/cooja/mtype422.a(queuebuf.o)
 .bss           0x000000000003dca0       0xa0 build/cooja/mtype422.a(packetbuf.o)
 .bss           0x000000000003dd40        0x4 build/cooja/mtype422.a(netstack.o)
 .bss           0x000000000003dd44        0x0 build/cooja/mtype422.a(linkaddr.o)
 .bss           0x000000000003dd44        0x0 build/cooja/mtype422.a(csma.o)
 *fill*         0x000000000003dd44       0x1c 
 .bss           0x000000000003dd60      0x726 build/cooja/mtype422.a(csma-output.o)
 *fill*         0x000000000003e486        0x2 
 .bss           0x000000000003e488       0x30 build/cooja/mtype422.a(uip-ds6.o)
 .bss           0x000000000003e4b8        0x0 build/cooja/mtype422.a(uip-udp-packet.)
 *fill*         0x000000000003e4b8        0x8 
 .bss           0x000000000003e4c0       0x60 build/cooja/mtype422.a(uip-ds6-route.o)
 .bss           0x000000000003e520       0x10 build/cooja/mtype422.a(tcpip.o)
 .bss           0x000000000003e530        0x8 build/cooja/mtype422.a(uip6.o)