Archive member included to satisfy reference by file (symbol)

build/cooja/mtype185.a(simEnvChange.o)
                              build/cooja/mtype185.o (simDontFallAsleep)
build/cooja/mtype185.a(cooja_mt.o)
                              build/cooja/mtype185.o (cooja_mt_start)
build/cooja/mtype185.a(cooja_mtarch.o)
                              build/cooja/mtype185.a(cooja_mt.o) (cooja_mtarch_start)
build/cooja/mtype185.a(rtimer-arch.o)
                              build/cooja/mtype185.o (rtimer_arch_check)
build/cooja/mtype185.a(beep.o)
                              build/cooja/mtype185.o (beep_interface)
build/cooja/mtype185.a(leds-arch.o)
                              build/cooja/mtype185.o (leds_interface)
build/cooja/mtype185.a(moteid.o)
                              build/cooja/mtype185.o (moteid_interface)
build/cooja/mtype185.a(pir-sensor.o)
                              build/cooja/mtype185.o (pir_interface)
build/cooja/mtype185.a(rs232.o)
                              build/cooja/mtype185.o (rs232_interface)
build/cooja/mtype185.a(vib-sensor.o)
                              build/cooja/mtype185.o (vib_interface)
build/cooja/mtype185.a(clock.o)
                              build/cooja/mtype185.o (clock_interface)
build/cooja/mtype185.a(cooja-log.o)
                              build/cooja/mtype185.o (simlog_interface)
build/cooja/mtype185.a(cfs-cooja.o)
                              build/cooja/mtype185.o (cfs_interface)
build/cooja/mtype185.a(cooja-radio.o)
                              build/cooja/mtype185.o (radio_interface)
build/cooja/mtype185.a(eeprom.o)
                              build/cooja/mtype185.o (eeprom_interface)
build/cooja/mtype185.a(random.o)
                              build/cooja/mtype185.a(moteid.o) (random_init)
build/cooja/mtype185.a(sensors.o)
                              build/cooja/mtype185.a(pir-sensor.o) (sensors_changed)
build/cooja/mtype185.a(leds.o)
                              build/cooja/mtype185.a(leds-arch.o) (leds_get)
build/cooja/mtype185.a(gpio-hal-arch.o)
                              build/cooja/mtype185.a(leds-arch.o) (gpio_hal_arch_register_pin_callback)
build/cooja/mtype185.a(buttons.o)
                              build/cooja/mtype185.o (button_interface)
build/cooja/mtype185.a(oxygen_measurin)
                              oxygen_sensor.o (oxygen_measuring_device)
build/cooja/mtype185.a(coap-blocking-a)
                              oxygen_sensor.o (coap_blocking_request)
build/cooja/mtype185.a(coap-engine.o)
                              oxygen_sensor.o (coap_activate_resource)
build/cooja/mtype185.a(coap-res-well-k)
                              build/cooja/mtype185.a(coap-engine.o) (res_well_known_core)
build/cooja/mtype185.a(coap-observe.o)
                              build/cooja/mtype185.a(coap-engine.o) (coap_remove_observer_by_mid)
build/cooja/mtype185.a(coap-uip.o)
                              build/cooja/mtype185.a(coap-observe.o) (coap_endpoint_copy)
build/cooja/mtype185.a(coap-timer.o)
                              build/cooja/mtype185.a(coap-engine.o) (coap_timer_set)
build/cooja/mtype185.a(coap-transactio)
                              build/cooja/mtype185.a(coap-blocking-a) (coap_send_transaction)
build/cooja/mtype185.a(coap.o)
                              build/cooja/mtype185.a(coap-engine.o) (coap_status_code)
build/cooja/mtype185.a(contiki-main.o)
                              build/cooja/mtype185.o (main)
build/cooja/mtype185.a(autostart.o)
                              build/cooja/mtype185.a(contiki-main.o) (autostart_start)
build/cooja/mtype185.a(ctimer.o)
                              build/cooja/mtype185.a(contiki-main.o) (ctimer_init)
build/cooja/mtype185.a(log.o)
                              build/cooja/mtype185.a(contiki-main.o) (curr_log_level_main)
build/cooja/mtype185.a(energest.o)
                              build/cooja/mtype185.a(contiki-main.o) (energest_init)
build/cooja/mtype185.a(etimer.o)
                              build/cooja/mtype185.a(contiki-main.o) (etimer_process)
build/cooja/mtype185.a(node-id.o)
                              build/cooja/mtype185.a(contiki-main.o) (node_id)
build/cooja/mtype185.a(rtimer.o)
                              build/cooja/mtype185.a(contiki-main.o) (rtimer_init)
build/cooja/mtype185.a(process.o)
                              build/cooja/mtype185.a(coap-blocking-a) (process_current)
build/cooja/mtype185.a(timer.o)
                              build/cooja/mtype185.a(etimer.o) (timer_set)
build/cooja/mtype185.a(list.o)
                              build/cooja/mtype185.a(coap-engine.o) (list_init)
build/cooja/mtype185.a(memb.o)
                              build/cooja/mtype185.a(coap-observe.o) (memb_alloc)
build/cooja/mtype185.a(button-hal.o)
                              build/cooja/mtype185.o (button_hal_init)
build/cooja/mtype185.a(serial-line.o)
                              build/cooja/mtype185.a(rs232.o) (serial_line_input_byte)
[...]
Memory Configuration

Name             Origin             Length             Attributes
*default*        0x0000000000000000 0xffffffffffffffff

Linker script and memory map

LOAD /usr/lib/gcc/i686-linux-gnu/5/../../../i386-linux-gnu/crti.o
LOAD /usr/lib/gcc/i686-linux-gnu/5/crtbeginS.o
LOAD oxygen_sensor.o
LOAD build/cooja/mtype185.o
LOAD build/cooja/mtype185.a
LOAD /usr/lib/gcc/i686-linux-gnu/5/libgcc.a
LOAD /usr/lib/gcc/i686-linux-gnu/5/libgcc_s.so
LOAD /usr/lib/gcc/i686-linux-gnu/5/../../../i386-linux-gnu/libc.so
START GROUP
LOAD /lib/i386-linux-gnu/libc.so.6
LOAD /usr/lib/i386-linux-gnu/libc_nonshared.a
LOAD /lib/i386-linux-gnu/ld-linux.so.2
END GROUP
LOAD /usr/lib/gcc/i686-linux-gnu/5/libgcc.a
LOAD /usr/lib/gcc/i686-linux-gnu/5/libgcc_s.so
LOAD /usr/lib/gcc/i686-linux-gnu/5/crtendS.o
LOAD /usr/lib/gcc/i686-linux-gnu/5/../../../i386-linux-gnu/crtn.o
                0x0000000000000114                . = (0x0 + SIZEOF_HEADERS)

.note.gnu.build-id
                0x0000000000000114       0x24
 *(.note.gnu.build-id)
 .note.gnu.build-id
                0x0000000000000114       0x24 /usr/lib/gcc/i686-linux-gnu/5/../../../i386-linux-gnu/crti.o

.hash
 *(.hash)

.gnu.hash       0x0000000000000138     0x15c8
 *(.gnu.hash)
 .gnu.hash      0x0000000000000138     0x15c8 /usr/lib/gcc/i686-linux-gnu/5/../../../i386-linux-gnu/crti.o

.dynsym         0x0000000000001700     0x2fa0
 *(.dynsym)
 .dynsym        0x0000000000001700     0x2fa0 /usr/lib/gcc/i686-linux-gnu/5/../../../i386-linux-gnu/crti.o

.dynstr         0x00000000000046a0     0x37d8
 *(.dynstr)
 .dynstr        0x00000000000046a0     0x37d8 /usr/lib/gcc/i686-linux-gnu/5/../../../i386-linux-gnu/crti.o

.gnu.version    0x0000000000007e78      0x5f4
 *(.gnu.version)
 .gnu.version   0x0000000000007e78      0x5f4 /usr/lib/gcc/i686-linux-gnu/5/../../../i386-linux-gnu/crti.o

.gnu.version_d  0x000000000000846c        0x0
 *(.gnu.version_d)
 .gnu.version_d
                0x000000000000846c        0x0 /usr/lib/gcc/i686-linux-gnu/5/../../../i386-linux-gnu/crti.o

.gnu.version_r  0x000000000000846c       0x40
 *(.gnu.version_r)
 .gnu.version_r
                0x000000000000846c       0x40 /usr/lib/gcc/i686-linux-gnu/5/../../../i386-linux-gnu/crti.o

.rel.dyn        0x00000000000084ac     0x92b0
 *(.rel.init)
 .rel.init      0x00000000000084ac        0x0 /usr/lib/gcc/i686-linux-gnu/5/../../../i386-linux-gnu/crti.o
 *(.rel.text .rel.text.* .rel.gnu.linkonce.t.*)
 .rel.text      0x00000000000084ac     0x88e8 /usr/lib/gcc/i686-linux-gnu/5/../../../i386-linux-gnu/crti.o
 *(.rel.fini)
 .rel.fini      0x0000000000010d94        0x0 /usr/lib/gcc/i686-linux-gnu/5/../../../i386-linux-gnu/crti.o
 *(.rel.rodata .rel.rodata.* .rel.gnu.linkonce.r.*)
 .rel.rodata    0x0000000000010d94      0x588 /usr/lib/gcc/i686-linux-gnu/5/../../../i386-linux-gnu/crti.o
 *(.rel.data.rel.ro .rel.data.rel.ro.* .rel.gnu.linkonce.d.rel.ro.*)
 *(.rel.data .rel.data.* .rel.gnu.linkonce.d.*)
 .rel.data.rel.local
                0x000000000001131c        0x8 /usr/lib/gcc/i686-linux-gnu/5/../../../i386-linux-gnu/crti.o
 .rel.data      0x0000000000011324      0x400 /usr/lib/gcc/i686-linux-gnu/5/../../../i386-linux-gnu/crti.o
 *(.rel.tdata .rel.tdata.* .rel.gnu.linkonce.td.*)
 *(.rel.tbss .rel.tbss.* .rel.gnu.linkonce.tb.*)
 *(.rel.ctors)
 *(.rel.dtors)
 *(.rel.got)
 .rel.got       0x0000000000011724       0x28 /usr/lib/gcc/i686-linux-gnu/5/../../../i386-linux-gnu/crti.o
 *(.rel.bss .rel.bss.* .rel.gnu.linkonce.b.*)
 *(.rel.ifunc)
 .rel.ifunc     0x000000000001174c        0x0 /usr/lib/gcc/i686-linux-gnu/5/../../../i386-linux-gnu/crti.o
 .rel.fini_array
                0x000000000001174c        0x8 /usr/lib/gcc/i686-linux-gnu/5/../../../i386-linux-gnu/crti.o
 .rel.init_array
                0x0000000000011754        0x8 /usr/lib/gcc/i686-linux-gnu/5/../../../i386-linux-gnu/crti.o

.rel.plt        0x000000000001175c        0x0
 *(.rel.plt)
 .rel.plt       0x000000000001175c        0x0 /usr/lib/gcc/i686-linux-gnu/5/../../../i386-linux-gnu/crti.o
 *(.rel.iplt)

.init           0x000000000001175c       0x23
 *(SORT(.init))
 .init          0x000000000001175c       0x1e /usr/lib/gcc/i686-linux-gnu/5/../../../i386-linux-gnu/crti.o
                0x000000000001175c                _init
 .init          0x000000000001177a        0x5 /usr/lib/gcc/i686-linux-gnu/5/../../../i386-linux-gnu/crtn.o

.plt            0x0000000000011780       0x10
 *(.plt)
 .plt           0x0000000000011780       0x10 /usr/lib/gcc/i686-linux-gnu/5/../../../i386-linux-gnu/crti.o
 *(.iplt)

.plt.got        0x0000000000011790       0x10
 *(.plt.got)
 .plt.got       0x0000000000011790       0x10 /usr/lib/gcc/i686-linux-gnu/5/../../../i386-linux-gnu/crti.o

.text           0x00000000000117a0    0x191b2
 *(.text.unlikely .text.*_unlikely .text.unlikely.*)
 .text.unlikely
                0x00000000000117a0        0x0 /usr/lib/gcc/i686-linux-gnu/5/crtbeginS.o
 .text.unlikely
                0x00000000000117a0        0x0 /usr/lib/gcc/i686-linux-gnu/5/libgcc.a(_udivdi3.o)
 *(.text.exit .text.exit.*)
 *(.text.startup .text.startup.*)
 *(.text.hot .text.hot.*)
 *(.text .stub .text.* .gnu.linkonce.t.*)
 .text          0x00000000000117a0        0x0 /usr/lib/gcc/i686-linux-gnu/5/../../../i386-linux-gnu/crti.o
 .gnu.linkonce.t.__x86.get_pc_thunk.bx
                0x00000000000117a0        0x4 /usr/lib/gcc/i686-linux-gnu/5/../../../i386-linux-gnu/crti.o
                0x00000000000117a0                __x86.get_pc_thunk.bx
 *fill*         0x00000000000117a4        0xc 
 .text          0x00000000000117b0      0x11c /usr/lib/gcc/i686-linux-gnu/5/crtbeginS.o
 .text.__x86.get_pc_thunk.dx
                0x00000000000118cc        0x4 /usr/lib/gcc/i686-linux-gnu/5/crtbeginS.o
                0x00000000000118cc                __x86.get_pc_thunk.dx
 .text          0x00000000000118d0      0x289 oxygen_sensor.o
                0x00000000000118d0                wait_for_ack
 .text          0x0000000000011b59      0x283 build/cooja/mtype185.o
                0x0000000000011beb                platform_init_stage_one
                0x0000000000011bfe                platform_init_stage_two
                0x0000000000011c11                platform_init_stage_three
                0x0000000000011c24                platform_main_loop
                0x0000000000011c97                Java_org_contikios_cooja_corecomm_Lib32_init
                0x0000000000011cce                Java_org_contikios_cooja_corecomm_Lib32_getMemory
                0x0000000000011d01                Java_org_contikios_cooja_corecomm_Lib32_setMemory
                0x0000000000011d61                Java_org_contikios_cooja_corecomm_Lib32_tick
                0x0000000000011dc9                Java_org_contikios_cooja_corecomm_Lib32_setReferenceAddress
 .text          0x0000000000011ddc       0x65 build/cooja/mtype185.a(simEnvChange.o)
                0x0000000000011ddc                doActionsBeforeTick
                0x0000000000011e0e                doActionsAfterTick
 .text          0x0000000000011e41       0x83 build/cooja/mtype185.a(cooja_mt.o)
                0x0000000000011e41                cooja_mt_start
                0x0000000000011e6b                cooja_mt_exec
                0x0000000000011ea1                cooja_mt_yield
 .text          0x0000000000011ec4       0xbe build/cooja/mtype185.a(cooja_mtarch.o)
                0x0000000000011ec4                cooja_mtarch_start
                0x0000000000011f37                cooja_sw
                0x0000000000011f5a                cooja_mtarch_exec
                0x0000000000011f77                cooja_mtarch_yield
 .text          0x0000000000011f82       0xc5 build/cooja/mtype185.a(rtimer-arch.o)
                0x0000000000011f82                rtimer_arch_init
                0x0000000000011fa6                rtimer_arch_schedule
                0x0000000000011fd6                rtimer_arch_next
                0x0000000000011fe6                rtimer_arch_pending
                0x0000000000011ff0                rtimer_arch_check
                0x0000000000012037                rtimer_arch_now
 .text          0x0000000000012047       0x81 build/cooja/mtype185.a(beep.o)
                0x0000000000012047                beep_alarm
                0x0000000000012054                beep_beep
                0x0000000000012061                beep
                0x000000000001206e                beep_down
                0x000000000001207b                beep_on
                0x0000000000012088                beep_off
                0x0000000000012095                beep_spinup
                0x00000000000120a2                beep_quick
                0x00000000000120af                beep_long
 .text          0x00000000000120c8       0x65 build/cooja/mtype185.a(leds-arch.o)
                0x00000000000120db                leds_arch_init
 .text          0x000000000001212d       0x35 build/cooja/mtype185.a(moteid.o)
 .text          0x0000000000012162       0xb7 build/cooja/mtype185.a(pir-sensor.o)
 .text          0x0000000000012219      0x148 build/cooja/mtype185.a(rs232.o)
                0x0000000000012219                rs232_init
                0x000000000001221f                rs232_set_speed
                0x000000000001222e                rs232_set_input
                0x000000000001223c                rs232_send
                0x0000000000012260                rs232_print
                0x000000000001227c                slip_arch_writeb
 .text          0x0000000000012361       0xb7 build/cooja/mtype185.a(vib-sensor.o)
 .text          0x0000000000012418       0x38 build/cooja/mtype185.a(clock.o)
                0x0000000000012418                clock_init
                0x000000000001241e                clock_time
                0x0000000000012428                clock_seconds
                0x000000000001243e                clock_delay
 .text          0x0000000000012450      0x219 build/cooja/mtype185.a(cooja-log.o)
                0x0000000000012450                simlog_char
                0x0000000000012493                simlog
                0x0000000000012509                log_message
                0x000000000001253a                log_set_putchar_with_slip
                0x0000000000012548                log_putchar
                0x00000000000125c3                log_puts
                0x00000000000125eb                log_printf
 .text          0x0000000000012669      0x2b9 build/cooja/mtype185.a(cfs-cooja.o)
                0x0000000000012669                cfs_open
                0x00000000000126d2                cfs_close
                0x00000000000126df                cfs_read
                0x0000000000012774                cfs_write
                0x0000000000012850                cfs_seek
                0x00000000000128d8                cfs_remove
                0x00000000000128fc                cfs_opendir
                0x0000000000012906                cfs_readdir
                0x0000000000012910                cfs_closedir
 .text          0x0000000000012922      0x62b build/cooja/mtype185.a(cooja-radio.o)
                0x0000000000012964                radio_set_channel
                0x0000000000012972                radio_set_txpower
                0x000000000001298a                radio_signal_strength_last
                0x0000000000012994                radio_signal_strength_current
                0x000000000001299e                radio_LQI
 .text          0x0000000000012f4d       0xee build/cooja/mtype185.a(eeprom.o)
                0x0000000000012f4d                eeprom_init
                0x0000000000012f53                eeprom_read
                0x0000000000012fc1                eeprom_write
 .text          0x000000000001303b       0x2d build/cooja/mtype185.a(random.o)
                0x000000000001303b                random_init
                0x000000000001305b                random_rand
 .text          0x0000000000013068      0x29c build/cooja/mtype185.a(sensors.o)
                0x00000000000130a3                sensors_first
                0x00000000000130ad                sensors_next
                0x00000000000130c7                sensors_changed
                0x00000000000130fb                sensors_find
 .text          0x0000000000013304      0x349 build/cooja/mtype185.a(leds.o)
                0x0000000000013304                leds_init
                0x000000000001334b                leds_single_on
                0x00000000000133aa                leds_single_off
                0x0000000000013409                leds_single_toggle
                0x000000000001343b                leds_on
                0x00000000000134bd                leds_off
                0x000000000001353f                leds_toggle
                0x0000000000013594                leds_set
                0x00000000000135c0                leds_get
 .text          0x000000000001364d      0x343 build/cooja/mtype185.a(gpio-hal-arch.o)
                0x000000000001364d                gpio_hal_arch_register_pin_callback
                0x00000000000136b9                gpio_hal_arch_init
                0x00000000000136fe                gpio_hal_arch_no_port_interrupt_enable
                0x000000000001372e                gpio_hal_arch_no_port_interrupt_disable
                0x000000000001375e                gpio_hal_arch_no_port_pin_cfg_set
                0x0000000000013783                gpio_hal_arch_no_port_pin_cfg_get
                0x00000000000137a9                gpio_hal_arch_no_port_pin_set_input
                0x00000000000137bb                gpio_hal_arch_no_port_pin_set_output
                0x00000000000137cd                gpio_hal_arch_no_port_set_pin
                0x00000000000137ee                gpio_hal_arch_no_port_clear_pin
                0x000000000001380f                gpio_hal_arch_no_port_read_pin
                0x0000000000013835                gpio_hal_arch_no_port_write_pin
                0x000000000001385f                gpio_hal_arch_no_port_set_pins
                0x00000000000138a6                gpio_hal_arch_no_port_clear_pins
                0x00000000000138ed                gpio_hal_arch_no_port_read_pins
                0x0000000000013930                gpio_hal_arch_no_port_write_pins
 .text          0x0000000000013990       0x89 build/cooja/mtype185.a(buttons.o)
 .text          0x0000000000013a19      0x146 build/cooja/mtype185.a(oxygen_measurin)
                0x0000000000013a19                randInRange
 .text          0x0000000000013b5f      0x27b build/cooja/mtype185.a(coap-blocking-a)
                0x0000000000013b5f                coap_blocking_request_callback
                0x0000000000013b89                coap_blocking_request
 .text          0x0000000000013dda      0xc26 build/cooja/mtype185.a(coap-engine.o)
                0x0000000000013e6f                coap_add_handler
                0x0000000000013e8c                coap_remove_handler
                0x0000000000013ea9                coap_call_handlers
                0x0000000000013fb1                coap_receive
                0x00000000000145e8                coap_engine_init
                0x0000000000014646                coap_activate_resource
                0x00000000000146f1                coap_get_first_resource
                0x000000000001470a                coap_get_next_resource
 .text          0x0000000000014a00      0x2d9 build/cooja/mtype185.a(coap-res-well-k)
 .text          0x0000000000014cd9      0x96a build/cooja/mtype185.a(coap-observe.o)
                0x0000000000014dee                coap_remove_observer
                0x0000000000014e1e                coap_remove_observer_by_client
                0x0000000000014e86                coap_remove_observer_by_token
                0x0000000000014f19                coap_remove_observer_by_uri
                0x0000000000014fc0                coap_remove_observer_by_mid
                0x000000000001503c                coap_notify_observers
                0x0000000000015055                coap_notify_observers_sub
                0x00000000000154bf                coap_observe_handler
                0x00000000000155da                coap_has_observers
 .text          0x0000000000015643      0x733 build/cooja/mtype185.a(coap-uip.o)
                0x0000000000015643                coap_endpoint_log
                0x00000000000156c9                coap_endpoint_print
                0x000000000001574f                coap_endpoint_snprint
                0x0000000000015882                coap_endpoint_copy
                0x00000000000158bf                coap_endpoint_cmp
                0x00000000000159cd                coap_endpoint_parse
                0x0000000000015bb8                coap_endpoint_is_secure
                0x0000000000015bc7                coap_endpoint_is_connected
                0x0000000000015bfb                coap_endpoint_connect
                0x0000000000015c17                coap_endpoint_disconnect
                0x0000000000015c1d                coap_databuf
                0x0000000000015c27                coap_transport_init
                0x0000000000015c77                coap_sendto
 .text          0x0000000000015d76      0x324 build/cooja/mtype185.a(coap-timer.o)
                0x0000000000015e73                coap_timer_stop
                0x0000000000015e9e                coap_timer_set
                0x0000000000015ee1                coap_timer_reset
                0x0000000000015f24                coap_timer_time_to_next_expiration
                0x0000000000015f90                coap_timer_run
                0x000000000001605c                coap_timer_init
 .text          0x000000000001609a      0x2c6 build/cooja/mtype185.a(coap-transactio)
                0x0000000000016100                coap_new_transaction
                0x0000000000016166                coap_send_transaction
                0x00000000000162c7                coap_clear_transaction
                0x000000000001630f                coap_get_transaction_by_mid
 .text          0x0000000000016360     0x1ceb build/cooja/mtype185.a(coap.o)
                0x00000000000168cd                coap_init_connection
                0x00000000000168e1                coap_get_mid
                0x00000000000168fd                coap_init_message
                0x0000000000016946                coap_serialize_message
                0x0000000000016fc8                coap_parse_message
                0x00000000000176c7                coap_get_query_variable
                0x0000000000017709                coap_get_post_variable
                0x000000000001774d                coap_set_status_code
                0x0000000000017772                coap_set_token
                0x00000000000177b9                coap_get_header_content_format
                0x00000000000177ea                coap_set_header_content_format
                0x000000000001780d                coap_get_header_accept
                0x000000000001783e                coap_set_header_accept
                0x0000000000017861                coap_get_header_max_age
                0x0000000000017892                coap_set_header_max_age
                0x00000000000178b2                coap_get_header_etag
                0x00000000000178e4                coap_set_header_etag
                0x000000000001793b                coap_get_header_if_match
                0x000000000001796d                coap_set_header_if_match
                0x00000000000179c4                coap_get_header_if_none_match
                0x00000000000179de                coap_set_header_if_none_match
                0x00000000000179f5                coap_get_header_proxy_uri
                0x0000000000017a23                coap_set_header_proxy_uri
                0x0000000000017a60                coap_get_header_uri_host
                0x0000000000017a8e                coap_set_header_uri_host
                0x0000000000017acb                coap_get_header_uri_path
                0x0000000000017af9                coap_set_header_uri_path
                0x0000000000017b46                coap_get_header_uri_query
                0x0000000000017b7a                coap_set_header_uri_query
                0x0000000000017bd0                coap_get_header_location_path
                0x0000000000017bfe                coap_set_header_location_path
                0x0000000000017c97                coap_get_header_location_query
                0x0000000000017cc5                coap_set_header_location_query
                0x0000000000017d12                coap_get_header_observe
                0x0000000000017d41                coap_set_header_observe
                0x0000000000017d61                coap_get_header_block2
                0x0000000000017dcd                coap_set_header_block2
                0x0000000000017e44                coap_get_header_block1
                0x0000000000017eb9                coap_set_header_block1
                0x0000000000017f34                coap_get_header_size2
                0x0000000000017f64                coap_set_header_size2
                0x0000000000017f87                coap_get_header_size1
                0x0000000000017fb7                coap_set_header_size1
                0x0000000000017fda                coap_get_payload
                0x0000000000018014                coap_set_payload
 .text          0x000000000001804b      0x332 build/cooja/mtype185.a(contiki-main.o)
                0x000000000001804b                main
 .text          0x000000000001837d       0x92 build/cooja/mtype185.a(autostart.o)
                0x000000000001837d                autostart_start
                0x00000000000183c7                autostart_exit
 .text          0x000000000001840f      0x355 build/cooja/mtype185.a(ctimer.o)
                0x0000000000018537                ctimer_init
                0x000000000001856a                ctimer_set
                0x0000000000018590                ctimer_set_with_process
                0x000000000001860d                ctimer_reset
                0x0000000000018661                ctimer_restart
                0x00000000000186b5                ctimer_stop
                0x0000000000018705                ctimer_expired
 .text          0x0000000000018764      0x3d7 build/cooja/mtype185.a(log.o)
                0x0000000000018764                log_6addr
                0x00000000000187b7                log_6addr_compact_snprint
                0x0000000000018855                log_6addr_compact
                0x00000000000188a8                log_lladdr
                0x000000000001891a                log_lladdr_compact
                0x0000000000018982                log_bytes
                0x00000000000189c5                log_set_level
                0x0000000000018a80                log_get_level
                0x0000000000018af9                log_level_to_str
 .text          0x0000000000018b3b       0x1b build/cooja/mtype185.a(energest.o)
                0x0000000000018b3b                energest_init
                0x0000000000018b41                energest_flush
                0x0000000000018b47                energest_get_total_time
 .text          0x0000000000018b56      0x43f build/cooja/mtype185.a(etimer.o)
                0x0000000000018d7a                etimer_request_poll
                0x0000000000018e03                etimer_set
                0x0000000000018e2c                etimer_reset_with_new_interval
                0x0000000000018e5b                etimer_reset
                0x0000000000018e81                etimer_restart
                0x0000000000018ea7                etimer_adjust
                0x0000000000018ec4                etimer_expired
                0x0000000000018ed7                etimer_expiration_time
                0x0000000000018ee9                etimer_start_time
                0x0000000000018ef3                etimer_pending
                0x0000000000018f05                etimer_next_expiration_time
                0x0000000000018f1f                etimer_stop
 .text          0x0000000000018f95       0x25 build/cooja/mtype185.a(node-id.o)
                0x0000000000018f95                node_id_init
 .text          0x0000000000018fba       0xeb build/cooja/mtype185.a(rtimer.o)
                0x0000000000018fba                rtimer_init
                0x0000000000018fc8                rtimer_set
                0x0000000000019043                rtimer_run_next
 .text          0x00000000000190a5      0x4fb build/cooja/mtype185.a(process.o)
                0x00000000000190a5                process_alloc_event
                0x00000000000190ba                process_start
                0x0000000000019294                process_exit
                0x00000000000192b1                process_init
                0x0000000000019446                process_run
                0x0000000000019479                process_nevents
                0x0000000000019494                process_post
                0x0000000000019527                process_post_synch
                0x000000000001955c                process_poll
                0x000000000001958c                process_is_running
 .text          0x00000000000195a0       0xb1 build/cooja/mtype185.a(timer.o)
                0x00000000000195a0                timer_set
                0x00000000000195be                timer_reset
                0x00000000000195eb                timer_restart
                0x0000000000019600                timer_expired
                0x000000000001962d                timer_remaining
 .text          0x0000000000019651      0x28f build/cooja/mtype185.a(list.o)
                0x0000000000019651                list_init
                0x0000000000019660                list_head
                0x000000000001966a                list_copy
                0x000000000001967a                list_tail
                0x00000000000196b0                list_add
                0x00000000000196fc                list_push
                0x0000000000019728                list_chop
                0x0000000000019792                list_pop
                0x00000000000197ba                list_remove
                0x0000000000019822                list_length
                0x0000000000019850                list_insert
                0x0000000000019895                list_item_next
                0x00000000000198ac                list_contains
 .text          0x00000000000198e0      0x1b5 build/cooja/mtype185.a(memb.o)
                0x00000000000198e0                memb_init
                0x0000000000019935                memb_alloc
                0x0000000000019998                memb_free
                0x0000000000019a0f                memb_inmemb
                0x0000000000019a4e                memb_numfree
 .text          0x0000000000019a95      0x493 build/cooja/mtype185.a(button-hal.o)
                0x0000000000019c21                button_hal_get_by_id
                0x0000000000019c5f                button_hal_get_by_index
                0x0000000000019c8b                button_hal_get_state
                0x0000000000019cdd                button_hal_init
 .text          0x0000000000019f28      0x1f3 build/cooja/mtype185.a(serial-line.o)
                0x0000000000019f28                serial_line_input_byte
                0x000000000001a0e6                serial_line_init
 .text          0x000000000001a11b      0x168 build/cooja/mtype185.a(gpio-hal.o)
                0x000000000001a11b                gpio_hal_register_handler
                0x000000000001a138                gpio_hal_event_handler
                0x000000000001a194                gpio_hal_init
                0x000000000001a1b3                gpio_hal_arch_port_toggle_pin
                0x000000000001a1ef                gpio_hal_arch_port_toggle_pins
                0x000000000001a21d                gpio_hal_arch_no_port_toggle_pin
                0x000000000001a25b                gpio_hal_arch_no_port_toggle_pins
 .text          0x000000000001a283      0x2e7 build/cooja/mtype185.a(queuebuf.o)
                0x000000000001a28d                queuebuf_init
                0x000000000001a2b6                queuebuf_numfree
                0x000000000001a2ce                queuebuf_new_from_packetbuf
                0x000000000001a36d                queuebuf_update_attr_from_packetbuf
                0x000000000001a3a2                queuebuf_update_from_packetbuf
                0x000000000001a3f2                queuebuf_free
                0x000000000001a43b                queuebuf_to_packetbuf
                0x000000000001a4a7                queuebuf_dataptr
                0x000000000001a4e1                queuebuf_datalen
                0x000000000001a504                queuebuf_addr
                0x000000000001a539                queuebuf_attr
                0x000000000001a564                queuebuf_debug_print
 .text          0x000000000001a56a      0x407 build/cooja/mtype185.a(packetbuf.o)
                0x000000000001a56a                packetbuf_clear
                0x000000000001a595                packetbuf_copyfrom
                0x000000000001a5e4                packetbuf_copyto
                0x000000000001a677                packetbuf_hdralloc
                0x000000000001a6f3                packetbuf_hdrreduce
                0x000000000001a739                packetbuf_set_datalen
                0x000000000001a753                packetbuf_dataptr
                0x000000000001a770                packetbuf_hdrptr
                0x000000000001a77a                packetbuf_datalen
                0x000000000001a786                packetbuf_hdrlen
                0x000000000001a79d                packetbuf_totlen
                0x000000000001a7b3                packetbuf_remaininglen
                0x000000000001a7c6                packetbuf_attr_clear
                0x000000000001a812                packetbuf_attr_copyto
                0x000000000001a86a                packetbuf_attr_copyfrom
                0x000000000001a8c2                packetbuf_set_attr
                0x000000000001a8ec                packetbuf_attr
                0x000000000001a906                packetbuf_set_addr
                0x000000000001a937                packetbuf_addr
                0x000000000001a954                packetbuf_holds_broadcast
 .text          0x000000000001a971       0xef build/cooja/mtype185.a(netstack.o)
                0x000000000001a971                netstack_process_ip_callback
                0x000000000001aa02                netstack_ip_packet_processor_add
                0x000000000001aa25                uip_ds6_ip_packet_processor_rm
                0x000000000001aa42                netstack_init
 .text          0x000000000001aa60       0x4f build/cooja/mtype185.a(linkaddr.o)
                0x000000000001aa60                linkaddr_copy
                0x000000000001aa76                linkaddr_cmp
                0x000000000001aa99                linkaddr_set_node_addr
 .text          0x000000000001aaaf      0x229 build/cooja/mtype185.a(csma.o)
 .text          0x000000000001acd8      0x95d build/cooja/mtype185.a(csma-output.o)
                0x000000000001b36f                csma_output_packet
                0x000000000001b5fc                csma_output_init
 .text          0x000000000001b635      0xc11 build/cooja/mtype185.a(uip-ds6.o)
                0x000000000001b635                uip_ds6_default_prefix
                0x000000000001b63f                uip_ds6_set_default_prefix
                0x000000000001b66a                uip_ds6_init
                0x000000000001b8cc                uip_ds6_periodic
                0x000000000001b953                uip_ds6_list_loop
                0x000000000001ba13                uip_ds6_prefix_add
                0x000000000001babf                uip_ds6_prefix_rm
                0x000000000001bad2                uip_ds6_prefix_lookup
                0x000000000001bb11                uip_ds6_is_addr_onlink
                0x000000000001bb84                uip_ds6_addr_add
                0x000000000001bca4                uip_ds6_addr_rm
                0x000000000001bd4d                uip_ds6_addr_lookup
                0x000000000001bd86                uip_ds6_get_link_local
                0x000000000001be07                uip_ds6_get_global
                0x000000000001be88                uip_ds6_maddr_add
                0x000000000001bee8                uip_ds6_maddr_rm
                0x000000000001befb                uip_ds6_maddr_lookup
                0x000000000001bf34                uip_ds6_aaddr_add
                0x000000000001bf94                uip_ds6_aaddr_rm
                0x000000000001bfa7                uip_ds6_aaddr_lookup
                0x000000000001bfe0                uip_ds6_select_src
                0x000000000001c129                uip_ds6_set_addr_iid
                0x000000000001c154                uip_ds6_set_lladdr_from_iid
                0x000000000001c17d                get_match_length
                0x000000000001c20e                uip_ds6_compute_reachable_time
 .text          0x000000000001c246      0x128 build/cooja/mtype185.a(uip-udp-packet.)
                0x000000000001c246                uip_udp_packet_send
                0x000000000001c2a1                uip_udp_packet_sendto
 .text          0x000000000001c36e      0x365 build/cooja/mtype185.a(uip-ds6-route.o)
                0x000000000001c3bf                uip_ds6_route_init
                0x000000000001c3e9                uip_ds6_route_count_nexthop_neighbors
                0x000000000001c3f3                uip_ds6_route_nexthop
                0x000000000001c3fd                uip_ds6_route_head
                0x000000000001c407                uip_ds6_route_next
                0x000000000001c411                uip_ds6_route_is_nexthop
                0x000000000001c41b                uip_ds6_route_num_routes
                0x000000000001c425                uip_ds6_route_lookup
                0x000000000001c42f                uip_ds6_route_add
                0x000000000001c442                uip_ds6_route_rm
                0x000000000001c448                uip_ds6_route_rm_by_nexthop
                0x000000000001c44e                uip_ds6_defrt_head
                0x000000000001c467                uip_ds6_defrt_add
                0x000000000001c515                uip_ds6_defrt_rm
                0x000000000001c57b                uip_ds6_defrt_lookup
                0x000000000001c5e2                uip_ds6_defrt_choose
                0x000000000001c658                uip_ds6_defrt_periodic
 .text          0x000000000001c6d3      0x6f7 build/cooja/mtype185.a(tcpip.o)
                0x000000000001c6ed                tcpip_output
                0x000000000001c76c                udp_attach
                0x000000000001c784                udp_new
                0x000000000001c7ce                udp_broadcast_new
                0x000000000001c940                tcpip_input
                0x000000000001cad0                tcpip_ipv6_output
                0x000000000001ccc4                tcpip_poll_udp
                0x000000000001cce2                tcpip_uipcall
 .text          0x000000000001cdca     0x1205 build/cooja/mtype185.a(uip6.o)
                0x000000000001ce79                uip_chksum
                0x000000000001cf50                uip_icmp6chksum
                0x000000000001cf65                uip_udpchksum
                0x000000000001cf7a                uip_init
                0x000000000001cfc3                uip_remove_ext_hdr
                0x000000000001d09d                uip_udp_new
                0x000000000001d3b1                uip_process
                0x000000000001dea9                uip_htons
                0x000000000001decb                uip_htonl
                0x000000000001df09                uip_send
 .text          0x000000000001dfcf      0x369 build/cooja/mtype185.a(uip-ds6-nbr.o)
                0x000000000001dfcf                uip_ds6_neighbors_init
                0x000000000001dff3                uip_ds6_nbr_add
                0x000000000001e079                uip_ds6_nbr_rm
                0x000000000001e0c4                uip_ds6_nbr_update_ll
                0x000000000001e1b2                uip_ds6_nbr_get_ipaddr
                0x000000000001e1c7                uip_ds6_nbr_get_ll
                0x000000000001e1e3                uip_ds6_nbr_num
                0x000000000001e22c                uip_ds6_nbr_head
                0x000000000001e245                uip_ds6_nbr_next
                0x000000000001e261                uip_ds6_nbr_lookup
                0x000000000001e2b9                uip_ds6_nbr_ll_lookup
                0x000000000001e2d5                uip_ds6_nbr_ipaddr_from_lladdr
                0x000000000001e2fe                uip_ds6_nbr_lladdr_from_ipaddr
                0x000000000001e332                uip_ds6_link_callback
 .text          0x000000000001e338      0x6ad build/cooja/mtype185.a(uip-nd6.o)
                0x000000000001e9cc                uip_nd6_init
 .text          0x000000000001e9e5     0x2f35 build/cooja/mtype185.a(sicslowpan.o)
                0x000000000001efec                netstack_sniffer_add
                0x000000000001effa                netstack_sniffer_remove
                0x00000000000218ee                sicslowpan_init
                0x0000000000021910                sicslowpan_get_last_rssi
 .text          0x000000000002191a      0x4d1 build/cooja/mtype185.a(uiplib.o)
                0x000000000002191a                uiplib_ip6addrconv
                0x0000000000021ad2                uiplib_ip4addrconv
                0x0000000000021b95                uiplib_ipaddr_print
                0x0000000000021be8                uiplib_ipaddr_snprint
 .text          0x0000000000021deb      0x4c9 build/cooja/mtype185.a(rpl.o)
                0x0000000000021deb                rpl_lollipop_greater_than
                0x0000000000021e45                rpl_get_global_address
                0x0000000000021f3d                rpl_link_callback
                0x0000000000021f81                rpl_has_joined
                0x0000000000021fa6                rpl_is_reachable
                0x0000000000022027                rpl_reset_prefix
                0x0000000000022091                rpl_set_prefix_from_addr
                0x0000000000022176                rpl_set_prefix
                0x0000000000022290                rpl_set_leaf_only
                0x00000000000222a8                rpl_get_leaf_only
 .text          0x00000000000222b4     0x138c build/cooja/mtype185.a(rpl-icmp6.o)
                0x00000000000223d9                rpl_icmp6_update_nbr_table
                0x0000000000022462                rpl_icmp6_dis_output
                0x0000000000022aa8                rpl_icmp6_dio_output
                0x00000000000232a6                rpl_icmp6_dao_output
                0x0000000000023587                rpl_icmp6_dao_ack_output
                0x00000000000235f7                rpl_icmp6_init
 .text          0x0000000000023640      0x264 build/cooja/mtype185.a(rpl-dag-root.o)
                0x0000000000023640                rpl_dag_root_print_links
                0x000000000002376c                rpl_dag_root_set_prefix
                0x0000000000023798                rpl_dag_root_start
                0x0000000000023875                rpl_dag_root_is_root
 .text          0x00000000000238a4       0x30 build/cooja/mtype185.a(watchdog.o)
                0x00000000000238a4                watchdog_init
                0x00000000000238aa                watchdog_start
                0x00000000000238b0                watchdog_periodic
                0x00000000000238c8                watchdog_stop
                0x00000000000238ce                watchdog_reboot
 .text          0x00000000000238d4       0x4a build/cooja/mtype185.a(int-master.o)
                0x00000000000238d4                int_master_enable
                0x00000000000238e4                int_master_read_and_disable
                0x0000000000023901                int_master_status_set
                0x000000000002390f                int_master_is_enabled
 .text          0x000000000002391e      0x6ee build/cooja/mtype185.a(coap-observe-cl)
                0x00000000000239bc                coap_obs_add_observee
                0x0000000000023a58                coap_obs_remove_observee
                0x0000000000023a88                coap_get_obs_subject_by_token
                0x0000000000023af0                coap_obs_remove_observee_by_token
                0x0000000000023b83                coap_obs_remove_observee_by_url
                0x0000000000023cdb                coap_handle_notification
                0x0000000000023e36                coap_generate_token
                0x0000000000023e58                coap_obs_request_registration
 .text          0x000000000002400c      0x226 build/cooja/mtype185.a(coap-timer-defa)
 .text          0x0000000000024232       0xc7 build/cooja/mtype185.a(stimer.o)
                0x0000000000024232                stimer_set
                0x0000000000024250                stimer_reset
                0x000000000002427d                stimer_restart
                0x0000000000024292                stimer_expired
                0x00000000000242bd                stimer_remaining
                0x00000000000242e1                stimer_elapsed
 .text          0x00000000000242f9      0x156 build/cooja/mtype185.a(ringbuf.o)
                0x00000000000242f9                ringbuf_init
                0x000000000002432b                ringbuf_put
                0x00000000000243a9                ringbuf_get
                0x0000000000024416                ringbuf_size
                0x0000000000024428                ringbuf_elements
 .text          0x000000000002444f       0x1f build/cooja/mtype185.a(assert.o)
                0x000000000002444f                _xassert
 .text          0x000000000002446e      0x9aa build/cooja/mtype185.a(nbr-table.o)
                0x0000000000024791                nbr_table_count_entries
                0x000000000002481f                nbr_table_gc_get_worst
                0x0000000000024855                nbr_table_can_accept_new
                0x00000000000249b0                nbr_table_entry_is_allowed
                0x0000000000024a34                nbr_table_register
                0x0000000000024aa1                nbr_table_is_registered
                0x0000000000024adc                nbr_table_head
                0x0000000000024b37                nbr_table_next
                0x0000000000024b98                nbr_table_add_lladdr
                0x0000000000024cd0                nbr_table_get_from_lladdr
                0x0000000000024d1c                nbr_table_remove
                0x0000000000024d54                nbr_table_lock
                0x0000000000024d6e                nbr_table_unlock
                0x0000000000024d88                nbr_table_get_lladdr
                0x0000000000024db4                nbr_table_clear
                0x0000000000024de9                nbr_table_key_head
                0x0000000000024e02                nbr_table_key_next
 .text          0x0000000000024e18      0x3a5 build/cooja/mtype185.a(link-stats.o)
                0x0000000000024e18                link_stats_from_lladdr
                0x0000000000024e34                link_stats_get_lladdr
                0x0000000000024e50                link_stats_is_fresh
                0x0000000000024e8c                guess_etx_from_rssi
                0x0000000000024f08                link_stats_packet_sent
                0x0000000000025028                link_stats_input_callback
                0x0000000000025138                link_stats_reset
                0x0000000000025188                link_stats_init
 .text          0x00000000000251bd      0x187 build/cooja/mtype185.a(mac-sequence.o)
                0x00000000000251bd                mac_sequence_is_duplicate
                0x000000000002525d                mac_sequence_register_seqno
 .text          0x0000000000025344       0x23 build/cooja/mtype185.a(mac.o)
                0x0000000000025344                mac_call_sent_callback
 .text          0x0000000000025367      0x432 build/cooja/mtype185.a(framer-802154.o)
                0x00000000000254f6                framer_802154_setup_params
 .text          0x0000000000025799      0xb6f build/cooja/mtype185.a(frame802154.o)
                0x00000000000257ca                frame802154_get_pan_id
                0x00000000000257d6                frame802154_set_pan_id
                0x00000000000257f0                frame802154_has_panid
                0x000000000002599f                frame802154_check_dest_panid
                0x0000000000025a27                frame802154_is_broadcast_addr
                0x0000000000025a74                frame802154_extract_linkaddr
                0x0000000000025cd9                frame802154_hdrlen
                0x0000000000025d4c                frame802154_create_fcf
                0x0000000000025e04                frame802154_create
                0x0000000000025f79                frame802154_parse_fcf
                0x000000000002605b                frame802154_parse
 .text          0x0000000000026308       0x2d build/cooja/mtype185.a(csma-security.o)
                0x0000000000026308                csma_security_create_frame
                0x0000000000026326                csma_security_parse_frame
 .text          0x0000000000026335      0x509 build/cooja/mtype185.a(uipbuf.o)
                0x0000000000026335                uipbuf_clear
                0x000000000002635c                uipbuf_add_ext_hdr
                0x00000000000263dc                uipbuf_set_len
                0x0000000000026409                uipbuf_set_len_field
                0x0000000000026435                uipbuf_get_len_field
                0x0000000000026455                uipbuf_get_next_header
                0x0000000000026587                uipbuf_get_last_header
                0x0000000000026600                uipbuf_search_header
                0x00000000000266b6                uipbuf_get_attr
                0x00000000000266dd                uipbuf_set_attr
                0x0000000000026714                uipbuf_set_default_attr
                0x000000000002674b                uipbuf_clear_attr
                0x0000000000026794                uipbuf_set_attr_flag
                0x00000000000267b5                uipbuf_clr_attr_flag
                0x00000000000267dc                uipbuf_is_attr_flag
                0x0000000000026800                uipbuf_init
 .text          0x000000000002683e      0x73f build/cooja/mtype185.a(uip-icmp6.o)
                0x00000000000268b3                uip_icmp6_input
                0x000000000002690a                uip_icmp6_register_input_handler
                0x0000000000026a5d                uip_icmp6_error_output
                0x0000000000026d0e                uip_icmp6_send
                0x0000000000026f05                uip_icmp6_echo_reply_callback_add
                0x0000000000026f37                uip_icmp6_echo_reply_callback_rm
                0x0000000000026f54                uip_icmp6_init
 .text          0x0000000000026f7d      0x69b build/cooja/mtype185.a(uip-sr.o)
                0x0000000000026f7d                uip_sr_num_nodes
                0x000000000002700b                uip_sr_get_node
                0x0000000000027062                uip_sr_is_addr_reachable
                0x0000000000027110                uip_sr_expire_parent
                0x0000000000027159                uip_sr_update_node
                0x0000000000027289                uip_sr_init
                0x00000000000272bd                uip_sr_node_head
                0x00000000000272d6                uip_sr_node_next
                0x00000000000272ec                uip_sr_periodic
                0x00000000000273f2                uip_sr_free_all
                0x0000000000027462                uip_sr_link_snprint
 .text          0x0000000000027618      0x146 build/cooja/mtype185.a(uip-packetqueue)
                0x0000000000027646                uip_packetqueue_new
                0x0000000000027655                uip_packetqueue_alloc
                0x00000000000276b0                uip_packetqueue_free
                0x00000000000276f7                uip_packetqueue_buf
                0x0000000000027714                uip_packetqueue_buflen
                0x0000000000027735                uip_packetqueue_set_buflen
 .text          0x000000000002775e       0x70 build/cooja/mtype185.a(rpl-nbr-policy.)
                0x0000000000027797                rpl_nbr_gc_get_worst
 .text          0x00000000000277ce      0x915 build/cooja/mtype185.a(rpl-neighbor.o)
                0x000000000002784a                rpl_neighbor_snprint
                0x0000000000027afd                rpl_neighbor_print_list
                0x0000000000027bb2                rpl_neighbor_count
                0x0000000000027c59                rpl_neighbor_get_from_lladdr
                0x0000000000027c75                rpl_neighbor_is_acceptable_parent
                0x0000000000027ca9                rpl_neighbor_get_link_metric
                0x0000000000027cdd                rpl_neighbor_rank_via_nbr
                0x0000000000027d11                rpl_neighbor_get_lladdr
                0x0000000000027d2d                rpl_neighbor_get_ipaddr
                0x0000000000027d54                rpl_neighbor_get_link_stats
                0x0000000000027d7b                rpl_neighbor_is_fresh
                0x0000000000027da2                rpl_neighbor_is_reachable
                0x0000000000027ded                rpl_neighbor_is_parent
                0x0000000000027e17                rpl_neighbor_set_preferred_parent
                0x0000000000027eae                rpl_neighbor_remove_all
                0x0000000000027f0a                rpl_neighbor_get_from_ipaddr
                0x0000000000028018                rpl_neighbor_select_best
                0x00000000000280c4                rpl_neighbor_init
 .text          0x00000000000280e3      0xe69 build/cooja/mtype185.a(rpl-dag.o)
                0x00000000000280e3                rpl_dag_state_to_str
                0x0000000000028122                rpl_dag_get_root_ipaddr
                0x000000000002816a                rpl_dag_leave
                0x00000000000281f3                rpl_dag_poison_and_leave
                0x000000000002820b                rpl_dag_periodic
                0x0000000000028293                rpl_is_addr_in_our_dag
                0x00000000000282d7                rpl_get_default_instance
                0x00000000000282f3                rpl_get_any_dag
                0x000000000002834c                rpl_refresh_routes
                0x000000000002838c                rpl_global_repair
                0x0000000000028425                rpl_local_repair
                0x000000000002846f                rpl_dag_ready_to_advertise
                0x00000000000284b2                rpl_dag_update_state
                0x0000000000028bdf                rpl_process_dio
                0x0000000000028c5d                rpl_process_dis
                0x0000000000028ca2                rpl_process_dao
                0x0000000000028d31                rpl_process_dao_ack
                0x0000000000028dc8                rpl_process_hbh
                0x0000000000028e18                rpl_dag_init_root
                0x0000000000028f2c                rpl_dag_init
 .text          0x0000000000028f4c      0x9e7 build/cooja/mtype185.a(rpl-timers.o)
                0x0000000000028f4c                rpl_timers_schedule_periodic_dis
                0x000000000002909a                rpl_timers_dio_reset
                0x00000000000291a8                rpl_timers_schedule_unicast_dio
                0x00000000000292fc                rpl_timers_schedule_dao
                0x00000000000293bb                rpl_timers_schedule_dao_ack
                0x0000000000029441                rpl_timers_notify_dao_ack
                0x000000000002949f                get_probing_delay
                0x00000000000294d3                get_probing_target
                0x00000000000296bd                rpl_schedule_probing
                0x00000000000296eb                rpl_schedule_probing_now
                0x0000000000029755                rpl_timers_unschedule_leaving
                0x000000000002978d                rpl_timers_schedule_leaving
                0x00000000000297ce                rpl_timers_init
                0x000000000002985e                rpl_timers_stop_dag_timers
                0x00000000000298d7                rpl_timers_unschedule_state_update
                0x00000000000298fb                rpl_timers_schedule_state_update
 .text          0x0000000000029933      0xbd8 build/cooja/mtype185.a(rpl-ext-header.)
                0x0000000000029933                rpl_ext_header_srh_get_next_hop
                0x0000000000029a1a                rpl_ext_header_srh_update
                0x0000000000029fd0                rpl_ext_header_hbh_update
                0x000000000002a2d0                rpl_ext_header_update
                0x000000000002a359                rpl_ext_header_remove
 .text          0x000000000002a50b      0x31b build/cooja/mtype185.a(rpl-mrhof.o)
 *fill*         0x000000000002a826        0xa 
 .text          0x000000000002a830      0x122 /usr/lib/gcc/i686-linux-gnu/5/libgcc.a(_udivdi3.o)
                0x000000000002a830                __udivdi3
 .text          0x000000000002a952        0x0 /usr/lib/gcc/i686-linux-gnu/5/crtendS.o
 .text          0x000000000002a952        0x0 /usr/lib/gcc/i686-linux-gnu/5/../../../i386-linux-gnu/crtn.o
 *(.gnu.warning)

.fini           0x000000000002a954       0x14
 *(SORT(.fini))
 .fini          0x000000000002a954        0xf /usr/lib/gcc/i686-linux-gnu/5/../../../i386-linux-gnu/crti.o
                0x000000000002a954                _fini
 .fini          0x000000000002a963        0x5 /usr/lib/gcc/i686-linux-gnu/5/../../../i386-linux-gnu/crtn.o
                [!provide]                        PROVIDE (__etext, .)
                [!provide]                        PROVIDE (_etext, .)
                [!provide]                        PROVIDE (etext, .)

.rodata         0x000000000002a980      0xacb
 *(.rodata .rodata.* .gnu.linkonce.r.*)
 .rodata        0x000000000002a980       0xf1 oxygen_sensor.o
                0x000000000002a9d0                autostart_processes
 *fill*         0x000000000002aa71        0x3 
 .rodata        0x000000000002aa74        0x8 build/cooja/mtype185.a(beep.o)
                0x000000000002aa74                beep_interface
 .rodata        0x000000000002aa7c        0xe build/cooja/mtype185.a(leds-arch.o)
                0x000000000002aa7c                leds_interface
                0x000000000002aa84                leds_arch_leds
 *fill*         0x000000000002aa8a        0x2 
 .rodata        0x000000000002aa8c        0x8 build/cooja/mtype185.a(moteid.o)
                0x000000000002aa8c                moteid_interface
 .rodata        0x000000000002aa94       0x1c build/cooja/mtype185.a(pir-sensor.o)
                0x000000000002aa94                pir_interface
                0x000000000002aaa0                pir_sensor
 .rodata        0x000000000002aab0        0xe build/cooja/mtype185.a(rs232.o)
                0x000000000002aab0                rs232_interface
 *fill*         0x000000000002aabe        0x2 
 .rodata        0x000000000002aac0       0x24 build/cooja/mtype185.a(vib-sensor.o)
                0x000000000002aac0                vib_interface
                0x000000000002aad4                vib_sensor
 .rodata        0x000000000002aae4        0x8 build/cooja/mtype185.a(clock.o)
                0x000000000002aae4                clock_interface
 .rodata        0x000000000002aaec        0x8 build/cooja/mtype185.a(cooja-log.o)
                0x000000000002aaec                simlog_interface
 .rodata        0x000000000002aaf4       0x2f build/cooja/mtype185.a(cfs-cooja.o)
                0x000000000002aaf4                cfs_interface
 *fill*         0x000000000002ab23       0x1d 
 .rodata        0x000000000002ab40       0xb8 build/cooja/mtype185.a(cooja-radio.o)
                0x000000000002ab40                radio_interface
                0x000000000002abc0                cooja_radio_driver
 .rodata        0x000000000002abf8        0x8 build/cooja/mtype185.a(eeprom.o)
                0x000000000002abf8                eeprom_interface
 .rodata        0x000000000002ac00        0x8 build/cooja/mtype185.a(sensors.o)
 .rodata        0x000000000002ac08       0x2c build/cooja/mtype185.a(buttons.o)
                0x000000000002ac08                button_interface
                0x000000000002ac1c                button_hal_button_count
                0x000000000002ac24                button_sensor
 .rodata        0x000000000002ac34       0x69 build/cooja/mtype185.a(oxygen_measurin)
 .rodata        0x000000000002ac9d       0x41 build/cooja/mtype185.a(coap-engine.o)
 .rodata        0x000000000002acde       0x19 build/cooja/mtype185.a(coap-res-well-k)
 .rodata        0x000000000002acf7       0x11 build/cooja/mtype185.a(coap-observe.o)
 .rodata        0x000000000002ad08       0x35 build/cooja/mtype185.a(coap-uip.o)
 *fill*         0x000000000002ad3d        0x3 
 .rodata        0x000000000002ad40      0x1ac build/cooja/mtype185.a(coap.o)
 .rodata        0x000000000002aeec       0xf8 build/cooja/mtype185.a(contiki-main.o)
 .rodata        0x000000000002afe4        0xf build/cooja/mtype185.a(ctimer.o)
 *fill*         0x000000000002aff3        0x1 
 .rodata        0x000000000002aff4       0xc4 build/cooja/mtype185.a(log.o)
 .rodata        0x000000000002b0b8        0xc build/cooja/mtype185.a(etimer.o)
 .rodata        0x000000000002b0c4       0x13 build/cooja/mtype185.a(button-hal.o)
 .rodata        0x000000000002b0d7        0xe build/cooja/mtype185.a(serial-line.o)
 *fill*         0x000000000002b0e5        0x3 
 .rodata        0x000000000002b0e8        0x8 build/cooja/mtype185.a(linkaddr.o)
                0x000000000002b0e8                linkaddr_null
 .rodata        0x000000000002b0f0       0x24 build/cooja/mtype185.a(csma.o)
                0x000000000002b0f8                csma_driver
 .rodata        0x000000000002b114       0x24 build/cooja/mtype185.a(csma-output.o)
 .rodata        0x000000000002b138       0x4d build/cooja/mtype185.a(uip-ds6-route.o)
 .rodata        0x000000000002b185        0xd build/cooja/mtype185.a(tcpip.o)
 *fill*         0x000000000002b192        0x2 
 .rodata        0x000000000002b194       0x30 build/cooja/mtype185.a(sicslowpan.o)
                0x000000000002b194                unc_llconf
                0x000000000002b198                unc_ctxconf
                0x000000000002b19c                unc_mxconf
                0x000000000002b1a0                llprefix
                0x000000000002b1b4                sicslowpan_driver
 .rodata        0x000000000002b1c4       0x2d build/cooja/mtype185.a(uiplib.o)
 *fill*         0x000000000002b1f1        0xf 
 .rodata        0x000000000002b200       0x74 build/cooja/mtype185.a(rpl.o)
                0x000000000002b220                rpl_lite_driver
 .rodata        0x000000000002b274       0x20 build/cooja/mtype185.a(coap-timer-defa)
                0x000000000002b288                coap_timer_default_driver
 .rodata        0x000000000002b294       0x25 build/cooja/mtype185.a(assert.o)
 *fill*         0x000000000002b2b9        0x3 
 .rodata        0x000000000002b2bc        0xc build/cooja/mtype185.a(framer-802154.o)
                0x000000000002b2bc                framer_802154
 .rodata        0x000000000002b2c8       0x44 build/cooja/mtype185.a(uip-sr.o)
 .rodata        0x000000000002b30c       0x58 build/cooja/mtype185.a(rpl-neighbor.o)
 .rodata        0x000000000002b364       0xdb build/cooja/mtype185.a(rpl-dag.o)
 .rodata        0x000000000002b43f        0xc build/cooja/mtype185.a(rpl-timers.o)

.rodata1
 *(.rodata1)

.eh_frame_hdr   0x000000000002b44c     0x1aa4
 *(.eh_frame_hdr)
 .eh_frame_hdr  0x000000000002b44c     0x1aa4 oxygen_sensor.o
                0x000000000002b44c                __GNU_EH_FRAME_HDR
 *(.eh_frame_entry .eh_frame_entry.*)

.eh_frame       0x000000000002cef0     0x6c14
 *(.eh_frame)
 .eh_frame      0x000000000002cef0       0x3c /usr/lib/gcc/i686-linux-gnu/5/../../../i386-linux-gnu/crti.o
                                         0x40 (size before relaxing)
 .eh_frame      0x000000000002cf2c       0x40 oxygen_sensor.o
                                         0x58 (size before relaxing)
 .eh_frame      0x000000000002cf6c      0x178 build/cooja/mtype185.o
                                        0x190 (size before relaxing)
 .eh_frame      0x000000000002d0e4       0x40 build/cooja/mtype185.a(simEnvChange.o)
                                         0x58 (size before relaxing)
 .eh_frame      0x000000000002d124       0x60 build/cooja/mtype185.a(cooja_mt.o)
                                         0x78 (size before relaxing)
 .eh_frame      0x000000000002d184       0x80 build/cooja/mtype185.a(cooja_mtarch.o)
                                         0x98 (size before relaxing)
 .eh_frame      0x000000000002d204       0xc8 build/cooja/mtype185.a(rtimer-arch.o)
                                         0xe0 (size before relaxing)
 .eh_frame      0x000000000002d2cc      0x160 build/cooja/mtype185.a(beep.o)
                                        0x178 (size before relaxing)
 .eh_frame      0x000000000002d42c       0x80 build/cooja/mtype185.a(leds-arch.o)
                                         0x98 (size before relaxing)
 .eh_frame      0x000000000002d4ac       0x40 build/cooja/mtype185.a(moteid.o)
                                         0x58 (size before relaxing)
 .eh_frame      0x000000000002d4ec       0xa0 build/cooja/mtype185.a(pir-sensor.o)
                                         0xb8 (size before relaxing)
 .eh_frame      0x000000000002d58c      0x100 build/cooja/mtype185.a(rs232.o)
                                        0x118 (size before relaxing)
 .eh_frame      0x000000000002d68c       0xa0 build/cooja/mtype185.a(vib-sensor.o)
                                         0xb8 (size before relaxing)
 .eh_frame      0x000000000002d72c       0xc0 build/cooja/mtype185.a(clock.o)
                                         0xd8 (size before relaxing)
 .eh_frame      0x000000000002d7ec      0x120 build/cooja/mtype185.a(cooja-log.o)
                                        0x138 (size before relaxing)
 .eh_frame      0x000000000002d90c      0x160 build/cooja/mtype185.a(cfs-cooja.o)
                                        0x178 (size before relaxing)
 .eh_frame      0x000000000002da6c      0x340 build/cooja/mtype185.a(cooja-radio.o)
                                        0x358 (size before relaxing)
 .eh_frame      0x000000000002ddac       0xa0 build/cooja/mtype185.a(eeprom.o)
                                         0xb8 (size before relaxing)
 .eh_frame      0x000000000002de4c       0x40 build/cooja/mtype185.a(random.o)
                                         0x58 (size before relaxing)
 .eh_frame      0x000000000002de8c       0xc0 build/cooja/mtype185.a(sensors.o)
                                         0xd8 (size before relaxing)
 .eh_frame      0x000000000002df4c      0x120 build/cooja/mtype185.a(leds.o)
                                        0x138 (size before relaxing)
 .eh_frame      0x000000000002e06c      0x220 build/cooja/mtype185.a(gpio-hal-arch.o)
                                        0x238 (size before relaxing)
 .eh_frame      0x000000000002e28c       0xa0 build/cooja/mtype185.a(buttons.o)
                                         0xb8 (size before relaxing)
 .eh_frame      0x000000000002e32c       0x60 build/cooja/mtype185.a(oxygen_measurin)
                                         0x78 (size before relaxing)
 .eh_frame      0x000000000002e38c       0x44 build/cooja/mtype185.a(coap-blocking-a)
                                         0x5c (size before relaxing)
 .eh_frame      0x000000000002e3d0      0x220 build/cooja/mtype185.a(coap-engine.o)
                                        0x238 (size before relaxing)
 .eh_frame      0x000000000002e5f0       0x24 build/cooja/mtype185.a(coap-res-well-k)
                                         0x3c (size before relaxing)
 .eh_frame      0x000000000002e614      0x188 build/cooja/mtype185.a(coap-observe.o)
                                        0x1a0 (size before relaxing)
 .eh_frame      0x000000000002e79c      0x250 build/cooja/mtype185.a(coap-uip.o)
                                        0x268 (size before relaxing)
 .eh_frame      0x000000000002e9ec      0x114 build/cooja/mtype185.a(coap-timer.o)
                                        0x12c (size before relaxing)
 .eh_frame      0x000000000002eb00      0x100 build/cooja/mtype185.a(coap-transactio)
                                        0x118 (size before relaxing)
 .eh_frame      0x000000000002ec00      0x6ec build/cooja/mtype185.a(coap.o)
                                        0x704 (size before relaxing)
 .eh_frame      0x000000000002f2ec       0x30 build/cooja/mtype185.a(contiki-main.o)
                                         0x48 (size before relaxing)
 .eh_frame      0x000000000002f31c       0x40 build/cooja/mtype185.a(autostart.o)
                                         0x58 (size before relaxing)
 .eh_frame      0x000000000002f35c      0x100 build/cooja/mtype185.a(ctimer.o)
                                        0x118 (size before relaxing)
 .eh_frame      0x000000000002f45c      0x120 build/cooja/mtype185.a(log.o)
                                        0x138 (size before relaxing)
 .eh_frame      0x000000000002f57c       0x60 build/cooja/mtype185.a(energest.o)
                                         0x78 (size before relaxing)
 .eh_frame      0x000000000002f5dc      0x1e0 build/cooja/mtype185.a(etimer.o)
                                        0x1f8 (size before relaxing)
 .eh_frame      0x000000000002f7bc       0x20 build/cooja/mtype185.a(node-id.o)
                                         0x38 (size before relaxing)
 .eh_frame      0x000000000002f7dc       0x60 build/cooja/mtype185.a(rtimer.o)
                                         0x78 (size before relaxing)
 .eh_frame      0x000000000002f83c      0x1c4 build/cooja/mtype185.a(process.o)
                                        0x1dc (size before relaxing)
 .eh_frame      0x000000000002fa00       0xa4 build/cooja/mtype185.a(timer.o)
                                         0xbc (size before relaxing)
 .eh_frame      0x000000000002faa4      0x1a0 build/cooja/mtype185.a(list.o)
                                        0x1b8 (size before relaxing)
 .eh_frame      0x000000000002fc44       0xa0 build/cooja/mtype185.a(memb.o)
                                         0xb8 (size before relaxing)
 .eh_frame      0x000000000002fce4      0x164 build/cooja/mtype185.a(button-hal.o)
                                        0x17c (size before relaxing)
 .eh_frame      0x000000000002fe48       0x60 build/cooja/mtype185.a(serial-line.o)
                                         0x78 (size before relaxing)
 .eh_frame      0x000000000002fea8       0xe0 build/cooja/mtype185.a(gpio-hal.o)
                                         0xf8 (size before relaxing)
 .eh_frame      0x000000000002ff88      0x1a0 build/cooja/mtype185.a(queuebuf.o)
                                        0x1b8 (size before relaxing)
 .eh_frame      0x0000000000030128      0x28c build/cooja/mtype185.a(packetbuf.o)
                                        0x2a4 (size before relaxing)
 .eh_frame      0x00000000000303b4       0x80 build/cooja/mtype185.a(netstack.o)
                                         0x98 (size before relaxing)
 .eh_frame      0x0000000000030434       0x60 build/cooja/mtype185.a(linkaddr.o)
                                         0x78 (size before relaxing)
 .eh_frame      0x0000000000030494       0xe0 build/cooja/mtype185.a(csma.o)
                                         0xf8 (size before relaxing)
 .eh_frame      0x0000000000030574      0x1d0 build/cooja/mtype185.a(csma-output.o)
                                        0x1e8 (size before relaxing)
 .eh_frame      0x0000000000030744      0x328 build/cooja/mtype185.a(uip-ds6.o)
                                        0x340 (size before relaxing)
 .eh_frame      0x0000000000030a6c       0x40 build/cooja/mtype185.a(uip-udp-packet.)
                                         0x58 (size before relaxing)
 .eh_frame      0x0000000000030aac      0x240 build/cooja/mtype185.a(uip-ds6-route.o)
                                        0x258 (size before relaxing)
 .eh_frame      0x0000000000030cec      0x244 build/cooja/mtype185.a(tcpip.o)
                                        0x25c (size before relaxing)
 .eh_frame      0x0000000000030f30      0x1e8 build/cooja/mtype185.a(uip6.o)
                                        0x200 (size before relaxing)
 .eh_frame      0x0000000000031118      0x1c0 build/cooja/mtype185.a(uip-ds6-nbr.o)
                                        0x1d8 (size before relaxing)
 .eh_frame      0x00000000000312d8       0x84 build/cooja/mtype185.a(uip-nd6.o)
                                         0x9c (size before relaxing)
 .eh_frame      0x000000000003135c      0x2f8 build/cooja/mtype185.a(sicslowpan.o)
                                        0x310 (size before relaxing)
 .eh_frame      0x0000000000031654       0x88 build/cooja/mtype185.a(uiplib.o)
                                         0xa0 (size before relaxing)
 .eh_frame      0x00000000000316dc      0x1e0 build/cooja/mtype185.a(rpl.o)
                                        0x1f8 (size before relaxing)
 .eh_frame      0x00000000000318bc      0x1c4 build/cooja/mtype185.a(rpl-icmp6.o)
                                        0x1dc (size before relaxing)
 .eh_frame      0x0000000000031a80       0xa0 build/cooja/mtype185.a(rpl-dag-root.o)
                                         0xb8 (size before relaxing)
 .eh_frame      0x0000000000031b20       0xa0 build/cooja/mtype185.a(watchdog.o)
                                         0xb8 (size before relaxing)
 .eh_frame      0x0000000000031bc0       0x80 build/cooja/mtype185.a(int-master.o)
                                         0x98 (size before relaxing)
 .eh_frame      0x0000000000031c40      0x1c4 build/cooja/mtype185.a(coap-observe-cl)
                                        0x1dc (size before relaxing)
 .eh_frame      0x0000000000031e04       0xa4 build/cooja/mtype185.a(coap-timer-defa)
                                         0xbc (size before relaxing)
 .eh_frame      0x0000000000031ea8       0xc4 build/cooja/mtype185.a(stimer.o)
                                         0xdc (size before relaxing)
 .eh_frame      0x0000000000031f6c       0xa0 build/cooja/mtype185.a(ringbuf.o)
                                         0xb8 (size before relaxing)
 .eh_frame      0x000000000003200c       0x20 build/cooja/mtype185.a(assert.o)
                                         0x38 (size before relaxing)
 .eh_frame      0x000000000003202c      0x3f0 build/cooja/mtype185.a(nbr-table.o)
                                        0x408 (size before relaxing)
 .eh_frame      0x000000000003241c      0x120 build/cooja/mtype185.a(link-stats.o)
                                        0x138 (size before relaxing)
 .eh_frame      0x000000000003253c       0x48 build/cooja/mtype185.a(mac-sequence.o)
                                         0x60 (size before relaxing)
 .eh_frame      0x0000000000032584       0x20 build/cooja/mtype185.a(mac.o)
                                         0x38 (size before relaxing)
 .eh_frame      0x00000000000325a4       0xa4 build/cooja/mtype185.a(framer-802154.o)
                                         0xbc (size before relaxing)
 .eh_frame      0x0000000000032648      0x1a4 build/cooja/mtype185.a(frame802154.o)
                                        0x1bc (size before relaxing)
 .eh_frame      0x00000000000327ec       0x40 build/cooja/mtype185.a(csma-security.o)
                                         0x58 (size before relaxing)
 .eh_frame      0x000000000003282c      0x200 build/cooja/mtype185.a(uipbuf.o)
                                        0x218 (size before relaxing)
 .eh_frame      0x0000000000032a2c      0x150 build/cooja/mtype185.a(uip-icmp6.o)
                                        0x168 (size before relaxing)
 .eh_frame      0x0000000000032b7c      0x184 build/cooja/mtype185.a(uip-sr.o)
                                        0x19c (size before relaxing)
 .eh_frame      0x0000000000032d00       0xe0 build/cooja/mtype185.a(uip-packetqueue)
                                         0xf8 (size before relaxing)
 .eh_frame      0x0000000000032de0       0x44 build/cooja/mtype185.a(rpl-nbr-policy.)
                                         0x5c (size before relaxing)
 .eh_frame      0x0000000000032e24      0x2d4 build/cooja/mtype185.a(rpl-neighbor.o)
                                        0x2ec (size before relaxing)
 .eh_frame      0x00000000000330f8      0x370 build/cooja/mtype185.a(rpl-dag.o)
                                        0x388 (size before relaxing)
 .eh_frame      0x0000000000033468      0x3a8 build/cooja/mtype185.a(rpl-timers.o)
                                        0x3c0 (size before relaxing)
 .eh_frame      0x0000000000033810      0x124 build/cooja/mtype185.a(rpl-ext-header.)
                                        0x13c (size before relaxing)
 .eh_frame      0x0000000000033934      0x148 build/cooja/mtype185.a(rpl-mrhof.o)
                                        0x160 (size before relaxing)
 .eh_frame      0x0000000000033a7c       0x84 /usr/lib/gcc/i686-linux-gnu/5/libgcc.a(_udivdi3.o)
                                         0x9c (size before relaxing)
 .eh_frame      0x0000000000033b00        0x4 /usr/lib/gcc/i686-linux-gnu/5/crtendS.o
 *(.eh_frame.*)

.gcc_except_table
 *(.gcc_except_table .gcc_except_table.*)

.gnu_extab
 *(.gnu_extab*)

.exception_ranges
 *(.exception_ranges .exception_ranges*)
                0x0000000000034f10                . = DATA_SEGMENT_ALIGN (0x1000, 0x1000)

.eh_frame
 *(.eh_frame)
 *(.eh_frame.*)

.gnu_extab
 *(.gnu_extab)

.gcc_except_table
 *(.gcc_except_table .gcc_except_table.*)

.exception_ranges
 *(.exception_ranges .exception_ranges*)

.tdata
 *(.tdata .tdata.* .gnu.linkonce.td.*)

.tbss
 *(.tbss .tbss.* .gnu.linkonce.tb.*)
 *(.tcommon)

.preinit_array
 *(.preinit_array)

.init_array     0x0000000000034f10        0x4
 *(SORT(.init_array.*) SORT(.ctors.*))
 *(.init_array EXCLUDE_FILE(*crtend?.o *crtend.o *crtbegin?.o *crtbegin.o) .ctors)
 .init_array    0x0000000000034f10        0x4 /usr/lib/gcc/i686-linux-gnu/5/crtbeginS.o

.fini_array     0x0000000000034f14        0x4
 *(SORT(.fini_array.*) SORT(.dtors.*))
 *(.fini_array EXCLUDE_FILE(*crtend?.o *crtend.o *crtbegin?.o *crtbegin.o) .dtors)
 .fini_array    0x0000000000034f14        0x4 /usr/lib/gcc/i686-linux-gnu/5/crtbeginS.o

.ctors
 *crtbegin.o(.ctors)
 *crtbegin?.o(.ctors)
 *(EXCLUDE_FILE(*crtend?.o *crtend.o) .ctors)
 *(SORT(.ctors.*))
 *(.ctors)

.dtors
 *crtbegin.o(.dtors)
 *crtbegin?.o(.dtors)
 *(EXCLUDE_FILE(*crtend?.o *crtend.o) .dtors)
 *(SORT(.dtors.*))
 *(.dtors)

.jcr            0x0000000000034f18        0x4
 *(.jcr)
 .jcr           0x0000000000034f18        0x0 /usr/lib/gcc/i686-linux-gnu/5/crtbeginS.o
 .jcr           0x0000000000034f18        0x4 /usr/lib/gcc/i686-linux-gnu/5/crtendS.o

.data.rel.ro
 *(.data.rel.ro.local* .gnu.linkonce.d.rel.ro.local.*)
 *(.data.rel.ro .data.rel.ro.* .gnu.linkonce.d.rel.ro.*)

.dynamic        0x0000000000034f1c       0xd0
 *(.dynamic)
 .dynamic       0x0000000000034f1c       0xd0 /usr/lib/gcc/i686-linux-gnu/5/../../../i386-linux-gnu/crti.o
                0x0000000000034f1c                _DYNAMIC

.got            0x0000000000034fec       0x14
 *(.got)
 .got           0x0000000000034fec       0x14 /usr/lib/gcc/i686-linux-gnu/5/../../../i386-linux-gnu/crti.o
 *(.igot)
                0x0000000000035ff4                . = DATA_SEGMENT_RELRO_END (., (SIZEOF (.got.plt) >= 0xc)?0xc:0x0)

.got.plt        0x0000000000035000        0xc
 *(.got.plt)
 .got.plt       0x0000000000035000        0xc /usr/lib/gcc/i686-linux-gnu/5/../../../i386-linux-gnu/crti.o
                0x0000000000035000                _GLOBAL_OFFSET_TABLE_
 *(.igot.plt)

.data           0x0000000000035020      0x464
 *(.data .data.* .gnu.linkonce.d.*)
 .data          0x0000000000035020        0x0 /usr/lib/gcc/i686-linux-gnu/5/../../../i386-linux-gnu/crti.o
 .data          0x0000000000035020        0x0 /usr/lib/gcc/i686-linux-gnu/5/crtbeginS.o
 .data.rel.local
                0x0000000000035020        0x4 /usr/lib/gcc/i686-linux-gnu/5/crtbeginS.o
                0x0000000000035020                __dso_handle
 .data          0x0000000000035024       0x14 oxygen_sensor.o
                0x0000000000035028                oxygen_sensor
 *fill*         0x0000000000035038        0x8 
 .data          0x0000000000035040       0x44 build/cooja/mtype185.o
                0x0000000000035040                simInterfaces
                0x0000000000035074                sensors
 .data          0x0000000000035084        0x0 build/cooja/mtype185.a(simEnvChange.o)
 .data          0x0000000000035084        0x0 build/cooja/mtype185.a(cooja_mt.o)
 .data          0x0000000000035084        0x0 build/cooja/mtype185.a(cooja_mtarch.o)
 .data          0x0000000000035084        0x0 build/cooja/mtype185.a(rtimer-arch.o)
 .data          0x0000000000035084        0x0 build/cooja/mtype185.a(beep.o)
 .data          0x0000000000035084        0x0 build/cooja/mtype185.a(leds-arch.o)
 .data          0x0000000000035084        0x0 build/cooja/mtype185.a(moteid.o)
 .data          0x0000000000035084        0x0 build/cooja/mtype185.a(pir-sensor.o)
 .data          0x0000000000035084        0x0 build/cooja/mtype185.a(rs232.o)
 .data          0x0000000000035084        0x0 build/cooja/mtype185.a(vib-sensor.o)
 .data          0x0000000000035084        0x0 build/cooja/mtype185.a(clock.o)
 .data          0x0000000000035084        0x0 build/cooja/mtype185.a(cooja-log.o)
 .data          0x0000000000035084        0x0 build/cooja/mtype185.a(cfs-cooja.o)
 .data          0x0000000000035084       0x2c build/cooja/mtype185.a(cooja-radio.o)
                0x0000000000035084                simRadioHWOn
                0x0000000000035088                simSignalStrength
                0x000000000003508c                simLastSignalStrength
                0x0000000000035090                simPower
                0x0000000000035094                simRadioChannel
                0x0000000000035098                simLQI
                0x00000000000350a0                cooja_radio_process
 .data          0x00000000000350b0        0x0 build/cooja/mtype185.a(eeprom.o)
 .data          0x00000000000350b0        0x0 build/cooja/mtype185.a(random.o)
 .data          0x00000000000350b0       0x10 build/cooja/mtype185.a(sensors.o)
                0x00000000000350b0                sensors_process
 .data          0x00000000000350c0        0x0 build/cooja/mtype185.a(leds.o)
 .data          0x00000000000350c0        0x0 build/cooja/mtype185.a(gpio-hal-arch.o)
 .data          0x00000000000350c0       0x78 build/cooja/mtype185.a(buttons.o)
                0x00000000000350c0                simButtonIsActive
                0x0000000000035130                button_hal_buttons
 *fill*         0x0000000000035138        0x8 
 .data          0x0000000000035140       0x44 build/cooja/mtype185.a(oxygen_measurin)
                0x0000000000035140                oxygen_level
                0x0000000000035160                oxygen_measuring_device
 .data          0x0000000000035184        0x0 build/cooja/mtype185.a(coap-blocking-a)
 .data          0x0000000000035184        0x8 build/cooja/mtype185.a(coap-engine.o)
 *fill*         0x000000000003518c       0x14 
 .data          0x00000000000351a0       0x24 build/cooja/mtype185.a(coap-res-well-k)
                0x00000000000351a0                res_well_known_core
 .data          0x00000000000351c4       0x10 build/cooja/mtype185.a(coap-observe.o)
 .data          0x00000000000351d4       0x10 build/cooja/mtype185.a(coap-uip.o)
                0x00000000000351d4                coap_engine
 .data          0x00000000000351e4        0x4 build/cooja/mtype185.a(coap-timer.o)
 .data          0x00000000000351e8       0x10 build/cooja/mtype185.a(coap-transactio)
 .data          0x00000000000351f8        0x4 build/cooja/mtype185.a(coap.o)
                0x00000000000351f8                coap_error_message
 .data          0x00000000000351fc        0x0 build/cooja/mtype185.a(contiki-main.o)
 .data          0x00000000000351fc        0x0 build/cooja/mtype185.a(autostart.o)
 .data          0x00000000000351fc       0x14 build/cooja/mtype185.a(ctimer.o)
                0x0000000000035200                ctimer_process
 *fill*         0x0000000000035210       0x10 
 .data          0x0000000000035220       0xbc build/cooja/mtype185.a(log.o)
                0x0000000000035220                curr_log_level_main
                0x0000000000035240                all_modules
 .data          0x00000000000352dc        0x0 build/cooja/mtype185.a(energest.o)
 .data          0x00000000000352dc       0x10 build/cooja/mtype185.a(etimer.o)
                0x00000000000352dc                etimer_process
 .data          0x00000000000352ec        0x0 build/cooja/mtype185.a(node-id.o)
 .data          0x00000000000352ec        0x0 build/cooja/mtype185.a(rtimer.o)
 .data          0x00000000000352ec        0x0 build/cooja/mtype185.a(process.o)
 .data          0x00000000000352ec        0x0 build/cooja/mtype185.a(timer.o)
 .data          0x00000000000352ec        0x0 build/cooja/mtype185.a(list.o)
 .data          0x00000000000352ec        0x0 build/cooja/mtype185.a(memb.o)
 .data          0x00000000000352ec       0x10 build/cooja/mtype185.a(button-hal.o)
                0x00000000000352ec                button_hal_process
 .data          0x00000000000352fc       0x10 build/cooja/mtype185.a(serial-line.o)
                0x00000000000352fc                serial_line_process
 .data          0x000000000003530c        0x4 build/cooja/mtype185.a(gpio-hal.o)
 .data          0x0000000000035310       0x18 build/cooja/mtype185.a(queuebuf.o)
 .data          0x0000000000035328        0x4 build/cooja/mtype185.a(packetbuf.o)
 .data          0x000000000003532c        0x4 build/cooja/mtype185.a(netstack.o)
 .data          0x0000000000035330        0x0 build/cooja/mtype185.a(linkaddr.o)
 .data          0x0000000000035330        0x0 build/cooja/mtype185.a(csma.o)
 .data          0x0000000000035330       0x28 build/cooja/mtype185.a(csma-output.o)
 .data          0x0000000000035358        0x0 build/cooja/mtype185.a(uip-ds6.o)
 .data          0x0000000000035358        0x0 build/cooja/mtype185.a(uip-udp-packet.)
 .data          0x0000000000035358       0x10 build/cooja/mtype185.a(uip-ds6-route.o)
 .data          0x0000000000035368       0x10 build/cooja/mtype185.a(tcpip.o)
                0x0000000000035368                tcpip_process
 .data          0x0000000000035378        0x0 build/cooja/mtype185.a(uip6.o)
 .data          0x0000000000035378       0x14 build/cooja/mtype185.a(uip-ds6-nbr.o)
 .data          0x000000000003538c        0xc build/cooja/mtype185.a(uip-nd6.o)
 .data          0x0000000000035398        0x0 build/cooja/mtype185.a(sicslowpan.o)
 .data          0x0000000000035398        0x0 build/cooja/mtype185.a(uiplib.o)
 .data          0x0000000000035398        0x0 build/cooja/mtype185.a(rpl.o)
 .data          0x0000000000035398       0x30 build/cooja/mtype185.a(rpl-icmp6.o)
 .data          0x00000000000353c8        0x0 build/cooja/mtype185.a(rpl-dag-root.o)
 .data          0x00000000000353c8        0x0 build/cooja/mtype185.a(watchdog.o)
 .data          0x00000000000353c8        0x0 build/cooja/mtype185.a(int-master.o)
 .data          0x00000000000353c8       0x10 build/cooja/mtype185.a(coap-observe-cl)
 .data          0x00000000000353d8       0x10 build/cooja/mtype185.a(coap-timer-defa)
                0x00000000000353d8                coap_timer_process
 .data          0x00000000000353e8        0x0 build/cooja/mtype185.a(stimer.o)
 .data          0x00000000000353e8        0x0 build/cooja/mtype185.a(ringbuf.o)
 .data          0x00000000000353e8        0x0 build/cooja/mtype185.a(assert.o)
 .data          0x00000000000353e8       0x10 build/cooja/mtype185.a(nbr-table.o)
 .data          0x00000000000353f8       0x14 build/cooja/mtype185.a(link-stats.o)
 .data          0x000000000003540c        0x0 build/cooja/mtype185.a(mac-sequence.o)
 .data          0x000000000003540c        0x0 build/cooja/mtype185.a(mac.o)
 .data          0x000000000003540c        0x0 build/cooja/mtype185.a(framer-802154.o)
 .data          0x000000000003540c        0x2 build/cooja/mtype185.a(frame802154.o)
 .data          0x000000000003540e        0x0 build/cooja/mtype185.a(csma-security.o)
 .data          0x000000000003540e        0x0 build/cooja/mtype185.a(uipbuf.o)
 *fill*         0x000000000003540e        0x2 
 .data          0x0000000000035410       0x20 build/cooja/mtype185.a(uip-icmp6.o)
 .data          0x0000000000035430       0x10 build/cooja/mtype185.a(uip-sr.o)
 .data          0x0000000000035440        0xc build/cooja/mtype185.a(uip-packetqueue)
 .data          0x000000000003544c        0x0 build/cooja/mtype185.a(rpl-nbr-policy.)
 .data          0x000000000003544c       0x14 build/cooja/mtype185.a(rpl-neighbor.o)
                0x000000000003545c                rpl_neighbors
 .data          0x0000000000035460        0x0 build/cooja/mtype185.a(rpl-dag.o)
 .data          0x0000000000035460        0x0 build/cooja/mtype185.a(rpl-timers.o)
 .data          0x0000000000035460        0x0 build/cooja/mtype185.a(rpl-ext-header.)
 .data          0x0000000000035460       0x24 build/cooja/mtype185.a(rpl-mrhof.o)
                0x0000000000035460                rpl_mrhof
 .data          0x0000000000035484        0x0 /usr/lib/gcc/i686-linux-gnu/5/libgcc.a(_udivdi3.o)
 .data          0x0000000000035484        0x0 /usr/lib/gcc/i686-linux-gnu/5/crtendS.o
 .data          0x0000000000035484        0x0 /usr/lib/gcc/i686-linux-gnu/5/../../../i386-linux-gnu/crtn.o

.tm_clone_table
                0x0000000000035484        0x0
 .tm_clone_table
                0x0000000000035484        0x0 /usr/lib/gcc/i686-linux-gnu/5/crtbeginS.o
 .tm_clone_table
                0x0000000000035484        0x0 /usr/lib/gcc/i686-linux-gnu/5/crtendS.o

.data1
 *(.data1)
                0x0000000000035484                _edata = .
                [!provide]                        PROVIDE (edata, .)
                0x0000000000035484                . = .
                0x0000000000035484                __bss_start = .

.bss            0x00000000000354a0    0x140a4
 *(.dynbss)
 .dynbss        0x00000000000354a0        0x0 /usr/lib/gcc/i686-linux-gnu/5/../../../i386-linux-gnu/crti.o
 *(.bss .bss.* .gnu.linkonce.b.*)
 .bss           0x00000000000354a0        0x0 /usr/lib/gcc/i686-linux-gnu/5/../../../i386-linux-gnu/crti.o
 .bss           0x00000000000354a0        0x1 /usr/lib/gcc/i686-linux-gnu/5/crtbeginS.o
 *fill*         0x00000000000354a1       0x1f 
 .bss           0x00000000000354c0      0x11c oxygen_sensor.o
 *fill*         0x00000000000355dc        0x4 
 .bss           0x00000000000355e0     0x2030 build/cooja/mtype185.o
 .bss           0x0000000000037610        0x1 build/cooja/mtype185.a(simEnvChange.o)
                0x0000000000037610                simDontFallAsleep
 *fill*         0x0000000000037611        0x3 
 .bss           0x0000000000037614        0x4 build/cooja/mtype185.a(cooja_mt.o)
 .bss           0x0000000000037618        0x4 build/cooja/mtype185.a(cooja_mtarch.o)
 .bss           0x000000000003761c        0x0 build/cooja/mtype185.a(rtimer-arch.o)
 .bss           0x000000000003761c        0x0 build/cooja/mtype185.a(beep.o)
 .bss           0x000000000003761c        0x1 build/cooja/mtype185.a(leds-arch.o)
                0x000000000003761c                simLedsValue
 .bss           0x000000000003761d        0x0 build/cooja/mtype185.a(moteid.o)
 .bss           0x000000000003761d        0x1 build/cooja/mtype185.a(pir-sensor.o)
                0x000000000003761d                simPirValue
 *fill*         0x000000000003761e        0x2 
 .bss           0x0000000000037620        0x4 build/cooja/mtype185.a(rs232.o)
 .bss           0x0000000000037624        0x1 build/cooja/mtype185.a(vib-sensor.o)
                0x0000000000037624                simVibValue
 .bss           0x0000000000037625        0x0 build/cooja/mtype185.a(clock.o)
 *fill*         0x0000000000037625       0x1b 
 .bss           0x0000000000037640     0x2020 build/cooja/mtype185.a(cooja-log.o)
 .bss           0x0000000000039660      0xfc0 build/cooja/mtype185.a(cfs-cooja.o)
                0x0000000000039660                simCFSData
                0x000000000003a600                simCFSSize
                0x000000000003a604                simCFSChanged
                0x000000000003a608                simCFSRead
                0x000000000003a60c                simCFSWritten
 .bss           0x000000000003a620       0x24 build/cooja/mtype185.a(cooja-radio.o)
                0x000000000003a620                simReceiving
                0x000000000003a624                simInSize
                0x000000000003a628                simLastPacketTimestamp
                0x000000000003a630                simOutSize
 .bss           0x000000000003a644        0xc build/cooja/mtype185.a(eeprom.o)
                0x000000000003a644                simEEPROMChanged
                0x000000000003a648                simEEPROMRead
                0x000000000003a64c                simEEPROMWritten
 .bss           0x000000000003a650        0x0 build/cooja/mtype185.a(random.o)
 .bss           0x000000000003a650        0xc build/cooja/mtype185.a(sensors.o)
 .bss           0x000000000003a65c        0x0 build/cooja/mtype185.a(leds.o)
 .bss           0x000000000003a65c       0x24 build/cooja/mtype185.a(gpio-hal-arch.o)
 .bss           0x000000000003a680        0x0 build/cooja/mtype185.a(buttons.o)
 .bss           0x000000000003a680        0x0 build/cooja/mtype185.a(oxygen_measurin)
 .bss           0x000000000003a680        0x0 build/cooja/mtype185.a(coap-blocking-a)
 .bss           0x000000000003a680      0x190 build/cooja/mtype185.a(coap-engine.o)
 .bss           0x000000000003a810        0x0 build/cooja/mtype185.a(coap-res-well-k)
 *fill*         0x000000000003a810       0x10 
 .bss           0x000000000003a820      0x120 build/cooja/mtype185.a(coap-observe.o)
 .bss           0x000000000003a940       0x18 build/cooja/mtype185.a(coap-uip.o)
 .bss           0x000000000003a958        0x5 build/cooja/mtype185.a(coap-timer.o)
 *fill*         0x000000000003a95d        0x3 
 .bss           0x000000000003a960      0x334 build/cooja/mtype185.a(coap-transactio)
 .bss           0x000000000003ac94        0x6 build/cooja/mtype185.a(coap.o)
                0x000000000003ac94                coap_status_code
 .bss           0x000000000003ac9a        0x0 build/cooja/mtype185.a(contiki-main.o)
 .bss           0x000000000003ac9a        0x0 build/cooja/mtype185.a(autostart.o)
 *fill*         0x000000000003ac9a        0x2 
 .bss           0x000000000003ac9c        0x5 build/cooja/mtype185.a(ctimer.o)
 *fill*         0x000000000003aca1        0x3 
 .bss           0x000000000003aca4       0x2c build/cooja/mtype185.a(log.o)
                0x000000000003aca4                curr_log_level_rpl
                0x000000000003aca8                curr_log_level_tcpip
                0x000000000003acac                curr_log_level_ipv6
                0x000000000003acb0                curr_log_level_6lowpan
                0x000000000003acb4                curr_log_level_nullnet
                0x000000000003acb8                curr_log_level_mac
                0x000000000003acbc                curr_log_level_framer
                0x000000000003acc0                curr_log_level_6top
                0x000000000003acc4                curr_log_level_coap
                0x000000000003acc8                curr_log_level_snmp
                0x000000000003accc                curr_log_level_lwm2m
 .bss           0x000000000003acd0        0x0 build/cooja/mtype185.a(energest.o)
 .bss           0x000000000003acd0        0x8 build/cooja/mtype185.a(etimer.o)
 .bss           0x000000000003acd8        0x2 build/cooja/mtype185.a(node-id.o)
                0x000000000003acd8                node_id
 *fill*         0x000000000003acda        0x2 
 .bss           0x000000000003acdc        0x4 build/cooja/mtype185.a(rtimer.o)
 .bss           0x000000000003ace0      0x1a1 build/cooja/mtype185.a(process.o)
                0x000000000003ace0                process_list
                0x000000000003ace4                process_current
 .bss           0x000000000003ae81        0x0 build/cooja/mtype185.a(timer.o)
 .bss           0x000000000003ae81        0x0 build/cooja/mtype185.a(list.o)
 .bss           0x000000000003ae81        0x0 build/cooja/mtype185.a(memb.o)
 *fill*         0x000000000003ae81        0x3 
 .bss           0x000000000003ae84       0x10 build/cooja/mtype185.a(button-hal.o)
 *fill*         0x000000000003ae94        0xc 
 .bss           0x000000000003aea0      0x140 build/cooja/mtype185.a(serial-line.o)
 .bss           0x000000000003afe0        0x4 build/cooja/mtype185.a(gpio-hal.o)
 *fill*         0x000000000003afe4       0x1c 
 .bss           0x000000000003b000     0x2c80 build/cooja/mtype185.a(queuebuf.o)
 .bss           0x000000000003dc80       0xa0 build/cooja/mtype185.a(packetbuf.o)
 .bss           0x000000000003dd20        0x4 build/cooja/mtype185.a(netstack.o)
 .bss           0x000000000003dd24        0x0 build/cooja/mtype185.a(linkaddr.o)
 .bss           0x000000000003dd24        0x0 build/cooja/mtype185.a(csma.o)