Archive member included to satisfy reference by file (symbol)

build/cooja/mtype825.a(simEnvChange.o)
                              build/cooja/mtype825.o (simDontFallAsleep)
build/cooja/mtype825.a(cooja_mt.o)
                              build/cooja/mtype825.o (cooja_mt_start)
build/cooja/mtype825.a(cooja_mtarch.o)
                              build/cooja/mtype825.a(cooja_mt.o) (cooja_mtarch_start)
build/cooja/mtype825.a(rtimer-arch.o)
                              build/cooja/mtype825.o (rtimer_arch_check)
build/cooja/mtype825.a(beep.o)
                              build/cooja/mtype825.o (beep_interface)
build/cooja/mtype825.a(leds-arch.o)
                              build/cooja/mtype825.o (leds_interface)
build/cooja/mtype825.a(moteid.o)
                              build/cooja/mtype825.o (moteid_interface)
build/cooja/mtype825.a(pir-sensor.o)
                              build/cooja/mtype825.o (pir_interface)
build/cooja/mtype825.a(rs232.o)
                              build/cooja/mtype825.o (rs232_interface)
build/cooja/mtype825.a(vib-sensor.o)
                              build/cooja/mtype825.o (vib_interface)
build/cooja/mtype825.a(clock.o)
                              build/cooja/mtype825.o (clock_interface)
build/cooja/mtype825.a(cooja-log.o)
                              build/cooja/mtype825.o (simlog_interface)
build/cooja/mtype825.a(cfs-cooja.o)
                              build/cooja/mtype825.o (cfs_interface)
build/cooja/mtype825.a(cooja-radio.o)
                              build/cooja/mtype825.o (radio_interface)
build/cooja/mtype825.a(eeprom.o)
                              build/cooja/mtype825.o (eeprom_interface)
build/cooja/mtype825.a(random.o)
                              build/cooja/mtype825.a(moteid.o) (random_init)
build/cooja/mtype825.a(sensors.o)
                              build/cooja/mtype825.a(pir-sensor.o) (sensors_changed)
build/cooja/mtype825.a(leds.o)
                              build/cooja/mtype825.a(leds-arch.o) (leds_get)
build/cooja/mtype825.a(gpio-hal-arch.o)
                              build/cooja/mtype825.a(leds-arch.o) (gpio_hal_arch_register_pin_callback)
build/cooja/mtype825.a(buttons.o)
                              build/cooja/mtype825.o (button_interface)
build/cooja/mtype825.a(oxygen_measurin)
                              oxygen_sensor.o (oxygen_measuring_device)
build/cooja/mtype825.a(coap-blocking-a)
                              oxygen_sensor.o (coap_blocking_request)
build/cooja/mtype825.a(coap-engine.o)
                              oxygen_sensor.o (coap_activate_resource)
build/cooja/mtype825.a(coap-res-well-k)
                              build/cooja/mtype825.a(coap-engine.o) (res_well_known_core)
build/cooja/mtype825.a(coap-observe.o)
                              build/cooja/mtype825.a(coap-engine.o) (coap_remove_observer_by_mid)
build/cooja/mtype825.a(coap-uip.o)
                              build/cooja/mtype825.a(coap-observe.o) (coap_endpoint_copy)
build/cooja/mtype825.a(coap-timer.o)
                              build/cooja/mtype825.a(coap-engine.o) (coap_timer_set)
build/cooja/mtype825.a(coap-transactio)
                              build/cooja/mtype825.a(coap-blocking-a) (coap_send_transaction)
build/cooja/mtype825.a(coap.o)
                              build/cooja/mtype825.a(coap-engine.o) (coap_status_code)
build/cooja/mtype825.a(contiki-main.o)
                              build/cooja/mtype825.o (main)
build/cooja/mtype825.a(autostart.o)
                              build/cooja/mtype825.a(contiki-main.o) (autostart_start)
build/cooja/mtype825.a(ctimer.o)
                              build/cooja/mtype825.a(contiki-main.o) (ctimer_init)
build/cooja/mtype825.a(log.o)
                              build/cooja/mtype825.a(contiki-main.o) (curr_log_level_main)
build/cooja/mtype825.a(energest.o)
                              build/cooja/mtype825.a(contiki-main.o) (energest_init)
build/cooja/mtype825.a(etimer.o)
                              build/cooja/mtype825.a(contiki-main.o) (etimer_process)
build/cooja/mtype825.a(node-id.o)
                              build/cooja/mtype825.a(contiki-main.o) (node_id)
build/cooja/mtype825.a(rtimer.o)
                              build/cooja/mtype825.a(contiki-main.o) (rtimer_init)
build/cooja/mtype825.a(process.o)
                              build/cooja/mtype825.a(coap-blocking-a) (process_current)
build/cooja/mtype825.a(timer.o)
                              build/cooja/mtype825.a(etimer.o) (timer_set)
build/cooja/mtype825.a(list.o)
                              build/cooja/mtype825.a(coap-engine.o) (list_init)
build/cooja/mtype825.a(memb.o)
                              build/cooja/mtype825.a(coap-observe.o) (memb_alloc)
build/cooja/mtype825.a(button-hal.o)
                              oxygen_sensor.o (button_hal_press_event)
build/cooja/mtype825.a(serial-line.o)
                              build/cooja/mtype825.a(rs232.o) (serial_line_input_byte)
[...]
Memory Configuration

Name             Origin             Length             Attributes
*default*        0x0000000000000000 0xffffffffffffffff

Linker script and memory map

LOAD /usr/lib/gcc/i686-linux-gnu/5/../../../i386-linux-gnu/crti.o
LOAD /usr/lib/gcc/i686-linux-gnu/5/crtbeginS.o
LOAD oxygen_sensor.o
LOAD build/cooja/mtype825.o
LOAD build/cooja/mtype825.a
LOAD /usr/lib/gcc/i686-linux-gnu/5/libgcc.a
LOAD /usr/lib/gcc/i686-linux-gnu/5/libgcc_s.so
LOAD /usr/lib/gcc/i686-linux-gnu/5/../../../i386-linux-gnu/libc.so
START GROUP
LOAD /lib/i386-linux-gnu/libc.so.6
LOAD /usr/lib/i386-linux-gnu/libc_nonshared.a
LOAD /lib/i386-linux-gnu/ld-linux.so.2
END GROUP
LOAD /usr/lib/gcc/i686-linux-gnu/5/libgcc.a
LOAD /usr/lib/gcc/i686-linux-gnu/5/libgcc_s.so
LOAD /usr/lib/gcc/i686-linux-gnu/5/crtendS.o
LOAD /usr/lib/gcc/i686-linux-gnu/5/../../../i386-linux-gnu/crtn.o
                0x0000000000000114                . = (0x0 + SIZEOF_HEADERS)

.note.gnu.build-id
                0x0000000000000114       0x24
 *(.note.gnu.build-id)
 .note.gnu.build-id
                0x0000000000000114       0x24 /usr/lib/gcc/i686-linux-gnu/5/../../../i386-linux-gnu/crti.o

.hash
 *(.hash)

.gnu.hash       0x0000000000000138     0x15b4
 *(.gnu.hash)
 .gnu.hash      0x0000000000000138     0x15b4 /usr/lib/gcc/i686-linux-gnu/5/../../../i386-linux-gnu/crti.o

.dynsym         0x00000000000016ec     0x2f60
 *(.dynsym)
 .dynsym        0x00000000000016ec     0x2f60 /usr/lib/gcc/i686-linux-gnu/5/../../../i386-linux-gnu/crti.o

.dynstr         0x000000000000464c     0x3777
 *(.dynstr)
 .dynstr        0x000000000000464c     0x3777 /usr/lib/gcc/i686-linux-gnu/5/../../../i386-linux-gnu/crti.o

.gnu.version    0x0000000000007dc4      0x5ec
 *(.gnu.version)
 .gnu.version   0x0000000000007dc4      0x5ec /usr/lib/gcc/i686-linux-gnu/5/../../../i386-linux-gnu/crti.o

.gnu.version_d  0x00000000000083b0        0x0
 *(.gnu.version_d)
 .gnu.version_d
                0x00000000000083b0        0x0 /usr/lib/gcc/i686-linux-gnu/5/../../../i386-linux-gnu/crti.o

.gnu.version_r  0x00000000000083b0       0x40
 *(.gnu.version_r)
 .gnu.version_r
                0x00000000000083b0       0x40 /usr/lib/gcc/i686-linux-gnu/5/../../../i386-linux-gnu/crti.o

.rel.dyn        0x00000000000083f0     0x9208
 *(.rel.init)
 .rel.init      0x00000000000083f0        0x0 /usr/lib/gcc/i686-linux-gnu/5/../../../i386-linux-gnu/crti.o
 *(.rel.text .rel.text.* .rel.gnu.linkonce.t.*)
 .rel.text      0x00000000000083f0     0x8840 /usr/lib/gcc/i686-linux-gnu/5/../../../i386-linux-gnu/crti.o
 *(.rel.fini)
 .rel.fini      0x0000000000010c30        0x0 /usr/lib/gcc/i686-linux-gnu/5/../../../i386-linux-gnu/crti.o
 *(.rel.rodata .rel.rodata.* .rel.gnu.linkonce.r.*)
 .rel.rodata    0x0000000000010c30      0x588 /usr/lib/gcc/i686-linux-gnu/5/../../../i386-linux-gnu/crti.o
 *(.rel.data.rel.ro .rel.data.rel.ro.* .rel.gnu.linkonce.d.rel.ro.*)
 *(.rel.data .rel.data.* .rel.gnu.linkonce.d.*)
 .rel.data.rel.local
                0x00000000000111b8        0x8 /usr/lib/gcc/i686-linux-gnu/5/../../../i386-linux-gnu/crti.o
 .rel.data      0x00000000000111c0      0x400 /usr/lib/gcc/i686-linux-gnu/5/../../../i386-linux-gnu/crti.o
 *(.rel.tdata .rel.tdata.* .rel.gnu.linkonce.td.*)
 *(.rel.tbss .rel.tbss.* .rel.gnu.linkonce.tb.*)
 *(.rel.ctors)
 *(.rel.dtors)
 *(.rel.got)
 .rel.got       0x00000000000115c0       0x28 /usr/lib/gcc/i686-linux-gnu/5/../../../i386-linux-gnu/crti.o
 *(.rel.bss .rel.bss.* .rel.gnu.linkonce.b.*)
 *(.rel.ifunc)
 .rel.ifunc     0x00000000000115e8        0x0 /usr/lib/gcc/i686-linux-gnu/5/../../../i386-linux-gnu/crti.o
 .rel.fini_array
                0x00000000000115e8        0x8 /usr/lib/gcc/i686-linux-gnu/5/../../../i386-linux-gnu/crti.o
 .rel.init_array
                0x00000000000115f0        0x8 /usr/lib/gcc/i686-linux-gnu/5/../../../i386-linux-gnu/crti.o

.rel.plt        0x00000000000115f8        0x0
 *(.rel.plt)
 .rel.plt       0x00000000000115f8        0x0 /usr/lib/gcc/i686-linux-gnu/5/../../../i386-linux-gnu/crti.o
 *(.rel.iplt)

.init           0x00000000000115f8       0x23
 *(SORT(.init))
 .init          0x00000000000115f8       0x1e /usr/lib/gcc/i686-linux-gnu/5/../../../i386-linux-gnu/crti.o
                0x00000000000115f8                _init
 .init          0x0000000000011616        0x5 /usr/lib/gcc/i686-linux-gnu/5/../../../i386-linux-gnu/crtn.o

.plt            0x0000000000011620       0x10
 *(.plt)
 .plt           0x0000000000011620       0x10 /usr/lib/gcc/i686-linux-gnu/5/../../../i386-linux-gnu/crti.o
 *(.iplt)

.plt.got        0x0000000000011630       0x10
 *(.plt.got)
 .plt.got       0x0000000000011630       0x10 /usr/lib/gcc/i686-linux-gnu/5/../../../i386-linux-gnu/crti.o

.text           0x0000000000011640    0x18c42
 *(.text.unlikely .text.*_unlikely .text.unlikely.*)
 .text.unlikely
                0x0000000000011640        0x0 /usr/lib/gcc/i686-linux-gnu/5/crtbeginS.o
 .text.unlikely
                0x0000000000011640        0x0 /usr/lib/gcc/i686-linux-gnu/5/libgcc.a(_udivdi3.o)
 *(.text.exit .text.exit.*)
 *(.text.startup .text.startup.*)
 *(.text.hot .text.hot.*)
 *(.text .stub .text.* .gnu.linkonce.t.*)
 .text          0x0000000000011640        0x0 /usr/lib/gcc/i686-linux-gnu/5/../../../i386-linux-gnu/crti.o
 .gnu.linkonce.t.__x86.get_pc_thunk.bx
                0x0000000000011640        0x4 /usr/lib/gcc/i686-linux-gnu/5/../../../i386-linux-gnu/crti.o
                0x0000000000011640                __x86.get_pc_thunk.bx
 *fill*         0x0000000000011644        0xc 
 .text          0x0000000000011650      0x11c /usr/lib/gcc/i686-linux-gnu/5/crtbeginS.o
 .text.__x86.get_pc_thunk.dx
                0x000000000001176c        0x4 /usr/lib/gcc/i686-linux-gnu/5/crtbeginS.o
                0x000000000001176c                __x86.get_pc_thunk.dx
 .text          0x0000000000011770      0x2a7 oxygen_sensor.o
                0x0000000000011770                wait_for_ack
 .text          0x0000000000011a17      0x283 build/cooja/mtype825.o
                0x0000000000011aa9                platform_init_stage_one
                0x0000000000011abc                platform_init_stage_two
                0x0000000000011acf                platform_init_stage_three
                0x0000000000011ae2                platform_main_loop
                0x0000000000011b55                Java_org_contikios_cooja_corecomm_Lib35_init
                0x0000000000011b8c                Java_org_contikios_cooja_corecomm_Lib35_getMemory
                0x0000000000011bbf                Java_org_contikios_cooja_corecomm_Lib35_setMemory
                0x0000000000011c1f                Java_org_contikios_cooja_corecomm_Lib35_tick
                0x0000000000011c87                Java_org_contikios_cooja_corecomm_Lib35_setReferenceAddress
 .text          0x0000000000011c9a       0x65 build/cooja/mtype825.a(simEnvChange.o)
                0x0000000000011c9a                doActionsBeforeTick
                0x0000000000011ccc                doActionsAfterTick
 .text          0x0000000000011cff       0x83 build/cooja/mtype825.a(cooja_mt.o)
                0x0000000000011cff                cooja_mt_start
                0x0000000000011d29                cooja_mt_exec
                0x0000000000011d5f                cooja_mt_yield
 .text          0x0000000000011d82       0xbe build/cooja/mtype825.a(cooja_mtarch.o)
                0x0000000000011d82                cooja_mtarch_start
                0x0000000000011df5                cooja_sw
                0x0000000000011e18                cooja_mtarch_exec
                0x0000000000011e35                cooja_mtarch_yield
 .text          0x0000000000011e40       0xc5 build/cooja/mtype825.a(rtimer-arch.o)
                0x0000000000011e40                rtimer_arch_init
                0x0000000000011e64                rtimer_arch_schedule
                0x0000000000011e94                rtimer_arch_next
                0x0000000000011ea4                rtimer_arch_pending
                0x0000000000011eae                rtimer_arch_check
                0x0000000000011ef5                rtimer_arch_now
 .text          0x0000000000011f05       0x81 build/cooja/mtype825.a(beep.o)
                0x0000000000011f05                beep_alarm
                0x0000000000011f12                beep_beep
                0x0000000000011f1f                beep
                0x0000000000011f2c                beep_down
                0x0000000000011f39                beep_on
                0x0000000000011f46                beep_off
                0x0000000000011f53                beep_spinup
                0x0000000000011f60                beep_quick
                0x0000000000011f6d                beep_long
 .text          0x0000000000011f86       0x65 build/cooja/mtype825.a(leds-arch.o)
                0x0000000000011f99                leds_arch_init
 .text          0x0000000000011feb       0x35 build/cooja/mtype825.a(moteid.o)
 .text          0x0000000000012020       0xb7 build/cooja/mtype825.a(pir-sensor.o)
 .text          0x00000000000120d7      0x148 build/cooja/mtype825.a(rs232.o)
                0x00000000000120d7                rs232_init
                0x00000000000120dd                rs232_set_speed
                0x00000000000120ec                rs232_set_input
                0x00000000000120fa                rs232_send
                0x000000000001211e                rs232_print
                0x000000000001213a                slip_arch_writeb
 .text          0x000000000001221f       0xb7 build/cooja/mtype825.a(vib-sensor.o)
 .text          0x00000000000122d6       0x38 build/cooja/mtype825.a(clock.o)
                0x00000000000122d6                clock_init
                0x00000000000122dc                clock_time
                0x00000000000122e6                clock_seconds
                0x00000000000122fc                clock_delay
 .text          0x000000000001230e      0x219 build/cooja/mtype825.a(cooja-log.o)
                0x000000000001230e                simlog_char
                0x0000000000012351                simlog
                0x00000000000123c7                log_message
                0x00000000000123f8                log_set_putchar_with_slip
                0x0000000000012406                log_putchar
                0x0000000000012481                log_puts
                0x00000000000124a9                log_printf
 .text          0x0000000000012527      0x2b9 build/cooja/mtype825.a(cfs-cooja.o)
                0x0000000000012527                cfs_open
                0x0000000000012590                cfs_close
                0x000000000001259d                cfs_read
                0x0000000000012632                cfs_write
                0x000000000001270e                cfs_seek
                0x0000000000012796                cfs_remove
                0x00000000000127ba                cfs_opendir
                0x00000000000127c4                cfs_readdir
                0x00000000000127ce                cfs_closedir
 .text          0x00000000000127e0      0x620 build/cooja/mtype825.a(cooja-radio.o)
                0x0000000000012822                radio_set_channel
                0x0000000000012830                radio_set_txpower
                0x0000000000012848                radio_signal_strength_last
                0x0000000000012852                radio_signal_strength_current
                0x000000000001285c                radio_LQI
 .text          0x0000000000012e00       0xee build/cooja/mtype825.a(eeprom.o)
                0x0000000000012e00                eeprom_init
                0x0000000000012e06                eeprom_read
                0x0000000000012e74                eeprom_write
 .text          0x0000000000012eee       0x2d build/cooja/mtype825.a(random.o)
                0x0000000000012eee                random_init
                0x0000000000012f0e                random_rand
 .text          0x0000000000012f1b      0x29c build/cooja/mtype825.a(sensors.o)
                0x0000000000012f56                sensors_first
                0x0000000000012f60                sensors_next
                0x0000000000012f7a                sensors_changed
                0x0000000000012fae                sensors_find
 .text          0x00000000000131b7      0x349 build/cooja/mtype825.a(leds.o)
                0x00000000000131b7                leds_init
                0x00000000000131fe                leds_single_on
                0x000000000001325d                leds_single_off
                0x00000000000132bc                leds_single_toggle
                0x00000000000132ee                leds_on
                0x0000000000013370                leds_off
                0x00000000000133f2                leds_toggle
                0x0000000000013447                leds_set
                0x0000000000013473                leds_get
 .text          0x0000000000013500      0x343 build/cooja/mtype825.a(gpio-hal-arch.o)
                0x0000000000013500                gpio_hal_arch_register_pin_callback
                0x000000000001356c                gpio_hal_arch_init
                0x00000000000135b1                gpio_hal_arch_no_port_interrupt_enable
                0x00000000000135e1                gpio_hal_arch_no_port_interrupt_disable
                0x0000000000013611                gpio_hal_arch_no_port_pin_cfg_set
                0x0000000000013636                gpio_hal_arch_no_port_pin_cfg_get
                0x000000000001365c                gpio_hal_arch_no_port_pin_set_input
                0x000000000001366e                gpio_hal_arch_no_port_pin_set_output
                0x0000000000013680                gpio_hal_arch_no_port_set_pin
                0x00000000000136a1                gpio_hal_arch_no_port_clear_pin
                0x00000000000136c2                gpio_hal_arch_no_port_read_pin
                0x00000000000136e8                gpio_hal_arch_no_port_write_pin
                0x0000000000013712                gpio_hal_arch_no_port_set_pins
                0x0000000000013759                gpio_hal_arch_no_port_clear_pins
                0x00000000000137a0                gpio_hal_arch_no_port_read_pins
                0x00000000000137e3                gpio_hal_arch_no_port_write_pins
 .text          0x0000000000013843       0x89 build/cooja/mtype825.a(buttons.o)
 .text          0x00000000000138cc      0x1af build/cooja/mtype825.a(oxygen_measurin)
                0x00000000000138cc                randInRange
 .text          0x0000000000013a7b      0x27b build/cooja/mtype825.a(coap-blocking-a)
                0x0000000000013a7b                coap_blocking_request_callback
                0x0000000000013aa5                coap_blocking_request
 .text          0x0000000000013cf6      0xc26 build/cooja/mtype825.a(coap-engine.o)
                0x0000000000013d8b                coap_add_handler
                0x0000000000013da8                coap_remove_handler
                0x0000000000013dc5                coap_call_handlers
                0x0000000000013ecd                coap_receive
                0x0000000000014504                coap_engine_init
                0x0000000000014562                coap_activate_resource
                0x000000000001460d                coap_get_first_resource
                0x0000000000014626                coap_get_next_resource
 .text          0x000000000001491c      0x2d9 build/cooja/mtype825.a(coap-res-well-k)
 .text          0x0000000000014bf5      0x96a build/cooja/mtype825.a(coap-observe.o)
                0x0000000000014d0a                coap_remove_observer
                0x0000000000014d3a                coap_remove_observer_by_client
                0x0000000000014da2                coap_remove_observer_by_token
                0x0000000000014e35                coap_remove_observer_by_uri
                0x0000000000014edc                coap_remove_observer_by_mid
                0x0000000000014f58                coap_notify_observers
                0x0000000000014f71                coap_notify_observers_sub
                0x00000000000153db                coap_observe_handler
                0x00000000000154f6                coap_has_observers
 .text          0x000000000001555f      0x733 build/cooja/mtype825.a(coap-uip.o)
                0x000000000001555f                coap_endpoint_log
                0x00000000000155e5                coap_endpoint_print
                0x000000000001566b                coap_endpoint_snprint
                0x000000000001579e                coap_endpoint_copy
                0x00000000000157db                coap_endpoint_cmp
                0x00000000000158e9                coap_endpoint_parse
                0x0000000000015ad4                coap_endpoint_is_secure
                0x0000000000015ae3                coap_endpoint_is_connected
                0x0000000000015b17                coap_endpoint_connect
                0x0000000000015b33                coap_endpoint_disconnect
                0x0000000000015b39                coap_databuf
                0x0000000000015b43                coap_transport_init
                0x0000000000015b93                coap_sendto
 .text          0x0000000000015c92      0x324 build/cooja/mtype825.a(coap-timer.o)
                0x0000000000015d8f                coap_timer_stop
                0x0000000000015dba                coap_timer_set
                0x0000000000015dfd                coap_timer_reset
                0x0000000000015e40                coap_timer_time_to_next_expiration
                0x0000000000015eac                coap_timer_run
                0x0000000000015f78                coap_timer_init
 .text          0x0000000000015fb6      0x2c6 build/cooja/mtype825.a(coap-transactio)
                0x000000000001601c                coap_new_transaction
                0x0000000000016082                coap_send_transaction
                0x00000000000161e3                coap_clear_transaction
                0x000000000001622b                coap_get_transaction_by_mid
 .text          0x000000000001627c     0x1c53 build/cooja/mtype825.a(coap.o)
                0x00000000000167e9                coap_init_connection
                0x00000000000167fd                coap_get_mid
                0x0000000000016819                coap_init_message
                0x0000000000016862                coap_serialize_message
                0x0000000000016ee4                coap_parse_message
                0x000000000001754b                coap_get_query_variable
                0x000000000001758d                coap_get_post_variable
                0x00000000000175d1                coap_set_status_code
                0x00000000000175f6                coap_set_token
                0x000000000001763d                coap_get_header_content_format
                0x000000000001766e                coap_set_header_content_format
                0x0000000000017691                coap_get_header_accept
                0x00000000000176c2                coap_set_header_accept
                0x00000000000176e5                coap_get_header_max_age
                0x0000000000017716                coap_set_header_max_age
                0x0000000000017736                coap_get_header_etag
                0x0000000000017768                coap_set_header_etag
                0x00000000000177bf                coap_get_header_if_match
                0x00000000000177f1                coap_set_header_if_match
                0x0000000000017848                coap_get_header_if_none_match
                0x0000000000017862                coap_set_header_if_none_match
                0x0000000000017879                coap_get_header_proxy_uri
                0x00000000000178a7                coap_set_header_proxy_uri
                0x00000000000178e4                coap_get_header_uri_host
                0x0000000000017912                coap_set_header_uri_host
                0x000000000001794f                coap_get_header_uri_path
                0x000000000001797d                coap_set_header_uri_path
                0x00000000000179ca                coap_get_header_uri_query
                0x00000000000179fe                coap_set_header_uri_query
                0x0000000000017a54                coap_get_header_location_path
                0x0000000000017a82                coap_set_header_location_path
                0x0000000000017b1b                coap_get_header_location_query
                0x0000000000017b49                coap_set_header_location_query
                0x0000000000017b96                coap_get_header_observe
                0x0000000000017bc5                coap_set_header_observe
                0x0000000000017be5                coap_get_header_block2
                0x0000000000017c51                coap_set_header_block2
                0x0000000000017cc8                coap_get_header_block1
                0x0000000000017d3d                coap_set_header_block1
                0x0000000000017db8                coap_get_header_size2
                0x0000000000017de8                coap_set_header_size2
                0x0000000000017e0b                coap_get_header_size1
                0x0000000000017e3b                coap_set_header_size1
                0x0000000000017e5e                coap_get_payload
                0x0000000000017e98                coap_set_payload
 .text          0x0000000000017ecf      0x332 build/cooja/mtype825.a(contiki-main.o)
                0x0000000000017ecf                main
 .text          0x0000000000018201       0x92 build/cooja/mtype825.a(autostart.o)
                0x0000000000018201                autostart_start
                0x000000000001824b                autostart_exit
 .text          0x0000000000018293      0x355 build/cooja/mtype825.a(ctimer.o)
                0x00000000000183bb                ctimer_init
                0x00000000000183ee                ctimer_set
                0x0000000000018414                ctimer_set_with_process
                0x0000000000018491                ctimer_reset
                0x00000000000184e5                ctimer_restart
                0x0000000000018539                ctimer_stop
                0x0000000000018589                ctimer_expired
 .text          0x00000000000185e8      0x394 build/cooja/mtype825.a(log.o)
                0x00000000000185e8                log_6addr
                0x000000000001863b                log_6addr_compact_snprint
                0x00000000000186d9                log_6addr_compact
                0x000000000001872c                log_lladdr
                0x000000000001879e                log_lladdr_compact
                0x0000000000018806                log_set_level
                0x00000000000188c1                log_get_level
                0x000000000001893a                log_level_to_str
 .text          0x000000000001897c       0x1b build/cooja/mtype825.a(energest.o)
                0x000000000001897c                energest_init
                0x0000000000018982                energest_flush
                0x0000000000018988                energest_get_total_time
 .text          0x0000000000018997      0x43f build/cooja/mtype825.a(etimer.o)
                0x0000000000018bbb                etimer_request_poll
                0x0000000000018c44                etimer_set
                0x0000000000018c6d                etimer_reset_with_new_interval
                0x0000000000018c9c                etimer_reset
                0x0000000000018cc2                etimer_restart
                0x0000000000018ce8                etimer_adjust
                0x0000000000018d05                etimer_expired
                0x0000000000018d18                etimer_expiration_time
                0x0000000000018d2a                etimer_start_time
                0x0000000000018d34                etimer_pending
                0x0000000000018d46                etimer_next_expiration_time
                0x0000000000018d60                etimer_stop
 .text          0x0000000000018dd6       0x25 build/cooja/mtype825.a(node-id.o)
                0x0000000000018dd6                node_id_init
 .text          0x0000000000018dfb       0xeb build/cooja/mtype825.a(rtimer.o)
                0x0000000000018dfb                rtimer_init
                0x0000000000018e09                rtimer_set
                0x0000000000018e84                rtimer_run_next
 .text          0x0000000000018ee6      0x4fb build/cooja/mtype825.a(process.o)
                0x0000000000018ee6                process_alloc_event
                0x0000000000018efb                process_start
                0x00000000000190d5                process_exit
                0x00000000000190f2                process_init
                0x0000000000019287                process_run
                0x00000000000192ba                process_nevents
                0x00000000000192d5                process_post
                0x0000000000019368                process_post_synch
                0x000000000001939d                process_poll
                0x00000000000193cd                process_is_running
 .text          0x00000000000193e1       0xb1 build/cooja/mtype825.a(timer.o)
                0x00000000000193e1                timer_set
                0x00000000000193ff                timer_reset
                0x000000000001942c                timer_restart
                0x0000000000019441                timer_expired
                0x000000000001946e                timer_remaining
 .text          0x0000000000019492      0x28f build/cooja/mtype825.a(list.o)
                0x0000000000019492                list_init
                0x00000000000194a1                list_head
                0x00000000000194ab                list_copy
                0x00000000000194bb                list_tail
                0x00000000000194f1                list_add
                0x000000000001953d                list_push
                0x0000000000019569                list_chop
                0x00000000000195d3                list_pop
                0x00000000000195fb                list_remove
                0x0000000000019663                list_length
                0x0000000000019691                list_insert
                0x00000000000196d6                list_item_next
                0x00000000000196ed                list_contains
 .text          0x0000000000019721      0x1b5 build/cooja/mtype825.a(memb.o)
                0x0000000000019721                memb_init
                0x0000000000019776                memb_alloc
                0x00000000000197d9                memb_free
                0x0000000000019850                memb_inmemb
                0x000000000001988f                memb_numfree
 .text          0x00000000000198d6      0x41c build/cooja/mtype825.a(button-hal.o)
                0x0000000000019a4f                button_hal_get_by_id
                0x0000000000019a8d                button_hal_get_by_index
                0x0000000000019ab9                button_hal_get_state
                0x0000000000019b0b                button_hal_init
 .text          0x0000000000019cf2      0x1f3 build/cooja/mtype825.a(serial-line.o)
                0x0000000000019cf2                serial_line_input_byte
                0x0000000000019eb0                serial_line_init
 .text          0x0000000000019ee5      0x168 build/cooja/mtype825.a(gpio-hal.o)
                0x0000000000019ee5                gpio_hal_register_handler
                0x0000000000019f02                gpio_hal_event_handler
                0x0000000000019f5e                gpio_hal_init
                0x0000000000019f7d                gpio_hal_arch_port_toggle_pin
                0x0000000000019fb9                gpio_hal_arch_port_toggle_pins
                0x0000000000019fe7                gpio_hal_arch_no_port_toggle_pin
                0x000000000001a025                gpio_hal_arch_no_port_toggle_pins
 .text          0x000000000001a04d      0x2e7 build/cooja/mtype825.a(queuebuf.o)
                0x000000000001a057                queuebuf_init
                0x000000000001a080                queuebuf_numfree
                0x000000000001a098                queuebuf_new_from_packetbuf
                0x000000000001a137                queuebuf_update_attr_from_packetbuf
                0x000000000001a16c                queuebuf_update_from_packetbuf
                0x000000000001a1bc                queuebuf_free
                0x000000000001a205                queuebuf_to_packetbuf
                0x000000000001a271                queuebuf_dataptr
                0x000000000001a2ab                queuebuf_datalen
                0x000000000001a2ce                queuebuf_addr
                0x000000000001a303                queuebuf_attr
                0x000000000001a32e                queuebuf_debug_print
 .text          0x000000000001a334      0x407 build/cooja/mtype825.a(packetbuf.o)
                0x000000000001a334                packetbuf_clear
                0x000000000001a35f                packetbuf_copyfrom
                0x000000000001a3ae                packetbuf_copyto
                0x000000000001a441                packetbuf_hdralloc
                0x000000000001a4bd                packetbuf_hdrreduce
                0x000000000001a503                packetbuf_set_datalen
                0x000000000001a51d                packetbuf_dataptr
                0x000000000001a53a                packetbuf_hdrptr
                0x000000000001a544                packetbuf_datalen
                0x000000000001a550                packetbuf_hdrlen
                0x000000000001a567                packetbuf_totlen
                0x000000000001a57d                packetbuf_remaininglen
                0x000000000001a590                packetbuf_attr_clear
                0x000000000001a5dc                packetbuf_attr_copyto
                0x000000000001a634                packetbuf_attr_copyfrom
                0x000000000001a68c                packetbuf_set_attr
                0x000000000001a6b6                packetbuf_attr
                0x000000000001a6d0                packetbuf_set_addr
                0x000000000001a701                packetbuf_addr
                0x000000000001a71e                packetbuf_holds_broadcast
 .text          0x000000000001a73b       0xef build/cooja/mtype825.a(netstack.o)
                0x000000000001a73b                netstack_process_ip_callback
                0x000000000001a7cc                netstack_ip_packet_processor_add
                0x000000000001a7ef                uip_ds6_ip_packet_processor_rm
                0x000000000001a80c                netstack_init
 .text          0x000000000001a82a       0x4f build/cooja/mtype825.a(linkaddr.o)
                0x000000000001a82a                linkaddr_copy
                0x000000000001a840                linkaddr_cmp
                0x000000000001a863                linkaddr_set_node_addr
 .text          0x000000000001a879      0x1f6 build/cooja/mtype825.a(csma.o)
 .text          0x000000000001aa6f      0x95d build/cooja/mtype825.a(csma-output.o)
                0x000000000001b106                csma_output_packet
                0x000000000001b393                csma_output_init
 .text          0x000000000001b3cc      0xc11 build/cooja/mtype825.a(uip-ds6.o)
                0x000000000001b3cc                uip_ds6_default_prefix
                0x000000000001b3d6                uip_ds6_set_default_prefix
                0x000000000001b401                uip_ds6_init
                0x000000000001b663                uip_ds6_periodic
                0x000000000001b6ea                uip_ds6_list_loop
                0x000000000001b7aa                uip_ds6_prefix_add
                0x000000000001b856                uip_ds6_prefix_rm
                0x000000000001b869                uip_ds6_prefix_lookup
                0x000000000001b8a8                uip_ds6_is_addr_onlink
                0x000000000001b91b                uip_ds6_addr_add
                0x000000000001ba3b                uip_ds6_addr_rm
                0x000000000001bae4                uip_ds6_addr_lookup
                0x000000000001bb1d                uip_ds6_get_link_local
                0x000000000001bb9e                uip_ds6_get_global
                0x000000000001bc1f                uip_ds6_maddr_add
                0x000000000001bc7f                uip_ds6_maddr_rm
                0x000000000001bc92                uip_ds6_maddr_lookup
                0x000000000001bccb                uip_ds6_aaddr_add
                0x000000000001bd2b                uip_ds6_aaddr_rm
                0x000000000001bd3e                uip_ds6_aaddr_lookup
                0x000000000001bd77                uip_ds6_select_src
                0x000000000001bec0                uip_ds6_set_addr_iid
                0x000000000001beeb                uip_ds6_set_lladdr_from_iid
                0x000000000001bf14                get_match_length
                0x000000000001bfa5                uip_ds6_compute_reachable_time
 .text          0x000000000001bfdd      0x128 build/cooja/mtype825.a(uip-udp-packet.)
                0x000000000001bfdd                uip_udp_packet_send
                0x000000000001c038                uip_udp_packet_sendto
 .text          0x000000000001c105      0x35b build/cooja/mtype825.a(uip-ds6-route.o)
                0x000000000001c156                uip_ds6_route_init
                0x000000000001c180                uip_ds6_route_nexthop
                0x000000000001c18a                uip_ds6_route_head
                0x000000000001c194                uip_ds6_route_next
                0x000000000001c19e                uip_ds6_route_is_nexthop
                0x000000000001c1a8                uip_ds6_route_num_routes
                0x000000000001c1b2                uip_ds6_route_lookup
                0x000000000001c1bc                uip_ds6_route_add
                0x000000000001c1cf                uip_ds6_route_rm
                0x000000000001c1d5                uip_ds6_route_rm_by_nexthop
                0x000000000001c1db                uip_ds6_defrt_head
                0x000000000001c1f4                uip_ds6_defrt_add
                0x000000000001c2a2                uip_ds6_defrt_rm
                0x000000000001c308                uip_ds6_defrt_lookup
                0x000000000001c36f                uip_ds6_defrt_choose
                0x000000000001c3e5                uip_ds6_defrt_periodic
 .text          0x000000000001c460      0x6f7 build/cooja/mtype825.a(tcpip.o)
                0x000000000001c47a                tcpip_output
                0x000000000001c4f9                udp_attach
                0x000000000001c511                udp_new
                0x000000000001c55b                udp_broadcast_new
                0x000000000001c6cd                tcpip_input
                0x000000000001c85d                tcpip_ipv6_output
                0x000000000001ca51                tcpip_poll_udp
                0x000000000001ca6f                tcpip_uipcall
 .text          0x000000000001cb57     0x1205 build/cooja/mtype825.a(uip6.o)
                0x000000000001cc06                uip_chksum
                0x000000000001ccdd                uip_icmp6chksum
                0x000000000001ccf2                uip_udpchksum
                0x000000000001cd07                uip_init
                0x000000000001cd50                uip_remove_ext_hdr
                0x000000000001ce2a                uip_udp_new
                0x000000000001d13e                uip_process
                0x000000000001dc36                uip_htons
                0x000000000001dc58                uip_htonl
                0x000000000001dc96                uip_send
 .text          0x000000000001dd5c      0x369 build/cooja/mtype825.a(uip-ds6-nbr.o)
                0x000000000001dd5c                uip_ds6_neighbors_init
                0x000000000001dd80                uip_ds6_nbr_add
                0x000000000001de06                uip_ds6_nbr_rm
                0x000000000001de51                uip_ds6_nbr_update_ll
                0x000000000001df3f                uip_ds6_nbr_get_ipaddr
                0x000000000001df54                uip_ds6_nbr_get_ll
                0x000000000001df70                uip_ds6_nbr_num
                0x000000000001dfb9                uip_ds6_nbr_head
                0x000000000001dfd2                uip_ds6_nbr_next
                0x000000000001dfee                uip_ds6_nbr_lookup
                0x000000000001e046                uip_ds6_nbr_ll_lookup
                0x000000000001e062                uip_ds6_nbr_ipaddr_from_lladdr
                0x000000000001e08b                uip_ds6_nbr_lladdr_from_ipaddr
                0x000000000001e0bf                uip_ds6_link_callback
 .text          0x000000000001e0c5      0x6a7 build/cooja/mtype825.a(uip-nd6.o)
                0x000000000001e753                uip_nd6_init
 .text          0x000000000001e76c     0x2c17 build/cooja/mtype825.a(sicslowpan.o)
                0x000000000001ed73                netstack_sniffer_add
                0x000000000001ed81                netstack_sniffer_remove
                0x0000000000021357                sicslowpan_init
                0x0000000000021379                sicslowpan_get_last_rssi
 .text          0x0000000000021383      0x4d1 build/cooja/mtype825.a(uiplib.o)
                0x0000000000021383                uiplib_ip6addrconv
                0x000000000002153b                uiplib_ip4addrconv
                0x00000000000215fe                uiplib_ipaddr_print
                0x0000000000021651                uiplib_ipaddr_snprint
 .text          0x0000000000021854      0x4c9 build/cooja/mtype825.a(rpl.o)
                0x0000000000021854                rpl_lollipop_greater_than
                0x00000000000218ae                rpl_get_global_address
                0x00000000000219a6                rpl_link_callback
                0x00000000000219ea                rpl_has_joined
                0x0000000000021a0f                rpl_is_reachable
                0x0000000000021a90                rpl_reset_prefix
                0x0000000000021afa                rpl_set_prefix_from_addr
                0x0000000000021bdf                rpl_set_prefix
                0x0000000000021cf9                rpl_set_leaf_only
                0x0000000000021d11                rpl_get_leaf_only
 .text          0x0000000000021d1d     0x138c build/cooja/mtype825.a(rpl-icmp6.o)
                0x0000000000021e42                rpl_icmp6_update_nbr_table
                0x0000000000021ecb                rpl_icmp6_dis_output
                0x0000000000022511                rpl_icmp6_dio_output
                0x0000000000022d0f                rpl_icmp6_dao_output
                0x0000000000022ff0                rpl_icmp6_dao_ack_output
                0x0000000000023060                rpl_icmp6_init
 .text          0x00000000000230a9      0x264 build/cooja/mtype825.a(rpl-dag-root.o)
                0x00000000000230a9                rpl_dag_root_print_links
                0x00000000000231d5                rpl_dag_root_set_prefix
                0x0000000000023201                rpl_dag_root_start
                0x00000000000232de                rpl_dag_root_is_root
 .text          0x000000000002330d       0x30 build/cooja/mtype825.a(watchdog.o)
                0x000000000002330d                watchdog_init
                0x0000000000023313                watchdog_start
                0x0000000000023319                watchdog_periodic
                0x0000000000023331                watchdog_stop
                0x0000000000023337                watchdog_reboot
 .text          0x000000000002333d       0x4a build/cooja/mtype825.a(int-master.o)
                0x000000000002333d                int_master_enable
                0x000000000002334d                int_master_read_and_disable
                0x000000000002336a                int_master_status_set
                0x0000000000023378                int_master_is_enabled
 .text          0x0000000000023387      0x6ee build/cooja/mtype825.a(coap-observe-cl)
                0x0000000000023425                coap_obs_add_observee
                0x00000000000234c1                coap_obs_remove_observee
                0x00000000000234f1                coap_get_obs_subject_by_token
                0x0000000000023559                coap_obs_remove_observee_by_token
                0x00000000000235ec                coap_obs_remove_observee_by_url
                0x0000000000023744                coap_handle_notification
                0x000000000002389f                coap_generate_token
                0x00000000000238c1                coap_obs_request_registration
 .text          0x0000000000023a75      0x226 build/cooja/mtype825.a(coap-timer-defa)
 .text          0x0000000000023c9b       0xc7 build/cooja/mtype825.a(stimer.o)
                0x0000000000023c9b                stimer_set
                0x0000000000023cb9                stimer_reset
                0x0000000000023ce6                stimer_restart
                0x0000000000023cfb                stimer_expired
                0x0000000000023d26                stimer_remaining
                0x0000000000023d4a                stimer_elapsed
 .text          0x0000000000023d62      0x156 build/cooja/mtype825.a(ringbuf.o)
                0x0000000000023d62                ringbuf_init
                0x0000000000023d94                ringbuf_put
                0x0000000000023e12                ringbuf_get
                0x0000000000023e7f                ringbuf_size
                0x0000000000023e91                ringbuf_elements
 .text          0x0000000000023eb8       0x1f build/cooja/mtype825.a(assert.o)
                0x0000000000023eb8                _xassert
 .text          0x0000000000023ed7      0x79b build/cooja/mtype825.a(nbr-table.o)
                0x0000000000024350                nbr_table_register
                0x00000000000243bd                nbr_table_is_registered
                0x00000000000243f8                nbr_table_head
                0x0000000000024453                nbr_table_next
                0x00000000000244b4                nbr_table_add_lladdr
                0x000000000002458e                nbr_table_get_from_lladdr
                0x00000000000245da                nbr_table_remove
                0x0000000000024612                nbr_table_lock
                0x000000000002462c                nbr_table_unlock
                0x0000000000024646                nbr_table_get_lladdr
 .text          0x0000000000024672      0x3a5 build/cooja/mtype825.a(link-stats.o)
                0x0000000000024672                link_stats_from_lladdr
                0x000000000002468e                link_stats_get_lladdr
                0x00000000000246aa                link_stats_is_fresh
                0x00000000000246e6                guess_etx_from_rssi
                0x0000000000024762                link_stats_packet_sent
                0x0000000000024882                link_stats_input_callback
                0x0000000000024992                link_stats_reset
                0x00000000000249e2                link_stats_init
 .text          0x0000000000024a17      0x187 build/cooja/mtype825.a(mac-sequence.o)
                0x0000000000024a17                mac_sequence_is_duplicate
                0x0000000000024ab7                mac_sequence_register_seqno
 .text          0x0000000000024b9e       0x23 build/cooja/mtype825.a(mac.o)
                0x0000000000024b9e                mac_call_sent_callback
 .text          0x0000000000024bc1      0x432 build/cooja/mtype825.a(framer-802154.o)
                0x0000000000024d50                framer_802154_setup_params
 .text          0x0000000000024ff3      0xb6f build/cooja/mtype825.a(frame802154.o)
                0x0000000000025024                frame802154_get_pan_id
                0x0000000000025030                frame802154_set_pan_id
                0x000000000002504a                frame802154_has_panid
                0x00000000000251f9                frame802154_check_dest_panid
                0x0000000000025281                frame802154_is_broadcast_addr
                0x00000000000252ce                frame802154_extract_linkaddr
                0x0000000000025533                frame802154_hdrlen
                0x00000000000255a6                frame802154_create_fcf
                0x000000000002565e                frame802154_create
                0x00000000000257d3                frame802154_parse_fcf
                0x00000000000258b5                frame802154_parse
 .text          0x0000000000025b62       0x2d build/cooja/mtype825.a(csma-security.o)
                0x0000000000025b62                csma_security_create_frame
                0x0000000000025b80                csma_security_parse_frame
 .text          0x0000000000025b8f      0x4e4 build/cooja/mtype825.a(uipbuf.o)
                0x0000000000025b8f                uipbuf_clear
                0x0000000000025bb6                uipbuf_add_ext_hdr
                0x0000000000025c36                uipbuf_set_len
                0x0000000000025c63                uipbuf_set_len_field
                0x0000000000025c8f                uipbuf_get_len_field
                0x0000000000025caf                uipbuf_get_next_header
                0x0000000000025de1                uipbuf_get_last_header
                0x0000000000025e5a                uipbuf_search_header
                0x0000000000025f10                uipbuf_get_attr
                0x0000000000025f37                uipbuf_set_attr
                0x0000000000025f6e                uipbuf_set_default_attr
                0x0000000000025fa5                uipbuf_clear_attr
                0x0000000000025fc9                uipbuf_set_attr_flag
                0x0000000000025fea                uipbuf_clr_attr_flag
                0x0000000000026011                uipbuf_is_attr_flag
                0x0000000000026035                uipbuf_init
 .text          0x0000000000026073      0x73f build/cooja/mtype825.a(uip-icmp6.o)
                0x00000000000260e8                uip_icmp6_input
                0x000000000002613f                uip_icmp6_register_input_handler
                0x0000000000026292                uip_icmp6_error_output
                0x0000000000026543                uip_icmp6_send
                0x000000000002673a                uip_icmp6_echo_reply_callback_add
                0x000000000002676c                uip_icmp6_echo_reply_callback_rm
                0x0000000000026789                uip_icmp6_init
 .text          0x00000000000267b2      0x69b build/cooja/mtype825.a(uip-sr.o)
                0x00000000000267b2                uip_sr_num_nodes
                0x0000000000026840                uip_sr_get_node
                0x0000000000026897                uip_sr_is_addr_reachable
                0x0000000000026945                uip_sr_expire_parent
                0x000000000002698e                uip_sr_update_node
                0x0000000000026abe                uip_sr_init
                0x0000000000026af2                uip_sr_node_head
                0x0000000000026b0b                uip_sr_node_next
                0x0000000000026b21                uip_sr_periodic
                0x0000000000026c27                uip_sr_free_all
                0x0000000000026c97                uip_sr_link_snprint
 .text          0x0000000000026e4d      0x146 build/cooja/mtype825.a(uip-packetqueue)
                0x0000000000026e7b                uip_packetqueue_new
                0x0000000000026e8a                uip_packetqueue_alloc
                0x0000000000026ee5                uip_packetqueue_free
                0x0000000000026f2c                uip_packetqueue_buf
                0x0000000000026f49                uip_packetqueue_buflen
                0x0000000000026f6a                uip_packetqueue_set_buflen
 .text          0x0000000000026f93      0x1b0 build/cooja/mtype825.a(rpl-nbr-policy.)
                0x0000000000027100                rpl_nbr_policy_find_removable
 .text          0x0000000000027143      0x915 build/cooja/mtype825.a(rpl-neighbor.o)
                0x00000000000271bf                rpl_neighbor_snprint
                0x0000000000027472                rpl_neighbor_print_list
                0x0000000000027527                rpl_neighbor_count
                0x00000000000275ce                rpl_neighbor_get_from_lladdr
                0x00000000000275ea                rpl_neighbor_is_acceptable_parent
                0x000000000002761e                rpl_neighbor_get_link_metric
                0x0000000000027652                rpl_neighbor_rank_via_nbr
                0x0000000000027686                rpl_neighbor_get_lladdr
                0x00000000000276a2                rpl_neighbor_get_ipaddr
                0x00000000000276c9                rpl_neighbor_get_link_stats
                0x00000000000276f0                rpl_neighbor_is_fresh
                0x0000000000027717                rpl_neighbor_is_reachable
                0x0000000000027762                rpl_neighbor_is_parent
                0x000000000002778c                rpl_neighbor_set_preferred_parent
                0x0000000000027823                rpl_neighbor_remove_all
                0x000000000002787f                rpl_neighbor_get_from_ipaddr
                0x000000000002798d                rpl_neighbor_select_best
                0x0000000000027a39                rpl_neighbor_init
 .text          0x0000000000027a58      0xe69 build/cooja/mtype825.a(rpl-dag.o)
                0x0000000000027a58                rpl_dag_state_to_str
                0x0000000000027a97                rpl_dag_get_root_ipaddr
                0x0000000000027adf                rpl_dag_leave
                0x0000000000027b68                rpl_dag_poison_and_leave
                0x0000000000027b80                rpl_dag_periodic
                0x0000000000027c08                rpl_is_addr_in_our_dag
                0x0000000000027c4c                rpl_get_default_instance
                0x0000000000027c68                rpl_get_any_dag
                0x0000000000027cc1                rpl_refresh_routes
                0x0000000000027d01                rpl_global_repair
                0x0000000000027d9a                rpl_local_repair
                0x0000000000027de4                rpl_dag_ready_to_advertise
                0x0000000000027e27                rpl_dag_update_state
                0x0000000000028554                rpl_process_dio
                0x00000000000285d2                rpl_process_dis
                0x0000000000028617                rpl_process_dao
                0x00000000000286a6                rpl_process_dao_ack
                0x000000000002873d                rpl_process_hbh
                0x000000000002878d                rpl_dag_init_root
                0x00000000000288a1                rpl_dag_init
 .text          0x00000000000288c1      0x9e7 build/cooja/mtype825.a(rpl-timers.o)
                0x00000000000288c1                rpl_timers_schedule_periodic_dis
                0x0000000000028a0f                rpl_timers_dio_reset
                0x0000000000028b1d                rpl_timers_schedule_unicast_dio
                0x0000000000028c71                rpl_timers_schedule_dao
                0x0000000000028d30                rpl_timers_schedule_dao_ack
                0x0000000000028db6                rpl_timers_notify_dao_ack
                0x0000000000028e14                get_probing_delay
                0x0000000000028e48                get_probing_target
                0x0000000000029032                rpl_schedule_probing
                0x0000000000029060                rpl_schedule_probing_now
                0x00000000000290ca                rpl_timers_unschedule_leaving
                0x0000000000029102                rpl_timers_schedule_leaving
                0x0000000000029143                rpl_timers_init
                0x00000000000291d3                rpl_timers_stop_dag_timers
                0x000000000002924c                rpl_timers_unschedule_state_update
                0x0000000000029270                rpl_timers_schedule_state_update
 .text          0x00000000000292a8      0xb8e build/cooja/mtype825.a(rpl-ext-header.)
                0x00000000000292a8                rpl_ext_header_srh_get_next_hop
                0x000000000002938f                rpl_ext_header_srh_update
                0x00000000000298fb                rpl_ext_header_hbh_update
                0x0000000000029bfb                rpl_ext_header_update
                0x0000000000029c84                rpl_ext_header_remove
 .text          0x0000000000029e36      0x31b build/cooja/mtype825.a(rpl-mrhof.o)
 *fill*         0x000000000002a151        0xf 
 .text          0x000000000002a160      0x122 /usr/lib/gcc/i686-linux-gnu/5/libgcc.a(_udivdi3.o)
                0x000000000002a160                __udivdi3
 .text          0x000000000002a282        0x0 /usr/lib/gcc/i686-linux-gnu/5/crtendS.o
 .text          0x000000000002a282        0x0 /usr/lib/gcc/i686-linux-gnu/5/../../../i386-linux-gnu/crtn.o
 *(.gnu.warning)

.fini           0x000000000002a284       0x14
 *(SORT(.fini))
 .fini          0x000000000002a284        0xf /usr/lib/gcc/i686-linux-gnu/5/../../../i386-linux-gnu/crti.o
                0x000000000002a284                _fini
 .fini          0x000000000002a293        0x5 /usr/lib/gcc/i686-linux-gnu/5/../../../i386-linux-gnu/crtn.o
                [!provide]                        PROVIDE (__etext, .)
                [!provide]                        PROVIDE (_etext, .)
                [!provide]                        PROVIDE (etext, .)

.rodata         0x000000000002a2a0      0xaab
 *(.rodata .rodata.* .gnu.linkonce.r.*)
 .rodata        0x000000000002a2a0       0xe9 oxygen_sensor.o
                0x000000000002a2f0                autostart_processes
 *fill*         0x000000000002a389        0x3 
 .rodata        0x000000000002a38c        0x8 build/cooja/mtype825.a(beep.o)
                0x000000000002a38c                beep_interface
 .rodata        0x000000000002a394        0xe build/cooja/mtype825.a(leds-arch.o)
                0x000000000002a394                leds_interface
                0x000000000002a39c                leds_arch_leds
 *fill*         0x000000000002a3a2        0x2 
 .rodata        0x000000000002a3a4        0x8 build/cooja/mtype825.a(moteid.o)
                0x000000000002a3a4                moteid_interface
 .rodata        0x000000000002a3ac       0x1c build/cooja/mtype825.a(pir-sensor.o)
                0x000000000002a3ac                pir_interface
                0x000000000002a3b8                pir_sensor
 .rodata        0x000000000002a3c8        0xe build/cooja/mtype825.a(rs232.o)
                0x000000000002a3c8                rs232_interface
 *fill*         0x000000000002a3d6        0x2 
 .rodata        0x000000000002a3d8       0x24 build/cooja/mtype825.a(vib-sensor.o)
                0x000000000002a3d8                vib_interface
                0x000000000002a3ec                vib_sensor
 .rodata        0x000000000002a3fc        0x8 build/cooja/mtype825.a(clock.o)
                0x000000000002a3fc                clock_interface
 .rodata        0x000000000002a404        0x8 build/cooja/mtype825.a(cooja-log.o)
                0x000000000002a404                simlog_interface
 .rodata        0x000000000002a40c       0x2f build/cooja/mtype825.a(cfs-cooja.o)
                0x000000000002a40c                cfs_interface
 *fill*         0x000000000002a43b        0x5 
 .rodata        0x000000000002a440       0xb8 build/cooja/mtype825.a(cooja-radio.o)
                0x000000000002a440                radio_interface
                0x000000000002a4c0                cooja_radio_driver
 .rodata        0x000000000002a4f8        0x8 build/cooja/mtype825.a(eeprom.o)
                0x000000000002a4f8                eeprom_interface
 .rodata        0x000000000002a500        0x8 build/cooja/mtype825.a(sensors.o)
 .rodata        0x000000000002a508       0x2c build/cooja/mtype825.a(buttons.o)
                0x000000000002a508                button_interface
                0x000000000002a51c                button_hal_button_count
                0x000000000002a524                button_sensor
 .rodata        0x000000000002a534       0x7c build/cooja/mtype825.a(oxygen_measurin)
 .rodata        0x000000000002a5b0       0x41 build/cooja/mtype825.a(coap-engine.o)
 .rodata        0x000000000002a5f1       0x19 build/cooja/mtype825.a(coap-res-well-k)
 .rodata        0x000000000002a60a       0x11 build/cooja/mtype825.a(coap-observe.o)
 .rodata        0x000000000002a61b       0x35 build/cooja/mtype825.a(coap-uip.o)
 .rodata        0x000000000002a650      0x1ac build/cooja/mtype825.a(coap.o)
 .rodata        0x000000000002a7fc       0xf4 build/cooja/mtype825.a(contiki-main.o)
 .rodata        0x000000000002a8f0        0xf build/cooja/mtype825.a(ctimer.o)
 *fill*         0x000000000002a8ff        0x1 
 .rodata        0x000000000002a900       0xc4 build/cooja/mtype825.a(log.o)
 .rodata        0x000000000002a9c4        0xc build/cooja/mtype825.a(etimer.o)
 .rodata        0x000000000002a9d0       0x13 build/cooja/mtype825.a(button-hal.o)
 .rodata        0x000000000002a9e3        0xe build/cooja/mtype825.a(serial-line.o)
 *fill*         0x000000000002a9f1        0x3 
 .rodata        0x000000000002a9f4        0x8 build/cooja/mtype825.a(linkaddr.o)
                0x000000000002a9f4                linkaddr_null
 .rodata        0x000000000002a9fc       0x24 build/cooja/mtype825.a(csma.o)
                0x000000000002aa04                csma_driver
 .rodata        0x000000000002aa20       0x24 build/cooja/mtype825.a(csma-output.o)
 .rodata        0x000000000002aa44       0x4d build/cooja/mtype825.a(uip-ds6-route.o)
 .rodata        0x000000000002aa91        0xd build/cooja/mtype825.a(tcpip.o)
 *fill*         0x000000000002aa9e        0x2 
 .rodata        0x000000000002aaa0       0x30 build/cooja/mtype825.a(sicslowpan.o)
                0x000000000002aaa0                unc_llconf
                0x000000000002aaa4                unc_ctxconf
                0x000000000002aaa8                unc_mxconf
                0x000000000002aaac                llprefix
                0x000000000002aac0                sicslowpan_driver
 .rodata        0x000000000002aad0       0x2d build/cooja/mtype825.a(uiplib.o)
 *fill*         0x000000000002aafd        0x3 
 .rodata        0x000000000002ab00       0x74 build/cooja/mtype825.a(rpl.o)
                0x000000000002ab20                rpl_lite_driver
 .rodata        0x000000000002ab74       0x20 build/cooja/mtype825.a(coap-timer-defa)
                0x000000000002ab88                coap_timer_default_driver
 .rodata        0x000000000002ab94       0x25 build/cooja/mtype825.a(assert.o)
 *fill*         0x000000000002abb9        0x3 
 .rodata        0x000000000002abbc        0xc build/cooja/mtype825.a(framer-802154.o)
                0x000000000002abbc                framer_802154
 .rodata        0x000000000002abc8       0x44 build/cooja/mtype825.a(uip-sr.o)
 .rodata        0x000000000002ac0c       0x58 build/cooja/mtype825.a(rpl-neighbor.o)
 .rodata        0x000000000002ac64       0xdb build/cooja/mtype825.a(rpl-dag.o)
 .rodata        0x000000000002ad3f        0xc build/cooja/mtype825.a(rpl-timers.o)

.rodata1
 *(.rodata1)

.eh_frame_hdr   0x000000000002ad4c     0x1a4c
 *(.eh_frame_hdr)
 .eh_frame_hdr  0x000000000002ad4c     0x1a4c oxygen_sensor.o
                0x000000000002ad4c                __GNU_EH_FRAME_HDR
 *(.eh_frame_entry .eh_frame_entry.*)

.eh_frame       0x000000000002c798     0x6aac
 *(.eh_frame)
 .eh_frame      0x000000000002c798       0x3c /usr/lib/gcc/i686-linux-gnu/5/../../../i386-linux-gnu/crti.o
                                         0x40 (size before relaxing)
 .eh_frame      0x000000000002c7d4       0x40 oxygen_sensor.o
                                         0x58 (size before relaxing)
 .eh_frame      0x000000000002c814      0x178 build/cooja/mtype825.o
                                        0x190 (size before relaxing)
 .eh_frame      0x000000000002c98c       0x40 build/cooja/mtype825.a(simEnvChange.o)
                                         0x58 (size before relaxing)
 .eh_frame      0x000000000002c9cc       0x60 build/cooja/mtype825.a(cooja_mt.o)
                                         0x78 (size before relaxing)
 .eh_frame      0x000000000002ca2c       0x80 build/cooja/mtype825.a(cooja_mtarch.o)
                                         0x98 (size before relaxing)
 .eh_frame      0x000000000002caac       0xc8 build/cooja/mtype825.a(rtimer-arch.o)
                                         0xe0 (size before relaxing)
 .eh_frame      0x000000000002cb74      0x160 build/cooja/mtype825.a(beep.o)
                                        0x178 (size before relaxing)
 .eh_frame      0x000000000002ccd4       0x80 build/cooja/mtype825.a(leds-arch.o)
                                         0x98 (size before relaxing)
 .eh_frame      0x000000000002cd54       0x40 build/cooja/mtype825.a(moteid.o)
                                         0x58 (size before relaxing)
 .eh_frame      0x000000000002cd94       0xa0 build/cooja/mtype825.a(pir-sensor.o)
                                         0xb8 (size before relaxing)
 .eh_frame      0x000000000002ce34      0x100 build/cooja/mtype825.a(rs232.o)
                                        0x118 (size before relaxing)
 .eh_frame      0x000000000002cf34       0xa0 build/cooja/mtype825.a(vib-sensor.o)
                                         0xb8 (size before relaxing)
 .eh_frame      0x000000000002cfd4       0xc0 build/cooja/mtype825.a(clock.o)
                                         0xd8 (size before relaxing)
 .eh_frame      0x000000000002d094      0x120 build/cooja/mtype825.a(cooja-log.o)
                                        0x138 (size before relaxing)
 .eh_frame      0x000000000002d1b4      0x160 build/cooja/mtype825.a(cfs-cooja.o)
                                        0x178 (size before relaxing)
 .eh_frame      0x000000000002d314      0x340 build/cooja/mtype825.a(cooja-radio.o)
                                        0x358 (size before relaxing)
 .eh_frame      0x000000000002d654       0xa0 build/cooja/mtype825.a(eeprom.o)
                                         0xb8 (size before relaxing)
 .eh_frame      0x000000000002d6f4       0x40 build/cooja/mtype825.a(random.o)
                                         0x58 (size before relaxing)
 .eh_frame      0x000000000002d734       0xc0 build/cooja/mtype825.a(sensors.o)
                                         0xd8 (size before relaxing)
 .eh_frame      0x000000000002d7f4      0x120 build/cooja/mtype825.a(leds.o)
                                        0x138 (size before relaxing)
 .eh_frame      0x000000000002d914      0x220 build/cooja/mtype825.a(gpio-hal-arch.o)
                                        0x238 (size before relaxing)
 .eh_frame      0x000000000002db34       0xa0 build/cooja/mtype825.a(buttons.o)
                                         0xb8 (size before relaxing)
 .eh_frame      0x000000000002dbd4       0x60 build/cooja/mtype825.a(oxygen_measurin)
                                         0x78 (size before relaxing)
 .eh_frame      0x000000000002dc34       0x44 build/cooja/mtype825.a(coap-blocking-a)
                                         0x5c (size before relaxing)
 .eh_frame      0x000000000002dc78      0x220 build/cooja/mtype825.a(coap-engine.o)
                                        0x238 (size before relaxing)
 .eh_frame      0x000000000002de98       0x24 build/cooja/mtype825.a(coap-res-well-k)
                                         0x3c (size before relaxing)
 .eh_frame      0x000000000002debc      0x188 build/cooja/mtype825.a(coap-observe.o)
                                        0x1a0 (size before relaxing)
 .eh_frame      0x000000000002e044      0x250 build/cooja/mtype825.a(coap-uip.o)
                                        0x268 (size before relaxing)
 .eh_frame      0x000000000002e294      0x114 build/cooja/mtype825.a(coap-timer.o)
                                        0x12c (size before relaxing)
 .eh_frame      0x000000000002e3a8      0x100 build/cooja/mtype825.a(coap-transactio)
                                        0x118 (size before relaxing)
 .eh_frame      0x000000000002e4a8      0x6ec build/cooja/mtype825.a(coap.o)
                                        0x704 (size before relaxing)
 .eh_frame      0x000000000002eb94       0x30 build/cooja/mtype825.a(contiki-main.o)
                                         0x48 (size before relaxing)
 .eh_frame      0x000000000002ebc4       0x40 build/cooja/mtype825.a(autostart.o)
                                         0x58 (size before relaxing)
 .eh_frame      0x000000000002ec04      0x100 build/cooja/mtype825.a(ctimer.o)
                                        0x118 (size before relaxing)
 .eh_frame      0x000000000002ed04      0x100 build/cooja/mtype825.a(log.o)
                                        0x118 (size before relaxing)
 .eh_frame      0x000000000002ee04       0x60 build/cooja/mtype825.a(energest.o)
                                         0x78 (size before relaxing)
 .eh_frame      0x000000000002ee64      0x1e0 build/cooja/mtype825.a(etimer.o)
                                        0x1f8 (size before relaxing)
 .eh_frame      0x000000000002f044       0x20 build/cooja/mtype825.a(node-id.o)
                                         0x38 (size before relaxing)
 .eh_frame      0x000000000002f064       0x60 build/cooja/mtype825.a(rtimer.o)
                                         0x78 (size before relaxing)
 .eh_frame      0x000000000002f0c4      0x1c4 build/cooja/mtype825.a(process.o)
                                        0x1dc (size before relaxing)
 .eh_frame      0x000000000002f288       0xa4 build/cooja/mtype825.a(timer.o)
                                         0xbc (size before relaxing)
 .eh_frame      0x000000000002f32c      0x1a0 build/cooja/mtype825.a(list.o)
                                        0x1b8 (size before relaxing)
 .eh_frame      0x000000000002f4cc       0xa0 build/cooja/mtype825.a(memb.o)
                                         0xb8 (size before relaxing)
 .eh_frame      0x000000000002f56c      0x144 build/cooja/mtype825.a(button-hal.o)
                                        0x15c (size before relaxing)
 .eh_frame      0x000000000002f6b0       0x60 build/cooja/mtype825.a(serial-line.o)
                                         0x78 (size before relaxing)
 .eh_frame      0x000000000002f710       0xe0 build/cooja/mtype825.a(gpio-hal.o)
                                         0xf8 (size before relaxing)
 .eh_frame      0x000000000002f7f0      0x1a0 build/cooja/mtype825.a(queuebuf.o)
                                        0x1b8 (size before relaxing)
 .eh_frame      0x000000000002f990      0x28c build/cooja/mtype825.a(packetbuf.o)
                                        0x2a4 (size before relaxing)
 .eh_frame      0x000000000002fc1c       0x80 build/cooja/mtype825.a(netstack.o)
                                         0x98 (size before relaxing)
 .eh_frame      0x000000000002fc9c       0x60 build/cooja/mtype825.a(linkaddr.o)
                                         0x78 (size before relaxing)
 .eh_frame      0x000000000002fcfc       0xe0 build/cooja/mtype825.a(csma.o)
                                         0xf8 (size before relaxing)
 .eh_frame      0x000000000002fddc      0x1d0 build/cooja/mtype825.a(csma-output.o)
                                        0x1e8 (size before relaxing)
 .eh_frame      0x000000000002ffac      0x328 build/cooja/mtype825.a(uip-ds6.o)
                                        0x340 (size before relaxing)
 .eh_frame      0x00000000000302d4       0x40 build/cooja/mtype825.a(uip-udp-packet.)
                                         0x58 (size before relaxing)
 .eh_frame      0x0000000000030314      0x220 build/cooja/mtype825.a(uip-ds6-route.o)
                                        0x238 (size before relaxing)
 .eh_frame      0x0000000000030534      0x244 build/cooja/mtype825.a(tcpip.o)
                                        0x25c (size before relaxing)
 .eh_frame      0x0000000000030778      0x1e8 build/cooja/mtype825.a(uip6.o)
                                        0x200 (size before relaxing)
 .eh_frame      0x0000000000030960      0x1c0 build/cooja/mtype825.a(uip-ds6-nbr.o)
                                        0x1d8 (size before relaxing)
 .eh_frame      0x0000000000030b20       0x84 build/cooja/mtype825.a(uip-nd6.o)
                                         0x9c (size before relaxing)
 .eh_frame      0x0000000000030ba4      0x2f8 build/cooja/mtype825.a(sicslowpan.o)
                                        0x310 (size before relaxing)
 .eh_frame      0x0000000000030e9c       0x88 build/cooja/mtype825.a(uiplib.o)
                                         0xa0 (size before relaxing)
 .eh_frame      0x0000000000030f24      0x1e0 build/cooja/mtype825.a(rpl.o)
                                        0x1f8 (size before relaxing)
 .eh_frame      0x0000000000031104      0x1c4 build/cooja/mtype825.a(rpl-icmp6.o)
                                        0x1dc (size before relaxing)
 .eh_frame      0x00000000000312c8       0xa0 build/cooja/mtype825.a(rpl-dag-root.o)
                                         0xb8 (size before relaxing)
 .eh_frame      0x0000000000031368       0xa0 build/cooja/mtype825.a(watchdog.o)
                                         0xb8 (size before relaxing)
 .eh_frame      0x0000000000031408       0x80 build/cooja/mtype825.a(int-master.o)
                                         0x98 (size before relaxing)
 .eh_frame      0x0000000000031488      0x1c4 build/cooja/mtype825.a(coap-observe-cl)
                                        0x1dc (size before relaxing)
 .eh_frame      0x000000000003164c       0xa4 build/cooja/mtype825.a(coap-timer-defa)
                                         0xbc (size before relaxing)
 .eh_frame      0x00000000000316f0       0xc4 build/cooja/mtype825.a(stimer.o)
                                         0xdc (size before relaxing)
 .eh_frame      0x00000000000317b4       0xa0 build/cooja/mtype825.a(ringbuf.o)
                                         0xb8 (size before relaxing)
 .eh_frame      0x0000000000031854       0x20 build/cooja/mtype825.a(assert.o)
                                         0x38 (size before relaxing)
 .eh_frame      0x0000000000031874      0x2ac build/cooja/mtype825.a(nbr-table.o)
                                        0x2c4 (size before relaxing)
 .eh_frame      0x0000000000031b20      0x120 build/cooja/mtype825.a(link-stats.o)
                                        0x138 (size before relaxing)
 .eh_frame      0x0000000000031c40       0x48 build/cooja/mtype825.a(mac-sequence.o)
                                         0x60 (size before relaxing)
 .eh_frame      0x0000000000031c88       0x20 build/cooja/mtype825.a(mac.o)
                                         0x38 (size before relaxing)
 .eh_frame      0x0000000000031ca8       0xa4 build/cooja/mtype825.a(framer-802154.o)
                                         0xbc (size before relaxing)
 .eh_frame      0x0000000000031d4c      0x1a4 build/cooja/mtype825.a(frame802154.o)
                                        0x1bc (size before relaxing)
 .eh_frame      0x0000000000031ef0       0x40 build/cooja/mtype825.a(csma-security.o)
                                         0x58 (size before relaxing)
 .eh_frame      0x0000000000031f30      0x200 build/cooja/mtype825.a(uipbuf.o)
                                        0x218 (size before relaxing)
 .eh_frame      0x0000000000032130      0x150 build/cooja/mtype825.a(uip-icmp6.o)
                                        0x168 (size before relaxing)
 .eh_frame      0x0000000000032280      0x184 build/cooja/mtype825.a(uip-sr.o)
                                        0x19c (size before relaxing)
 .eh_frame      0x0000000000032404       0xe0 build/cooja/mtype825.a(uip-packetqueue)
                                         0xf8 (size before relaxing)
 .eh_frame      0x00000000000324e4       0x80 build/cooja/mtype825.a(rpl-nbr-policy.)
                                         0x98 (size before relaxing)
 .eh_frame      0x0000000000032564      0x2d4 build/cooja/mtype825.a(rpl-neighbor.o)
                                        0x2ec (size before relaxing)
 .eh_frame      0x0000000000032838      0x370 build/cooja/mtype825.a(rpl-dag.o)
                                        0x388 (size before relaxing)
 .eh_frame      0x0000000000032ba8      0x3a8 build/cooja/mtype825.a(rpl-timers.o)
                                        0x3c0 (size before relaxing)
 .eh_frame      0x0000000000032f50      0x124 build/cooja/mtype825.a(rpl-ext-header.)
                                        0x13c (size before relaxing)
 .eh_frame      0x0000000000033074      0x148 build/cooja/mtype825.a(rpl-mrhof.o)
                                        0x160 (size before relaxing)
 .eh_frame      0x00000000000331bc       0x84 /usr/lib/gcc/i686-linux-gnu/5/libgcc.a(_udivdi3.o)
                                         0x9c (size before relaxing)
 .eh_frame      0x0000000000033240        0x4 /usr/lib/gcc/i686-linux-gnu/5/crtendS.o
 *(.eh_frame.*)

.gcc_except_table
 *(.gcc_except_table .gcc_except_table.*)

.gnu_extab
 *(.gnu_extab*)

.exception_ranges
 *(.exception_ranges .exception_ranges*)
                0x0000000000034f10                . = DATA_SEGMENT_ALIGN (0x1000, 0x1000)

.eh_frame
 *(.eh_frame)
 *(.eh_frame.*)

.gnu_extab
 *(.gnu_extab)

.gcc_except_table
 *(.gcc_except_table .gcc_except_table.*)

.exception_ranges
 *(.exception_ranges .exception_ranges*)

.tdata
 *(.tdata .tdata.* .gnu.linkonce.td.*)

.tbss
 *(.tbss .tbss.* .gnu.linkonce.tb.*)
 *(.tcommon)

.preinit_array
 *(.preinit_array)

.init_array     0x0000000000034f10        0x4
 *(SORT(.init_array.*) SORT(.ctors.*))
 *(.init_array EXCLUDE_FILE(*crtend?.o *crtend.o *crtbegin?.o *crtbegin.o) .ctors)
 .init_array    0x0000000000034f10        0x4 /usr/lib/gcc/i686-linux-gnu/5/crtbeginS.o

.fini_array     0x0000000000034f14        0x4
 *(SORT(.fini_array.*) SORT(.dtors.*))
 *(.fini_array EXCLUDE_FILE(*crtend?.o *crtend.o *crtbegin?.o *crtbegin.o) .dtors)
 .fini_array    0x0000000000034f14        0x4 /usr/lib/gcc/i686-linux-gnu/5/crtbeginS.o

.ctors
 *crtbegin.o(.ctors)
 *crtbegin?.o(.ctors)
 *(EXCLUDE_FILE(*crtend?.o *crtend.o) .ctors)
 *(SORT(.ctors.*))
 *(.ctors)

.dtors
 *crtbegin.o(.dtors)
 *crtbegin?.o(.dtors)
 *(EXCLUDE_FILE(*crtend?.o *crtend.o) .dtors)
 *(SORT(.dtors.*))
 *(.dtors)

.jcr            0x0000000000034f18        0x4
 *(.jcr)
 .jcr           0x0000000000034f18        0x0 /usr/lib/gcc/i686-linux-gnu/5/crtbeginS.o
 .jcr           0x0000000000034f18        0x4 /usr/lib/gcc/i686-linux-gnu/5/crtendS.o

.data.rel.ro
 *(.data.rel.ro.local* .gnu.linkonce.d.rel.ro.local.*)
 *(.data.rel.ro .data.rel.ro.* .gnu.linkonce.d.rel.ro.*)

.dynamic        0x0000000000034f1c       0xd0
 *(.dynamic)
 .dynamic       0x0000000000034f1c       0xd0 /usr/lib/gcc/i686-linux-gnu/5/../../../i386-linux-gnu/crti.o
                0x0000000000034f1c                _DYNAMIC

.got            0x0000000000034fec       0x14
 *(.got)
 .got           0x0000000000034fec       0x14 /usr/lib/gcc/i686-linux-gnu/5/../../../i386-linux-gnu/crti.o
 *(.igot)
                0x0000000000035ff4                . = DATA_SEGMENT_RELRO_END (., (SIZEOF (.got.plt) >= 0xc)?0xc:0x0)

.got.plt        0x0000000000035000        0xc
 *(.got.plt)
 .got.plt       0x0000000000035000        0xc /usr/lib/gcc/i686-linux-gnu/5/../../../i386-linux-gnu/crti.o
                0x0000000000035000                _GLOBAL_OFFSET_TABLE_
 *(.igot.plt)

.data           0x0000000000035020      0x464
 *(.data .data.* .gnu.linkonce.d.*)
 .data          0x0000000000035020        0x0 /usr/lib/gcc/i686-linux-gnu/5/../../../i386-linux-gnu/crti.o
 .data          0x0000000000035020        0x0 /usr/lib/gcc/i686-linux-gnu/5/crtbeginS.o
 .data.rel.local
                0x0000000000035020        0x4 /usr/lib/gcc/i686-linux-gnu/5/crtbeginS.o
                0x0000000000035020                __dso_handle
 .data          0x0000000000035024       0x14 oxygen_sensor.o
                0x0000000000035028                oxygen_sensor
 *fill*         0x0000000000035038        0x8 
 .data          0x0000000000035040       0x44 build/cooja/mtype825.o
                0x0000000000035040                simInterfaces
                0x0000000000035074                sensors
 .data          0x0000000000035084        0x0 build/cooja/mtype825.a(simEnvChange.o)
 .data          0x0000000000035084        0x0 build/cooja/mtype825.a(cooja_mt.o)
 .data          0x0000000000035084        0x0 build/cooja/mtype825.a(cooja_mtarch.o)
 .data          0x0000000000035084        0x0 build/cooja/mtype825.a(rtimer-arch.o)
 .data          0x0000000000035084        0x0 build/cooja/mtype825.a(beep.o)
 .data          0x0000000000035084        0x0 build/cooja/mtype825.a(leds-arch.o)
 .data          0x0000000000035084        0x0 build/cooja/mtype825.a(moteid.o)
 .data          0x0000000000035084        0x0 build/cooja/mtype825.a(pir-sensor.o)
 .data          0x0000000000035084        0x0 build/cooja/mtype825.a(rs232.o)
 .data          0x0000000000035084        0x0 build/cooja/mtype825.a(vib-sensor.o)
 .data          0x0000000000035084        0x0 build/cooja/mtype825.a(clock.o)
 .data          0x0000000000035084        0x0 build/cooja/mtype825.a(cooja-log.o)
 .data          0x0000000000035084        0x0 build/cooja/mtype825.a(cfs-cooja.o)
 .data          0x0000000000035084       0x2c build/cooja/mtype825.a(cooja-radio.o)
                0x0000000000035084                simRadioHWOn
                0x0000000000035088                simSignalStrength
                0x000000000003508c                simLastSignalStrength
                0x0000000000035090                simPower
                0x0000000000035094                simRadioChannel
                0x0000000000035098                simLQI
                0x00000000000350a0                cooja_radio_process
 .data          0x00000000000350b0        0x0 build/cooja/mtype825.a(eeprom.o)
 .data          0x00000000000350b0        0x0 build/cooja/mtype825.a(random.o)
 .data          0x00000000000350b0       0x10 build/cooja/mtype825.a(sensors.o)
                0x00000000000350b0                sensors_process
 .data          0x00000000000350c0        0x0 build/cooja/mtype825.a(leds.o)
 .data          0x00000000000350c0        0x0 build/cooja/mtype825.a(gpio-hal-arch.o)
 .data          0x00000000000350c0       0x78 build/cooja/mtype825.a(buttons.o)
                0x00000000000350c0                simButtonIsActive
                0x0000000000035130                button_hal_buttons
 *fill*         0x0000000000035138        0x8 
 .data          0x0000000000035140       0x44 build/cooja/mtype825.a(oxygen_measurin)
                0x0000000000035140                oxygen_level
                0x0000000000035160                oxygen_measuring_device
 .data          0x0000000000035184        0x0 build/cooja/mtype825.a(coap-blocking-a)
 .data          0x0000000000035184        0x8 build/cooja/mtype825.a(coap-engine.o)
 *fill*         0x000000000003518c       0x14 
 .data          0x00000000000351a0       0x24 build/cooja/mtype825.a(coap-res-well-k)
                0x00000000000351a0                res_well_known_core
 .data          0x00000000000351c4       0x10 build/cooja/mtype825.a(coap-observe.o)
 .data          0x00000000000351d4       0x10 build/cooja/mtype825.a(coap-uip.o)
                0x00000000000351d4                coap_engine
 .data          0x00000000000351e4        0x4 build/cooja/mtype825.a(coap-timer.o)
 .data          0x00000000000351e8       0x10 build/cooja/mtype825.a(coap-transactio)
 .data          0x00000000000351f8        0x4 build/cooja/mtype825.a(coap.o)
                0x00000000000351f8                coap_error_message
 .data          0x00000000000351fc        0x0 build/cooja/mtype825.a(contiki-main.o)
 .data          0x00000000000351fc        0x0 build/cooja/mtype825.a(autostart.o)
 .data          0x00000000000351fc       0x14 build/cooja/mtype825.a(ctimer.o)
                0x0000000000035200                ctimer_process
 *fill*         0x0000000000035210       0x10 
 .data          0x0000000000035220       0xbc build/cooja/mtype825.a(log.o)
                0x0000000000035220                curr_log_level_main
                0x0000000000035240                all_modules
 .data          0x00000000000352dc        0x0 build/cooja/mtype825.a(energest.o)
 .data          0x00000000000352dc       0x10 build/cooja/mtype825.a(etimer.o)
                0x00000000000352dc                etimer_process
 .data          0x00000000000352ec        0x0 build/cooja/mtype825.a(node-id.o)
 .data          0x00000000000352ec        0x0 build/cooja/mtype825.a(rtimer.o)
 .data          0x00000000000352ec        0x0 build/cooja/mtype825.a(process.o)
 .data          0x00000000000352ec        0x0 build/cooja/mtype825.a(timer.o)
 .data          0x00000000000352ec        0x0 build/cooja/mtype825.a(list.o)
 .data          0x00000000000352ec        0x0 build/cooja/mtype825.a(memb.o)
 .data          0x00000000000352ec       0x10 build/cooja/mtype825.a(button-hal.o)
                0x00000000000352ec                button_hal_process
 .data          0x00000000000352fc       0x10 build/cooja/mtype825.a(serial-line.o)
                0x00000000000352fc                serial_line_process
 .data          0x000000000003530c        0x4 build/cooja/mtype825.a(gpio-hal.o)
 .data          0x0000000000035310       0x18 build/cooja/mtype825.a(queuebuf.o)
 .data          0x0000000000035328        0x4 build/cooja/mtype825.a(packetbuf.o)
 .data          0x000000000003532c        0x4 build/cooja/mtype825.a(netstack.o)
 .data          0x0000000000035330        0x0 build/cooja/mtype825.a(linkaddr.o)
 .data          0x0000000000035330        0x0 build/cooja/mtype825.a(csma.o)
 .data          0x0000000000035330       0x28 build/cooja/mtype825.a(csma-output.o)
 .data          0x0000000000035358        0x0 build/cooja/mtype825.a(uip-ds6.o)
 .data          0x0000000000035358        0x0 build/cooja/mtype825.a(uip-udp-packet.)
 .data          0x0000000000035358       0x10 build/cooja/mtype825.a(uip-ds6-route.o)
 .data          0x0000000000035368       0x10 build/cooja/mtype825.a(tcpip.o)
                0x0000000000035368                tcpip_process
 .data          0x0000000000035378        0x0 build/cooja/mtype825.a(uip6.o)
 .data          0x0000000000035378       0x14 build/cooja/mtype825.a(uip-ds6-nbr.o)
 .data          0x000000000003538c        0xc build/cooja/mtype825.a(uip-nd6.o)
 .data          0x0000000000035398        0x0 build/cooja/mtype825.a(sicslowpan.o)
 .data          0x0000000000035398        0x0 build/cooja/mtype825.a(uiplib.o)
 .data          0x0000000000035398        0x0 build/cooja/mtype825.a(rpl.o)
 .data          0x0000000000035398       0x30 build/cooja/mtype825.a(rpl-icmp6.o)
 .data          0x00000000000353c8        0x0 build/cooja/mtype825.a(rpl-dag-root.o)
 .data          0x00000000000353c8        0x0 build/cooja/mtype825.a(watchdog.o)
 .data          0x00000000000353c8        0x0 build/cooja/mtype825.a(int-master.o)
 .data          0x00000000000353c8       0x10 build/cooja/mtype825.a(coap-observe-cl)
 .data          0x00000000000353d8       0x10 build/cooja/mtype825.a(coap-timer-defa)
                0x00000000000353d8                coap_timer_process
 .data          0x00000000000353e8        0x0 build/cooja/mtype825.a(stimer.o)
 .data          0x00000000000353e8        0x0 build/cooja/mtype825.a(ringbuf.o)
 .data          0x00000000000353e8        0x0 build/cooja/mtype825.a(assert.o)
 .data          0x00000000000353e8       0x10 build/cooja/mtype825.a(nbr-table.o)
 .data          0x00000000000353f8       0x14 build/cooja/mtype825.a(link-stats.o)
 .data          0x000000000003540c        0x0 build/cooja/mtype825.a(mac-sequence.o)
 .data          0x000000000003540c        0x0 build/cooja/mtype825.a(mac.o)
 .data          0x000000000003540c        0x0 build/cooja/mtype825.a(framer-802154.o)
 .data          0x000000000003540c        0x2 build/cooja/mtype825.a(frame802154.o)
 .data          0x000000000003540e        0x0 build/cooja/mtype825.a(csma-security.o)
 .data          0x000000000003540e        0x0 build/cooja/mtype825.a(uipbuf.o)
 *fill*         0x000000000003540e        0x2 
 .data          0x0000000000035410       0x20 build/cooja/mtype825.a(uip-icmp6.o)
 .data          0x0000000000035430       0x10 build/cooja/mtype825.a(uip-sr.o)
 .data          0x0000000000035440        0xc build/cooja/mtype825.a(uip-packetqueue)
 .data          0x000000000003544c        0x0 build/cooja/mtype825.a(rpl-nbr-policy.)
 .data          0x000000000003544c       0x14 build/cooja/mtype825.a(rpl-neighbor.o)
                0x000000000003545c                rpl_neighbors
 .data          0x0000000000035460        0x0 build/cooja/mtype825.a(rpl-dag.o)
 .data          0x0000000000035460        0x0 build/cooja/mtype825.a(rpl-timers.o)
 .data          0x0000000000035460        0x0 build/cooja/mtype825.a(rpl-ext-header.)
 .data          0x0000000000035460       0x24 build/cooja/mtype825.a(rpl-mrhof.o)
                0x0000000000035460                rpl_mrhof
 .data          0x0000000000035484        0x0 /usr/lib/gcc/i686-linux-gnu/5/libgcc.a(_udivdi3.o)
 .data          0x0000000000035484        0x0 /usr/lib/gcc/i686-linux-gnu/5/crtendS.o
 .data          0x0000000000035484        0x0 /usr/lib/gcc/i686-linux-gnu/5/../../../i386-linux-gnu/crtn.o

.tm_clone_table
                0x0000000000035484        0x0
 .tm_clone_table
                0x0000000000035484        0x0 /usr/lib/gcc/i686-linux-gnu/5/crtbeginS.o
 .tm_clone_table
                0x0000000000035484        0x0 /usr/lib/gcc/i686-linux-gnu/5/crtendS.o

.data1
 *(.data1)
                0x0000000000035484                _edata = .
                [!provide]                        PROVIDE (edata, .)
                0x0000000000035484                . = .
                0x0000000000035484                __bss_start = .

.bss            0x00000000000354a0    0x14104
 *(.dynbss)
 .dynbss        0x00000000000354a0        0x0 /usr/lib/gcc/i686-linux-gnu/5/../../../i386-linux-gnu/crti.o
 *(.bss .bss.* .gnu.linkonce.b.*)
 .bss           0x00000000000354a0        0x0 /usr/lib/gcc/i686-linux-gnu/5/../../../i386-linux-gnu/crti.o
 .bss           0x00000000000354a0        0x1 /usr/lib/gcc/i686-linux-gnu/5/crtbeginS.o
 *fill*         0x00000000000354a1       0x1f 
 .bss           0x00000000000354c0      0x11c oxygen_sensor.o
 *fill*         0x00000000000355dc        0x4 
 .bss           0x00000000000355e0     0x2030 build/cooja/mtype825.o
 .bss           0x0000000000037610        0x1 build/cooja/mtype825.a(simEnvChange.o)
                0x0000000000037610                simDontFallAsleep
 *fill*         0x0000000000037611        0x3 
 .bss           0x0000000000037614        0x4 build/cooja/mtype825.a(cooja_mt.o)
 .bss           0x0000000000037618        0x4 build/cooja/mtype825.a(cooja_mtarch.o)
 .bss           0x000000000003761c        0x0 build/cooja/mtype825.a(rtimer-arch.o)
 .bss           0x000000000003761c        0x0 build/cooja/mtype825.a(beep.o)
 .bss           0x000000000003761c        0x1 build/cooja/mtype825.a(leds-arch.o)
                0x000000000003761c                simLedsValue
 .bss           0x000000000003761d        0x0 build/cooja/mtype825.a(moteid.o)
 .bss           0x000000000003761d        0x1 build/cooja/mtype825.a(pir-sensor.o)
                0x000000000003761d                simPirValue
 *fill*         0x000000000003761e        0x2 
 .bss           0x0000000000037620        0x4 build/cooja/mtype825.a(rs232.o)
 .bss           0x0000000000037624        0x1 build/cooja/mtype825.a(vib-sensor.o)
                0x0000000000037624                simVibValue
 .bss           0x0000000000037625        0x0 build/cooja/mtype825.a(clock.o)
 *fill*         0x0000000000037625       0x1b 
 .bss           0x0000000000037640     0x2020 build/cooja/mtype825.a(cooja-log.o)
 .bss           0x0000000000039660      0xfc0 build/cooja/mtype825.a(cfs-cooja.o)
                0x0000000000039660                simCFSData
                0x000000000003a600                simCFSSize
                0x000000000003a604                simCFSChanged
                0x000000000003a608                simCFSRead
                0x000000000003a60c                simCFSWritten
 .bss           0x000000000003a620       0x24 build/cooja/mtype825.a(cooja-radio.o)
                0x000000000003a620                simReceiving
                0x000000000003a624                simInSize
                0x000000000003a628                simLastPacketTimestamp
                0x000000000003a630                simOutSize
 .bss           0x000000000003a644        0xc build/cooja/mtype825.a(eeprom.o)
                0x000000000003a644                simEEPROMChanged
                0x000000000003a648                simEEPROMRead
                0x000000000003a64c                simEEPROMWritten
 .bss           0x000000000003a650        0x0 build/cooja/mtype825.a(random.o)
 .bss           0x000000000003a650        0xc build/cooja/mtype825.a(sensors.o)
 .bss           0x000000000003a65c        0x0 build/cooja/mtype825.a(leds.o)
 .bss           0x000000000003a65c       0x24 build/cooja/mtype825.a(gpio-hal-arch.o)
 .bss           0x000000000003a680        0x0 build/cooja/mtype825.a(buttons.o)
 .bss           0x000000000003a680        0x0 build/cooja/mtype825.a(oxygen_measurin)
 .bss           0x000000000003a680        0x0 build/cooja/mtype825.a(coap-blocking-a)
 .bss           0x000000000003a680      0x190 build/cooja/mtype825.a(coap-engine.o)
 .bss           0x000000000003a810        0x0 build/cooja/mtype825.a(coap-res-well-k)
 *fill*         0x000000000003a810       0x10 
 .bss           0x000000000003a820      0x120 build/cooja/mtype825.a(coap-observe.o)
 .bss           0x000000000003a940       0x18 build/cooja/mtype825.a(coap-uip.o)
 .bss           0x000000000003a958        0x5 build/cooja/mtype825.a(coap-timer.o)
 *fill*         0x000000000003a95d        0x3 
 .bss           0x000000000003a960      0x334 build/cooja/mtype825.a(coap-transactio)
 .bss           0x000000000003ac94        0x6 build/cooja/mtype825.a(coap.o)
                0x000000000003ac94                coap_status_code
 .bss           0x000000000003ac9a        0x0 build/cooja/mtype825.a(contiki-main.o)
 .bss           0x000000000003ac9a        0x0 build/cooja/mtype825.a(autostart.o)
 *fill*         0x000000000003ac9a        0x2 
 .bss           0x000000000003ac9c        0x5 build/cooja/mtype825.a(ctimer.o)
 *fill*         0x000000000003aca1        0x3 
 .bss           0x000000000003aca4       0x2c build/cooja/mtype825.a(log.o)
                0x000000000003aca4                curr_log_level_rpl
                0x000000000003aca8                curr_log_level_tcpip
                0x000000000003acac                curr_log_level_ipv6
                0x000000000003acb0                curr_log_level_6lowpan
                0x000000000003acb4                curr_log_level_nullnet
                0x000000000003acb8                curr_log_level_mac
                0x000000000003acbc                curr_log_level_framer
                0x000000000003acc0                curr_log_level_6top
                0x000000000003acc4                curr_log_level_coap
                0x000000000003acc8                curr_log_level_snmp
                0x000000000003accc                curr_log_level_lwm2m
 .bss           0x000000000003acd0        0x0 build/cooja/mtype825.a(energest.o)
 .bss           0x000000000003acd0        0x8 build/cooja/mtype825.a(etimer.o)
 .bss           0x000000000003acd8        0x2 build/cooja/mtype825.a(node-id.o)
                0x000000000003acd8                node_id
 *fill*         0x000000000003acda        0x2 
 .bss           0x000000000003acdc        0x4 build/cooja/mtype825.a(rtimer.o)
 .bss           0x000000000003ace0      0x1a1 build/cooja/mtype825.a(process.o)
                0x000000000003ace0                process_list
                0x000000000003ace4                process_current
 .bss           0x000000000003ae81        0x0 build/cooja/mtype825.a(timer.o)
 .bss           0x000000000003ae81        0x0 build/cooja/mtype825.a(list.o)
 .bss           0x000000000003ae81        0x0 build/cooja/mtype825.a(memb.o)
 *fill*         0x000000000003ae81        0x3 
 .bss           0x000000000003ae84       0x10 build/cooja/mtype825.a(button-hal.o)
 *fill*         0x000000000003ae94        0xc 
 .bss           0x000000000003aea0      0x140 build/cooja/mtype825.a(serial-line.o)
 .bss           0x000000000003afe0        0x4 build/cooja/mtype825.a(gpio-hal.o)
 *fill*         0x000000000003afe4       0x1c 
 .bss           0x000000000003b000     0x2c80 build/cooja/mtype825.a(queuebuf.o)
 .bss           0x000000000003dc80       0xa0 build/cooja/mtype825.a(packetbuf.o)
 .bss           0x000000000003dd20        0x4 build/cooja/mtype825.a(netstack.o)
 .bss           0x000000000003dd24        0x0 build/cooja/mtype825.a(linkaddr.o)
 .bss           0x000000000003dd24        0x0 build/cooja/mtype825.a(csma.o)
 *fill*         0x000000000003dd24       0x1c 
 .bss           0x000000000003dd40      0x726 build/cooja/mtype825.a(csma-output.o)
 *fill*         0x000000000003e466        0x2 
 .bss           0x000000000003e468       0x30 build/cooja/mtype825.a(uip-ds6.o)
 .bss           0x000000000003e498        0x0 build/cooja/mtype825.a(uip-udp-packet.)
 *fill*         0x000000000003e498        0x8 
 .bss           0x000000000003e4a0       0x60 build/cooja/mtype825.a(uip-ds6-route.o)
 .bss           0x000000000003e500       0x10 build/cooja/mtype825.a(tcpip.o)
 .bss           0x000000000003e510        0x8 build/cooja/mtype825.a(uip6.o)
                0x000000000003e510                uip_ext_bitmap