Archive member included to satisfy reference by file (symbol)

build/cooja/mtype646.a(simEnvChange.o)
                              build/cooja/mtype646.o (simDontFallAsleep)
build/cooja/mtype646.a(cooja_mt.o)
                              build/cooja/mtype646.o (cooja_mt_start)
build/cooja/mtype646.a(cooja_mtarch.o)
                              build/cooja/mtype646.a(cooja_mt.o) (cooja_mtarch_start)
build/cooja/mtype646.a(rtimer-arch.o)
                              build/cooja/mtype646.o (rtimer_arch_check)
build/cooja/mtype646.a(beep.o)
                              build/cooja/mtype646.o (beep_interface)
build/cooja/mtype646.a(leds-arch.o)
                              build/cooja/mtype646.o (leds_interface)
build/cooja/mtype646.a(moteid.o)
                              build/cooja/mtype646.o (moteid_interface)
build/cooja/mtype646.a(pir-sensor.o)
                              build/cooja/mtype646.o (pir_interface)
build/cooja/mtype646.a(rs232.o)
                              build/cooja/mtype646.o (rs232_interface)
build/cooja/mtype646.a(vib-sensor.o)
                              build/cooja/mtype646.o (vib_interface)
build/cooja/mtype646.a(clock.o)
                              build/cooja/mtype646.o (clock_interface)
build/cooja/mtype646.a(cooja-log.o)
                              build/cooja/mtype646.o (simlog_interface)
build/cooja/mtype646.a(cfs-cooja.o)
                              build/cooja/mtype646.o (cfs_interface)
build/cooja/mtype646.a(cooja-radio.o)
                              build/cooja/mtype646.o (radio_interface)
build/cooja/mtype646.a(eeprom.o)
                              build/cooja/mtype646.o (eeprom_interface)
build/cooja/mtype646.a(random.o)
                              build/cooja/mtype646.a(moteid.o) (random_init)
build/cooja/mtype646.a(sensors.o)
                              build/cooja/mtype646.a(pir-sensor.o) (sensors_changed)
build/cooja/mtype646.a(leds.o)
                              build/cooja/mtype646.a(leds-arch.o) (leds_get)
build/cooja/mtype646.a(gpio-hal-arch.o)
                              build/cooja/mtype646.a(leds-arch.o) (gpio_hal_arch_register_pin_callback)
build/cooja/mtype646.a(buttons.o)
                              build/cooja/mtype646.o (button_interface)
build/cooja/mtype646.a(coap-blocking-a)
                              oxygen_sensor.o (coap_blocking_request)
build/cooja/mtype646.a(coap-engine.o)
                              oxygen_sensor.o (coap_activate_resource)
build/cooja/mtype646.a(coap-res-well-k)
                              build/cooja/mtype646.a(coap-engine.o) (res_well_known_core)
build/cooja/mtype646.a(coap-observe.o)
                              build/cooja/mtype646.a(coap-engine.o) (coap_remove_observer_by_mid)
build/cooja/mtype646.a(coap-uip.o)
                              build/cooja/mtype646.a(coap-observe.o) (coap_endpoint_copy)
build/cooja/mtype646.a(coap-timer.o)
                              build/cooja/mtype646.a(coap-engine.o) (coap_timer_set)
build/cooja/mtype646.a(coap-transactio)
                              build/cooja/mtype646.a(coap-blocking-a) (coap_send_transaction)
build/cooja/mtype646.a(coap.o)
                              build/cooja/mtype646.a(coap-engine.o) (coap_status_code)
build/cooja/mtype646.a(contiki-main.o)
                              build/cooja/mtype646.o (main)
build/cooja/mtype646.a(autostart.o)
                              build/cooja/mtype646.a(contiki-main.o) (autostart_start)
build/cooja/mtype646.a(ctimer.o)
                              build/cooja/mtype646.a(contiki-main.o) (ctimer_init)
build/cooja/mtype646.a(log.o)
                              build/cooja/mtype646.a(contiki-main.o) (curr_log_level_main)
build/cooja/mtype646.a(energest.o)
                              build/cooja/mtype646.a(contiki-main.o) (energest_init)
build/cooja/mtype646.a(etimer.o)
                              build/cooja/mtype646.a(contiki-main.o) (etimer_process)
build/cooja/mtype646.a(node-id.o)
                              build/cooja/mtype646.a(contiki-main.o) (node_id)
build/cooja/mtype646.a(rtimer.o)
                              build/cooja/mtype646.a(contiki-main.o) (rtimer_init)
build/cooja/mtype646.a(process.o)
                              build/cooja/mtype646.a(coap-blocking-a) (process_current)
build/cooja/mtype646.a(timer.o)
                              build/cooja/mtype646.a(etimer.o) (timer_set)
build/cooja/mtype646.a(list.o)
                              build/cooja/mtype646.a(coap-engine.o) (list_init)
build/cooja/mtype646.a(memb.o)
                              build/cooja/mtype646.a(coap-observe.o) (memb_alloc)
build/cooja/mtype646.a(button-hal.o)
                              oxygen_sensor.o (button_hal_press_event)
build/cooja/mtype646.a(serial-line.o)
                              build/cooja/mtype646.a(rs232.o) (serial_line_input_byte)
build/cooja/mtype646.a(gpio-hal.o)
                              build/cooja/mtype646.a(button-hal.o) (gpio_hal_register_handler)
[...]
Memory Configuration

Name             Origin             Length             Attributes
*default*        0x0000000000000000 0xffffffffffffffff

Linker script and memory map

LOAD /usr/lib/gcc/i686-linux-gnu/5/../../../i386-linux-gnu/crti.o
LOAD /usr/lib/gcc/i686-linux-gnu/5/crtbeginS.o
LOAD oxygen_sensor.o
LOAD build/cooja/mtype646.o
LOAD build/cooja/mtype646.a
LOAD /usr/lib/gcc/i686-linux-gnu/5/libgcc.a
LOAD /usr/lib/gcc/i686-linux-gnu/5/libgcc_s.so
LOAD /usr/lib/gcc/i686-linux-gnu/5/../../../i386-linux-gnu/libc.so
START GROUP
LOAD /lib/i386-linux-gnu/libc.so.6
LOAD /usr/lib/i386-linux-gnu/libc_nonshared.a
LOAD /lib/i386-linux-gnu/ld-linux.so.2
END GROUP
LOAD /usr/lib/gcc/i686-linux-gnu/5/libgcc.a
LOAD /usr/lib/gcc/i686-linux-gnu/5/libgcc_s.so
LOAD /usr/lib/gcc/i686-linux-gnu/5/crtendS.o
LOAD /usr/lib/gcc/i686-linux-gnu/5/../../../i386-linux-gnu/crtn.o
                0x0000000000000114                . = (0x0 + SIZEOF_HEADERS)

.note.gnu.build-id
                0x0000000000000114       0x24
 *(.note.gnu.build-id)
 .note.gnu.build-id
                0x0000000000000114       0x24 /usr/lib/gcc/i686-linux-gnu/5/../../../i386-linux-gnu/crti.o

.hash
 *(.hash)

.gnu.hash       0x0000000000000138     0x15a8
 *(.gnu.hash)
 .gnu.hash      0x0000000000000138     0x15a8 /usr/lib/gcc/i686-linux-gnu/5/../../../i386-linux-gnu/crti.o

.dynsym         0x00000000000016e0     0x2f40
 *(.dynsym)
 .dynsym        0x00000000000016e0     0x2f40 /usr/lib/gcc/i686-linux-gnu/5/../../../i386-linux-gnu/crti.o

.dynstr         0x0000000000004620     0x3759
 *(.dynstr)
 .dynstr        0x0000000000004620     0x3759 /usr/lib/gcc/i686-linux-gnu/5/../../../i386-linux-gnu/crti.o

.gnu.version    0x0000000000007d7a      0x5e8
 *(.gnu.version)
 .gnu.version   0x0000000000007d7a      0x5e8 /usr/lib/gcc/i686-linux-gnu/5/../../../i386-linux-gnu/crti.o

.gnu.version_d  0x0000000000008364        0x0
 *(.gnu.version_d)
 .gnu.version_d
                0x0000000000008364        0x0 /usr/lib/gcc/i686-linux-gnu/5/../../../i386-linux-gnu/crti.o

.gnu.version_r  0x0000000000008364       0x40
 *(.gnu.version_r)
 .gnu.version_r
                0x0000000000008364       0x40 /usr/lib/gcc/i686-linux-gnu/5/../../../i386-linux-gnu/crti.o

.rel.dyn        0x00000000000083a4     0x9110
 *(.rel.init)
 .rel.init      0x00000000000083a4        0x0 /usr/lib/gcc/i686-linux-gnu/5/../../../i386-linux-gnu/crti.o
 *(.rel.text .rel.text.* .rel.gnu.linkonce.t.*)
 .rel.text      0x00000000000083a4     0x8760 /usr/lib/gcc/i686-linux-gnu/5/../../../i386-linux-gnu/crti.o
 *(.rel.fini)
 .rel.fini      0x0000000000010b04        0x0 /usr/lib/gcc/i686-linux-gnu/5/../../../i386-linux-gnu/crti.o
 *(.rel.rodata .rel.rodata.* .rel.gnu.linkonce.r.*)
 .rel.rodata    0x0000000000010b04      0x588 /usr/lib/gcc/i686-linux-gnu/5/../../../i386-linux-gnu/crti.o
 *(.rel.data.rel.ro .rel.data.rel.ro.* .rel.gnu.linkonce.d.rel.ro.*)
 *(.rel.data .rel.data.* .rel.gnu.linkonce.d.*)
 .rel.data.rel.local
                0x000000000001108c        0x8 /usr/lib/gcc/i686-linux-gnu/5/../../../i386-linux-gnu/crti.o
 .rel.data      0x0000000000011094      0x3e8 /usr/lib/gcc/i686-linux-gnu/5/../../../i386-linux-gnu/crti.o
 *(.rel.tdata .rel.tdata.* .rel.gnu.linkonce.td.*)
 *(.rel.tbss .rel.tbss.* .rel.gnu.linkonce.tb.*)
 *(.rel.ctors)
 *(.rel.dtors)
 *(.rel.got)
 .rel.got       0x000000000001147c       0x28 /usr/lib/gcc/i686-linux-gnu/5/../../../i386-linux-gnu/crti.o
 *(.rel.bss .rel.bss.* .rel.gnu.linkonce.b.*)
 *(.rel.ifunc)
 .rel.ifunc     0x00000000000114a4        0x0 /usr/lib/gcc/i686-linux-gnu/5/../../../i386-linux-gnu/crti.o
 .rel.fini_array
                0x00000000000114a4        0x8 /usr/lib/gcc/i686-linux-gnu/5/../../../i386-linux-gnu/crti.o
 .rel.init_array
                0x00000000000114ac        0x8 /usr/lib/gcc/i686-linux-gnu/5/../../../i386-linux-gnu/crti.o

.rel.plt        0x00000000000114b4        0x0
 *(.rel.plt)
 .rel.plt       0x00000000000114b4        0x0 /usr/lib/gcc/i686-linux-gnu/5/../../../i386-linux-gnu/crti.o
 *(.rel.iplt)

.init           0x00000000000114b4       0x23
 *(SORT(.init))
 .init          0x00000000000114b4       0x1e /usr/lib/gcc/i686-linux-gnu/5/../../../i386-linux-gnu/crti.o
                0x00000000000114b4                _init
 .init          0x00000000000114d2        0x5 /usr/lib/gcc/i686-linux-gnu/5/../../../i386-linux-gnu/crtn.o

.plt            0x00000000000114e0       0x10
 *(.plt)
 .plt           0x00000000000114e0       0x10 /usr/lib/gcc/i686-linux-gnu/5/../../../i386-linux-gnu/crti.o
 *(.iplt)

.plt.got        0x00000000000114f0       0x10
 *(.plt.got)
 .plt.got       0x00000000000114f0       0x10 /usr/lib/gcc/i686-linux-gnu/5/../../../i386-linux-gnu/crti.o

.text           0x0000000000011500    0x18a92
 *(.text.unlikely .text.*_unlikely .text.unlikely.*)
 .text.unlikely
                0x0000000000011500        0x0 /usr/lib/gcc/i686-linux-gnu/5/crtbeginS.o
 .text.unlikely
                0x0000000000011500        0x0 /usr/lib/gcc/i686-linux-gnu/5/libgcc.a(_udivdi3.o)
 *(.text.exit .text.exit.*)
 *(.text.startup .text.startup.*)
 *(.text.hot .text.hot.*)
 *(.text .stub .text.* .gnu.linkonce.t.*)
 .text          0x0000000000011500        0x0 /usr/lib/gcc/i686-linux-gnu/5/../../../i386-linux-gnu/crti.o
 .gnu.linkonce.t.__x86.get_pc_thunk.bx
                0x0000000000011500        0x4 /usr/lib/gcc/i686-linux-gnu/5/../../../i386-linux-gnu/crti.o
                0x0000000000011500                __x86.get_pc_thunk.bx
 *fill*         0x0000000000011504        0xc 
 .text          0x0000000000011510      0x11c /usr/lib/gcc/i686-linux-gnu/5/crtbeginS.o
 .text.__x86.get_pc_thunk.dx
                0x000000000001162c        0x4 /usr/lib/gcc/i686-linux-gnu/5/crtbeginS.o
                0x000000000001162c                __x86.get_pc_thunk.dx
 .text          0x0000000000011630      0x2a7 oxygen_sensor.o
                0x0000000000011630                wait_for_ack
 .text          0x00000000000118d7      0x283 build/cooja/mtype646.o
                0x0000000000011969                platform_init_stage_one
                0x000000000001197c                platform_init_stage_two
                0x000000000001198f                platform_init_stage_three
                0x00000000000119a2                platform_main_loop
                0x0000000000011a15                Java_org_contikios_cooja_corecomm_Lib5_init
                0x0000000000011a4c                Java_org_contikios_cooja_corecomm_Lib5_getMemory
                0x0000000000011a7f                Java_org_contikios_cooja_corecomm_Lib5_setMemory
                0x0000000000011adf                Java_org_contikios_cooja_corecomm_Lib5_tick
                0x0000000000011b47                Java_org_contikios_cooja_corecomm_Lib5_setReferenceAddress
 .text          0x0000000000011b5a       0x65 build/cooja/mtype646.a(simEnvChange.o)
                0x0000000000011b5a                doActionsBeforeTick
                0x0000000000011b8c                doActionsAfterTick
 .text          0x0000000000011bbf       0x83 build/cooja/mtype646.a(cooja_mt.o)
                0x0000000000011bbf                cooja_mt_start
                0x0000000000011be9                cooja_mt_exec
                0x0000000000011c1f                cooja_mt_yield
 .text          0x0000000000011c42       0xbe build/cooja/mtype646.a(cooja_mtarch.o)
                0x0000000000011c42                cooja_mtarch_start
                0x0000000000011cb5                cooja_sw
                0x0000000000011cd8                cooja_mtarch_exec
                0x0000000000011cf5                cooja_mtarch_yield
 .text          0x0000000000011d00       0xc5 build/cooja/mtype646.a(rtimer-arch.o)
                0x0000000000011d00                rtimer_arch_init
                0x0000000000011d24                rtimer_arch_schedule
                0x0000000000011d54                rtimer_arch_next
                0x0000000000011d64                rtimer_arch_pending
                0x0000000000011d6e                rtimer_arch_check
                0x0000000000011db5                rtimer_arch_now
 .text          0x0000000000011dc5       0x81 build/cooja/mtype646.a(beep.o)
                0x0000000000011dc5                beep_alarm
                0x0000000000011dd2                beep_beep
                0x0000000000011ddf                beep
                0x0000000000011dec                beep_down
                0x0000000000011df9                beep_on
                0x0000000000011e06                beep_off
                0x0000000000011e13                beep_spinup
                0x0000000000011e20                beep_quick
                0x0000000000011e2d                beep_long
 .text          0x0000000000011e46       0x65 build/cooja/mtype646.a(leds-arch.o)
                0x0000000000011e59                leds_arch_init
 .text          0x0000000000011eab       0x35 build/cooja/mtype646.a(moteid.o)
 .text          0x0000000000011ee0       0xb7 build/cooja/mtype646.a(pir-sensor.o)
 .text          0x0000000000011f97      0x148 build/cooja/mtype646.a(rs232.o)
                0x0000000000011f97                rs232_init
                0x0000000000011f9d                rs232_set_speed
                0x0000000000011fac                rs232_set_input
                0x0000000000011fba                rs232_send
                0x0000000000011fde                rs232_print
                0x0000000000011ffa                slip_arch_writeb
 .text          0x00000000000120df       0xb7 build/cooja/mtype646.a(vib-sensor.o)
 .text          0x0000000000012196       0x38 build/cooja/mtype646.a(clock.o)
                0x0000000000012196                clock_init
                0x000000000001219c                clock_time
                0x00000000000121a6                clock_seconds
                0x00000000000121bc                clock_delay
 .text          0x00000000000121ce      0x219 build/cooja/mtype646.a(cooja-log.o)
                0x00000000000121ce                simlog_char
                0x0000000000012211                simlog
                0x0000000000012287                log_message
                0x00000000000122b8                log_set_putchar_with_slip
                0x00000000000122c6                log_putchar
                0x0000000000012341                log_puts
                0x0000000000012369                log_printf
 .text          0x00000000000123e7      0x2b9 build/cooja/mtype646.a(cfs-cooja.o)
                0x00000000000123e7                cfs_open
                0x0000000000012450                cfs_close
                0x000000000001245d                cfs_read
                0x00000000000124f2                cfs_write
                0x00000000000125ce                cfs_seek
                0x0000000000012656                cfs_remove
                0x000000000001267a                cfs_opendir
                0x0000000000012684                cfs_readdir
                0x000000000001268e                cfs_closedir
 .text          0x00000000000126a0      0x620 build/cooja/mtype646.a(cooja-radio.o)
                0x00000000000126e2                radio_set_channel
                0x00000000000126f0                radio_set_txpower
                0x0000000000012708                radio_signal_strength_last
                0x0000000000012712                radio_signal_strength_current
                0x000000000001271c                radio_LQI
 .text          0x0000000000012cc0       0xee build/cooja/mtype646.a(eeprom.o)
                0x0000000000012cc0                eeprom_init
                0x0000000000012cc6                eeprom_read
                0x0000000000012d34                eeprom_write
 .text          0x0000000000012dae       0x2d build/cooja/mtype646.a(random.o)
                0x0000000000012dae                random_init
                0x0000000000012dce                random_rand
 .text          0x0000000000012ddb      0x29c build/cooja/mtype646.a(sensors.o)
                0x0000000000012e16                sensors_first
                0x0000000000012e20                sensors_next
                0x0000000000012e3a                sensors_changed
                0x0000000000012e6e                sensors_find
 .text          0x0000000000013077      0x349 build/cooja/mtype646.a(leds.o)
                0x0000000000013077                leds_init
                0x00000000000130be                leds_single_on
                0x000000000001311d                leds_single_off
                0x000000000001317c                leds_single_toggle
                0x00000000000131ae                leds_on
                0x0000000000013230                leds_off
                0x00000000000132b2                leds_toggle
                0x0000000000013307                leds_set
                0x0000000000013333                leds_get
 .text          0x00000000000133c0      0x343 build/cooja/mtype646.a(gpio-hal-arch.o)
                0x00000000000133c0                gpio_hal_arch_register_pin_callback
                0x000000000001342c                gpio_hal_arch_init
                0x0000000000013471                gpio_hal_arch_no_port_interrupt_enable
                0x00000000000134a1                gpio_hal_arch_no_port_interrupt_disable
                0x00000000000134d1                gpio_hal_arch_no_port_pin_cfg_set
                0x00000000000134f6                gpio_hal_arch_no_port_pin_cfg_get
                0x000000000001351c                gpio_hal_arch_no_port_pin_set_input
                0x000000000001352e                gpio_hal_arch_no_port_pin_set_output
                0x0000000000013540                gpio_hal_arch_no_port_set_pin
                0x0000000000013561                gpio_hal_arch_no_port_clear_pin
                0x0000000000013582                gpio_hal_arch_no_port_read_pin
                0x00000000000135a8                gpio_hal_arch_no_port_write_pin
                0x00000000000135d2                gpio_hal_arch_no_port_set_pins
                0x0000000000013619                gpio_hal_arch_no_port_clear_pins
                0x0000000000013660                gpio_hal_arch_no_port_read_pins
                0x00000000000136a3                gpio_hal_arch_no_port_write_pins
 .text          0x0000000000013703       0x89 build/cooja/mtype646.a(buttons.o)
 .text          0x000000000001378c      0x27b build/cooja/mtype646.a(coap-blocking-a)
                0x000000000001378c                coap_blocking_request_callback
                0x00000000000137b6                coap_blocking_request
 .text          0x0000000000013a07      0xc26 build/cooja/mtype646.a(coap-engine.o)
                0x0000000000013a9c                coap_add_handler
                0x0000000000013ab9                coap_remove_handler
                0x0000000000013ad6                coap_call_handlers
                0x0000000000013bde                coap_receive
                0x0000000000014215                coap_engine_init
                0x0000000000014273                coap_activate_resource
                0x000000000001431e                coap_get_first_resource
                0x0000000000014337                coap_get_next_resource
 .text          0x000000000001462d      0x2d9 build/cooja/mtype646.a(coap-res-well-k)
 .text          0x0000000000014906      0x96a build/cooja/mtype646.a(coap-observe.o)
                0x0000000000014a1b                coap_remove_observer
                0x0000000000014a4b                coap_remove_observer_by_client
                0x0000000000014ab3                coap_remove_observer_by_token
                0x0000000000014b46                coap_remove_observer_by_uri
                0x0000000000014bed                coap_remove_observer_by_mid
                0x0000000000014c69                coap_notify_observers
                0x0000000000014c82                coap_notify_observers_sub
                0x00000000000150ec                coap_observe_handler
                0x0000000000015207                coap_has_observers
 .text          0x0000000000015270      0x733 build/cooja/mtype646.a(coap-uip.o)
                0x0000000000015270                coap_endpoint_log
                0x00000000000152f6                coap_endpoint_print
                0x000000000001537c                coap_endpoint_snprint
                0x00000000000154af                coap_endpoint_copy
                0x00000000000154ec                coap_endpoint_cmp
                0x00000000000155fa                coap_endpoint_parse
                0x00000000000157e5                coap_endpoint_is_secure
                0x00000000000157f4                coap_endpoint_is_connected
                0x0000000000015828                coap_endpoint_connect
                0x0000000000015844                coap_endpoint_disconnect
                0x000000000001584a                coap_databuf
                0x0000000000015854                coap_transport_init
                0x00000000000158a4                coap_sendto
 .text          0x00000000000159a3      0x324 build/cooja/mtype646.a(coap-timer.o)
                0x0000000000015aa0                coap_timer_stop
                0x0000000000015acb                coap_timer_set
                0x0000000000015b0e                coap_timer_reset
                0x0000000000015b51                coap_timer_time_to_next_expiration
                0x0000000000015bbd                coap_timer_run
                0x0000000000015c89                coap_timer_init
 .text          0x0000000000015cc7      0x2c6 build/cooja/mtype646.a(coap-transactio)
                0x0000000000015d2d                coap_new_transaction
                0x0000000000015d93                coap_send_transaction
                0x0000000000015ef4                coap_clear_transaction
                0x0000000000015f3c                coap_get_transaction_by_mid
 .text          0x0000000000015f8d     0x1c53 build/cooja/mtype646.a(coap.o)
                0x00000000000164fa                coap_init_connection
                0x000000000001650e                coap_get_mid
                0x000000000001652a                coap_init_message
                0x0000000000016573                coap_serialize_message
                0x0000000000016bf5                coap_parse_message
                0x000000000001725c                coap_get_query_variable
                0x000000000001729e                coap_get_post_variable
                0x00000000000172e2                coap_set_status_code
                0x0000000000017307                coap_set_token
                0x000000000001734e                coap_get_header_content_format
                0x000000000001737f                coap_set_header_content_format
                0x00000000000173a2                coap_get_header_accept
                0x00000000000173d3                coap_set_header_accept
                0x00000000000173f6                coap_get_header_max_age
                0x0000000000017427                coap_set_header_max_age
                0x0000000000017447                coap_get_header_etag
                0x0000000000017479                coap_set_header_etag
                0x00000000000174d0                coap_get_header_if_match
                0x0000000000017502                coap_set_header_if_match
                0x0000000000017559                coap_get_header_if_none_match
                0x0000000000017573                coap_set_header_if_none_match
                0x000000000001758a                coap_get_header_proxy_uri
                0x00000000000175b8                coap_set_header_proxy_uri
                0x00000000000175f5                coap_get_header_uri_host
                0x0000000000017623                coap_set_header_uri_host
                0x0000000000017660                coap_get_header_uri_path
                0x000000000001768e                coap_set_header_uri_path
                0x00000000000176db                coap_get_header_uri_query
                0x000000000001770f                coap_set_header_uri_query
                0x0000000000017765                coap_get_header_location_path
                0x0000000000017793                coap_set_header_location_path
                0x000000000001782c                coap_get_header_location_query
                0x000000000001785a                coap_set_header_location_query
                0x00000000000178a7                coap_get_header_observe
                0x00000000000178d6                coap_set_header_observe
                0x00000000000178f6                coap_get_header_block2
                0x0000000000017962                coap_set_header_block2
                0x00000000000179d9                coap_get_header_block1
                0x0000000000017a4e                coap_set_header_block1
                0x0000000000017ac9                coap_get_header_size2
                0x0000000000017af9                coap_set_header_size2
                0x0000000000017b1c                coap_get_header_size1
                0x0000000000017b4c                coap_set_header_size1
                0x0000000000017b6f                coap_get_payload
                0x0000000000017ba9                coap_set_payload
 .text          0x0000000000017be0      0x332 build/cooja/mtype646.a(contiki-main.o)
                0x0000000000017be0                main
 .text          0x0000000000017f12       0x92 build/cooja/mtype646.a(autostart.o)
                0x0000000000017f12                autostart_start
                0x0000000000017f5c                autostart_exit
 .text          0x0000000000017fa4      0x355 build/cooja/mtype646.a(ctimer.o)
                0x00000000000180cc                ctimer_init
                0x00000000000180ff                ctimer_set
                0x0000000000018125                ctimer_set_with_process
                0x00000000000181a2                ctimer_reset
                0x00000000000181f6                ctimer_restart
                0x000000000001824a                ctimer_stop
                0x000000000001829a                ctimer_expired
 .text          0x00000000000182f9      0x394 build/cooja/mtype646.a(log.o)
                0x00000000000182f9                log_6addr
                0x000000000001834c                log_6addr_compact_snprint
                0x00000000000183ea                log_6addr_compact
                0x000000000001843d                log_lladdr
                0x00000000000184af                log_lladdr_compact
                0x0000000000018517                log_set_level
                0x00000000000185d2                log_get_level
                0x000000000001864b                log_level_to_str
 .text          0x000000000001868d       0x1b build/cooja/mtype646.a(energest.o)
                0x000000000001868d                energest_init
                0x0000000000018693                energest_flush
                0x0000000000018699                energest_get_total_time
 .text          0x00000000000186a8      0x43f build/cooja/mtype646.a(etimer.o)
                0x00000000000188cc                etimer_request_poll
                0x0000000000018955                etimer_set
                0x000000000001897e                etimer_reset_with_new_interval
                0x00000000000189ad                etimer_reset
                0x00000000000189d3                etimer_restart
                0x00000000000189f9                etimer_adjust
                0x0000000000018a16                etimer_expired
                0x0000000000018a29                etimer_expiration_time
                0x0000000000018a3b                etimer_start_time
                0x0000000000018a45                etimer_pending
                0x0000000000018a57                etimer_next_expiration_time
                0x0000000000018a71                etimer_stop
 .text          0x0000000000018ae7       0x25 build/cooja/mtype646.a(node-id.o)
                0x0000000000018ae7                node_id_init
 .text          0x0000000000018b0c       0xeb build/cooja/mtype646.a(rtimer.o)
                0x0000000000018b0c                rtimer_init
                0x0000000000018b1a                rtimer_set
                0x0000000000018b95                rtimer_run_next
 .text          0x0000000000018bf7      0x4fb build/cooja/mtype646.a(process.o)
                0x0000000000018bf7                process_alloc_event
                0x0000000000018c0c                process_start
                0x0000000000018de6                process_exit
                0x0000000000018e03                process_init
                0x0000000000018f98                process_run
                0x0000000000018fcb                process_nevents
                0x0000000000018fe6                process_post
                0x0000000000019079                process_post_synch
                0x00000000000190ae                process_poll
                0x00000000000190de                process_is_running
 .text          0x00000000000190f2       0xb1 build/cooja/mtype646.a(timer.o)
                0x00000000000190f2                timer_set
                0x0000000000019110                timer_reset
                0x000000000001913d                timer_restart
                0x0000000000019152                timer_expired
                0x000000000001917f                timer_remaining
 .text          0x00000000000191a3      0x28f build/cooja/mtype646.a(list.o)
                0x00000000000191a3                list_init
                0x00000000000191b2                list_head
                0x00000000000191bc                list_copy
                0x00000000000191cc                list_tail
                0x0000000000019202                list_add
                0x000000000001924e                list_push
                0x000000000001927a                list_chop
                0x00000000000192e4                list_pop
                0x000000000001930c                list_remove
                0x0000000000019374                list_length
                0x00000000000193a2                list_insert
                0x00000000000193e7                list_item_next
                0x00000000000193fe                list_contains
 .text          0x0000000000019432      0x1b5 build/cooja/mtype646.a(memb.o)
                0x0000000000019432                memb_init
                0x0000000000019487                memb_alloc
                0x00000000000194ea                memb_free
                0x0000000000019561                memb_inmemb
                0x00000000000195a0                memb_numfree
 .text          0x00000000000195e7      0x41c build/cooja/mtype646.a(button-hal.o)
                0x0000000000019760                button_hal_get_by_id
                0x000000000001979e                button_hal_get_by_index
                0x00000000000197ca                button_hal_get_state
                0x000000000001981c                button_hal_init
 .text          0x0000000000019a03      0x1f3 build/cooja/mtype646.a(serial-line.o)
                0x0000000000019a03                serial_line_input_byte
                0x0000000000019bc1                serial_line_init
 .text          0x0000000000019bf6      0x168 build/cooja/mtype646.a(gpio-hal.o)
                0x0000000000019bf6                gpio_hal_register_handler
                0x0000000000019c13                gpio_hal_event_handler
                0x0000000000019c6f                gpio_hal_init
                0x0000000000019c8e                gpio_hal_arch_port_toggle_pin
                0x0000000000019cca                gpio_hal_arch_port_toggle_pins
                0x0000000000019cf8                gpio_hal_arch_no_port_toggle_pin
                0x0000000000019d36                gpio_hal_arch_no_port_toggle_pins
 .text          0x0000000000019d5e      0x2e7 build/cooja/mtype646.a(queuebuf.o)
                0x0000000000019d68                queuebuf_init
                0x0000000000019d91                queuebuf_numfree
                0x0000000000019da9                queuebuf_new_from_packetbuf
                0x0000000000019e48                queuebuf_update_attr_from_packetbuf
                0x0000000000019e7d                queuebuf_update_from_packetbuf
                0x0000000000019ecd                queuebuf_free
                0x0000000000019f16                queuebuf_to_packetbuf
                0x0000000000019f82                queuebuf_dataptr
                0x0000000000019fbc                queuebuf_datalen
                0x0000000000019fdf                queuebuf_addr
                0x000000000001a014                queuebuf_attr
                0x000000000001a03f                queuebuf_debug_print
 .text          0x000000000001a045      0x407 build/cooja/mtype646.a(packetbuf.o)
                0x000000000001a045                packetbuf_clear
                0x000000000001a070                packetbuf_copyfrom
                0x000000000001a0bf                packetbuf_copyto
                0x000000000001a152                packetbuf_hdralloc
                0x000000000001a1ce                packetbuf_hdrreduce
                0x000000000001a214                packetbuf_set_datalen
                0x000000000001a22e                packetbuf_dataptr
                0x000000000001a24b                packetbuf_hdrptr
                0x000000000001a255                packetbuf_datalen
                0x000000000001a261                packetbuf_hdrlen
                0x000000000001a278                packetbuf_totlen
                0x000000000001a28e                packetbuf_remaininglen
                0x000000000001a2a1                packetbuf_attr_clear
                0x000000000001a2ed                packetbuf_attr_copyto
                0x000000000001a345                packetbuf_attr_copyfrom
                0x000000000001a39d                packetbuf_set_attr
                0x000000000001a3c7                packetbuf_attr
                0x000000000001a3e1                packetbuf_set_addr
                0x000000000001a412                packetbuf_addr
                0x000000000001a42f                packetbuf_holds_broadcast
 .text          0x000000000001a44c       0xef build/cooja/mtype646.a(netstack.o)
                0x000000000001a44c                netstack_process_ip_callback
                0x000000000001a4dd                netstack_ip_packet_processor_add
                0x000000000001a500                uip_ds6_ip_packet_processor_rm
                0x000000000001a51d                netstack_init
 .text          0x000000000001a53b       0x4f build/cooja/mtype646.a(linkaddr.o)
                0x000000000001a53b                linkaddr_copy
                0x000000000001a551                linkaddr_cmp
                0x000000000001a574                linkaddr_set_node_addr
 .text          0x000000000001a58a      0x1f6 build/cooja/mtype646.a(csma.o)
 .text          0x000000000001a780      0x95d build/cooja/mtype646.a(csma-output.o)
                0x000000000001ae17                csma_output_packet
                0x000000000001b0a4                csma_output_init
 .text          0x000000000001b0dd      0xc11 build/cooja/mtype646.a(uip-ds6.o)
                0x000000000001b0dd                uip_ds6_default_prefix
                0x000000000001b0e7                uip_ds6_set_default_prefix
                0x000000000001b112                uip_ds6_init
                0x000000000001b374                uip_ds6_periodic
                0x000000000001b3fb                uip_ds6_list_loop
                0x000000000001b4bb                uip_ds6_prefix_add
                0x000000000001b567                uip_ds6_prefix_rm
                0x000000000001b57a                uip_ds6_prefix_lookup
                0x000000000001b5b9                uip_ds6_is_addr_onlink
                0x000000000001b62c                uip_ds6_addr_add
                0x000000000001b74c                uip_ds6_addr_rm
                0x000000000001b7f5                uip_ds6_addr_lookup
                0x000000000001b82e                uip_ds6_get_link_local
                0x000000000001b8af                uip_ds6_get_global
                0x000000000001b930                uip_ds6_maddr_add
                0x000000000001b990                uip_ds6_maddr_rm
                0x000000000001b9a3                uip_ds6_maddr_lookup
                0x000000000001b9dc                uip_ds6_aaddr_add
                0x000000000001ba3c                uip_ds6_aaddr_rm
                0x000000000001ba4f                uip_ds6_aaddr_lookup
                0x000000000001ba88                uip_ds6_select_src
                0x000000000001bbd1                uip_ds6_set_addr_iid
                0x000000000001bbfc                uip_ds6_set_lladdr_from_iid
                0x000000000001bc25                get_match_length
                0x000000000001bcb6                uip_ds6_compute_reachable_time
 .text          0x000000000001bcee      0x128 build/cooja/mtype646.a(uip-udp-packet.)
                0x000000000001bcee                uip_udp_packet_send
                0x000000000001bd49                uip_udp_packet_sendto
 .text          0x000000000001be16      0x35b build/cooja/mtype646.a(uip-ds6-route.o)
                0x000000000001be67                uip_ds6_route_init
                0x000000000001be91                uip_ds6_route_nexthop
                0x000000000001be9b                uip_ds6_route_head
                0x000000000001bea5                uip_ds6_route_next
                0x000000000001beaf                uip_ds6_route_is_nexthop
                0x000000000001beb9                uip_ds6_route_num_routes
                0x000000000001bec3                uip_ds6_route_lookup
                0x000000000001becd                uip_ds6_route_add
                0x000000000001bee0                uip_ds6_route_rm
                0x000000000001bee6                uip_ds6_route_rm_by_nexthop
                0x000000000001beec                uip_ds6_defrt_head
                0x000000000001bf05                uip_ds6_defrt_add
                0x000000000001bfb3                uip_ds6_defrt_rm
                0x000000000001c019                uip_ds6_defrt_lookup
                0x000000000001c080                uip_ds6_defrt_choose
                0x000000000001c0f6                uip_ds6_defrt_periodic
 .text          0x000000000001c171      0x6f7 build/cooja/mtype646.a(tcpip.o)
                0x000000000001c18b                tcpip_output
                0x000000000001c20a                udp_attach
                0x000000000001c222                udp_new
                0x000000000001c26c                udp_broadcast_new
                0x000000000001c3de                tcpip_input
                0x000000000001c56e                tcpip_ipv6_output
                0x000000000001c762                tcpip_poll_udp
                0x000000000001c780                tcpip_uipcall
 .text          0x000000000001c868     0x1205 build/cooja/mtype646.a(uip6.o)
                0x000000000001c917                uip_chksum
                0x000000000001c9ee                uip_icmp6chksum
                0x000000000001ca03                uip_udpchksum
                0x000000000001ca18                uip_init
                0x000000000001ca61                uip_remove_ext_hdr
                0x000000000001cb3b                uip_udp_new
                0x000000000001ce4f                uip_process
                0x000000000001d947                uip_htons
                0x000000000001d969                uip_htonl
                0x000000000001d9a7                uip_send
 .text          0x000000000001da6d      0x369 build/cooja/mtype646.a(uip-ds6-nbr.o)
                0x000000000001da6d                uip_ds6_neighbors_init
                0x000000000001da91                uip_ds6_nbr_add
                0x000000000001db17                uip_ds6_nbr_rm
                0x000000000001db62                uip_ds6_nbr_update_ll
                0x000000000001dc50                uip_ds6_nbr_get_ipaddr
                0x000000000001dc65                uip_ds6_nbr_get_ll
                0x000000000001dc81                uip_ds6_nbr_num
                0x000000000001dcca                uip_ds6_nbr_head
                0x000000000001dce3                uip_ds6_nbr_next
                0x000000000001dcff                uip_ds6_nbr_lookup
                0x000000000001dd57                uip_ds6_nbr_ll_lookup
                0x000000000001dd73                uip_ds6_nbr_ipaddr_from_lladdr
                0x000000000001dd9c                uip_ds6_nbr_lladdr_from_ipaddr
                0x000000000001ddd0                uip_ds6_link_callback
 .text          0x000000000001ddd6      0x6a7 build/cooja/mtype646.a(uip-nd6.o)
                0x000000000001e464                uip_nd6_init
 .text          0x000000000001e47d     0x2c17 build/cooja/mtype646.a(sicslowpan.o)
                0x000000000001ea84                netstack_sniffer_add
                0x000000000001ea92                netstack_sniffer_remove
                0x0000000000021068                sicslowpan_init
                0x000000000002108a                sicslowpan_get_last_rssi
 .text          0x0000000000021094      0x4d1 build/cooja/mtype646.a(uiplib.o)
                0x0000000000021094                uiplib_ip6addrconv
                0x000000000002124c                uiplib_ip4addrconv
                0x000000000002130f                uiplib_ipaddr_print
                0x0000000000021362                uiplib_ipaddr_snprint
 .text          0x0000000000021565      0x4c9 build/cooja/mtype646.a(rpl.o)
                0x0000000000021565                rpl_lollipop_greater_than
                0x00000000000215bf                rpl_get_global_address
                0x00000000000216b7                rpl_link_callback
                0x00000000000216fb                rpl_has_joined
                0x0000000000021720                rpl_is_reachable
                0x00000000000217a1                rpl_reset_prefix
                0x000000000002180b                rpl_set_prefix_from_addr
                0x00000000000218f0                rpl_set_prefix
                0x0000000000021a0a                rpl_set_leaf_only
                0x0000000000021a22                rpl_get_leaf_only
 .text          0x0000000000021a2e     0x138c build/cooja/mtype646.a(rpl-icmp6.o)
                0x0000000000021b53                rpl_icmp6_update_nbr_table
                0x0000000000021bdc                rpl_icmp6_dis_output
                0x0000000000022222                rpl_icmp6_dio_output
                0x0000000000022a20                rpl_icmp6_dao_output
                0x0000000000022d01                rpl_icmp6_dao_ack_output
                0x0000000000022d71                rpl_icmp6_init
 .text          0x0000000000022dba      0x264 build/cooja/mtype646.a(rpl-dag-root.o)
                0x0000000000022dba                rpl_dag_root_print_links
                0x0000000000022ee6                rpl_dag_root_set_prefix
                0x0000000000022f12                rpl_dag_root_start
                0x0000000000022fef                rpl_dag_root_is_root
 .text          0x000000000002301e       0x30 build/cooja/mtype646.a(watchdog.o)
                0x000000000002301e                watchdog_init
                0x0000000000023024                watchdog_start
                0x000000000002302a                watchdog_periodic
                0x0000000000023042                watchdog_stop
                0x0000000000023048                watchdog_reboot
 .text          0x000000000002304e       0x4a build/cooja/mtype646.a(int-master.o)
                0x000000000002304e                int_master_enable
                0x000000000002305e                int_master_read_and_disable
                0x000000000002307b                int_master_status_set
                0x0000000000023089                int_master_is_enabled
 .text          0x0000000000023098      0x6ee build/cooja/mtype646.a(coap-observe-cl)
                0x0000000000023136                coap_obs_add_observee
                0x00000000000231d2                coap_obs_remove_observee
                0x0000000000023202                coap_get_obs_subject_by_token
                0x000000000002326a                coap_obs_remove_observee_by_token
                0x00000000000232fd                coap_obs_remove_observee_by_url
                0x0000000000023455                coap_handle_notification
                0x00000000000235b0                coap_generate_token
                0x00000000000235d2                coap_obs_request_registration
 .text          0x0000000000023786      0x226 build/cooja/mtype646.a(coap-timer-defa)
 .text          0x00000000000239ac       0xc7 build/cooja/mtype646.a(stimer.o)
                0x00000000000239ac                stimer_set
                0x00000000000239ca                stimer_reset
                0x00000000000239f7                stimer_restart
                0x0000000000023a0c                stimer_expired
                0x0000000000023a37                stimer_remaining
                0x0000000000023a5b                stimer_elapsed
 .text          0x0000000000023a73      0x156 build/cooja/mtype646.a(ringbuf.o)
                0x0000000000023a73                ringbuf_init
                0x0000000000023aa5                ringbuf_put
                0x0000000000023b23                ringbuf_get
                0x0000000000023b90                ringbuf_size
                0x0000000000023ba2                ringbuf_elements
 .text          0x0000000000023bc9       0x1f build/cooja/mtype646.a(assert.o)
                0x0000000000023bc9                _xassert
 .text          0x0000000000023be8      0x79b build/cooja/mtype646.a(nbr-table.o)
                0x0000000000024061                nbr_table_register
                0x00000000000240ce                nbr_table_is_registered
                0x0000000000024109                nbr_table_head
                0x0000000000024164                nbr_table_next
                0x00000000000241c5                nbr_table_add_lladdr
                0x000000000002429f                nbr_table_get_from_lladdr
                0x00000000000242eb                nbr_table_remove
                0x0000000000024323                nbr_table_lock
                0x000000000002433d                nbr_table_unlock
                0x0000000000024357                nbr_table_get_lladdr
 .text          0x0000000000024383      0x3a5 build/cooja/mtype646.a(link-stats.o)
                0x0000000000024383                link_stats_from_lladdr
                0x000000000002439f                link_stats_get_lladdr
                0x00000000000243bb                link_stats_is_fresh
                0x00000000000243f7                guess_etx_from_rssi
                0x0000000000024473                link_stats_packet_sent
                0x0000000000024593                link_stats_input_callback
                0x00000000000246a3                link_stats_reset
                0x00000000000246f3                link_stats_init
 .text          0x0000000000024728      0x187 build/cooja/mtype646.a(mac-sequence.o)
                0x0000000000024728                mac_sequence_is_duplicate
                0x00000000000247c8                mac_sequence_register_seqno
 .text          0x00000000000248af       0x23 build/cooja/mtype646.a(mac.o)
                0x00000000000248af                mac_call_sent_callback
 .text          0x00000000000248d2      0x432 build/cooja/mtype646.a(framer-802154.o)
                0x0000000000024a61                framer_802154_setup_params
 .text          0x0000000000024d04      0xb6f build/cooja/mtype646.a(frame802154.o)
                0x0000000000024d35                frame802154_get_pan_id
                0x0000000000024d41                frame802154_set_pan_id
                0x0000000000024d5b                frame802154_has_panid
                0x0000000000024f0a                frame802154_check_dest_panid
                0x0000000000024f92                frame802154_is_broadcast_addr
                0x0000000000024fdf                frame802154_extract_linkaddr
                0x0000000000025244                frame802154_hdrlen
                0x00000000000252b7                frame802154_create_fcf
                0x000000000002536f                frame802154_create
                0x00000000000254e4                frame802154_parse_fcf
                0x00000000000255c6                frame802154_parse
 .text          0x0000000000025873       0x2d build/cooja/mtype646.a(csma-security.o)
                0x0000000000025873                csma_security_create_frame
                0x0000000000025891                csma_security_parse_frame
 .text          0x00000000000258a0      0x4e4 build/cooja/mtype646.a(uipbuf.o)
                0x00000000000258a0                uipbuf_clear
                0x00000000000258c7                uipbuf_add_ext_hdr
                0x0000000000025947                uipbuf_set_len
                0x0000000000025974                uipbuf_set_len_field
                0x00000000000259a0                uipbuf_get_len_field
                0x00000000000259c0                uipbuf_get_next_header
                0x0000000000025af2                uipbuf_get_last_header
                0x0000000000025b6b                uipbuf_search_header
                0x0000000000025c21                uipbuf_get_attr
                0x0000000000025c48                uipbuf_set_attr
                0x0000000000025c7f                uipbuf_set_default_attr
                0x0000000000025cb6                uipbuf_clear_attr
                0x0000000000025cda                uipbuf_set_attr_flag
                0x0000000000025cfb                uipbuf_clr_attr_flag
                0x0000000000025d22                uipbuf_is_attr_flag
                0x0000000000025d46                uipbuf_init
 .text          0x0000000000025d84      0x73f build/cooja/mtype646.a(uip-icmp6.o)
                0x0000000000025df9                uip_icmp6_input
                0x0000000000025e50                uip_icmp6_register_input_handler
                0x0000000000025fa3                uip_icmp6_error_output
                0x0000000000026254                uip_icmp6_send
                0x000000000002644b                uip_icmp6_echo_reply_callback_add
                0x000000000002647d                uip_icmp6_echo_reply_callback_rm
                0x000000000002649a                uip_icmp6_init
 .text          0x00000000000264c3      0x69b build/cooja/mtype646.a(uip-sr.o)
                0x00000000000264c3                uip_sr_num_nodes
                0x0000000000026551                uip_sr_get_node
                0x00000000000265a8                uip_sr_is_addr_reachable
                0x0000000000026656                uip_sr_expire_parent
                0x000000000002669f                uip_sr_update_node
                0x00000000000267cf                uip_sr_init
                0x0000000000026803                uip_sr_node_head
                0x000000000002681c                uip_sr_node_next
                0x0000000000026832                uip_sr_periodic
                0x0000000000026938                uip_sr_free_all
                0x00000000000269a8                uip_sr_link_snprint
 .text          0x0000000000026b5e      0x146 build/cooja/mtype646.a(uip-packetqueue)
                0x0000000000026b8c                uip_packetqueue_new
                0x0000000000026b9b                uip_packetqueue_alloc
                0x0000000000026bf6                uip_packetqueue_free
                0x0000000000026c3d                uip_packetqueue_buf
                0x0000000000026c5a                uip_packetqueue_buflen
                0x0000000000026c7b                uip_packetqueue_set_buflen
 .text          0x0000000000026ca4      0x1b0 build/cooja/mtype646.a(rpl-nbr-policy.)
                0x0000000000026e11                rpl_nbr_policy_find_removable
 .text          0x0000000000026e54      0x915 build/cooja/mtype646.a(rpl-neighbor.o)
                0x0000000000026ed0                rpl_neighbor_snprint
                0x0000000000027183                rpl_neighbor_print_list
                0x0000000000027238                rpl_neighbor_count
                0x00000000000272df                rpl_neighbor_get_from_lladdr
                0x00000000000272fb                rpl_neighbor_is_acceptable_parent
                0x000000000002732f                rpl_neighbor_get_link_metric
                0x0000000000027363                rpl_neighbor_rank_via_nbr
                0x0000000000027397                rpl_neighbor_get_lladdr
                0x00000000000273b3                rpl_neighbor_get_ipaddr
                0x00000000000273da                rpl_neighbor_get_link_stats
                0x0000000000027401                rpl_neighbor_is_fresh
                0x0000000000027428                rpl_neighbor_is_reachable
                0x0000000000027473                rpl_neighbor_is_parent
                0x000000000002749d                rpl_neighbor_set_preferred_parent
                0x0000000000027534                rpl_neighbor_remove_all
                0x0000000000027590                rpl_neighbor_get_from_ipaddr
                0x000000000002769e                rpl_neighbor_select_best
                0x000000000002774a                rpl_neighbor_init
 .text          0x0000000000027769      0xe69 build/cooja/mtype646.a(rpl-dag.o)
                0x0000000000027769                rpl_dag_state_to_str
                0x00000000000277a8                rpl_dag_get_root_ipaddr
                0x00000000000277f0                rpl_dag_leave
                0x0000000000027879                rpl_dag_poison_and_leave
                0x0000000000027891                rpl_dag_periodic
                0x0000000000027919                rpl_is_addr_in_our_dag
                0x000000000002795d                rpl_get_default_instance
                0x0000000000027979                rpl_get_any_dag
                0x00000000000279d2                rpl_refresh_routes
                0x0000000000027a12                rpl_global_repair
                0x0000000000027aab                rpl_local_repair
                0x0000000000027af5                rpl_dag_ready_to_advertise
                0x0000000000027b38                rpl_dag_update_state
                0x0000000000028265                rpl_process_dio
                0x00000000000282e3                rpl_process_dis
                0x0000000000028328                rpl_process_dao
                0x00000000000283b7                rpl_process_dao_ack
                0x000000000002844e                rpl_process_hbh
                0x000000000002849e                rpl_dag_init_root
                0x00000000000285b2                rpl_dag_init
 .text          0x00000000000285d2      0x9e7 build/cooja/mtype646.a(rpl-timers.o)
                0x00000000000285d2                rpl_timers_schedule_periodic_dis
                0x0000000000028720                rpl_timers_dio_reset
                0x000000000002882e                rpl_timers_schedule_unicast_dio
                0x0000000000028982                rpl_timers_schedule_dao
                0x0000000000028a41                rpl_timers_schedule_dao_ack
                0x0000000000028ac7                rpl_timers_notify_dao_ack
                0x0000000000028b25                get_probing_delay
                0x0000000000028b59                get_probing_target
                0x0000000000028d43                rpl_schedule_probing
                0x0000000000028d71                rpl_schedule_probing_now
                0x0000000000028ddb                rpl_timers_unschedule_leaving
                0x0000000000028e13                rpl_timers_schedule_leaving
                0x0000000000028e54                rpl_timers_init
                0x0000000000028ee4                rpl_timers_stop_dag_timers
                0x0000000000028f5d                rpl_timers_unschedule_state_update
                0x0000000000028f81                rpl_timers_schedule_state_update
 .text          0x0000000000028fb9      0xb8e build/cooja/mtype646.a(rpl-ext-header.)
                0x0000000000028fb9                rpl_ext_header_srh_get_next_hop
                0x00000000000290a0                rpl_ext_header_srh_update
                0x000000000002960c                rpl_ext_header_hbh_update
                0x000000000002990c                rpl_ext_header_update
                0x0000000000029995                rpl_ext_header_remove
 .text          0x0000000000029b47      0x31b build/cooja/mtype646.a(rpl-mrhof.o)
 *fill*         0x0000000000029e62        0xe 
 .text          0x0000000000029e70      0x122 /usr/lib/gcc/i686-linux-gnu/5/libgcc.a(_udivdi3.o)
                0x0000000000029e70                __udivdi3
 .text          0x0000000000029f92        0x0 /usr/lib/gcc/i686-linux-gnu/5/crtendS.o
 .text          0x0000000000029f92        0x0 /usr/lib/gcc/i686-linux-gnu/5/../../../i386-linux-gnu/crtn.o
 *(.gnu.warning)

.fini           0x0000000000029f94       0x14
 *(SORT(.fini))
 .fini          0x0000000000029f94        0xf /usr/lib/gcc/i686-linux-gnu/5/../../../i386-linux-gnu/crti.o
                0x0000000000029f94                _fini
 .fini          0x0000000000029fa3        0x5 /usr/lib/gcc/i686-linux-gnu/5/../../../i386-linux-gnu/crtn.o
                [!provide]                        PROVIDE (__etext, .)
                [!provide]                        PROVIDE (_etext, .)
                [!provide]                        PROVIDE (etext, .)

.rodata         0x0000000000029fc0      0xa4b
 *(.rodata .rodata.* .gnu.linkonce.r.*)
 .rodata        0x0000000000029fc0       0xe9 oxygen_sensor.o
                0x000000000002a010                autostart_processes
 *fill*         0x000000000002a0a9        0x3 
 .rodata        0x000000000002a0ac        0x8 build/cooja/mtype646.a(beep.o)
                0x000000000002a0ac                beep_interface
 .rodata        0x000000000002a0b4        0xe build/cooja/mtype646.a(leds-arch.o)
                0x000000000002a0b4                leds_interface
                0x000000000002a0bc                leds_arch_leds
 *fill*         0x000000000002a0c2        0x2 
 .rodata        0x000000000002a0c4        0x8 build/cooja/mtype646.a(moteid.o)
                0x000000000002a0c4                moteid_interface
 .rodata        0x000000000002a0cc       0x1c build/cooja/mtype646.a(pir-sensor.o)
                0x000000000002a0cc                pir_interface
                0x000000000002a0d8                pir_sensor
 .rodata        0x000000000002a0e8        0xe build/cooja/mtype646.a(rs232.o)
                0x000000000002a0e8                rs232_interface
 *fill*         0x000000000002a0f6        0x2 
 .rodata        0x000000000002a0f8       0x24 build/cooja/mtype646.a(vib-sensor.o)
                0x000000000002a0f8                vib_interface
                0x000000000002a10c                vib_sensor
 .rodata        0x000000000002a11c        0x8 build/cooja/mtype646.a(clock.o)
                0x000000000002a11c                clock_interface
 .rodata        0x000000000002a124        0x8 build/cooja/mtype646.a(cooja-log.o)
                0x000000000002a124                simlog_interface
 .rodata        0x000000000002a12c       0x2f build/cooja/mtype646.a(cfs-cooja.o)
                0x000000000002a12c                cfs_interface
 *fill*         0x000000000002a15b        0x5 
 .rodata        0x000000000002a160       0xb8 build/cooja/mtype646.a(cooja-radio.o)
                0x000000000002a160                radio_interface
                0x000000000002a1e0                cooja_radio_driver
 .rodata        0x000000000002a218        0x8 build/cooja/mtype646.a(eeprom.o)
                0x000000000002a218                eeprom_interface
 .rodata        0x000000000002a220        0x8 build/cooja/mtype646.a(sensors.o)
 .rodata        0x000000000002a228       0x2c build/cooja/mtype646.a(buttons.o)
                0x000000000002a228                button_interface
                0x000000000002a23c                button_hal_button_count
                0x000000000002a244                button_sensor
 .rodata        0x000000000002a254       0x41 build/cooja/mtype646.a(coap-engine.o)
 .rodata        0x000000000002a295       0x19 build/cooja/mtype646.a(coap-res-well-k)
 .rodata        0x000000000002a2ae       0x11 build/cooja/mtype646.a(coap-observe.o)
 .rodata        0x000000000002a2bf       0x35 build/cooja/mtype646.a(coap-uip.o)
 .rodata        0x000000000002a2f4      0x1ac build/cooja/mtype646.a(coap.o)
 .rodata        0x000000000002a4a0       0xf8 build/cooja/mtype646.a(contiki-main.o)
 .rodata        0x000000000002a598        0xf build/cooja/mtype646.a(ctimer.o)
 *fill*         0x000000000002a5a7        0x1 
 .rodata        0x000000000002a5a8       0xc4 build/cooja/mtype646.a(log.o)
 .rodata        0x000000000002a66c        0xc build/cooja/mtype646.a(etimer.o)
 .rodata        0x000000000002a678       0x13 build/cooja/mtype646.a(button-hal.o)
 .rodata        0x000000000002a68b        0xe build/cooja/mtype646.a(serial-line.o)
 *fill*         0x000000000002a699        0x3 
 .rodata        0x000000000002a69c        0x8 build/cooja/mtype646.a(linkaddr.o)
                0x000000000002a69c                linkaddr_null
 .rodata        0x000000000002a6a4       0x24 build/cooja/mtype646.a(csma.o)
                0x000000000002a6ac                csma_driver
 .rodata        0x000000000002a6c8       0x24 build/cooja/mtype646.a(csma-output.o)
 .rodata        0x000000000002a6ec       0x4d build/cooja/mtype646.a(uip-ds6-route.o)
 .rodata        0x000000000002a739        0xd build/cooja/mtype646.a(tcpip.o)
 *fill*         0x000000000002a746        0x2 
 .rodata        0x000000000002a748       0x30 build/cooja/mtype646.a(sicslowpan.o)
                0x000000000002a748                unc_llconf
                0x000000000002a74c                unc_ctxconf
                0x000000000002a750                unc_mxconf
                0x000000000002a754                llprefix
                0x000000000002a768                sicslowpan_driver
 .rodata        0x000000000002a778       0x2d build/cooja/mtype646.a(uiplib.o)
 *fill*         0x000000000002a7a5       0x1b 
 .rodata        0x000000000002a7c0       0x74 build/cooja/mtype646.a(rpl.o)
                0x000000000002a7e0                rpl_lite_driver
 .rodata        0x000000000002a834       0x20 build/cooja/mtype646.a(coap-timer-defa)
                0x000000000002a848                coap_timer_default_driver
 .rodata        0x000000000002a854       0x25 build/cooja/mtype646.a(assert.o)
 *fill*         0x000000000002a879        0x3 
 .rodata        0x000000000002a87c        0xc build/cooja/mtype646.a(framer-802154.o)
                0x000000000002a87c                framer_802154
 .rodata        0x000000000002a888       0x44 build/cooja/mtype646.a(uip-sr.o)
 .rodata        0x000000000002a8cc       0x58 build/cooja/mtype646.a(rpl-neighbor.o)
 .rodata        0x000000000002a924       0xdb build/cooja/mtype646.a(rpl-dag.o)
 .rodata        0x000000000002a9ff        0xc build/cooja/mtype646.a(rpl-timers.o)

.rodata1
 *(.rodata1)

.eh_frame_hdr   0x000000000002aa0c     0x1a34
 *(.eh_frame_hdr)
 .eh_frame_hdr  0x000000000002aa0c     0x1a34 oxygen_sensor.o
                0x000000000002aa0c                __GNU_EH_FRAME_HDR
 *(.eh_frame_entry .eh_frame_entry.*)

.eh_frame       0x000000000002c440     0x6a4c
 *(.eh_frame)
 .eh_frame      0x000000000002c440       0x3c /usr/lib/gcc/i686-linux-gnu/5/../../../i386-linux-gnu/crti.o
                                         0x40 (size before relaxing)
 .eh_frame      0x000000000002c47c       0x40 oxygen_sensor.o
                                         0x58 (size before relaxing)
 .eh_frame      0x000000000002c4bc      0x178 build/cooja/mtype646.o
                                        0x190 (size before relaxing)
 .eh_frame      0x000000000002c634       0x40 build/cooja/mtype646.a(simEnvChange.o)
                                         0x58 (size before relaxing)
 .eh_frame      0x000000000002c674       0x60 build/cooja/mtype646.a(cooja_mt.o)
                                         0x78 (size before relaxing)
 .eh_frame      0x000000000002c6d4       0x80 build/cooja/mtype646.a(cooja_mtarch.o)
                                         0x98 (size before relaxing)
 .eh_frame      0x000000000002c754       0xc8 build/cooja/mtype646.a(rtimer-arch.o)
                                         0xe0 (size before relaxing)
 .eh_frame      0x000000000002c81c      0x160 build/cooja/mtype646.a(beep.o)
                                        0x178 (size before relaxing)
 .eh_frame      0x000000000002c97c       0x80 build/cooja/mtype646.a(leds-arch.o)
                                         0x98 (size before relaxing)
 .eh_frame      0x000000000002c9fc       0x40 build/cooja/mtype646.a(moteid.o)
                                         0x58 (size before relaxing)
 .eh_frame      0x000000000002ca3c       0xa0 build/cooja/mtype646.a(pir-sensor.o)
                                         0xb8 (size before relaxing)
 .eh_frame      0x000000000002cadc      0x100 build/cooja/mtype646.a(rs232.o)
                                        0x118 (size before relaxing)
 .eh_frame      0x000000000002cbdc       0xa0 build/cooja/mtype646.a(vib-sensor.o)
                                         0xb8 (size before relaxing)
 .eh_frame      0x000000000002cc7c       0xc0 build/cooja/mtype646.a(clock.o)
                                         0xd8 (size before relaxing)
 .eh_frame      0x000000000002cd3c      0x120 build/cooja/mtype646.a(cooja-log.o)
                                        0x138 (size before relaxing)
 .eh_frame      0x000000000002ce5c      0x160 build/cooja/mtype646.a(cfs-cooja.o)
                                        0x178 (size before relaxing)
 .eh_frame      0x000000000002cfbc      0x340 build/cooja/mtype646.a(cooja-radio.o)
                                        0x358 (size before relaxing)
 .eh_frame      0x000000000002d2fc       0xa0 build/cooja/mtype646.a(eeprom.o)
                                         0xb8 (size before relaxing)
 .eh_frame      0x000000000002d39c       0x40 build/cooja/mtype646.a(random.o)
                                         0x58 (size before relaxing)
 .eh_frame      0x000000000002d3dc       0xc0 build/cooja/mtype646.a(sensors.o)
                                         0xd8 (size before relaxing)
 .eh_frame      0x000000000002d49c      0x120 build/cooja/mtype646.a(leds.o)
                                        0x138 (size before relaxing)
 .eh_frame      0x000000000002d5bc      0x220 build/cooja/mtype646.a(gpio-hal-arch.o)
                                        0x238 (size before relaxing)
 .eh_frame      0x000000000002d7dc       0xa0 build/cooja/mtype646.a(buttons.o)
                                         0xb8 (size before relaxing)
 .eh_frame      0x000000000002d87c       0x44 build/cooja/mtype646.a(coap-blocking-a)
                                         0x5c (size before relaxing)
 .eh_frame      0x000000000002d8c0      0x220 build/cooja/mtype646.a(coap-engine.o)
                                        0x238 (size before relaxing)
 .eh_frame      0x000000000002dae0       0x24 build/cooja/mtype646.a(coap-res-well-k)
                                         0x3c (size before relaxing)
 .eh_frame      0x000000000002db04      0x188 build/cooja/mtype646.a(coap-observe.o)
                                        0x1a0 (size before relaxing)
 .eh_frame      0x000000000002dc8c      0x250 build/cooja/mtype646.a(coap-uip.o)
                                        0x268 (size before relaxing)
 .eh_frame      0x000000000002dedc      0x114 build/cooja/mtype646.a(coap-timer.o)
                                        0x12c (size before relaxing)
 .eh_frame      0x000000000002dff0      0x100 build/cooja/mtype646.a(coap-transactio)
                                        0x118 (size before relaxing)
 .eh_frame      0x000000000002e0f0      0x6ec build/cooja/mtype646.a(coap.o)
                                        0x704 (size before relaxing)
 .eh_frame      0x000000000002e7dc       0x30 build/cooja/mtype646.a(contiki-main.o)
                                         0x48 (size before relaxing)
 .eh_frame      0x000000000002e80c       0x40 build/cooja/mtype646.a(autostart.o)
                                         0x58 (size before relaxing)
 .eh_frame      0x000000000002e84c      0x100 build/cooja/mtype646.a(ctimer.o)
                                        0x118 (size before relaxing)
 .eh_frame      0x000000000002e94c      0x100 build/cooja/mtype646.a(log.o)
                                        0x118 (size before relaxing)
 .eh_frame      0x000000000002ea4c       0x60 build/cooja/mtype646.a(energest.o)
                                         0x78 (size before relaxing)
 .eh_frame      0x000000000002eaac      0x1e0 build/cooja/mtype646.a(etimer.o)
                                        0x1f8 (size before relaxing)
 .eh_frame      0x000000000002ec8c       0x20 build/cooja/mtype646.a(node-id.o)
                                         0x38 (size before relaxing)
 .eh_frame      0x000000000002ecac       0x60 build/cooja/mtype646.a(rtimer.o)
                                         0x78 (size before relaxing)
 .eh_frame      0x000000000002ed0c      0x1c4 build/cooja/mtype646.a(process.o)
                                        0x1dc (size before relaxing)
 .eh_frame      0x000000000002eed0       0xa4 build/cooja/mtype646.a(timer.o)
                                         0xbc (size before relaxing)
 .eh_frame      0x000000000002ef74      0x1a0 build/cooja/mtype646.a(list.o)
                                        0x1b8 (size before relaxing)
 .eh_frame      0x000000000002f114       0xa0 build/cooja/mtype646.a(memb.o)
                                         0xb8 (size before relaxing)
 .eh_frame      0x000000000002f1b4      0x144 build/cooja/mtype646.a(button-hal.o)
                                        0x15c (size before relaxing)
 .eh_frame      0x000000000002f2f8       0x60 build/cooja/mtype646.a(serial-line.o)
                                         0x78 (size before relaxing)
 .eh_frame      0x000000000002f358       0xe0 build/cooja/mtype646.a(gpio-hal.o)
                                         0xf8 (size before relaxing)
 .eh_frame      0x000000000002f438      0x1a0 build/cooja/mtype646.a(queuebuf.o)
                                        0x1b8 (size before relaxing)
 .eh_frame      0x000000000002f5d8      0x28c build/cooja/mtype646.a(packetbuf.o)
                                        0x2a4 (size before relaxing)
 .eh_frame      0x000000000002f864       0x80 build/cooja/mtype646.a(netstack.o)
                                         0x98 (size before relaxing)
 .eh_frame      0x000000000002f8e4       0x60 build/cooja/mtype646.a(linkaddr.o)
                                         0x78 (size before relaxing)
 .eh_frame      0x000000000002f944       0xe0 build/cooja/mtype646.a(csma.o)
                                         0xf8 (size before relaxing)
 .eh_frame      0x000000000002fa24      0x1d0 build/cooja/mtype646.a(csma-output.o)
                                        0x1e8 (size before relaxing)
 .eh_frame      0x000000000002fbf4      0x328 build/cooja/mtype646.a(uip-ds6.o)
                                        0x340 (size before relaxing)
 .eh_frame      0x000000000002ff1c       0x40 build/cooja/mtype646.a(uip-udp-packet.)
                                         0x58 (size before relaxing)
 .eh_frame      0x000000000002ff5c      0x220 build/cooja/mtype646.a(uip-ds6-route.o)
                                        0x238 (size before relaxing)
 .eh_frame      0x000000000003017c      0x244 build/cooja/mtype646.a(tcpip.o)
                                        0x25c (size before relaxing)
 .eh_frame      0x00000000000303c0      0x1e8 build/cooja/mtype646.a(uip6.o)
                                        0x200 (size before relaxing)
 .eh_frame      0x00000000000305a8      0x1c0 build/cooja/mtype646.a(uip-ds6-nbr.o)
                                        0x1d8 (size before relaxing)
 .eh_frame      0x0000000000030768       0x84 build/cooja/mtype646.a(uip-nd6.o)
                                         0x9c (size before relaxing)
 .eh_frame      0x00000000000307ec      0x2f8 build/cooja/mtype646.a(sicslowpan.o)
                                        0x310 (size before relaxing)
 .eh_frame      0x0000000000030ae4       0x88 build/cooja/mtype646.a(uiplib.o)
                                         0xa0 (size before relaxing)
 .eh_frame      0x0000000000030b6c      0x1e0 build/cooja/mtype646.a(rpl.o)
                                        0x1f8 (size before relaxing)
 .eh_frame      0x0000000000030d4c      0x1c4 build/cooja/mtype646.a(rpl-icmp6.o)
                                        0x1dc (size before relaxing)
 .eh_frame      0x0000000000030f10       0xa0 build/cooja/mtype646.a(rpl-dag-root.o)
                                         0xb8 (size before relaxing)
 .eh_frame      0x0000000000030fb0       0xa0 build/cooja/mtype646.a(watchdog.o)
                                         0xb8 (size before relaxing)
 .eh_frame      0x0000000000031050       0x80 build/cooja/mtype646.a(int-master.o)
                                         0x98 (size before relaxing)
 .eh_frame      0x00000000000310d0      0x1c4 build/cooja/mtype646.a(coap-observe-cl)
                                        0x1dc (size before relaxing)
 .eh_frame      0x0000000000031294       0xa4 build/cooja/mtype646.a(coap-timer-defa)
                                         0xbc (size before relaxing)
 .eh_frame      0x0000000000031338       0xc4 build/cooja/mtype646.a(stimer.o)
                                         0xdc (size before relaxing)
 .eh_frame      0x00000000000313fc       0xa0 build/cooja/mtype646.a(ringbuf.o)
                                         0xb8 (size before relaxing)
 .eh_frame      0x000000000003149c       0x20 build/cooja/mtype646.a(assert.o)
                                         0x38 (size before relaxing)
 .eh_frame      0x00000000000314bc      0x2ac build/cooja/mtype646.a(nbr-table.o)
                                        0x2c4 (size before relaxing)
 .eh_frame      0x0000000000031768      0x120 build/cooja/mtype646.a(link-stats.o)
                                        0x138 (size before relaxing)
 .eh_frame      0x0000000000031888       0x48 build/cooja/mtype646.a(mac-sequence.o)
                                         0x60 (size before relaxing)
 .eh_frame      0x00000000000318d0       0x20 build/cooja/mtype646.a(mac.o)
                                         0x38 (size before relaxing)
 .eh_frame      0x00000000000318f0       0xa4 build/cooja/mtype646.a(framer-802154.o)
                                         0xbc (size before relaxing)
 .eh_frame      0x0000000000031994      0x1a4 build/cooja/mtype646.a(frame802154.o)
                                        0x1bc (size before relaxing)
 .eh_frame      0x0000000000031b38       0x40 build/cooja/mtype646.a(csma-security.o)
                                         0x58 (size before relaxing)
 .eh_frame      0x0000000000031b78      0x200 build/cooja/mtype646.a(uipbuf.o)
                                        0x218 (size before relaxing)
 .eh_frame      0x0000000000031d78      0x150 build/cooja/mtype646.a(uip-icmp6.o)
                                        0x168 (size before relaxing)
 .eh_frame      0x0000000000031ec8      0x184 build/cooja/mtype646.a(uip-sr.o)
                                        0x19c (size before relaxing)
 .eh_frame      0x000000000003204c       0xe0 build/cooja/mtype646.a(uip-packetqueue)
                                         0xf8 (size before relaxing)
 .eh_frame      0x000000000003212c       0x80 build/cooja/mtype646.a(rpl-nbr-policy.)
                                         0x98 (size before relaxing)
 .eh_frame      0x00000000000321ac      0x2d4 build/cooja/mtype646.a(rpl-neighbor.o)
                                        0x2ec (size before relaxing)
 .eh_frame      0x0000000000032480      0x370 build/cooja/mtype646.a(rpl-dag.o)
                                        0x388 (size before relaxing)
 .eh_frame      0x00000000000327f0      0x3a8 build/cooja/mtype646.a(rpl-timers.o)
                                        0x3c0 (size before relaxing)
 .eh_frame      0x0000000000032b98      0x124 build/cooja/mtype646.a(rpl-ext-header.)
                                        0x13c (size before relaxing)
 .eh_frame      0x0000000000032cbc      0x148 build/cooja/mtype646.a(rpl-mrhof.o)
                                        0x160 (size before relaxing)
 .eh_frame      0x0000000000032e04       0x84 /usr/lib/gcc/i686-linux-gnu/5/libgcc.a(_udivdi3.o)
                                         0x9c (size before relaxing)
 .eh_frame      0x0000000000032e88        0x4 /usr/lib/gcc/i686-linux-gnu/5/crtendS.o
 *(.eh_frame.*)

.gcc_except_table
 *(.gcc_except_table .gcc_except_table.*)

.gnu_extab
 *(.gnu_extab*)

.exception_ranges
 *(.exception_ranges .exception_ranges*)
                0x0000000000033f10                . = DATA_SEGMENT_ALIGN (0x1000, 0x1000)

.eh_frame
 *(.eh_frame)
 *(.eh_frame.*)

.gnu_extab
 *(.gnu_extab)

.gcc_except_table
 *(.gcc_except_table .gcc_except_table.*)

.exception_ranges
 *(.exception_ranges .exception_ranges*)

.tdata
 *(.tdata .tdata.* .gnu.linkonce.td.*)

.tbss
 *(.tbss .tbss.* .gnu.linkonce.tb.*)
 *(.tcommon)

.preinit_array
 *(.preinit_array)

.init_array     0x0000000000033f10        0x4
 *(SORT(.init_array.*) SORT(.ctors.*))
 *(.init_array EXCLUDE_FILE(*crtend?.o *crtend.o *crtbegin?.o *crtbegin.o) .ctors)
 .init_array    0x0000000000033f10        0x4 /usr/lib/gcc/i686-linux-gnu/5/crtbeginS.o

.fini_array     0x0000000000033f14        0x4
 *(SORT(.fini_array.*) SORT(.dtors.*))
 *(.fini_array EXCLUDE_FILE(*crtend?.o *crtend.o *crtbegin?.o *crtbegin.o) .dtors)
 .fini_array    0x0000000000033f14        0x4 /usr/lib/gcc/i686-linux-gnu/5/crtbeginS.o

.ctors
 *crtbegin.o(.ctors)
 *crtbegin?.o(.ctors)
 *(EXCLUDE_FILE(*crtend?.o *crtend.o) .ctors)
 *(SORT(.ctors.*))
 *(.ctors)

.dtors
 *crtbegin.o(.dtors)
 *crtbegin?.o(.dtors)
 *(EXCLUDE_FILE(*crtend?.o *crtend.o) .dtors)
 *(SORT(.dtors.*))
 *(.dtors)

.jcr            0x0000000000033f18        0x4
 *(.jcr)
 .jcr           0x0000000000033f18        0x0 /usr/lib/gcc/i686-linux-gnu/5/crtbeginS.o
 .jcr           0x0000000000033f18        0x4 /usr/lib/gcc/i686-linux-gnu/5/crtendS.o

.data.rel.ro
 *(.data.rel.ro.local* .gnu.linkonce.d.rel.ro.local.*)
 *(.data.rel.ro .data.rel.ro.* .gnu.linkonce.d.rel.ro.*)

.dynamic        0x0000000000033f1c       0xd0
 *(.dynamic)
 .dynamic       0x0000000000033f1c       0xd0 /usr/lib/gcc/i686-linux-gnu/5/../../../i386-linux-gnu/crti.o
                0x0000000000033f1c                _DYNAMIC

.got            0x0000000000033fec       0x14
 *(.got)
 .got           0x0000000000033fec       0x14 /usr/lib/gcc/i686-linux-gnu/5/../../../i386-linux-gnu/crti.o
 *(.igot)
                0x0000000000034ff4                . = DATA_SEGMENT_RELRO_END (., (SIZEOF (.got.plt) >= 0xc)?0xc:0x0)

.got.plt        0x0000000000034000        0xc
 *(.got.plt)
 .got.plt       0x0000000000034000        0xc /usr/lib/gcc/i686-linux-gnu/5/../../../i386-linux-gnu/crti.o
                0x0000000000034000                _GLOBAL_OFFSET_TABLE_
 *(.igot.plt)

.data           0x0000000000034020      0x404
 *(.data .data.* .gnu.linkonce.d.*)
 .data          0x0000000000034020        0x0 /usr/lib/gcc/i686-linux-gnu/5/../../../i386-linux-gnu/crti.o
 .data          0x0000000000034020        0x0 /usr/lib/gcc/i686-linux-gnu/5/crtbeginS.o
 .data.rel.local
                0x0000000000034020        0x4 /usr/lib/gcc/i686-linux-gnu/5/crtbeginS.o
                0x0000000000034020                __dso_handle
 .data          0x0000000000034024       0x14 oxygen_sensor.o
                0x0000000000034028                oxygen_sensor
 *fill*         0x0000000000034038        0x8 
 .data          0x0000000000034040       0x44 build/cooja/mtype646.o
                0x0000000000034040                simInterfaces
                0x0000000000034074                sensors
 .data          0x0000000000034084        0x0 build/cooja/mtype646.a(simEnvChange.o)
 .data          0x0000000000034084        0x0 build/cooja/mtype646.a(cooja_mt.o)
 .data          0x0000000000034084        0x0 build/cooja/mtype646.a(cooja_mtarch.o)
 .data          0x0000000000034084        0x0 build/cooja/mtype646.a(rtimer-arch.o)
 .data          0x0000000000034084        0x0 build/cooja/mtype646.a(beep.o)
 .data          0x0000000000034084        0x0 build/cooja/mtype646.a(leds-arch.o)
 .data          0x0000000000034084        0x0 build/cooja/mtype646.a(moteid.o)
 .data          0x0000000000034084        0x0 build/cooja/mtype646.a(pir-sensor.o)
 .data          0x0000000000034084        0x0 build/cooja/mtype646.a(rs232.o)
 .data          0x0000000000034084        0x0 build/cooja/mtype646.a(vib-sensor.o)
 .data          0x0000000000034084        0x0 build/cooja/mtype646.a(clock.o)
 .data          0x0000000000034084        0x0 build/cooja/mtype646.a(cooja-log.o)
 .data          0x0000000000034084        0x0 build/cooja/mtype646.a(cfs-cooja.o)
 .data          0x0000000000034084       0x2c build/cooja/mtype646.a(cooja-radio.o)
                0x0000000000034084                simRadioHWOn
                0x0000000000034088                simSignalStrength
                0x000000000003408c                simLastSignalStrength
                0x0000000000034090                simPower
                0x0000000000034094                simRadioChannel
                0x0000000000034098                simLQI
                0x00000000000340a0                cooja_radio_process
 .data          0x00000000000340b0        0x0 build/cooja/mtype646.a(eeprom.o)
 .data          0x00000000000340b0        0x0 build/cooja/mtype646.a(random.o)
 .data          0x00000000000340b0       0x10 build/cooja/mtype646.a(sensors.o)
                0x00000000000340b0                sensors_process
 .data          0x00000000000340c0        0x0 build/cooja/mtype646.a(leds.o)
 .data          0x00000000000340c0        0x0 build/cooja/mtype646.a(gpio-hal-arch.o)
 .data          0x00000000000340c0       0x78 build/cooja/mtype646.a(buttons.o)
                0x00000000000340c0                simButtonIsActive
                0x0000000000034130                button_hal_buttons
 .data          0x0000000000034138        0x0 build/cooja/mtype646.a(coap-blocking-a)
 .data          0x0000000000034138        0x8 build/cooja/mtype646.a(coap-engine.o)
 .data          0x0000000000034140       0x24 build/cooja/mtype646.a(coap-res-well-k)
                0x0000000000034140                res_well_known_core
 .data          0x0000000000034164       0x10 build/cooja/mtype646.a(coap-observe.o)
 .data          0x0000000000034174       0x10 build/cooja/mtype646.a(coap-uip.o)
                0x0000000000034174                coap_engine
 .data          0x0000000000034184        0x4 build/cooja/mtype646.a(coap-timer.o)
 .data          0x0000000000034188       0x10 build/cooja/mtype646.a(coap-transactio)
 .data          0x0000000000034198        0x4 build/cooja/mtype646.a(coap.o)
                0x0000000000034198                coap_error_message
 .data          0x000000000003419c        0x0 build/cooja/mtype646.a(contiki-main.o)
 .data          0x000000000003419c        0x0 build/cooja/mtype646.a(autostart.o)
 .data          0x000000000003419c       0x14 build/cooja/mtype646.a(ctimer.o)
                0x00000000000341a0                ctimer_process
 *fill*         0x00000000000341b0       0x10 
 .data          0x00000000000341c0       0xbc build/cooja/mtype646.a(log.o)
                0x00000000000341c0                curr_log_level_main
                0x00000000000341e0                all_modules
 .data          0x000000000003427c        0x0 build/cooja/mtype646.a(energest.o)
 .data          0x000000000003427c       0x10 build/cooja/mtype646.a(etimer.o)
                0x000000000003427c                etimer_process
 .data          0x000000000003428c        0x0 build/cooja/mtype646.a(node-id.o)
 .data          0x000000000003428c        0x0 build/cooja/mtype646.a(rtimer.o)
 .data          0x000000000003428c        0x0 build/cooja/mtype646.a(process.o)
 .data          0x000000000003428c        0x0 build/cooja/mtype646.a(timer.o)
 .data          0x000000000003428c        0x0 build/cooja/mtype646.a(list.o)
 .data          0x000000000003428c        0x0 build/cooja/mtype646.a(memb.o)
 .data          0x000000000003428c       0x10 build/cooja/mtype646.a(button-hal.o)
                0x000000000003428c                button_hal_process
 .data          0x000000000003429c       0x10 build/cooja/mtype646.a(serial-line.o)
                0x000000000003429c                serial_line_process
 .data          0x00000000000342ac        0x4 build/cooja/mtype646.a(gpio-hal.o)
 .data          0x00000000000342b0       0x18 build/cooja/mtype646.a(queuebuf.o)
 .data          0x00000000000342c8        0x4 build/cooja/mtype646.a(packetbuf.o)
 .data          0x00000000000342cc        0x4 build/cooja/mtype646.a(netstack.o)
 .data          0x00000000000342d0        0x0 build/cooja/mtype646.a(linkaddr.o)
 .data          0x00000000000342d0        0x0 build/cooja/mtype646.a(csma.o)
 .data          0x00000000000342d0       0x28 build/cooja/mtype646.a(csma-output.o)
 .data          0x00000000000342f8        0x0 build/cooja/mtype646.a(uip-ds6.o)
 .data          0x00000000000342f8        0x0 build/cooja/mtype646.a(uip-udp-packet.)
 .data          0x00000000000342f8       0x10 build/cooja/mtype646.a(uip-ds6-route.o)
 .data          0x0000000000034308       0x10 build/cooja/mtype646.a(tcpip.o)
                0x0000000000034308                tcpip_process
 .data          0x0000000000034318        0x0 build/cooja/mtype646.a(uip6.o)
 .data          0x0000000000034318       0x14 build/cooja/mtype646.a(uip-ds6-nbr.o)
 .data          0x000000000003432c        0xc build/cooja/mtype646.a(uip-nd6.o)
 .data          0x0000000000034338        0x0 build/cooja/mtype646.a(sicslowpan.o)
 .data          0x0000000000034338        0x0 build/cooja/mtype646.a(uiplib.o)
 .data          0x0000000000034338        0x0 build/cooja/mtype646.a(rpl.o)
 .data          0x0000000000034338       0x30 build/cooja/mtype646.a(rpl-icmp6.o)
 .data          0x0000000000034368        0x0 build/cooja/mtype646.a(rpl-dag-root.o)
 .data          0x0000000000034368        0x0 build/cooja/mtype646.a(watchdog.o)
 .data          0x0000000000034368        0x0 build/cooja/mtype646.a(int-master.o)
 .data          0x0000000000034368       0x10 build/cooja/mtype646.a(coap-observe-cl)
 .data          0x0000000000034378       0x10 build/cooja/mtype646.a(coap-timer-defa)
                0x0000000000034378                coap_timer_process
 .data          0x0000000000034388        0x0 build/cooja/mtype646.a(stimer.o)
 .data          0x0000000000034388        0x0 build/cooja/mtype646.a(ringbuf.o)
 .data          0x0000000000034388        0x0 build/cooja/mtype646.a(assert.o)
 .data          0x0000000000034388       0x10 build/cooja/mtype646.a(nbr-table.o)
 .data          0x0000000000034398       0x14 build/cooja/mtype646.a(link-stats.o)
 .data          0x00000000000343ac        0x0 build/cooja/mtype646.a(mac-sequence.o)
 .data          0x00000000000343ac        0x0 build/cooja/mtype646.a(mac.o)
 .data          0x00000000000343ac        0x0 build/cooja/mtype646.a(framer-802154.o)
 .data          0x00000000000343ac        0x2 build/cooja/mtype646.a(frame802154.o)
 .data          0x00000000000343ae        0x0 build/cooja/mtype646.a(csma-security.o)
 .data          0x00000000000343ae        0x0 build/cooja/mtype646.a(uipbuf.o)
 *fill*         0x00000000000343ae        0x2 
 .data          0x00000000000343b0       0x20 build/cooja/mtype646.a(uip-icmp6.o)
 .data          0x00000000000343d0       0x10 build/cooja/mtype646.a(uip-sr.o)
 .data          0x00000000000343e0        0xc build/cooja/mtype646.a(uip-packetqueue)
 .data          0x00000000000343ec        0x0 build/cooja/mtype646.a(rpl-nbr-policy.)
 .data          0x00000000000343ec       0x14 build/cooja/mtype646.a(rpl-neighbor.o)
                0x00000000000343fc                rpl_neighbors
 .data          0x0000000000034400        0x0 build/cooja/mtype646.a(rpl-dag.o)
 .data          0x0000000000034400        0x0 build/cooja/mtype646.a(rpl-timers.o)
 .data          0x0000000000034400        0x0 build/cooja/mtype646.a(rpl-ext-header.)
 .data          0x0000000000034400       0x24 build/cooja/mtype646.a(rpl-mrhof.o)
                0x0000000000034400                rpl_mrhof
 .data          0x0000000000034424        0x0 /usr/lib/gcc/i686-linux-gnu/5/libgcc.a(_udivdi3.o)
 .data          0x0000000000034424        0x0 /usr/lib/gcc/i686-linux-gnu/5/crtendS.o
 .data          0x0000000000034424        0x0 /usr/lib/gcc/i686-linux-gnu/5/../../../i386-linux-gnu/crtn.o

.tm_clone_table
                0x0000000000034424        0x0
 .tm_clone_table
                0x0000000000034424        0x0 /usr/lib/gcc/i686-linux-gnu/5/crtbeginS.o
 .tm_clone_table
                0x0000000000034424        0x0 /usr/lib/gcc/i686-linux-gnu/5/crtendS.o

.data1
 *(.data1)
                0x0000000000034424                _edata = .
                [!provide]                        PROVIDE (edata, .)
                0x0000000000034424                . = .
                0x0000000000034424                __bss_start = .

.bss            0x0000000000034440    0x14104
 *(.dynbss)
 .dynbss        0x0000000000034440        0x0 /usr/lib/gcc/i686-linux-gnu/5/../../../i386-linux-gnu/crti.o
 *(.bss .bss.* .gnu.linkonce.b.*)
 .bss           0x0000000000034440        0x0 /usr/lib/gcc/i686-linux-gnu/5/../../../i386-linux-gnu/crti.o
 .bss           0x0000000000034440        0x1 /usr/lib/gcc/i686-linux-gnu/5/crtbeginS.o
 *fill*         0x0000000000034441       0x1f 
 .bss           0x0000000000034460      0x11c oxygen_sensor.o
 *fill*         0x000000000003457c        0x4 
 .bss           0x0000000000034580     0x2030 build/cooja/mtype646.o
 .bss           0x00000000000365b0        0x1 build/cooja/mtype646.a(simEnvChange.o)
                0x00000000000365b0                simDontFallAsleep
 *fill*         0x00000000000365b1        0x3 
 .bss           0x00000000000365b4        0x4 build/cooja/mtype646.a(cooja_mt.o)
 .bss           0x00000000000365b8        0x4 build/cooja/mtype646.a(cooja_mtarch.o)
 .bss           0x00000000000365bc        0x0 build/cooja/mtype646.a(rtimer-arch.o)
 .bss           0x00000000000365bc        0x0 build/cooja/mtype646.a(beep.o)
 .bss           0x00000000000365bc        0x1 build/cooja/mtype646.a(leds-arch.o)
                0x00000000000365bc                simLedsValue
 .bss           0x00000000000365bd        0x0 build/cooja/mtype646.a(moteid.o)
 .bss           0x00000000000365bd        0x1 build/cooja/mtype646.a(pir-sensor.o)
                0x00000000000365bd                simPirValue
 *fill*         0x00000000000365be        0x2 
 .bss           0x00000000000365c0        0x4 build/cooja/mtype646.a(rs232.o)
 .bss           0x00000000000365c4        0x1 build/cooja/mtype646.a(vib-sensor.o)
                0x00000000000365c4                simVibValue
 .bss           0x00000000000365c5        0x0 build/cooja/mtype646.a(clock.o)
 *fill*         0x00000000000365c5       0x1b 
 .bss           0x00000000000365e0     0x2020 build/cooja/mtype646.a(cooja-log.o)
 .bss           0x0000000000038600      0xfc0 build/cooja/mtype646.a(cfs-cooja.o)
                0x0000000000038600                simCFSData
                0x00000000000395a0                simCFSSize
                0x00000000000395a4                simCFSChanged
                0x00000000000395a8                simCFSRead
                0x00000000000395ac                simCFSWritten
 .bss           0x00000000000395c0       0x24 build/cooja/mtype646.a(cooja-radio.o)
                0x00000000000395c0                simReceiving
                0x00000000000395c4                simInSize
                0x00000000000395c8                simLastPacketTimestamp
                0x00000000000395d0                simOutSize
 .bss           0x00000000000395e4        0xc build/cooja/mtype646.a(eeprom.o)
                0x00000000000395e4                simEEPROMChanged
                0x00000000000395e8                simEEPROMRead
                0x00000000000395ec                simEEPROMWritten
 .bss           0x00000000000395f0        0x0 build/cooja/mtype646.a(random.o)
 .bss           0x00000000000395f0        0xc build/cooja/mtype646.a(sensors.o)
 .bss           0x00000000000395fc        0x0 build/cooja/mtype646.a(leds.o)
 .bss           0x00000000000395fc       0x24 build/cooja/mtype646.a(gpio-hal-arch.o)
 .bss           0x0000000000039620        0x0 build/cooja/mtype646.a(buttons.o)
 .bss           0x0000000000039620        0x0 build/cooja/mtype646.a(coap-blocking-a)
 .bss           0x0000000000039620      0x190 build/cooja/mtype646.a(coap-engine.o)
 .bss           0x00000000000397b0        0x0 build/cooja/mtype646.a(coap-res-well-k)
 *fill*         0x00000000000397b0       0x10 
 .bss           0x00000000000397c0      0x120 build/cooja/mtype646.a(coap-observe.o)
 .bss           0x00000000000398e0       0x18 build/cooja/mtype646.a(coap-uip.o)
 .bss           0x00000000000398f8        0x5 build/cooja/mtype646.a(coap-timer.o)
 *fill*         0x00000000000398fd        0x3 
 .bss           0x0000000000039900      0x334 build/cooja/mtype646.a(coap-transactio)
 .bss           0x0000000000039c34        0x6 build/cooja/mtype646.a(coap.o)
                0x0000000000039c34                coap_status_code
 .bss           0x0000000000039c3a        0x0 build/cooja/mtype646.a(contiki-main.o)
 .bss           0x0000000000039c3a        0x0 build/cooja/mtype646.a(autostart.o)
 *fill*         0x0000000000039c3a        0x2 
 .bss           0x0000000000039c3c        0x5 build/cooja/mtype646.a(ctimer.o)
 *fill*         0x0000000000039c41        0x3 
 .bss           0x0000000000039c44       0x2c build/cooja/mtype646.a(log.o)
                0x0000000000039c44                curr_log_level_rpl
                0x0000000000039c48                curr_log_level_tcpip
                0x0000000000039c4c                curr_log_level_ipv6
                0x0000000000039c50                curr_log_level_6lowpan
                0x0000000000039c54                curr_log_level_nullnet
                0x0000000000039c58                curr_log_level_mac
                0x0000000000039c5c                curr_log_level_framer
                0x0000000000039c60                curr_log_level_6top
                0x0000000000039c64                curr_log_level_coap
                0x0000000000039c68                curr_log_level_snmp
                0x0000000000039c6c                curr_log_level_lwm2m
 .bss           0x0000000000039c70        0x0 build/cooja/mtype646.a(energest.o)
 .bss           0x0000000000039c70        0x8 build/cooja/mtype646.a(etimer.o)
 .bss           0x0000000000039c78        0x2 build/cooja/mtype646.a(node-id.o)
                0x0000000000039c78                node_id
 *fill*         0x0000000000039c7a        0x2 
 .bss           0x0000000000039c7c        0x4 build/cooja/mtype646.a(rtimer.o)
 .bss           0x0000000000039c80      0x1a1 build/cooja/mtype646.a(process.o)
                0x0000000000039c80                process_list
                0x0000000000039c84                process_current
 .bss           0x0000000000039e21        0x0 build/cooja/mtype646.a(timer.o)
 .bss           0x0000000000039e21        0x0 build/cooja/mtype646.a(list.o)
 .bss           0x0000000000039e21        0x0 build/cooja/mtype646.a(memb.o)
 *fill*         0x0000000000039e21        0x3 
 .bss           0x0000000000039e24       0x10 build/cooja/mtype646.a(button-hal.o)
 *fill*         0x0000000000039e34        0xc 
 .bss           0x0000000000039e40      0x140 build/cooja/mtype646.a(serial-line.o)
 .bss           0x0000000000039f80        0x4 build/cooja/mtype646.a(gpio-hal.o)
 *fill*         0x0000000000039f84       0x1c 
 .bss           0x0000000000039fa0     0x2c80 build/cooja/mtype646.a(queuebuf.o)
 .bss           0x000000000003cc20       0xa0 build/cooja/mtype646.a(packetbuf.o)
 .bss           0x000000000003ccc0        0x4 build/cooja/mtype646.a(netstack.o)
 .bss           0x000000000003ccc4        0x0 build/cooja/mtype646.a(linkaddr.o)
 .bss           0x000000000003ccc4        0x0 build/cooja/mtype646.a(csma.o)
 *fill*         0x000000000003ccc4       0x1c 
 .bss           0x000000000003cce0      0x726 build/cooja/mtype646.a(csma-output.o)
 *fill*         0x000000000003d406        0x2 
 .bss           0x000000000003d408       0x30 build/cooja/mtype646.a(uip-ds6.o)
 .bss           0x000000000003d438        0x0 build/cooja/mtype646.a(uip-udp-packet.)
 *fill*         0x000000000003d438        0x8 
 .bss           0x000000000003d440       0x60 build/cooja/mtype646.a(uip-ds6-route.o)
 .bss           0x000000000003d4a0       0x10 build/cooja/mtype646.a(tcpip.o)
 .bss           0x000000000003d4b0        0x8 build/cooja/mtype646.a(uip6.o)
                0x000000000003d4b0                uip_ext_bitmap
                0x000000000003d4b2                uip_ext_len
                0x000000000003d4b4                uip_last_proto
 *fill*         0x000000000003d4b8        0x8 
 .bss           0x000000000003d4c0     0x1c20 build/cooja/mtype646.a(uip-ds6-nbr.o)
 .bss           0x000000000003f0e0       0x10 build/cooja/mtype646.a(uip-nd6.o)
 *fill*         0x000000000003f0f0       0x10 
 .bss           0x000000000003f100      0x724 build/cooja/mtype646.a(sicslowpan.o)
 .bss           0x000000000003f824        0x0 build/cooja/mtype646.a(uiplib.o)
 .bss           0x000000000003f824        0x1 build/cooja/mtype646.a(rpl.o)
 .bss           0x000000000003f825        0x0 build/cooja/mtype646.a(rpl-icmp6.o)
 *fill*         0x000000000003f825        0x3 