Archive member included to satisfy reference by file (symbol)

build/cooja/mtype816.a(simEnvChange.o)
                              build/cooja/mtype816.o (simDontFallAsleep)
build/cooja/mtype816.a(cooja_mt.o)
                              build/cooja/mtype816.o (cooja_mt_start)
build/cooja/mtype816.a(cooja_mtarch.o)
                              build/cooja/mtype816.a(cooja_mt.o) (cooja_mtarch_start)
build/cooja/mtype816.a(rtimer-arch.o)
                              build/cooja/mtype816.o (rtimer_arch_check)
build/cooja/mtype816.a(beep.o)
                              build/cooja/mtype816.o (beep_interface)
build/cooja/mtype816.a(leds-arch.o)
                              build/cooja/mtype816.o (leds_interface)
build/cooja/mtype816.a(moteid.o)
                              build/cooja/mtype816.o (moteid_interface)
build/cooja/mtype816.a(pir-sensor.o)
                              build/cooja/mtype816.o (pir_interface)
build/cooja/mtype816.a(rs232.o)
                              build/cooja/mtype816.o (rs232_interface)
build/cooja/mtype816.a(vib-sensor.o)
                              build/cooja/mtype816.o (vib_interface)
build/cooja/mtype816.a(clock.o)
                              build/cooja/mtype816.o (clock_interface)
build/cooja/mtype816.a(cooja-log.o)
                              build/cooja/mtype816.o (simlog_interface)
build/cooja/mtype816.a(cfs-cooja.o)
                              build/cooja/mtype816.o (cfs_interface)
build/cooja/mtype816.a(cooja-radio.o)
                              build/cooja/mtype816.o (radio_interface)
build/cooja/mtype816.a(eeprom.o)
                              build/cooja/mtype816.o (eeprom_interface)
build/cooja/mtype816.a(random.o)
                              build/cooja/mtype816.a(moteid.o) (random_init)
build/cooja/mtype816.a(sensors.o)
                              build/cooja/mtype816.a(pir-sensor.o) (sensors_changed)
build/cooja/mtype816.a(leds.o)
                              build/cooja/mtype816.a(leds-arch.o) (leds_get)
build/cooja/mtype816.a(gpio-hal-arch.o)
                              build/cooja/mtype816.a(leds-arch.o) (gpio_hal_arch_register_pin_callback)
build/cooja/mtype816.a(buttons.o)
                              build/cooja/mtype816.o (button_interface)
build/cooja/mtype816.a(oxygen_measurin)
                              oxygen_sensor.o (oxygen_measuring_device)
build/cooja/mtype816.a(coap-blocking-a)
                              oxygen_sensor.o (coap_blocking_request)
build/cooja/mtype816.a(coap-engine.o)
                              oxygen_sensor.o (coap_activate_resource)
build/cooja/mtype816.a(coap-res-well-k)
                              build/cooja/mtype816.a(coap-engine.o) (res_well_known_core)
build/cooja/mtype816.a(coap-observe.o)
                              build/cooja/mtype816.a(coap-engine.o) (coap_remove_observer_by_mid)
build/cooja/mtype816.a(coap-uip.o)
                              build/cooja/mtype816.a(coap-observe.o) (coap_endpoint_copy)
build/cooja/mtype816.a(coap-timer.o)
                              build/cooja/mtype816.a(coap-engine.o) (coap_timer_set)
build/cooja/mtype816.a(coap-transactio)
                              build/cooja/mtype816.a(coap-blocking-a) (coap_send_transaction)
build/cooja/mtype816.a(coap.o)
                              build/cooja/mtype816.a(coap-engine.o) (coap_status_code)
build/cooja/mtype816.a(contiki-main.o)
                              build/cooja/mtype816.o (main)
build/cooja/mtype816.a(autostart.o)
                              build/cooja/mtype816.a(contiki-main.o) (autostart_start)
build/cooja/mtype816.a(ctimer.o)
                              build/cooja/mtype816.a(contiki-main.o) (ctimer_init)
build/cooja/mtype816.a(log.o)
                              build/cooja/mtype816.a(contiki-main.o) (curr_log_level_main)
build/cooja/mtype816.a(energest.o)
                              build/cooja/mtype816.a(contiki-main.o) (energest_init)
build/cooja/mtype816.a(etimer.o)
                              build/cooja/mtype816.a(contiki-main.o) (etimer_process)
build/cooja/mtype816.a(node-id.o)
                              build/cooja/mtype816.a(contiki-main.o) (node_id)
build/cooja/mtype816.a(rtimer.o)
                              build/cooja/mtype816.a(contiki-main.o) (rtimer_init)
build/cooja/mtype816.a(process.o)
                              build/cooja/mtype816.a(coap-blocking-a) (process_current)
build/cooja/mtype816.a(timer.o)
                              build/cooja/mtype816.a(etimer.o) (timer_set)
build/cooja/mtype816.a(list.o)
                              build/cooja/mtype816.a(coap-engine.o) (list_init)
build/cooja/mtype816.a(memb.o)
                              build/cooja/mtype816.a(coap-observe.o) (memb_alloc)
build/cooja/mtype816.a(button-hal.o)
                              build/cooja/mtype816.o (button_hal_init)
build/cooja/mtype816.a(serial-line.o)
                              build/cooja/mtype816.a(rs232.o) (serial_line_input_byte)
[...]
Memory Configuration

Name             Origin             Length             Attributes
*default*        0x0000000000000000 0xffffffffffffffff

Linker script and memory map

LOAD /usr/lib/gcc/i686-linux-gnu/5/../../../i386-linux-gnu/crti.o
LOAD /usr/lib/gcc/i686-linux-gnu/5/crtbeginS.o
LOAD oxygen_sensor.o
LOAD build/cooja/mtype816.o
LOAD build/cooja/mtype816.a
LOAD /usr/lib/gcc/i686-linux-gnu/5/libgcc.a
LOAD /usr/lib/gcc/i686-linux-gnu/5/libgcc_s.so
LOAD /usr/lib/gcc/i686-linux-gnu/5/../../../i386-linux-gnu/libc.so
START GROUP
LOAD /lib/i386-linux-gnu/libc.so.6
LOAD /usr/lib/i386-linux-gnu/libc_nonshared.a
LOAD /lib/i386-linux-gnu/ld-linux.so.2
END GROUP
LOAD /usr/lib/gcc/i686-linux-gnu/5/libgcc.a
LOAD /usr/lib/gcc/i686-linux-gnu/5/libgcc_s.so
LOAD /usr/lib/gcc/i686-linux-gnu/5/crtendS.o
LOAD /usr/lib/gcc/i686-linux-gnu/5/../../../i386-linux-gnu/crtn.o
                0x0000000000000114                . = (0x0 + SIZEOF_HEADERS)

.note.gnu.build-id
                0x0000000000000114       0x24
 *(.note.gnu.build-id)
 .note.gnu.build-id
                0x0000000000000114       0x24 /usr/lib/gcc/i686-linux-gnu/5/../../../i386-linux-gnu/crti.o

.hash
 *(.hash)

.gnu.hash       0x0000000000000138     0x15b8
 *(.gnu.hash)
 .gnu.hash      0x0000000000000138     0x15b8 /usr/lib/gcc/i686-linux-gnu/5/../../../i386-linux-gnu/crti.o

.dynsym         0x00000000000016f0     0x2f60
 *(.dynsym)
 .dynsym        0x00000000000016f0     0x2f60 /usr/lib/gcc/i686-linux-gnu/5/../../../i386-linux-gnu/crti.o

.dynstr         0x0000000000004650     0x3772
 *(.dynstr)
 .dynstr        0x0000000000004650     0x3772 /usr/lib/gcc/i686-linux-gnu/5/../../../i386-linux-gnu/crti.o

.gnu.version    0x0000000000007dc2      0x5ec
 *(.gnu.version)
 .gnu.version   0x0000000000007dc2      0x5ec /usr/lib/gcc/i686-linux-gnu/5/../../../i386-linux-gnu/crti.o

.gnu.version_d  0x00000000000083b0        0x0
 *(.gnu.version_d)
 .gnu.version_d
                0x00000000000083b0        0x0 /usr/lib/gcc/i686-linux-gnu/5/../../../i386-linux-gnu/crti.o

.gnu.version_r  0x00000000000083b0       0x40
 *(.gnu.version_r)
 .gnu.version_r
                0x00000000000083b0       0x40 /usr/lib/gcc/i686-linux-gnu/5/../../../i386-linux-gnu/crti.o

.rel.dyn        0x00000000000083f0     0x91e8
 *(.rel.init)
 .rel.init      0x00000000000083f0        0x0 /usr/lib/gcc/i686-linux-gnu/5/../../../i386-linux-gnu/crti.o
 *(.rel.text .rel.text.* .rel.gnu.linkonce.t.*)
 .rel.text      0x00000000000083f0     0x8820 /usr/lib/gcc/i686-linux-gnu/5/../../../i386-linux-gnu/crti.o
 *(.rel.fini)
 .rel.fini      0x0000000000010c10        0x0 /usr/lib/gcc/i686-linux-gnu/5/../../../i386-linux-gnu/crti.o
 *(.rel.rodata .rel.rodata.* .rel.gnu.linkonce.r.*)
 .rel.rodata    0x0000000000010c10      0x588 /usr/lib/gcc/i686-linux-gnu/5/../../../i386-linux-gnu/crti.o
 *(.rel.data.rel.ro .rel.data.rel.ro.* .rel.gnu.linkonce.d.rel.ro.*)
 *(.rel.data .rel.data.* .rel.gnu.linkonce.d.*)
 .rel.data.rel.local
                0x0000000000011198        0x8 /usr/lib/gcc/i686-linux-gnu/5/../../../i386-linux-gnu/crti.o
 .rel.data      0x00000000000111a0      0x400 /usr/lib/gcc/i686-linux-gnu/5/../../../i386-linux-gnu/crti.o
 *(.rel.tdata .rel.tdata.* .rel.gnu.linkonce.td.*)
 *(.rel.tbss .rel.tbss.* .rel.gnu.linkonce.tb.*)
 *(.rel.ctors)
 *(.rel.dtors)
 *(.rel.got)
 .rel.got       0x00000000000115a0       0x28 /usr/lib/gcc/i686-linux-gnu/5/../../../i386-linux-gnu/crti.o
 *(.rel.bss .rel.bss.* .rel.gnu.linkonce.b.*)
 *(.rel.ifunc)
 .rel.ifunc     0x00000000000115c8        0x0 /usr/lib/gcc/i686-linux-gnu/5/../../../i386-linux-gnu/crti.o
 .rel.fini_array
                0x00000000000115c8        0x8 /usr/lib/gcc/i686-linux-gnu/5/../../../i386-linux-gnu/crti.o
 .rel.init_array
                0x00000000000115d0        0x8 /usr/lib/gcc/i686-linux-gnu/5/../../../i386-linux-gnu/crti.o

.rel.plt        0x00000000000115d8        0x0
 *(.rel.plt)
 .rel.plt       0x00000000000115d8        0x0 /usr/lib/gcc/i686-linux-gnu/5/../../../i386-linux-gnu/crti.o
 *(.rel.iplt)

.init           0x00000000000115d8       0x23
 *(SORT(.init))
 .init          0x00000000000115d8       0x1e /usr/lib/gcc/i686-linux-gnu/5/../../../i386-linux-gnu/crti.o
                0x00000000000115d8                _init
 .init          0x00000000000115f6        0x5 /usr/lib/gcc/i686-linux-gnu/5/../../../i386-linux-gnu/crtn.o

.plt            0x0000000000011600       0x10
 *(.plt)
 .plt           0x0000000000011600       0x10 /usr/lib/gcc/i686-linux-gnu/5/../../../i386-linux-gnu/crti.o
 *(.iplt)

.plt.got        0x0000000000011610       0x10
 *(.plt.got)
 .plt.got       0x0000000000011610       0x10 /usr/lib/gcc/i686-linux-gnu/5/../../../i386-linux-gnu/crti.o

.text           0x0000000000011620    0x18c22
 *(.text.unlikely .text.*_unlikely .text.unlikely.*)
 .text.unlikely
                0x0000000000011620        0x0 /usr/lib/gcc/i686-linux-gnu/5/crtbeginS.o
 .text.unlikely
                0x0000000000011620        0x0 /usr/lib/gcc/i686-linux-gnu/5/libgcc.a(_udivdi3.o)
 *(.text.exit .text.exit.*)
 *(.text.startup .text.startup.*)
 *(.text.hot .text.hot.*)
 *(.text .stub .text.* .gnu.linkonce.t.*)
 .text          0x0000000000011620        0x0 /usr/lib/gcc/i686-linux-gnu/5/../../../i386-linux-gnu/crti.o
 .gnu.linkonce.t.__x86.get_pc_thunk.bx
                0x0000000000011620        0x4 /usr/lib/gcc/i686-linux-gnu/5/../../../i386-linux-gnu/crti.o
                0x0000000000011620                __x86.get_pc_thunk.bx
 *fill*         0x0000000000011624        0xc 
 .text          0x0000000000011630      0x11c /usr/lib/gcc/i686-linux-gnu/5/crtbeginS.o
 .text.__x86.get_pc_thunk.dx
                0x000000000001174c        0x4 /usr/lib/gcc/i686-linux-gnu/5/crtbeginS.o
                0x000000000001174c                __x86.get_pc_thunk.dx
 .text          0x0000000000011750      0x2f9 oxygen_sensor.o
                0x0000000000011750                wait_for_ack
 .text          0x0000000000011a49      0x283 build/cooja/mtype816.o
                0x0000000000011adb                platform_init_stage_one
                0x0000000000011aee                platform_init_stage_two
                0x0000000000011b01                platform_init_stage_three
                0x0000000000011b14                platform_main_loop
                0x0000000000011b87                Java_org_contikios_cooja_corecomm_Lib2_init
                0x0000000000011bbe                Java_org_contikios_cooja_corecomm_Lib2_getMemory
                0x0000000000011bf1                Java_org_contikios_cooja_corecomm_Lib2_setMemory
                0x0000000000011c51                Java_org_contikios_cooja_corecomm_Lib2_tick
                0x0000000000011cb9                Java_org_contikios_cooja_corecomm_Lib2_setReferenceAddress
 .text          0x0000000000011ccc       0x65 build/cooja/mtype816.a(simEnvChange.o)
                0x0000000000011ccc                doActionsBeforeTick
                0x0000000000011cfe                doActionsAfterTick
 .text          0x0000000000011d31       0x83 build/cooja/mtype816.a(cooja_mt.o)
                0x0000000000011d31                cooja_mt_start
                0x0000000000011d5b                cooja_mt_exec
                0x0000000000011d91                cooja_mt_yield
 .text          0x0000000000011db4       0xbe build/cooja/mtype816.a(cooja_mtarch.o)
                0x0000000000011db4                cooja_mtarch_start
                0x0000000000011e27                cooja_sw
                0x0000000000011e4a                cooja_mtarch_exec
                0x0000000000011e67                cooja_mtarch_yield
 .text          0x0000000000011e72       0xc5 build/cooja/mtype816.a(rtimer-arch.o)
                0x0000000000011e72                rtimer_arch_init
                0x0000000000011e96                rtimer_arch_schedule
                0x0000000000011ec6                rtimer_arch_next
                0x0000000000011ed6                rtimer_arch_pending
                0x0000000000011ee0                rtimer_arch_check
                0x0000000000011f27                rtimer_arch_now
 .text          0x0000000000011f37       0x81 build/cooja/mtype816.a(beep.o)
                0x0000000000011f37                beep_alarm
                0x0000000000011f44                beep_beep
                0x0000000000011f51                beep
                0x0000000000011f5e                beep_down
                0x0000000000011f6b                beep_on
                0x0000000000011f78                beep_off
                0x0000000000011f85                beep_spinup
                0x0000000000011f92                beep_quick
                0x0000000000011f9f                beep_long
 .text          0x0000000000011fb8       0x65 build/cooja/mtype816.a(leds-arch.o)
                0x0000000000011fcb                leds_arch_init
 .text          0x000000000001201d       0x35 build/cooja/mtype816.a(moteid.o)
 .text          0x0000000000012052       0xb7 build/cooja/mtype816.a(pir-sensor.o)
 .text          0x0000000000012109      0x148 build/cooja/mtype816.a(rs232.o)
                0x0000000000012109                rs232_init
                0x000000000001210f                rs232_set_speed
                0x000000000001211e                rs232_set_input
                0x000000000001212c                rs232_send
                0x0000000000012150                rs232_print
                0x000000000001216c                slip_arch_writeb
 .text          0x0000000000012251       0xb7 build/cooja/mtype816.a(vib-sensor.o)
 .text          0x0000000000012308       0x38 build/cooja/mtype816.a(clock.o)
                0x0000000000012308                clock_init
                0x000000000001230e                clock_time
                0x0000000000012318                clock_seconds
                0x000000000001232e                clock_delay
 .text          0x0000000000012340      0x219 build/cooja/mtype816.a(cooja-log.o)
                0x0000000000012340                simlog_char
                0x0000000000012383                simlog
                0x00000000000123f9                log_message
                0x000000000001242a                log_set_putchar_with_slip
                0x0000000000012438                log_putchar
                0x00000000000124b3                log_puts
                0x00000000000124db                log_printf
 .text          0x0000000000012559      0x2b9 build/cooja/mtype816.a(cfs-cooja.o)
                0x0000000000012559                cfs_open
                0x00000000000125c2                cfs_close
                0x00000000000125cf                cfs_read
                0x0000000000012664                cfs_write
                0x0000000000012740                cfs_seek
                0x00000000000127c8                cfs_remove
                0x00000000000127ec                cfs_opendir
                0x00000000000127f6                cfs_readdir
                0x0000000000012800                cfs_closedir
 .text          0x0000000000012812      0x620 build/cooja/mtype816.a(cooja-radio.o)
                0x0000000000012854                radio_set_channel
                0x0000000000012862                radio_set_txpower
                0x000000000001287a                radio_signal_strength_last
                0x0000000000012884                radio_signal_strength_current
                0x000000000001288e                radio_LQI
 .text          0x0000000000012e32       0xee build/cooja/mtype816.a(eeprom.o)
                0x0000000000012e32                eeprom_init
                0x0000000000012e38                eeprom_read
                0x0000000000012ea6                eeprom_write
 .text          0x0000000000012f20       0x2d build/cooja/mtype816.a(random.o)
                0x0000000000012f20                random_init
                0x0000000000012f40                random_rand
 .text          0x0000000000012f4d      0x29c build/cooja/mtype816.a(sensors.o)
                0x0000000000012f88                sensors_first
                0x0000000000012f92                sensors_next
                0x0000000000012fac                sensors_changed
                0x0000000000012fe0                sensors_find
 .text          0x00000000000131e9      0x349 build/cooja/mtype816.a(leds.o)
                0x00000000000131e9                leds_init
                0x0000000000013230                leds_single_on
                0x000000000001328f                leds_single_off
                0x00000000000132ee                leds_single_toggle
                0x0000000000013320                leds_on
                0x00000000000133a2                leds_off
                0x0000000000013424                leds_toggle
                0x0000000000013479                leds_set
                0x00000000000134a5                leds_get
 .text          0x0000000000013532      0x343 build/cooja/mtype816.a(gpio-hal-arch.o)
                0x0000000000013532                gpio_hal_arch_register_pin_callback
                0x000000000001359e                gpio_hal_arch_init
                0x00000000000135e3                gpio_hal_arch_no_port_interrupt_enable
                0x0000000000013613                gpio_hal_arch_no_port_interrupt_disable
                0x0000000000013643                gpio_hal_arch_no_port_pin_cfg_set
                0x0000000000013668                gpio_hal_arch_no_port_pin_cfg_get
                0x000000000001368e                gpio_hal_arch_no_port_pin_set_input
                0x00000000000136a0                gpio_hal_arch_no_port_pin_set_output
                0x00000000000136b2                gpio_hal_arch_no_port_set_pin
                0x00000000000136d3                gpio_hal_arch_no_port_clear_pin
                0x00000000000136f4                gpio_hal_arch_no_port_read_pin
                0x000000000001371a                gpio_hal_arch_no_port_write_pin
                0x0000000000013744                gpio_hal_arch_no_port_set_pins
                0x000000000001378b                gpio_hal_arch_no_port_clear_pins
                0x00000000000137d2                gpio_hal_arch_no_port_read_pins
                0x0000000000013815                gpio_hal_arch_no_port_write_pins
 .text          0x0000000000013875       0x89 build/cooja/mtype816.a(buttons.o)
 .text          0x00000000000138fe      0x146 build/cooja/mtype816.a(oxygen_measurin)
                0x00000000000138fe                randInRange
 .text          0x0000000000013a44      0x27b build/cooja/mtype816.a(coap-blocking-a)
                0x0000000000013a44                coap_blocking_request_callback
                0x0000000000013a6e                coap_blocking_request
 .text          0x0000000000013cbf      0xc26 build/cooja/mtype816.a(coap-engine.o)
                0x0000000000013d54                coap_add_handler
                0x0000000000013d71                coap_remove_handler
                0x0000000000013d8e                coap_call_handlers
                0x0000000000013e96                coap_receive
                0x00000000000144cd                coap_engine_init
                0x000000000001452b                coap_activate_resource
                0x00000000000145d6                coap_get_first_resource
                0x00000000000145ef                coap_get_next_resource
 .text          0x00000000000148e5      0x2d9 build/cooja/mtype816.a(coap-res-well-k)
 .text          0x0000000000014bbe      0x96a build/cooja/mtype816.a(coap-observe.o)
                0x0000000000014cd3                coap_remove_observer
                0x0000000000014d03                coap_remove_observer_by_client
                0x0000000000014d6b                coap_remove_observer_by_token
                0x0000000000014dfe                coap_remove_observer_by_uri
                0x0000000000014ea5                coap_remove_observer_by_mid
                0x0000000000014f21                coap_notify_observers
                0x0000000000014f3a                coap_notify_observers_sub
                0x00000000000153a4                coap_observe_handler
                0x00000000000154bf                coap_has_observers
 .text          0x0000000000015528      0x733 build/cooja/mtype816.a(coap-uip.o)
                0x0000000000015528                coap_endpoint_log
                0x00000000000155ae                coap_endpoint_print
                0x0000000000015634                coap_endpoint_snprint
                0x0000000000015767                coap_endpoint_copy
                0x00000000000157a4                coap_endpoint_cmp
                0x00000000000158b2                coap_endpoint_parse
                0x0000000000015a9d                coap_endpoint_is_secure
                0x0000000000015aac                coap_endpoint_is_connected
                0x0000000000015ae0                coap_endpoint_connect
                0x0000000000015afc                coap_endpoint_disconnect
                0x0000000000015b02                coap_databuf
                0x0000000000015b0c                coap_transport_init
                0x0000000000015b5c                coap_sendto
 .text          0x0000000000015c5b      0x324 build/cooja/mtype816.a(coap-timer.o)
                0x0000000000015d58                coap_timer_stop
                0x0000000000015d83                coap_timer_set
                0x0000000000015dc6                coap_timer_reset
                0x0000000000015e09                coap_timer_time_to_next_expiration
                0x0000000000015e75                coap_timer_run
                0x0000000000015f41                coap_timer_init
 .text          0x0000000000015f7f      0x2c6 build/cooja/mtype816.a(coap-transactio)
                0x0000000000015fe5                coap_new_transaction
                0x000000000001604b                coap_send_transaction
                0x00000000000161ac                coap_clear_transaction
                0x00000000000161f4                coap_get_transaction_by_mid
 .text          0x0000000000016245     0x1c53 build/cooja/mtype816.a(coap.o)
                0x00000000000167b2                coap_init_connection
                0x00000000000167c6                coap_get_mid
                0x00000000000167e2                coap_init_message
                0x000000000001682b                coap_serialize_message
                0x0000000000016ead                coap_parse_message
                0x0000000000017514                coap_get_query_variable
                0x0000000000017556                coap_get_post_variable
                0x000000000001759a                coap_set_status_code
                0x00000000000175bf                coap_set_token
                0x0000000000017606                coap_get_header_content_format
                0x0000000000017637                coap_set_header_content_format
                0x000000000001765a                coap_get_header_accept
                0x000000000001768b                coap_set_header_accept
                0x00000000000176ae                coap_get_header_max_age
                0x00000000000176df                coap_set_header_max_age
                0x00000000000176ff                coap_get_header_etag
                0x0000000000017731                coap_set_header_etag
                0x0000000000017788                coap_get_header_if_match
                0x00000000000177ba                coap_set_header_if_match
                0x0000000000017811                coap_get_header_if_none_match
                0x000000000001782b                coap_set_header_if_none_match
                0x0000000000017842                coap_get_header_proxy_uri
                0x0000000000017870                coap_set_header_proxy_uri
                0x00000000000178ad                coap_get_header_uri_host
                0x00000000000178db                coap_set_header_uri_host
                0x0000000000017918                coap_get_header_uri_path
                0x0000000000017946                coap_set_header_uri_path
                0x0000000000017993                coap_get_header_uri_query
                0x00000000000179c7                coap_set_header_uri_query
                0x0000000000017a1d                coap_get_header_location_path
                0x0000000000017a4b                coap_set_header_location_path
                0x0000000000017ae4                coap_get_header_location_query
                0x0000000000017b12                coap_set_header_location_query
                0x0000000000017b5f                coap_get_header_observe
                0x0000000000017b8e                coap_set_header_observe
                0x0000000000017bae                coap_get_header_block2
                0x0000000000017c1a                coap_set_header_block2
                0x0000000000017c91                coap_get_header_block1
                0x0000000000017d06                coap_set_header_block1
                0x0000000000017d81                coap_get_header_size2
                0x0000000000017db1                coap_set_header_size2
                0x0000000000017dd4                coap_get_header_size1
                0x0000000000017e04                coap_set_header_size1
                0x0000000000017e27                coap_get_payload
                0x0000000000017e61                coap_set_payload
 .text          0x0000000000017e98      0x332 build/cooja/mtype816.a(contiki-main.o)
                0x0000000000017e98                main
 .text          0x00000000000181ca       0x92 build/cooja/mtype816.a(autostart.o)
                0x00000000000181ca                autostart_start
                0x0000000000018214                autostart_exit
 .text          0x000000000001825c      0x355 build/cooja/mtype816.a(ctimer.o)
                0x0000000000018384                ctimer_init
                0x00000000000183b7                ctimer_set
                0x00000000000183dd                ctimer_set_with_process
                0x000000000001845a                ctimer_reset
                0x00000000000184ae                ctimer_restart
                0x0000000000018502                ctimer_stop
                0x0000000000018552                ctimer_expired
 .text          0x00000000000185b1      0x394 build/cooja/mtype816.a(log.o)
                0x00000000000185b1                log_6addr
                0x0000000000018604                log_6addr_compact_snprint
                0x00000000000186a2                log_6addr_compact
                0x00000000000186f5                log_lladdr
                0x0000000000018767                log_lladdr_compact
                0x00000000000187cf                log_set_level
                0x000000000001888a                log_get_level
                0x0000000000018903                log_level_to_str
 .text          0x0000000000018945       0x1b build/cooja/mtype816.a(energest.o)
                0x0000000000018945                energest_init
                0x000000000001894b                energest_flush
                0x0000000000018951                energest_get_total_time
 .text          0x0000000000018960      0x43f build/cooja/mtype816.a(etimer.o)
                0x0000000000018b84                etimer_request_poll
                0x0000000000018c0d                etimer_set
                0x0000000000018c36                etimer_reset_with_new_interval
                0x0000000000018c65                etimer_reset
                0x0000000000018c8b                etimer_restart
                0x0000000000018cb1                etimer_adjust
                0x0000000000018cce                etimer_expired
                0x0000000000018ce1                etimer_expiration_time
                0x0000000000018cf3                etimer_start_time
                0x0000000000018cfd                etimer_pending
                0x0000000000018d0f                etimer_next_expiration_time
                0x0000000000018d29                etimer_stop
 .text          0x0000000000018d9f       0x25 build/cooja/mtype816.a(node-id.o)
                0x0000000000018d9f                node_id_init
 .text          0x0000000000018dc4       0xeb build/cooja/mtype816.a(rtimer.o)
                0x0000000000018dc4                rtimer_init
                0x0000000000018dd2                rtimer_set
                0x0000000000018e4d                rtimer_run_next
 .text          0x0000000000018eaf      0x4fb build/cooja/mtype816.a(process.o)
                0x0000000000018eaf                process_alloc_event
                0x0000000000018ec4                process_start
                0x000000000001909e                process_exit
                0x00000000000190bb                process_init
                0x0000000000019250                process_run
                0x0000000000019283                process_nevents
                0x000000000001929e                process_post
                0x0000000000019331                process_post_synch
                0x0000000000019366                process_poll
                0x0000000000019396                process_is_running
 .text          0x00000000000193aa       0xb1 build/cooja/mtype816.a(timer.o)
                0x00000000000193aa                timer_set
                0x00000000000193c8                timer_reset
                0x00000000000193f5                timer_restart
                0x000000000001940a                timer_expired
                0x0000000000019437                timer_remaining
 .text          0x000000000001945b      0x28f build/cooja/mtype816.a(list.o)
                0x000000000001945b                list_init
                0x000000000001946a                list_head
                0x0000000000019474                list_copy
                0x0000000000019484                list_tail
                0x00000000000194ba                list_add
                0x0000000000019506                list_push
                0x0000000000019532                list_chop
                0x000000000001959c                list_pop
                0x00000000000195c4                list_remove
                0x000000000001962c                list_length
                0x000000000001965a                list_insert
                0x000000000001969f                list_item_next
                0x00000000000196b6                list_contains
 .text          0x00000000000196ea      0x1b5 build/cooja/mtype816.a(memb.o)
                0x00000000000196ea                memb_init
                0x000000000001973f                memb_alloc
                0x00000000000197a2                memb_free
                0x0000000000019819                memb_inmemb
                0x0000000000019858                memb_numfree
 .text          0x000000000001989f      0x41c build/cooja/mtype816.a(button-hal.o)
                0x0000000000019a18                button_hal_get_by_id
                0x0000000000019a56                button_hal_get_by_index
                0x0000000000019a82                button_hal_get_state
                0x0000000000019ad4                button_hal_init
 .text          0x0000000000019cbb      0x1f3 build/cooja/mtype816.a(serial-line.o)
                0x0000000000019cbb                serial_line_input_byte
                0x0000000000019e79                serial_line_init
 .text          0x0000000000019eae      0x168 build/cooja/mtype816.a(gpio-hal.o)
                0x0000000000019eae                gpio_hal_register_handler
                0x0000000000019ecb                gpio_hal_event_handler
                0x0000000000019f27                gpio_hal_init
                0x0000000000019f46                gpio_hal_arch_port_toggle_pin
                0x0000000000019f82                gpio_hal_arch_port_toggle_pins
                0x0000000000019fb0                gpio_hal_arch_no_port_toggle_pin
                0x0000000000019fee                gpio_hal_arch_no_port_toggle_pins
 .text          0x000000000001a016      0x2e7 build/cooja/mtype816.a(queuebuf.o)
                0x000000000001a020                queuebuf_init
                0x000000000001a049                queuebuf_numfree
                0x000000000001a061                queuebuf_new_from_packetbuf
                0x000000000001a100                queuebuf_update_attr_from_packetbuf
                0x000000000001a135                queuebuf_update_from_packetbuf
                0x000000000001a185                queuebuf_free
                0x000000000001a1ce                queuebuf_to_packetbuf
                0x000000000001a23a                queuebuf_dataptr
                0x000000000001a274                queuebuf_datalen
                0x000000000001a297                queuebuf_addr
                0x000000000001a2cc                queuebuf_attr
                0x000000000001a2f7                queuebuf_debug_print
 .text          0x000000000001a2fd      0x407 build/cooja/mtype816.a(packetbuf.o)
                0x000000000001a2fd                packetbuf_clear
                0x000000000001a328                packetbuf_copyfrom
                0x000000000001a377                packetbuf_copyto
                0x000000000001a40a                packetbuf_hdralloc
                0x000000000001a486                packetbuf_hdrreduce
                0x000000000001a4cc                packetbuf_set_datalen
                0x000000000001a4e6                packetbuf_dataptr
                0x000000000001a503                packetbuf_hdrptr
                0x000000000001a50d                packetbuf_datalen
                0x000000000001a519                packetbuf_hdrlen
                0x000000000001a530                packetbuf_totlen
                0x000000000001a546                packetbuf_remaininglen
                0x000000000001a559                packetbuf_attr_clear
                0x000000000001a5a5                packetbuf_attr_copyto
                0x000000000001a5fd                packetbuf_attr_copyfrom
                0x000000000001a655                packetbuf_set_attr
                0x000000000001a67f                packetbuf_attr
                0x000000000001a699                packetbuf_set_addr
                0x000000000001a6ca                packetbuf_addr
                0x000000000001a6e7                packetbuf_holds_broadcast
 .text          0x000000000001a704       0xef build/cooja/mtype816.a(netstack.o)
                0x000000000001a704                netstack_process_ip_callback
                0x000000000001a795                netstack_ip_packet_processor_add
                0x000000000001a7b8                uip_ds6_ip_packet_processor_rm
                0x000000000001a7d5                netstack_init
 .text          0x000000000001a7f3       0x4f build/cooja/mtype816.a(linkaddr.o)
                0x000000000001a7f3                linkaddr_copy
                0x000000000001a809                linkaddr_cmp
                0x000000000001a82c                linkaddr_set_node_addr
 .text          0x000000000001a842      0x1f6 build/cooja/mtype816.a(csma.o)
 .text          0x000000000001aa38      0x95d build/cooja/mtype816.a(csma-output.o)
                0x000000000001b0cf                csma_output_packet
                0x000000000001b35c                csma_output_init
 .text          0x000000000001b395      0xc11 build/cooja/mtype816.a(uip-ds6.o)
                0x000000000001b395                uip_ds6_default_prefix
                0x000000000001b39f                uip_ds6_set_default_prefix
                0x000000000001b3ca                uip_ds6_init
                0x000000000001b62c                uip_ds6_periodic
                0x000000000001b6b3                uip_ds6_list_loop
                0x000000000001b773                uip_ds6_prefix_add
                0x000000000001b81f                uip_ds6_prefix_rm
                0x000000000001b832                uip_ds6_prefix_lookup
                0x000000000001b871                uip_ds6_is_addr_onlink
                0x000000000001b8e4                uip_ds6_addr_add
                0x000000000001ba04                uip_ds6_addr_rm
                0x000000000001baad                uip_ds6_addr_lookup
                0x000000000001bae6                uip_ds6_get_link_local
                0x000000000001bb67                uip_ds6_get_global
                0x000000000001bbe8                uip_ds6_maddr_add
                0x000000000001bc48                uip_ds6_maddr_rm
                0x000000000001bc5b                uip_ds6_maddr_lookup
                0x000000000001bc94                uip_ds6_aaddr_add
                0x000000000001bcf4                uip_ds6_aaddr_rm
                0x000000000001bd07                uip_ds6_aaddr_lookup
                0x000000000001bd40                uip_ds6_select_src
                0x000000000001be89                uip_ds6_set_addr_iid
                0x000000000001beb4                uip_ds6_set_lladdr_from_iid
                0x000000000001bedd                get_match_length
                0x000000000001bf6e                uip_ds6_compute_reachable_time
 .text          0x000000000001bfa6      0x128 build/cooja/mtype816.a(uip-udp-packet.)
                0x000000000001bfa6                uip_udp_packet_send
                0x000000000001c001                uip_udp_packet_sendto
 .text          0x000000000001c0ce      0x35b build/cooja/mtype816.a(uip-ds6-route.o)
                0x000000000001c11f                uip_ds6_route_init
                0x000000000001c149                uip_ds6_route_nexthop
                0x000000000001c153                uip_ds6_route_head
                0x000000000001c15d                uip_ds6_route_next
                0x000000000001c167                uip_ds6_route_is_nexthop
                0x000000000001c171                uip_ds6_route_num_routes
                0x000000000001c17b                uip_ds6_route_lookup
                0x000000000001c185                uip_ds6_route_add
                0x000000000001c198                uip_ds6_route_rm
                0x000000000001c19e                uip_ds6_route_rm_by_nexthop
                0x000000000001c1a4                uip_ds6_defrt_head
                0x000000000001c1bd                uip_ds6_defrt_add
                0x000000000001c26b                uip_ds6_defrt_rm
                0x000000000001c2d1                uip_ds6_defrt_lookup
                0x000000000001c338                uip_ds6_defrt_choose
                0x000000000001c3ae                uip_ds6_defrt_periodic
 .text          0x000000000001c429      0x6f7 build/cooja/mtype816.a(tcpip.o)
                0x000000000001c443                tcpip_output
                0x000000000001c4c2                udp_attach
                0x000000000001c4da                udp_new
                0x000000000001c524                udp_broadcast_new
                0x000000000001c696                tcpip_input
                0x000000000001c826                tcpip_ipv6_output
                0x000000000001ca1a                tcpip_poll_udp
                0x000000000001ca38                tcpip_uipcall
 .text          0x000000000001cb20     0x1205 build/cooja/mtype816.a(uip6.o)
                0x000000000001cbcf                uip_chksum
                0x000000000001cca6                uip_icmp6chksum
                0x000000000001ccbb                uip_udpchksum
                0x000000000001ccd0                uip_init
                0x000000000001cd19                uip_remove_ext_hdr
                0x000000000001cdf3                uip_udp_new
                0x000000000001d107                uip_process
                0x000000000001dbff                uip_htons
                0x000000000001dc21                uip_htonl
                0x000000000001dc5f                uip_send
 .text          0x000000000001dd25      0x369 build/cooja/mtype816.a(uip-ds6-nbr.o)
                0x000000000001dd25                uip_ds6_neighbors_init
                0x000000000001dd49                uip_ds6_nbr_add
                0x000000000001ddcf                uip_ds6_nbr_rm
                0x000000000001de1a                uip_ds6_nbr_update_ll
                0x000000000001df08                uip_ds6_nbr_get_ipaddr
                0x000000000001df1d                uip_ds6_nbr_get_ll
                0x000000000001df39                uip_ds6_nbr_num
                0x000000000001df82                uip_ds6_nbr_head
                0x000000000001df9b                uip_ds6_nbr_next
                0x000000000001dfb7                uip_ds6_nbr_lookup
                0x000000000001e00f                uip_ds6_nbr_ll_lookup
                0x000000000001e02b                uip_ds6_nbr_ipaddr_from_lladdr
                0x000000000001e054                uip_ds6_nbr_lladdr_from_ipaddr
                0x000000000001e088                uip_ds6_link_callback
 .text          0x000000000001e08e      0x6a7 build/cooja/mtype816.a(uip-nd6.o)
                0x000000000001e71c                uip_nd6_init
 .text          0x000000000001e735     0x2c17 build/cooja/mtype816.a(sicslowpan.o)
                0x000000000001ed3c                netstack_sniffer_add
                0x000000000001ed4a                netstack_sniffer_remove
                0x0000000000021320                sicslowpan_init
                0x0000000000021342                sicslowpan_get_last_rssi
 .text          0x000000000002134c      0x4d1 build/cooja/mtype816.a(uiplib.o)
                0x000000000002134c                uiplib_ip6addrconv
                0x0000000000021504                uiplib_ip4addrconv
                0x00000000000215c7                uiplib_ipaddr_print
                0x000000000002161a                uiplib_ipaddr_snprint
 .text          0x000000000002181d      0x4c9 build/cooja/mtype816.a(rpl.o)
                0x000000000002181d                rpl_lollipop_greater_than
                0x0000000000021877                rpl_get_global_address
                0x000000000002196f                rpl_link_callback
                0x00000000000219b3                rpl_has_joined
                0x00000000000219d8                rpl_is_reachable
                0x0000000000021a59                rpl_reset_prefix
                0x0000000000021ac3                rpl_set_prefix_from_addr
                0x0000000000021ba8                rpl_set_prefix
                0x0000000000021cc2                rpl_set_leaf_only
                0x0000000000021cda                rpl_get_leaf_only
 .text          0x0000000000021ce6     0x138c build/cooja/mtype816.a(rpl-icmp6.o)
                0x0000000000021e0b                rpl_icmp6_update_nbr_table
                0x0000000000021e94                rpl_icmp6_dis_output
                0x00000000000224da                rpl_icmp6_dio_output
                0x0000000000022cd8                rpl_icmp6_dao_output
                0x0000000000022fb9                rpl_icmp6_dao_ack_output
                0x0000000000023029                rpl_icmp6_init
 .text          0x0000000000023072      0x264 build/cooja/mtype816.a(rpl-dag-root.o)
                0x0000000000023072                rpl_dag_root_print_links
                0x000000000002319e                rpl_dag_root_set_prefix
                0x00000000000231ca                rpl_dag_root_start
                0x00000000000232a7                rpl_dag_root_is_root
 .text          0x00000000000232d6       0x30 build/cooja/mtype816.a(watchdog.o)
                0x00000000000232d6                watchdog_init
                0x00000000000232dc                watchdog_start
                0x00000000000232e2                watchdog_periodic
                0x00000000000232fa                watchdog_stop
                0x0000000000023300                watchdog_reboot
 .text          0x0000000000023306       0x4a build/cooja/mtype816.a(int-master.o)
                0x0000000000023306                int_master_enable
                0x0000000000023316                int_master_read_and_disable
                0x0000000000023333                int_master_status_set
                0x0000000000023341                int_master_is_enabled
 .text          0x0000000000023350      0x6ee build/cooja/mtype816.a(coap-observe-cl)
                0x00000000000233ee                coap_obs_add_observee
                0x000000000002348a                coap_obs_remove_observee
                0x00000000000234ba                coap_get_obs_subject_by_token
                0x0000000000023522                coap_obs_remove_observee_by_token
                0x00000000000235b5                coap_obs_remove_observee_by_url
                0x000000000002370d                coap_handle_notification
                0x0000000000023868                coap_generate_token
                0x000000000002388a                coap_obs_request_registration
 .text          0x0000000000023a3e      0x226 build/cooja/mtype816.a(coap-timer-defa)
 .text          0x0000000000023c64       0xc7 build/cooja/mtype816.a(stimer.o)
                0x0000000000023c64                stimer_set
                0x0000000000023c82                stimer_reset
                0x0000000000023caf                stimer_restart
                0x0000000000023cc4                stimer_expired
                0x0000000000023cef                stimer_remaining
                0x0000000000023d13                stimer_elapsed
 .text          0x0000000000023d2b      0x156 build/cooja/mtype816.a(ringbuf.o)
                0x0000000000023d2b                ringbuf_init
                0x0000000000023d5d                ringbuf_put
                0x0000000000023ddb                ringbuf_get
                0x0000000000023e48                ringbuf_size
                0x0000000000023e5a                ringbuf_elements
 .text          0x0000000000023e81       0x1f build/cooja/mtype816.a(assert.o)
                0x0000000000023e81                _xassert
 .text          0x0000000000023ea0      0x79b build/cooja/mtype816.a(nbr-table.o)
                0x0000000000024319                nbr_table_register
                0x0000000000024386                nbr_table_is_registered
                0x00000000000243c1                nbr_table_head
                0x000000000002441c                nbr_table_next
                0x000000000002447d                nbr_table_add_lladdr
                0x0000000000024557                nbr_table_get_from_lladdr
                0x00000000000245a3                nbr_table_remove
                0x00000000000245db                nbr_table_lock
                0x00000000000245f5                nbr_table_unlock
                0x000000000002460f                nbr_table_get_lladdr
 .text          0x000000000002463b      0x3a5 build/cooja/mtype816.a(link-stats.o)
                0x000000000002463b                link_stats_from_lladdr
                0x0000000000024657                link_stats_get_lladdr
                0x0000000000024673                link_stats_is_fresh
                0x00000000000246af                guess_etx_from_rssi
                0x000000000002472b                link_stats_packet_sent
                0x000000000002484b                link_stats_input_callback
                0x000000000002495b                link_stats_reset
                0x00000000000249ab                link_stats_init
 .text          0x00000000000249e0      0x187 build/cooja/mtype816.a(mac-sequence.o)
                0x00000000000249e0                mac_sequence_is_duplicate
                0x0000000000024a80                mac_sequence_register_seqno
 .text          0x0000000000024b67       0x23 build/cooja/mtype816.a(mac.o)
                0x0000000000024b67                mac_call_sent_callback
 .text          0x0000000000024b8a      0x432 build/cooja/mtype816.a(framer-802154.o)
                0x0000000000024d19                framer_802154_setup_params
 .text          0x0000000000024fbc      0xb6f build/cooja/mtype816.a(frame802154.o)
                0x0000000000024fed                frame802154_get_pan_id
                0x0000000000024ff9                frame802154_set_pan_id
                0x0000000000025013                frame802154_has_panid
                0x00000000000251c2                frame802154_check_dest_panid
                0x000000000002524a                frame802154_is_broadcast_addr
                0x0000000000025297                frame802154_extract_linkaddr
                0x00000000000254fc                frame802154_hdrlen
                0x000000000002556f                frame802154_create_fcf
                0x0000000000025627                frame802154_create
                0x000000000002579c                frame802154_parse_fcf
                0x000000000002587e                frame802154_parse
 .text          0x0000000000025b2b       0x2d build/cooja/mtype816.a(csma-security.o)
                0x0000000000025b2b                csma_security_create_frame
                0x0000000000025b49                csma_security_parse_frame
 .text          0x0000000000025b58      0x4e4 build/cooja/mtype816.a(uipbuf.o)
                0x0000000000025b58                uipbuf_clear
                0x0000000000025b7f                uipbuf_add_ext_hdr
                0x0000000000025bff                uipbuf_set_len
                0x0000000000025c2c                uipbuf_set_len_field
                0x0000000000025c58                uipbuf_get_len_field
                0x0000000000025c78                uipbuf_get_next_header
                0x0000000000025daa                uipbuf_get_last_header
                0x0000000000025e23                uipbuf_search_header
                0x0000000000025ed9                uipbuf_get_attr
                0x0000000000025f00                uipbuf_set_attr
                0x0000000000025f37                uipbuf_set_default_attr
                0x0000000000025f6e                uipbuf_clear_attr
                0x0000000000025f92                uipbuf_set_attr_flag
                0x0000000000025fb3                uipbuf_clr_attr_flag
                0x0000000000025fda                uipbuf_is_attr_flag
                0x0000000000025ffe                uipbuf_init
 .text          0x000000000002603c      0x73f build/cooja/mtype816.a(uip-icmp6.o)
                0x00000000000260b1                uip_icmp6_input
                0x0000000000026108                uip_icmp6_register_input_handler
                0x000000000002625b                uip_icmp6_error_output
                0x000000000002650c                uip_icmp6_send
                0x0000000000026703                uip_icmp6_echo_reply_callback_add
                0x0000000000026735                uip_icmp6_echo_reply_callback_rm
                0x0000000000026752                uip_icmp6_init
 .text          0x000000000002677b      0x69b build/cooja/mtype816.a(uip-sr.o)
                0x000000000002677b                uip_sr_num_nodes
                0x0000000000026809                uip_sr_get_node
                0x0000000000026860                uip_sr_is_addr_reachable
                0x000000000002690e                uip_sr_expire_parent
                0x0000000000026957                uip_sr_update_node
                0x0000000000026a87                uip_sr_init
                0x0000000000026abb                uip_sr_node_head
                0x0000000000026ad4                uip_sr_node_next
                0x0000000000026aea                uip_sr_periodic
                0x0000000000026bf0                uip_sr_free_all
                0x0000000000026c60                uip_sr_link_snprint
 .text          0x0000000000026e16      0x146 build/cooja/mtype816.a(uip-packetqueue)
                0x0000000000026e44                uip_packetqueue_new
                0x0000000000026e53                uip_packetqueue_alloc
                0x0000000000026eae                uip_packetqueue_free
                0x0000000000026ef5                uip_packetqueue_buf
                0x0000000000026f12                uip_packetqueue_buflen
                0x0000000000026f33                uip_packetqueue_set_buflen
 .text          0x0000000000026f5c      0x1b0 build/cooja/mtype816.a(rpl-nbr-policy.)
                0x00000000000270c9                rpl_nbr_policy_find_removable
 .text          0x000000000002710c      0x915 build/cooja/mtype816.a(rpl-neighbor.o)
                0x0000000000027188                rpl_neighbor_snprint
                0x000000000002743b                rpl_neighbor_print_list
                0x00000000000274f0                rpl_neighbor_count
                0x0000000000027597                rpl_neighbor_get_from_lladdr
                0x00000000000275b3                rpl_neighbor_is_acceptable_parent
                0x00000000000275e7                rpl_neighbor_get_link_metric
                0x000000000002761b                rpl_neighbor_rank_via_nbr
                0x000000000002764f                rpl_neighbor_get_lladdr
                0x000000000002766b                rpl_neighbor_get_ipaddr
                0x0000000000027692                rpl_neighbor_get_link_stats
                0x00000000000276b9                rpl_neighbor_is_fresh
                0x00000000000276e0                rpl_neighbor_is_reachable
                0x000000000002772b                rpl_neighbor_is_parent
                0x0000000000027755                rpl_neighbor_set_preferred_parent
                0x00000000000277ec                rpl_neighbor_remove_all
                0x0000000000027848                rpl_neighbor_get_from_ipaddr
                0x0000000000027956                rpl_neighbor_select_best
                0x0000000000027a02                rpl_neighbor_init
 .text          0x0000000000027a21      0xe69 build/cooja/mtype816.a(rpl-dag.o)
                0x0000000000027a21                rpl_dag_state_to_str
                0x0000000000027a60                rpl_dag_get_root_ipaddr
                0x0000000000027aa8                rpl_dag_leave
                0x0000000000027b31                rpl_dag_poison_and_leave
                0x0000000000027b49                rpl_dag_periodic
                0x0000000000027bd1                rpl_is_addr_in_our_dag
                0x0000000000027c15                rpl_get_default_instance
                0x0000000000027c31                rpl_get_any_dag
                0x0000000000027c8a                rpl_refresh_routes
                0x0000000000027cca                rpl_global_repair
                0x0000000000027d63                rpl_local_repair
                0x0000000000027dad                rpl_dag_ready_to_advertise
                0x0000000000027df0                rpl_dag_update_state
                0x000000000002851d                rpl_process_dio
                0x000000000002859b                rpl_process_dis
                0x00000000000285e0                rpl_process_dao
                0x000000000002866f                rpl_process_dao_ack
                0x0000000000028706                rpl_process_hbh
                0x0000000000028756                rpl_dag_init_root
                0x000000000002886a                rpl_dag_init
 .text          0x000000000002888a      0x9e7 build/cooja/mtype816.a(rpl-timers.o)
                0x000000000002888a                rpl_timers_schedule_periodic_dis
                0x00000000000289d8                rpl_timers_dio_reset
                0x0000000000028ae6                rpl_timers_schedule_unicast_dio
                0x0000000000028c3a                rpl_timers_schedule_dao
                0x0000000000028cf9                rpl_timers_schedule_dao_ack
                0x0000000000028d7f                rpl_timers_notify_dao_ack
                0x0000000000028ddd                get_probing_delay
                0x0000000000028e11                get_probing_target
                0x0000000000028ffb                rpl_schedule_probing
                0x0000000000029029                rpl_schedule_probing_now
                0x0000000000029093                rpl_timers_unschedule_leaving
                0x00000000000290cb                rpl_timers_schedule_leaving
                0x000000000002910c                rpl_timers_init
                0x000000000002919c                rpl_timers_stop_dag_timers
                0x0000000000029215                rpl_timers_unschedule_state_update
                0x0000000000029239                rpl_timers_schedule_state_update
 .text          0x0000000000029271      0xb8e build/cooja/mtype816.a(rpl-ext-header.)
                0x0000000000029271                rpl_ext_header_srh_get_next_hop
                0x0000000000029358                rpl_ext_header_srh_update
                0x00000000000298c4                rpl_ext_header_hbh_update
                0x0000000000029bc4                rpl_ext_header_update
                0x0000000000029c4d                rpl_ext_header_remove
 .text          0x0000000000029dff      0x31b build/cooja/mtype816.a(rpl-mrhof.o)
 *fill*         0x000000000002a11a        0x6 
 .text          0x000000000002a120      0x122 /usr/lib/gcc/i686-linux-gnu/5/libgcc.a(_udivdi3.o)
                0x000000000002a120                __udivdi3
 .text          0x000000000002a242        0x0 /usr/lib/gcc/i686-linux-gnu/5/crtendS.o
 .text          0x000000000002a242        0x0 /usr/lib/gcc/i686-linux-gnu/5/../../../i386-linux-gnu/crtn.o
 *(.gnu.warning)

.fini           0x000000000002a244       0x14
 *(SORT(.fini))
 .fini          0x000000000002a244        0xf /usr/lib/gcc/i686-linux-gnu/5/../../../i386-linux-gnu/crti.o
                0x000000000002a244                _fini
 .fini          0x000000000002a253        0x5 /usr/lib/gcc/i686-linux-gnu/5/../../../i386-linux-gnu/crtn.o
                [!provide]                        PROVIDE (__etext, .)
                [!provide]                        PROVIDE (_etext, .)
                [!provide]                        PROVIDE (etext, .)

.rodata         0x000000000002a260      0xaab
 *(.rodata .rodata.* .gnu.linkonce.r.*)
 .rodata        0x000000000002a260       0xd9 oxygen_sensor.o
                0x000000000002a2b0                autostart_processes
 *fill*         0x000000000002a339        0x3 
 .rodata        0x000000000002a33c        0x8 build/cooja/mtype816.a(beep.o)
                0x000000000002a33c                beep_interface
 .rodata        0x000000000002a344        0xe build/cooja/mtype816.a(leds-arch.o)
                0x000000000002a344                leds_interface
                0x000000000002a34c                leds_arch_leds
 *fill*         0x000000000002a352        0x2 
 .rodata        0x000000000002a354        0x8 build/cooja/mtype816.a(moteid.o)
                0x000000000002a354                moteid_interface
 .rodata        0x000000000002a35c       0x1c build/cooja/mtype816.a(pir-sensor.o)
                0x000000000002a35c                pir_interface
                0x000000000002a368                pir_sensor
 .rodata        0x000000000002a378        0xe build/cooja/mtype816.a(rs232.o)
                0x000000000002a378                rs232_interface
 *fill*         0x000000000002a386        0x2 
 .rodata        0x000000000002a388       0x24 build/cooja/mtype816.a(vib-sensor.o)
                0x000000000002a388                vib_interface
                0x000000000002a39c                vib_sensor
 .rodata        0x000000000002a3ac        0x8 build/cooja/mtype816.a(clock.o)
                0x000000000002a3ac                clock_interface
 .rodata        0x000000000002a3b4        0x8 build/cooja/mtype816.a(cooja-log.o)
                0x000000000002a3b4                simlog_interface
 .rodata        0x000000000002a3bc       0x2f build/cooja/mtype816.a(cfs-cooja.o)
                0x000000000002a3bc                cfs_interface
 *fill*         0x000000000002a3eb       0x15 
 .rodata        0x000000000002a400       0xb8 build/cooja/mtype816.a(cooja-radio.o)
                0x000000000002a400                radio_interface
                0x000000000002a480                cooja_radio_driver
 .rodata        0x000000000002a4b8        0x8 build/cooja/mtype816.a(eeprom.o)
                0x000000000002a4b8                eeprom_interface
 .rodata        0x000000000002a4c0        0x8 build/cooja/mtype816.a(sensors.o)
 .rodata        0x000000000002a4c8       0x2c build/cooja/mtype816.a(buttons.o)
                0x000000000002a4c8                button_interface
                0x000000000002a4dc                button_hal_button_count
                0x000000000002a4e4                button_sensor
 .rodata        0x000000000002a4f4       0x69 build/cooja/mtype816.a(oxygen_measurin)
 .rodata        0x000000000002a55d       0x41 build/cooja/mtype816.a(coap-engine.o)
 .rodata        0x000000000002a59e       0x19 build/cooja/mtype816.a(coap-res-well-k)
 .rodata        0x000000000002a5b7       0x11 build/cooja/mtype816.a(coap-observe.o)
 .rodata        0x000000000002a5c8       0x35 build/cooja/mtype816.a(coap-uip.o)
 *fill*         0x000000000002a5fd        0x3 
 .rodata        0x000000000002a600      0x1ac build/cooja/mtype816.a(coap.o)
 .rodata        0x000000000002a7ac       0xf4 build/cooja/mtype816.a(contiki-main.o)
 .rodata        0x000000000002a8a0        0xf build/cooja/mtype816.a(ctimer.o)
 *fill*         0x000000000002a8af        0x1 
 .rodata        0x000000000002a8b0       0xc4 build/cooja/mtype816.a(log.o)
 .rodata        0x000000000002a974        0xc build/cooja/mtype816.a(etimer.o)
 .rodata        0x000000000002a980       0x13 build/cooja/mtype816.a(button-hal.o)
 .rodata        0x000000000002a993        0xe build/cooja/mtype816.a(serial-line.o)
 *fill*         0x000000000002a9a1        0x3 
 .rodata        0x000000000002a9a4        0x8 build/cooja/mtype816.a(linkaddr.o)
                0x000000000002a9a4                linkaddr_null
 .rodata        0x000000000002a9ac       0x24 build/cooja/mtype816.a(csma.o)
                0x000000000002a9b4                csma_driver
 .rodata        0x000000000002a9d0       0x24 build/cooja/mtype816.a(csma-output.o)
 .rodata        0x000000000002a9f4       0x4d build/cooja/mtype816.a(uip-ds6-route.o)
 .rodata        0x000000000002aa41        0xd build/cooja/mtype816.a(tcpip.o)
 *fill*         0x000000000002aa4e        0x2 
 .rodata        0x000000000002aa50       0x30 build/cooja/mtype816.a(sicslowpan.o)
                0x000000000002aa50                unc_llconf
                0x000000000002aa54                unc_ctxconf
                0x000000000002aa58                unc_mxconf
                0x000000000002aa5c                llprefix
                0x000000000002aa70                sicslowpan_driver
 .rodata        0x000000000002aa80       0x2d build/cooja/mtype816.a(uiplib.o)
 *fill*         0x000000000002aaad       0x13 
 .rodata        0x000000000002aac0       0x74 build/cooja/mtype816.a(rpl.o)
                0x000000000002aae0                rpl_lite_driver
 .rodata        0x000000000002ab34       0x20 build/cooja/mtype816.a(coap-timer-defa)
                0x000000000002ab48                coap_timer_default_driver
 .rodata        0x000000000002ab54       0x25 build/cooja/mtype816.a(assert.o)
 *fill*         0x000000000002ab79        0x3 
 .rodata        0x000000000002ab7c        0xc build/cooja/mtype816.a(framer-802154.o)
                0x000000000002ab7c                framer_802154
 .rodata        0x000000000002ab88       0x44 build/cooja/mtype816.a(uip-sr.o)
 .rodata        0x000000000002abcc       0x58 build/cooja/mtype816.a(rpl-neighbor.o)
 .rodata        0x000000000002ac24       0xdb build/cooja/mtype816.a(rpl-dag.o)
 .rodata        0x000000000002acff        0xc build/cooja/mtype816.a(rpl-timers.o)

.rodata1
 *(.rodata1)

.eh_frame_hdr   0x000000000002ad0c     0x1a4c
 *(.eh_frame_hdr)
 .eh_frame_hdr  0x000000000002ad0c     0x1a4c oxygen_sensor.o
                0x000000000002ad0c                __GNU_EH_FRAME_HDR
 *(.eh_frame_entry .eh_frame_entry.*)

.eh_frame       0x000000000002c758     0x6aac
 *(.eh_frame)
 .eh_frame      0x000000000002c758       0x3c /usr/lib/gcc/i686-linux-gnu/5/../../../i386-linux-gnu/crti.o
                                         0x40 (size before relaxing)
 .eh_frame      0x000000000002c794       0x40 oxygen_sensor.o
                                         0x58 (size before relaxing)
 .eh_frame      0x000000000002c7d4      0x178 build/cooja/mtype816.o
                                        0x190 (size before relaxing)
 .eh_frame      0x000000000002c94c       0x40 build/cooja/mtype816.a(simEnvChange.o)
                                         0x58 (size before relaxing)
 .eh_frame      0x000000000002c98c       0x60 build/cooja/mtype816.a(cooja_mt.o)
                                         0x78 (size before relaxing)
 .eh_frame      0x000000000002c9ec       0x80 build/cooja/mtype816.a(cooja_mtarch.o)
                                         0x98 (size before relaxing)
 .eh_frame      0x000000000002ca6c       0xc8 build/cooja/mtype816.a(rtimer-arch.o)
                                         0xe0 (size before relaxing)
 .eh_frame      0x000000000002cb34      0x160 build/cooja/mtype816.a(beep.o)
                                        0x178 (size before relaxing)
 .eh_frame      0x000000000002cc94       0x80 build/cooja/mtype816.a(leds-arch.o)
                                         0x98 (size before relaxing)
 .eh_frame      0x000000000002cd14       0x40 build/cooja/mtype816.a(moteid.o)
                                         0x58 (size before relaxing)
 .eh_frame      0x000000000002cd54       0xa0 build/cooja/mtype816.a(pir-sensor.o)
                                         0xb8 (size before relaxing)
 .eh_frame      0x000000000002cdf4      0x100 build/cooja/mtype816.a(rs232.o)
                                        0x118 (size before relaxing)
 .eh_frame      0x000000000002cef4       0xa0 build/cooja/mtype816.a(vib-sensor.o)
                                         0xb8 (size before relaxing)
 .eh_frame      0x000000000002cf94       0xc0 build/cooja/mtype816.a(clock.o)
                                         0xd8 (size before relaxing)
 .eh_frame      0x000000000002d054      0x120 build/cooja/mtype816.a(cooja-log.o)
                                        0x138 (size before relaxing)
 .eh_frame      0x000000000002d174      0x160 build/cooja/mtype816.a(cfs-cooja.o)
                                        0x178 (size before relaxing)
 .eh_frame      0x000000000002d2d4      0x340 build/cooja/mtype816.a(cooja-radio.o)
                                        0x358 (size before relaxing)
 .eh_frame      0x000000000002d614       0xa0 build/cooja/mtype816.a(eeprom.o)
                                         0xb8 (size before relaxing)
 .eh_frame      0x000000000002d6b4       0x40 build/cooja/mtype816.a(random.o)
                                         0x58 (size before relaxing)
 .eh_frame      0x000000000002d6f4       0xc0 build/cooja/mtype816.a(sensors.o)
                                         0xd8 (size before relaxing)
 .eh_frame      0x000000000002d7b4      0x120 build/cooja/mtype816.a(leds.o)
                                        0x138 (size before relaxing)
 .eh_frame      0x000000000002d8d4      0x220 build/cooja/mtype816.a(gpio-hal-arch.o)
                                        0x238 (size before relaxing)
 .eh_frame      0x000000000002daf4       0xa0 build/cooja/mtype816.a(buttons.o)
                                         0xb8 (size before relaxing)
 .eh_frame      0x000000000002db94       0x60 build/cooja/mtype816.a(oxygen_measurin)
                                         0x78 (size before relaxing)
 .eh_frame      0x000000000002dbf4       0x44 build/cooja/mtype816.a(coap-blocking-a)
                                         0x5c (size before relaxing)
 .eh_frame      0x000000000002dc38      0x220 build/cooja/mtype816.a(coap-engine.o)
                                        0x238 (size before relaxing)
 .eh_frame      0x000000000002de58       0x24 build/cooja/mtype816.a(coap-res-well-k)
                                         0x3c (size before relaxing)
 .eh_frame      0x000000000002de7c      0x188 build/cooja/mtype816.a(coap-observe.o)
                                        0x1a0 (size before relaxing)
 .eh_frame      0x000000000002e004      0x250 build/cooja/mtype816.a(coap-uip.o)
                                        0x268 (size before relaxing)
 .eh_frame      0x000000000002e254      0x114 build/cooja/mtype816.a(coap-timer.o)
                                        0x12c (size before relaxing)
 .eh_frame      0x000000000002e368      0x100 build/cooja/mtype816.a(coap-transactio)
                                        0x118 (size before relaxing)
 .eh_frame      0x000000000002e468      0x6ec build/cooja/mtype816.a(coap.o)
                                        0x704 (size before relaxing)
 .eh_frame      0x000000000002eb54       0x30 build/cooja/mtype816.a(contiki-main.o)
                                         0x48 (size before relaxing)
 .eh_frame      0x000000000002eb84       0x40 build/cooja/mtype816.a(autostart.o)
                                         0x58 (size before relaxing)
 .eh_frame      0x000000000002ebc4      0x100 build/cooja/mtype816.a(ctimer.o)
                                        0x118 (size before relaxing)
 .eh_frame      0x000000000002ecc4      0x100 build/cooja/mtype816.a(log.o)
                                        0x118 (size before relaxing)
 .eh_frame      0x000000000002edc4       0x60 build/cooja/mtype816.a(energest.o)
                                         0x78 (size before relaxing)
 .eh_frame      0x000000000002ee24      0x1e0 build/cooja/mtype816.a(etimer.o)
                                        0x1f8 (size before relaxing)
 .eh_frame      0x000000000002f004       0x20 build/cooja/mtype816.a(node-id.o)
                                         0x38 (size before relaxing)
 .eh_frame      0x000000000002f024       0x60 build/cooja/mtype816.a(rtimer.o)
                                         0x78 (size before relaxing)
 .eh_frame      0x000000000002f084      0x1c4 build/cooja/mtype816.a(process.o)
                                        0x1dc (size before relaxing)
 .eh_frame      0x000000000002f248       0xa4 build/cooja/mtype816.a(timer.o)
                                         0xbc (size before relaxing)
 .eh_frame      0x000000000002f2ec      0x1a0 build/cooja/mtype816.a(list.o)
                                        0x1b8 (size before relaxing)
 .eh_frame      0x000000000002f48c       0xa0 build/cooja/mtype816.a(memb.o)
                                         0xb8 (size before relaxing)
 .eh_frame      0x000000000002f52c      0x144 build/cooja/mtype816.a(button-hal.o)
                                        0x15c (size before relaxing)
 .eh_frame      0x000000000002f670       0x60 build/cooja/mtype816.a(serial-line.o)
                                         0x78 (size before relaxing)
 .eh_frame      0x000000000002f6d0       0xe0 build/cooja/mtype816.a(gpio-hal.o)
                                         0xf8 (size before relaxing)
 .eh_frame      0x000000000002f7b0      0x1a0 build/cooja/mtype816.a(queuebuf.o)
                                        0x1b8 (size before relaxing)
 .eh_frame      0x000000000002f950      0x28c build/cooja/mtype816.a(packetbuf.o)
                                        0x2a4 (size before relaxing)
 .eh_frame      0x000000000002fbdc       0x80 build/cooja/mtype816.a(netstack.o)
                                         0x98 (size before relaxing)
 .eh_frame      0x000000000002fc5c       0x60 build/cooja/mtype816.a(linkaddr.o)
                                         0x78 (size before relaxing)
 .eh_frame      0x000000000002fcbc       0xe0 build/cooja/mtype816.a(csma.o)
                                         0xf8 (size before relaxing)
 .eh_frame      0x000000000002fd9c      0x1d0 build/cooja/mtype816.a(csma-output.o)
                                        0x1e8 (size before relaxing)
 .eh_frame      0x000000000002ff6c      0x328 build/cooja/mtype816.a(uip-ds6.o)
                                        0x340 (size before relaxing)
 .eh_frame      0x0000000000030294       0x40 build/cooja/mtype816.a(uip-udp-packet.)
                                         0x58 (size before relaxing)
 .eh_frame      0x00000000000302d4      0x220 build/cooja/mtype816.a(uip-ds6-route.o)
                                        0x238 (size before relaxing)
 .eh_frame      0x00000000000304f4      0x244 build/cooja/mtype816.a(tcpip.o)
                                        0x25c (size before relaxing)
 .eh_frame      0x0000000000030738      0x1e8 build/cooja/mtype816.a(uip6.o)
                                        0x200 (size before relaxing)
 .eh_frame      0x0000000000030920      0x1c0 build/cooja/mtype816.a(uip-ds6-nbr.o)
                                        0x1d8 (size before relaxing)
 .eh_frame      0x0000000000030ae0       0x84 build/cooja/mtype816.a(uip-nd6.o)
                                         0x9c (size before relaxing)
 .eh_frame      0x0000000000030b64      0x2f8 build/cooja/mtype816.a(sicslowpan.o)
                                        0x310 (size before relaxing)
 .eh_frame      0x0000000000030e5c       0x88 build/cooja/mtype816.a(uiplib.o)
                                         0xa0 (size before relaxing)
 .eh_frame      0x0000000000030ee4      0x1e0 build/cooja/mtype816.a(rpl.o)
                                        0x1f8 (size before relaxing)
 .eh_frame      0x00000000000310c4      0x1c4 build/cooja/mtype816.a(rpl-icmp6.o)
                                        0x1dc (size before relaxing)
 .eh_frame      0x0000000000031288       0xa0 build/cooja/mtype816.a(rpl-dag-root.o)
                                         0xb8 (size before relaxing)
 .eh_frame      0x0000000000031328       0xa0 build/cooja/mtype816.a(watchdog.o)
                                         0xb8 (size before relaxing)
 .eh_frame      0x00000000000313c8       0x80 build/cooja/mtype816.a(int-master.o)
                                         0x98 (size before relaxing)
 .eh_frame      0x0000000000031448      0x1c4 build/cooja/mtype816.a(coap-observe-cl)
                                        0x1dc (size before relaxing)
 .eh_frame      0x000000000003160c       0xa4 build/cooja/mtype816.a(coap-timer-defa)
                                         0xbc (size before relaxing)
 .eh_frame      0x00000000000316b0       0xc4 build/cooja/mtype816.a(stimer.o)
                                         0xdc (size before relaxing)
 .eh_frame      0x0000000000031774       0xa0 build/cooja/mtype816.a(ringbuf.o)
                                         0xb8 (size before relaxing)
 .eh_frame      0x0000000000031814       0x20 build/cooja/mtype816.a(assert.o)
                                         0x38 (size before relaxing)
 .eh_frame      0x0000000000031834      0x2ac build/cooja/mtype816.a(nbr-table.o)
                                        0x2c4 (size before relaxing)
 .eh_frame      0x0000000000031ae0      0x120 build/cooja/mtype816.a(link-stats.o)
                                        0x138 (size before relaxing)
 .eh_frame      0x0000000000031c00       0x48 build/cooja/mtype816.a(mac-sequence.o)
                                         0x60 (size before relaxing)
 .eh_frame      0x0000000000031c48       0x20 build/cooja/mtype816.a(mac.o)
                                         0x38 (size before relaxing)
 .eh_frame      0x0000000000031c68       0xa4 build/cooja/mtype816.a(framer-802154.o)
                                         0xbc (size before relaxing)
 .eh_frame      0x0000000000031d0c      0x1a4 build/cooja/mtype816.a(frame802154.o)
                                        0x1bc (size before relaxing)
 .eh_frame      0x0000000000031eb0       0x40 build/cooja/mtype816.a(csma-security.o)
                                         0x58 (size before relaxing)
 .eh_frame      0x0000000000031ef0      0x200 build/cooja/mtype816.a(uipbuf.o)
                                        0x218 (size before relaxing)
 .eh_frame      0x00000000000320f0      0x150 build/cooja/mtype816.a(uip-icmp6.o)
                                        0x168 (size before relaxing)
 .eh_frame      0x0000000000032240      0x184 build/cooja/mtype816.a(uip-sr.o)
                                        0x19c (size before relaxing)
 .eh_frame      0x00000000000323c4       0xe0 build/cooja/mtype816.a(uip-packetqueue)
                                         0xf8 (size before relaxing)
 .eh_frame      0x00000000000324a4       0x80 build/cooja/mtype816.a(rpl-nbr-policy.)
                                         0x98 (size before relaxing)
 .eh_frame      0x0000000000032524      0x2d4 build/cooja/mtype816.a(rpl-neighbor.o)
                                        0x2ec (size before relaxing)
 .eh_frame      0x00000000000327f8      0x370 build/cooja/mtype816.a(rpl-dag.o)
                                        0x388 (size before relaxing)
 .eh_frame      0x0000000000032b68      0x3a8 build/cooja/mtype816.a(rpl-timers.o)
                                        0x3c0 (size before relaxing)
 .eh_frame      0x0000000000032f10      0x124 build/cooja/mtype816.a(rpl-ext-header.)
                                        0x13c (size before relaxing)
 .eh_frame      0x0000000000033034      0x148 build/cooja/mtype816.a(rpl-mrhof.o)
                                        0x160 (size before relaxing)
 .eh_frame      0x000000000003317c       0x84 /usr/lib/gcc/i686-linux-gnu/5/libgcc.a(_udivdi3.o)
                                         0x9c (size before relaxing)
 .eh_frame      0x0000000000033200        0x4 /usr/lib/gcc/i686-linux-gnu/5/crtendS.o
 *(.eh_frame.*)

.gcc_except_table
 *(.gcc_except_table .gcc_except_table.*)

.gnu_extab
 *(.gnu_extab*)

.exception_ranges
 *(.exception_ranges .exception_ranges*)
                0x0000000000034f10                . = DATA_SEGMENT_ALIGN (0x1000, 0x1000)

.eh_frame
 *(.eh_frame)
 *(.eh_frame.*)

.gnu_extab
 *(.gnu_extab)

.gcc_except_table
 *(.gcc_except_table .gcc_except_table.*)

.exception_ranges
 *(.exception_ranges .exception_ranges*)

.tdata
 *(.tdata .tdata.* .gnu.linkonce.td.*)

.tbss
 *(.tbss .tbss.* .gnu.linkonce.tb.*)
 *(.tcommon)

.preinit_array
 *(.preinit_array)

.init_array     0x0000000000034f10        0x4
 *(SORT(.init_array.*) SORT(.ctors.*))
 *(.init_array EXCLUDE_FILE(*crtend?.o *crtend.o *crtbegin?.o *crtbegin.o) .ctors)
 .init_array    0x0000000000034f10        0x4 /usr/lib/gcc/i686-linux-gnu/5/crtbeginS.o

.fini_array     0x0000000000034f14        0x4
 *(SORT(.fini_array.*) SORT(.dtors.*))
 *(.fini_array EXCLUDE_FILE(*crtend?.o *crtend.o *crtbegin?.o *crtbegin.o) .dtors)
 .fini_array    0x0000000000034f14        0x4 /usr/lib/gcc/i686-linux-gnu/5/crtbeginS.o

.ctors
 *crtbegin.o(.ctors)
 *crtbegin?.o(.ctors)
 *(EXCLUDE_FILE(*crtend?.o *crtend.o) .ctors)
 *(SORT(.ctors.*))
 *(.ctors)

.dtors
 *crtbegin.o(.dtors)
 *crtbegin?.o(.dtors)
 *(EXCLUDE_FILE(*crtend?.o *crtend.o) .dtors)
 *(SORT(.dtors.*))
 *(.dtors)

.jcr            0x0000000000034f18        0x4
 *(.jcr)
 .jcr           0x0000000000034f18        0x0 /usr/lib/gcc/i686-linux-gnu/5/crtbeginS.o
 .jcr           0x0000000000034f18        0x4 /usr/lib/gcc/i686-linux-gnu/5/crtendS.o

.data.rel.ro
 *(.data.rel.ro.local* .gnu.linkonce.d.rel.ro.local.*)
 *(.data.rel.ro .data.rel.ro.* .gnu.linkonce.d.rel.ro.*)

.dynamic        0x0000000000034f1c       0xd0
 *(.dynamic)
 .dynamic       0x0000000000034f1c       0xd0 /usr/lib/gcc/i686-linux-gnu/5/../../../i386-linux-gnu/crti.o
                0x0000000000034f1c                _DYNAMIC

.got            0x0000000000034fec       0x14
 *(.got)
 .got           0x0000000000034fec       0x14 /usr/lib/gcc/i686-linux-gnu/5/../../../i386-linux-gnu/crti.o
 *(.igot)
                0x0000000000035ff4                . = DATA_SEGMENT_RELRO_END (., (SIZEOF (.got.plt) >= 0xc)?0xc:0x0)

.got.plt        0x0000000000035000        0xc
 *(.got.plt)
 .got.plt       0x0000000000035000        0xc /usr/lib/gcc/i686-linux-gnu/5/../../../i386-linux-gnu/crti.o
                0x0000000000035000                _GLOBAL_OFFSET_TABLE_
 *(.igot.plt)

.data           0x0000000000035020      0x464
 *(.data .data.* .gnu.linkonce.d.*)
 .data          0x0000000000035020        0x0 /usr/lib/gcc/i686-linux-gnu/5/../../../i386-linux-gnu/crti.o
 .data          0x0000000000035020        0x0 /usr/lib/gcc/i686-linux-gnu/5/crtbeginS.o
 .data.rel.local
                0x0000000000035020        0x4 /usr/lib/gcc/i686-linux-gnu/5/crtbeginS.o
                0x0000000000035020                __dso_handle
 .data          0x0000000000035024       0x10 oxygen_sensor.o
                0x0000000000035024                oxygen_sensor
 *fill*         0x0000000000035034        0xc 
 .data          0x0000000000035040       0x44 build/cooja/mtype816.o
                0x0000000000035040                simInterfaces
                0x0000000000035074                sensors
 .data          0x0000000000035084        0x0 build/cooja/mtype816.a(simEnvChange.o)
 .data          0x0000000000035084        0x0 build/cooja/mtype816.a(cooja_mt.o)
 .data          0x0000000000035084        0x0 build/cooja/mtype816.a(cooja_mtarch.o)
 .data          0x0000000000035084        0x0 build/cooja/mtype816.a(rtimer-arch.o)
 .data          0x0000000000035084        0x0 build/cooja/mtype816.a(beep.o)
 .data          0x0000000000035084        0x0 build/cooja/mtype816.a(leds-arch.o)
 .data          0x0000000000035084        0x0 build/cooja/mtype816.a(moteid.o)
 .data          0x0000000000035084        0x0 build/cooja/mtype816.a(pir-sensor.o)
 .data          0x0000000000035084        0x0 build/cooja/mtype816.a(rs232.o)
 .data          0x0000000000035084        0x0 build/cooja/mtype816.a(vib-sensor.o)
 .data          0x0000000000035084        0x0 build/cooja/mtype816.a(clock.o)
 .data          0x0000000000035084        0x0 build/cooja/mtype816.a(cooja-log.o)
 .data          0x0000000000035084        0x0 build/cooja/mtype816.a(cfs-cooja.o)
 .data          0x0000000000035084       0x2c build/cooja/mtype816.a(cooja-radio.o)
                0x0000000000035084                simRadioHWOn
                0x0000000000035088                simSignalStrength
                0x000000000003508c                simLastSignalStrength
                0x0000000000035090                simPower
                0x0000000000035094                simRadioChannel
                0x0000000000035098                simLQI
                0x00000000000350a0                cooja_radio_process
 .data          0x00000000000350b0        0x0 build/cooja/mtype816.a(eeprom.o)
 .data          0x00000000000350b0        0x0 build/cooja/mtype816.a(random.o)
 .data          0x00000000000350b0       0x10 build/cooja/mtype816.a(sensors.o)
                0x00000000000350b0                sensors_process
 .data          0x00000000000350c0        0x0 build/cooja/mtype816.a(leds.o)
 .data          0x00000000000350c0        0x0 build/cooja/mtype816.a(gpio-hal-arch.o)
 .data          0x00000000000350c0       0x78 build/cooja/mtype816.a(buttons.o)
                0x00000000000350c0                simButtonIsActive
                0x0000000000035130                button_hal_buttons
 *fill*         0x0000000000035138        0x8 
 .data          0x0000000000035140       0x44 build/cooja/mtype816.a(oxygen_measurin)
                0x0000000000035140                oxygen_level
                0x0000000000035160                oxygen_measuring_device
 .data          0x0000000000035184        0x0 build/cooja/mtype816.a(coap-blocking-a)
 .data          0x0000000000035184        0x8 build/cooja/mtype816.a(coap-engine.o)
 *fill*         0x000000000003518c       0x14 
 .data          0x00000000000351a0       0x24 build/cooja/mtype816.a(coap-res-well-k)
                0x00000000000351a0                res_well_known_core
 .data          0x00000000000351c4       0x10 build/cooja/mtype816.a(coap-observe.o)
 .data          0x00000000000351d4       0x10 build/cooja/mtype816.a(coap-uip.o)
                0x00000000000351d4                coap_engine
 .data          0x00000000000351e4        0x4 build/cooja/mtype816.a(coap-timer.o)
 .data          0x00000000000351e8       0x10 build/cooja/mtype816.a(coap-transactio)
 .data          0x00000000000351f8        0x4 build/cooja/mtype816.a(coap.o)
                0x00000000000351f8                coap_error_message
 .data          0x00000000000351fc        0x0 build/cooja/mtype816.a(contiki-main.o)
 .data          0x00000000000351fc        0x0 build/cooja/mtype816.a(autostart.o)
 .data          0x00000000000351fc       0x14 build/cooja/mtype816.a(ctimer.o)
                0x0000000000035200                ctimer_process
 *fill*         0x0000000000035210       0x10 
 .data          0x0000000000035220       0xbc build/cooja/mtype816.a(log.o)
                0x0000000000035220                curr_log_level_main
                0x0000000000035240                all_modules
 .data          0x00000000000352dc        0x0 build/cooja/mtype816.a(energest.o)
 .data          0x00000000000352dc       0x10 build/cooja/mtype816.a(etimer.o)
                0x00000000000352dc                etimer_process
 .data          0x00000000000352ec        0x0 build/cooja/mtype816.a(node-id.o)
 .data          0x00000000000352ec        0x0 build/cooja/mtype816.a(rtimer.o)
 .data          0x00000000000352ec        0x0 build/cooja/mtype816.a(process.o)
 .data          0x00000000000352ec        0x0 build/cooja/mtype816.a(timer.o)
 .data          0x00000000000352ec        0x0 build/cooja/mtype816.a(list.o)
 .data          0x00000000000352ec        0x0 build/cooja/mtype816.a(memb.o)
 .data          0x00000000000352ec       0x10 build/cooja/mtype816.a(button-hal.o)
                0x00000000000352ec                button_hal_process
 .data          0x00000000000352fc       0x10 build/cooja/mtype816.a(serial-line.o)
                0x00000000000352fc                serial_line_process
 .data          0x000000000003530c        0x4 build/cooja/mtype816.a(gpio-hal.o)
 .data          0x0000000000035310       0x18 build/cooja/mtype816.a(queuebuf.o)
 .data          0x0000000000035328        0x4 build/cooja/mtype816.a(packetbuf.o)
 .data          0x000000000003532c        0x4 build/cooja/mtype816.a(netstack.o)
 .data          0x0000000000035330        0x0 build/cooja/mtype816.a(linkaddr.o)
 .data          0x0000000000035330        0x0 build/cooja/mtype816.a(csma.o)
 .data          0x0000000000035330       0x28 build/cooja/mtype816.a(csma-output.o)
 .data          0x0000000000035358        0x0 build/cooja/mtype816.a(uip-ds6.o)
 .data          0x0000000000035358        0x0 build/cooja/mtype816.a(uip-udp-packet.)
 .data          0x0000000000035358       0x10 build/cooja/mtype816.a(uip-ds6-route.o)
 .data          0x0000000000035368       0x10 build/cooja/mtype816.a(tcpip.o)
                0x0000000000035368                tcpip_process
 .data          0x0000000000035378        0x0 build/cooja/mtype816.a(uip6.o)
 .data          0x0000000000035378       0x14 build/cooja/mtype816.a(uip-ds6-nbr.o)
 .data          0x000000000003538c        0xc build/cooja/mtype816.a(uip-nd6.o)
 .data          0x0000000000035398        0x0 build/cooja/mtype816.a(sicslowpan.o)
 .data          0x0000000000035398        0x0 build/cooja/mtype816.a(uiplib.o)
 .data          0x0000000000035398        0x0 build/cooja/mtype816.a(rpl.o)
 .data          0x0000000000035398       0x30 build/cooja/mtype816.a(rpl-icmp6.o)
 .data          0x00000000000353c8        0x0 build/cooja/mtype816.a(rpl-dag-root.o)
 .data          0x00000000000353c8        0x0 build/cooja/mtype816.a(watchdog.o)
 .data          0x00000000000353c8        0x0 build/cooja/mtype816.a(int-master.o)
 .data          0x00000000000353c8       0x10 build/cooja/mtype816.a(coap-observe-cl)
 .data          0x00000000000353d8       0x10 build/cooja/mtype816.a(coap-timer-defa)
                0x00000000000353d8                coap_timer_process
 .data          0x00000000000353e8        0x0 build/cooja/mtype816.a(stimer.o)
 .data          0x00000000000353e8        0x0 build/cooja/mtype816.a(ringbuf.o)
 .data          0x00000000000353e8        0x0 build/cooja/mtype816.a(assert.o)
 .data          0x00000000000353e8       0x10 build/cooja/mtype816.a(nbr-table.o)
 .data          0x00000000000353f8       0x14 build/cooja/mtype816.a(link-stats.o)
 .data          0x000000000003540c        0x0 build/cooja/mtype816.a(mac-sequence.o)
 .data          0x000000000003540c        0x0 build/cooja/mtype816.a(mac.o)
 .data          0x000000000003540c        0x0 build/cooja/mtype816.a(framer-802154.o)
 .data          0x000000000003540c        0x2 build/cooja/mtype816.a(frame802154.o)
 .data          0x000000000003540e        0x0 build/cooja/mtype816.a(csma-security.o)
 .data          0x000000000003540e        0x0 build/cooja/mtype816.a(uipbuf.o)
 *fill*         0x000000000003540e        0x2 
 .data          0x0000000000035410       0x20 build/cooja/mtype816.a(uip-icmp6.o)
 .data          0x0000000000035430       0x10 build/cooja/mtype816.a(uip-sr.o)
 .data          0x0000000000035440        0xc build/cooja/mtype816.a(uip-packetqueue)
 .data          0x000000000003544c        0x0 build/cooja/mtype816.a(rpl-nbr-policy.)
 .data          0x000000000003544c       0x14 build/cooja/mtype816.a(rpl-neighbor.o)
                0x000000000003545c                rpl_neighbors
 .data          0x0000000000035460        0x0 build/cooja/mtype816.a(rpl-dag.o)
 .data          0x0000000000035460        0x0 build/cooja/mtype816.a(rpl-timers.o)
 .data          0x0000000000035460        0x0 build/cooja/mtype816.a(rpl-ext-header.)
 .data          0x0000000000035460       0x24 build/cooja/mtype816.a(rpl-mrhof.o)
                0x0000000000035460                rpl_mrhof
 .data          0x0000000000035484        0x0 /usr/lib/gcc/i686-linux-gnu/5/libgcc.a(_udivdi3.o)
 .data          0x0000000000035484        0x0 /usr/lib/gcc/i686-linux-gnu/5/crtendS.o
 .data          0x0000000000035484        0x0 /usr/lib/gcc/i686-linux-gnu/5/../../../i386-linux-gnu/crtn.o

.tm_clone_table
                0x0000000000035484        0x0
 .tm_clone_table
                0x0000000000035484        0x0 /usr/lib/gcc/i686-linux-gnu/5/crtbeginS.o
 .tm_clone_table
                0x0000000000035484        0x0 /usr/lib/gcc/i686-linux-gnu/5/crtendS.o

.data1
 *(.data1)
                0x0000000000035484                _edata = .
                [!provide]                        PROVIDE (edata, .)
                0x0000000000035484                . = .
                0x0000000000035484                __bss_start = .

.bss            0x00000000000354a0    0x14124
 *(.dynbss)
 .dynbss        0x00000000000354a0        0x0 /usr/lib/gcc/i686-linux-gnu/5/../../../i386-linux-gnu/crti.o
 *(.bss .bss.* .gnu.linkonce.b.*)
 .bss           0x00000000000354a0        0x0 /usr/lib/gcc/i686-linux-gnu/5/../../../i386-linux-gnu/crti.o
 .bss           0x00000000000354a0        0x1 /usr/lib/gcc/i686-linux-gnu/5/crtbeginS.o
 *fill*         0x00000000000354a1       0x1f 
 .bss           0x00000000000354c0      0x12c oxygen_sensor.o
                0x00000000000354c0                registered
 *fill*         0x00000000000355ec       0x14 
 .bss           0x0000000000035600     0x2030 build/cooja/mtype816.o
 .bss           0x0000000000037630        0x1 build/cooja/mtype816.a(simEnvChange.o)
                0x0000000000037630                simDontFallAsleep
 *fill*         0x0000000000037631        0x3 
 .bss           0x0000000000037634        0x4 build/cooja/mtype816.a(cooja_mt.o)
 .bss           0x0000000000037638        0x4 build/cooja/mtype816.a(cooja_mtarch.o)
 .bss           0x000000000003763c        0x0 build/cooja/mtype816.a(rtimer-arch.o)
 .bss           0x000000000003763c        0x0 build/cooja/mtype816.a(beep.o)
 .bss           0x000000000003763c        0x1 build/cooja/mtype816.a(leds-arch.o)
                0x000000000003763c                simLedsValue
 .bss           0x000000000003763d        0x0 build/cooja/mtype816.a(moteid.o)
 .bss           0x000000000003763d        0x1 build/cooja/mtype816.a(pir-sensor.o)
                0x000000000003763d                simPirValue
 *fill*         0x000000000003763e        0x2 
 .bss           0x0000000000037640        0x4 build/cooja/mtype816.a(rs232.o)
 .bss           0x0000000000037644        0x1 build/cooja/mtype816.a(vib-sensor.o)
                0x0000000000037644                simVibValue
 .bss           0x0000000000037645        0x0 build/cooja/mtype816.a(clock.o)
 *fill*         0x0000000000037645       0x1b 
 .bss           0x0000000000037660     0x2020 build/cooja/mtype816.a(cooja-log.o)
 .bss           0x0000000000039680      0xfc0 build/cooja/mtype816.a(cfs-cooja.o)
                0x0000000000039680                simCFSData
                0x000000000003a620                simCFSSize
                0x000000000003a624                simCFSChanged
                0x000000000003a628                simCFSRead
                0x000000000003a62c                simCFSWritten
 .bss           0x000000000003a640       0x24 build/cooja/mtype816.a(cooja-radio.o)
                0x000000000003a640                simReceiving
                0x000000000003a644                simInSize
                0x000000000003a648                simLastPacketTimestamp
                0x000000000003a650                simOutSize
 .bss           0x000000000003a664        0xc build/cooja/mtype816.a(eeprom.o)
                0x000000000003a664                simEEPROMChanged
                0x000000000003a668                simEEPROMRead
                0x000000000003a66c                simEEPROMWritten
 .bss           0x000000000003a670        0x0 build/cooja/mtype816.a(random.o)
 .bss           0x000000000003a670        0xc build/cooja/mtype816.a(sensors.o)
 .bss           0x000000000003a67c        0x0 build/cooja/mtype816.a(leds.o)
 .bss           0x000000000003a67c       0x24 build/cooja/mtype816.a(gpio-hal-arch.o)
 .bss           0x000000000003a6a0        0x0 build/cooja/mtype816.a(buttons.o)
 .bss           0x000000000003a6a0        0x0 build/cooja/mtype816.a(oxygen_measurin)
 .bss           0x000000000003a6a0        0x0 build/cooja/mtype816.a(coap-blocking-a)
 .bss           0x000000000003a6a0      0x190 build/cooja/mtype816.a(coap-engine.o)
 .bss           0x000000000003a830        0x0 build/cooja/mtype816.a(coap-res-well-k)
 *fill*         0x000000000003a830       0x10 
 .bss           0x000000000003a840      0x120 build/cooja/mtype816.a(coap-observe.o)
 .bss           0x000000000003a960       0x18 build/cooja/mtype816.a(coap-uip.o)
 .bss           0x000000000003a978        0x5 build/cooja/mtype816.a(coap-timer.o)
 *fill*         0x000000000003a97d        0x3 
 .bss           0x000000000003a980      0x334 build/cooja/mtype816.a(coap-transactio)
 .bss           0x000000000003acb4        0x6 build/cooja/mtype816.a(coap.o)
                0x000000000003acb4                coap_status_code
 .bss           0x000000000003acba        0x0 build/cooja/mtype816.a(contiki-main.o)
 .bss           0x000000000003acba        0x0 build/cooja/mtype816.a(autostart.o)
 *fill*         0x000000000003acba        0x2 
 .bss           0x000000000003acbc        0x5 build/cooja/mtype816.a(ctimer.o)
 *fill*         0x000000000003acc1        0x3 
 .bss           0x000000000003acc4       0x2c build/cooja/mtype816.a(log.o)
                0x000000000003acc4                curr_log_level_rpl
                0x000000000003acc8                curr_log_level_tcpip
                0x000000000003accc                curr_log_level_ipv6
                0x000000000003acd0                curr_log_level_6lowpan
                0x000000000003acd4                curr_log_level_nullnet
                0x000000000003acd8                curr_log_level_mac
                0x000000000003acdc                curr_log_level_framer
                0x000000000003ace0                curr_log_level_6top
                0x000000000003ace4                curr_log_level_coap
                0x000000000003ace8                curr_log_level_snmp
                0x000000000003acec                curr_log_level_lwm2m
 .bss           0x000000000003acf0        0x0 build/cooja/mtype816.a(energest.o)
 .bss           0x000000000003acf0        0x8 build/cooja/mtype816.a(etimer.o)
 .bss           0x000000000003acf8        0x2 build/cooja/mtype816.a(node-id.o)
                0x000000000003acf8                node_id
 *fill*         0x000000000003acfa        0x2 
 .bss           0x000000000003acfc        0x4 build/cooja/mtype816.a(rtimer.o)
 .bss           0x000000000003ad00      0x1a1 build/cooja/mtype816.a(process.o)
                0x000000000003ad00                process_list
                0x000000000003ad04                process_current
 .bss           0x000000000003aea1        0x0 build/cooja/mtype816.a(timer.o)
 .bss           0x000000000003aea1        0x0 build/cooja/mtype816.a(list.o)
 .bss           0x000000000003aea1        0x0 build/cooja/mtype816.a(memb.o)
 *fill*         0x000000000003aea1        0x3 
 .bss           0x000000000003aea4       0x10 build/cooja/mtype816.a(button-hal.o)
 *fill*         0x000000000003aeb4        0xc 
 .bss           0x000000000003aec0      0x140 build/cooja/mtype816.a(serial-line.o)
 .bss           0x000000000003b000        0x4 build/cooja/mtype816.a(gpio-hal.o)
 *fill*         0x000000000003b004       0x1c 
 .bss           0x000000000003b020     0x2c80 build/cooja/mtype816.a(queuebuf.o)
 .bss           0x000000000003dca0       0xa0 build/cooja/mtype816.a(packetbuf.o)
 .bss           0x000000000003dd40        0x4 build/cooja/mtype816.a(netstack.o)
 .bss           0x000000000003dd44        0x0 build/cooja/mtype816.a(linkaddr.o)
 .bss           0x000000000003dd44        0x0 build/cooja/mtype816.a(csma.o)
 *fill*         0x000000000003dd44       0x1c 
 .bss           0x000000000003dd60      0x726 build/cooja/mtype816.a(csma-output.o)
 *fill*         0x000000000003e486        0x2 
 .bss           0x000000000003e488       0x30 build/cooja/mtype816.a(uip-ds6.o)
 .bss           0x000000000003e4b8        0x0 build/cooja/mtype816.a(uip-udp-packet.)
 *fill*         0x000000000003e4b8        0x8 
 .bss           0x000000000003e4c0       0x60 build/cooja/mtype816.a(uip-ds6-route.o)
 .bss           0x000000000003e520       0x10 build/cooja/mtype816.a(tcpip.o)