Archive member included to satisfy reference by file (symbol)

build/cooja/mtype523.a(simEnvChange.o)
                              build/cooja/mtype523.o (simDontFallAsleep)
build/cooja/mtype523.a(cooja_mt.o)
                              build/cooja/mtype523.o (cooja_mt_start)
build/cooja/mtype523.a(cooja_mtarch.o)
                              build/cooja/mtype523.a(cooja_mt.o) (cooja_mtarch_start)
build/cooja/mtype523.a(rtimer-arch.o)
                              build/cooja/mtype523.o (rtimer_arch_check)
build/cooja/mtype523.a(beep.o)
                              build/cooja/mtype523.o (beep_interface)
build/cooja/mtype523.a(leds-arch.o)
                              build/cooja/mtype523.o (leds_interface)
build/cooja/mtype523.a(moteid.o)
                              build/cooja/mtype523.o (moteid_interface)
build/cooja/mtype523.a(pir-sensor.o)
                              build/cooja/mtype523.o (pir_interface)
build/cooja/mtype523.a(rs232.o)
                              build/cooja/mtype523.o (rs232_interface)
build/cooja/mtype523.a(vib-sensor.o)
                              build/cooja/mtype523.o (vib_interface)
build/cooja/mtype523.a(clock.o)
                              build/cooja/mtype523.o (clock_interface)
build/cooja/mtype523.a(cooja-log.o)
                              build/cooja/mtype523.o (simlog_interface)
build/cooja/mtype523.a(cfs-cooja.o)
                              build/cooja/mtype523.o (cfs_interface)
build/cooja/mtype523.a(cooja-radio.o)
                              build/cooja/mtype523.o (radio_interface)
build/cooja/mtype523.a(eeprom.o)
                              build/cooja/mtype523.o (eeprom_interface)
build/cooja/mtype523.a(random.o)
                              build/cooja/mtype523.a(moteid.o) (random_init)
build/cooja/mtype523.a(sensors.o)
                              build/cooja/mtype523.a(pir-sensor.o) (sensors_changed)
build/cooja/mtype523.a(leds.o)
                              build/cooja/mtype523.a(leds-arch.o) (leds_get)
build/cooja/mtype523.a(gpio-hal-arch.o)
                              build/cooja/mtype523.a(leds-arch.o) (gpio_hal_arch_register_pin_callback)
build/cooja/mtype523.a(buttons.o)
                              build/cooja/mtype523.o (button_interface)
build/cooja/mtype523.a(oxygen_measurin)
                              oxygen_sensor.o (oxygen_measuring_device)
build/cooja/mtype523.a(coap-blocking-a)
                              oxygen_sensor.o (coap_blocking_request)
build/cooja/mtype523.a(coap-engine.o)
                              oxygen_sensor.o (coap_activate_resource)
build/cooja/mtype523.a(coap-res-well-k)
                              build/cooja/mtype523.a(coap-engine.o) (res_well_known_core)
build/cooja/mtype523.a(coap-observe.o)
                              build/cooja/mtype523.a(coap-engine.o) (coap_remove_observer_by_mid)
build/cooja/mtype523.a(coap-uip.o)
                              build/cooja/mtype523.a(coap-observe.o) (coap_endpoint_copy)
build/cooja/mtype523.a(coap-timer.o)
                              build/cooja/mtype523.a(coap-engine.o) (coap_timer_set)
build/cooja/mtype523.a(coap-transactio)
                              build/cooja/mtype523.a(coap-blocking-a) (coap_send_transaction)
build/cooja/mtype523.a(coap.o)
                              build/cooja/mtype523.a(coap-engine.o) (coap_status_code)
build/cooja/mtype523.a(contiki-main.o)
                              build/cooja/mtype523.o (main)
build/cooja/mtype523.a(autostart.o)
                              build/cooja/mtype523.a(contiki-main.o) (autostart_start)
build/cooja/mtype523.a(ctimer.o)
                              build/cooja/mtype523.a(contiki-main.o) (ctimer_init)
build/cooja/mtype523.a(log.o)
                              build/cooja/mtype523.a(contiki-main.o) (curr_log_level_main)
build/cooja/mtype523.a(energest.o)
                              build/cooja/mtype523.a(contiki-main.o) (energest_init)
build/cooja/mtype523.a(etimer.o)
                              build/cooja/mtype523.a(contiki-main.o) (etimer_process)
build/cooja/mtype523.a(node-id.o)
                              build/cooja/mtype523.a(contiki-main.o) (node_id)
build/cooja/mtype523.a(rtimer.o)
                              build/cooja/mtype523.a(contiki-main.o) (rtimer_init)
build/cooja/mtype523.a(process.o)
                              build/cooja/mtype523.a(coap-blocking-a) (process_current)
build/cooja/mtype523.a(timer.o)
                              build/cooja/mtype523.a(etimer.o) (timer_set)
build/cooja/mtype523.a(list.o)
                              build/cooja/mtype523.a(coap-engine.o) (list_init)
build/cooja/mtype523.a(memb.o)
                              build/cooja/mtype523.a(coap-observe.o) (memb_alloc)
build/cooja/mtype523.a(button-hal.o)
                              oxygen_sensor.o (button_hal_press_event)
build/cooja/mtype523.a(serial-line.o)
                              build/cooja/mtype523.a(rs232.o) (serial_line_input_byte)
[...]
Memory Configuration

Name             Origin             Length             Attributes
*default*        0x0000000000000000 0xffffffffffffffff

Linker script and memory map

LOAD /usr/lib/gcc/i686-linux-gnu/5/../../../i386-linux-gnu/crti.o
LOAD /usr/lib/gcc/i686-linux-gnu/5/crtbeginS.o
LOAD oxygen_sensor.o
LOAD build/cooja/mtype523.o
LOAD build/cooja/mtype523.a
LOAD /usr/lib/gcc/i686-linux-gnu/5/libgcc.a
LOAD /usr/lib/gcc/i686-linux-gnu/5/libgcc_s.so
LOAD /usr/lib/gcc/i686-linux-gnu/5/../../../i386-linux-gnu/libc.so
START GROUP
LOAD /lib/i386-linux-gnu/libc.so.6
LOAD /usr/lib/i386-linux-gnu/libc_nonshared.a
LOAD /lib/i386-linux-gnu/ld-linux.so.2
END GROUP
LOAD /usr/lib/gcc/i686-linux-gnu/5/libgcc.a
LOAD /usr/lib/gcc/i686-linux-gnu/5/libgcc_s.so
LOAD /usr/lib/gcc/i686-linux-gnu/5/crtendS.o
LOAD /usr/lib/gcc/i686-linux-gnu/5/../../../i386-linux-gnu/crtn.o
                0x0000000000000114                . = (0x0 + SIZEOF_HEADERS)

.note.gnu.build-id
                0x0000000000000114       0x24
 *(.note.gnu.build-id)
 .note.gnu.build-id
                0x0000000000000114       0x24 /usr/lib/gcc/i686-linux-gnu/5/../../../i386-linux-gnu/crti.o

.hash
 *(.hash)

.gnu.hash       0x0000000000000138     0x15a8
 *(.gnu.hash)
 .gnu.hash      0x0000000000000138     0x15a8 /usr/lib/gcc/i686-linux-gnu/5/../../../i386-linux-gnu/crti.o

.dynsym         0x00000000000016e0     0x2f50
 *(.dynsym)
 .dynsym        0x00000000000016e0     0x2f50 /usr/lib/gcc/i686-linux-gnu/5/../../../i386-linux-gnu/crti.o

.dynstr         0x0000000000004630     0x36fa
 *(.dynstr)
 .dynstr        0x0000000000004630     0x36fa /usr/lib/gcc/i686-linux-gnu/5/../../../i386-linux-gnu/crti.o

.gnu.version    0x0000000000007d2a      0x5ea
 *(.gnu.version)
 .gnu.version   0x0000000000007d2a      0x5ea /usr/lib/gcc/i686-linux-gnu/5/../../../i386-linux-gnu/crti.o

.gnu.version_d  0x0000000000008314        0x0
 *(.gnu.version_d)
 .gnu.version_d
                0x0000000000008314        0x0 /usr/lib/gcc/i686-linux-gnu/5/../../../i386-linux-gnu/crti.o

.gnu.version_r  0x0000000000008314       0x40
 *(.gnu.version_r)
 .gnu.version_r
                0x0000000000008314       0x40 /usr/lib/gcc/i686-linux-gnu/5/../../../i386-linux-gnu/crti.o

.rel.dyn        0x0000000000008354     0x91d8
 *(.rel.init)
 .rel.init      0x0000000000008354        0x0 /usr/lib/gcc/i686-linux-gnu/5/../../../i386-linux-gnu/crti.o
 *(.rel.text .rel.text.* .rel.gnu.linkonce.t.*)
 .rel.text      0x0000000000008354     0x8818 /usr/lib/gcc/i686-linux-gnu/5/../../../i386-linux-gnu/crti.o
 *(.rel.fini)
 .rel.fini      0x0000000000010b6c        0x0 /usr/lib/gcc/i686-linux-gnu/5/../../../i386-linux-gnu/crti.o
 *(.rel.rodata .rel.rodata.* .rel.gnu.linkonce.r.*)
 .rel.rodata    0x0000000000010b6c      0x588 /usr/lib/gcc/i686-linux-gnu/5/../../../i386-linux-gnu/crti.o
 *(.rel.data.rel.ro .rel.data.rel.ro.* .rel.gnu.linkonce.d.rel.ro.*)
 *(.rel.data .rel.data.* .rel.gnu.linkonce.d.*)
 .rel.data.rel.local
                0x00000000000110f4        0x8 /usr/lib/gcc/i686-linux-gnu/5/../../../i386-linux-gnu/crti.o
 .rel.data      0x00000000000110fc      0x3f8 /usr/lib/gcc/i686-linux-gnu/5/../../../i386-linux-gnu/crti.o
 *(.rel.tdata .rel.tdata.* .rel.gnu.linkonce.td.*)
 *(.rel.tbss .rel.tbss.* .rel.gnu.linkonce.tb.*)
 *(.rel.ctors)
 *(.rel.dtors)
 *(.rel.got)
 .rel.got       0x00000000000114f4       0x28 /usr/lib/gcc/i686-linux-gnu/5/../../../i386-linux-gnu/crti.o
 *(.rel.bss .rel.bss.* .rel.gnu.linkonce.b.*)
 *(.rel.ifunc)
 .rel.ifunc     0x000000000001151c        0x0 /usr/lib/gcc/i686-linux-gnu/5/../../../i386-linux-gnu/crti.o
 .rel.fini_array
                0x000000000001151c        0x8 /usr/lib/gcc/i686-linux-gnu/5/../../../i386-linux-gnu/crti.o
 .rel.init_array
                0x0000000000011524        0x8 /usr/lib/gcc/i686-linux-gnu/5/../../../i386-linux-gnu/crti.o

.rel.plt        0x000000000001152c        0x0
 *(.rel.plt)
 .rel.plt       0x000000000001152c        0x0 /usr/lib/gcc/i686-linux-gnu/5/../../../i386-linux-gnu/crti.o
 *(.rel.iplt)

.init           0x000000000001152c       0x23
 *(SORT(.init))
 .init          0x000000000001152c       0x1e /usr/lib/gcc/i686-linux-gnu/5/../../../i386-linux-gnu/crti.o
                0x000000000001152c                _init
 .init          0x000000000001154a        0x5 /usr/lib/gcc/i686-linux-gnu/5/../../../i386-linux-gnu/crtn.o

.plt            0x0000000000011550       0x10
 *(.plt)
 .plt           0x0000000000011550       0x10 /usr/lib/gcc/i686-linux-gnu/5/../../../i386-linux-gnu/crti.o
 *(.iplt)

.plt.got        0x0000000000011560       0x10
 *(.plt.got)
 .plt.got       0x0000000000011560       0x10 /usr/lib/gcc/i686-linux-gnu/5/../../../i386-linux-gnu/crti.o

.text           0x0000000000011570    0x18bf2
 *(.text.unlikely .text.*_unlikely .text.unlikely.*)
 .text.unlikely
                0x0000000000011570        0x0 /usr/lib/gcc/i686-linux-gnu/5/crtbeginS.o
 .text.unlikely
                0x0000000000011570        0x0 /usr/lib/gcc/i686-linux-gnu/5/libgcc.a(_udivdi3.o)
 *(.text.exit .text.exit.*)
 *(.text.startup .text.startup.*)
 *(.text.hot .text.hot.*)
 *(.text .stub .text.* .gnu.linkonce.t.*)
 .text          0x0000000000011570        0x0 /usr/lib/gcc/i686-linux-gnu/5/../../../i386-linux-gnu/crti.o
 .gnu.linkonce.t.__x86.get_pc_thunk.bx
                0x0000000000011570        0x4 /usr/lib/gcc/i686-linux-gnu/5/../../../i386-linux-gnu/crti.o
                0x0000000000011570                __x86.get_pc_thunk.bx
 *fill*         0x0000000000011574        0xc 
 .text          0x0000000000011580      0x11c /usr/lib/gcc/i686-linux-gnu/5/crtbeginS.o
 .text.__x86.get_pc_thunk.dx
                0x000000000001169c        0x4 /usr/lib/gcc/i686-linux-gnu/5/crtbeginS.o
                0x000000000001169c                __x86.get_pc_thunk.dx
 .text          0x00000000000116a0      0x27d oxygen_sensor.o
                0x00000000000116a0                wait_for_ack
 .text          0x000000000001191d      0x283 build/cooja/mtype523.o
                0x00000000000119af                platform_init_stage_one
                0x00000000000119c2                platform_init_stage_two
                0x00000000000119d5                platform_init_stage_three
                0x00000000000119e8                platform_main_loop
                0x0000000000011a5b                Java_org_contikios_cooja_corecomm_Lib2_init
                0x0000000000011a92                Java_org_contikios_cooja_corecomm_Lib2_getMemory
                0x0000000000011ac5                Java_org_contikios_cooja_corecomm_Lib2_setMemory
                0x0000000000011b25                Java_org_contikios_cooja_corecomm_Lib2_tick
                0x0000000000011b8d                Java_org_contikios_cooja_corecomm_Lib2_setReferenceAddress
 .text          0x0000000000011ba0       0x65 build/cooja/mtype523.a(simEnvChange.o)
                0x0000000000011ba0                doActionsBeforeTick
                0x0000000000011bd2                doActionsAfterTick
 .text          0x0000000000011c05       0x83 build/cooja/mtype523.a(cooja_mt.o)
                0x0000000000011c05                cooja_mt_start
                0x0000000000011c2f                cooja_mt_exec
                0x0000000000011c65                cooja_mt_yield
 .text          0x0000000000011c88       0xbe build/cooja/mtype523.a(cooja_mtarch.o)
                0x0000000000011c88                cooja_mtarch_start
                0x0000000000011cfb                cooja_sw
                0x0000000000011d1e                cooja_mtarch_exec
                0x0000000000011d3b                cooja_mtarch_yield
 .text          0x0000000000011d46       0xc5 build/cooja/mtype523.a(rtimer-arch.o)
                0x0000000000011d46                rtimer_arch_init
                0x0000000000011d6a                rtimer_arch_schedule
                0x0000000000011d9a                rtimer_arch_next
                0x0000000000011daa                rtimer_arch_pending
                0x0000000000011db4                rtimer_arch_check
                0x0000000000011dfb                rtimer_arch_now
 .text          0x0000000000011e0b       0x81 build/cooja/mtype523.a(beep.o)
                0x0000000000011e0b                beep_alarm
                0x0000000000011e18                beep_beep
                0x0000000000011e25                beep
                0x0000000000011e32                beep_down
                0x0000000000011e3f                beep_on
                0x0000000000011e4c                beep_off
                0x0000000000011e59                beep_spinup
                0x0000000000011e66                beep_quick
                0x0000000000011e73                beep_long
 .text          0x0000000000011e8c       0x65 build/cooja/mtype523.a(leds-arch.o)
                0x0000000000011e9f                leds_arch_init
 .text          0x0000000000011ef1       0x35 build/cooja/mtype523.a(moteid.o)
 .text          0x0000000000011f26       0xb7 build/cooja/mtype523.a(pir-sensor.o)
 .text          0x0000000000011fdd      0x148 build/cooja/mtype523.a(rs232.o)
                0x0000000000011fdd                rs232_init
                0x0000000000011fe3                rs232_set_speed
                0x0000000000011ff2                rs232_set_input
                0x0000000000012000                rs232_send
                0x0000000000012024                rs232_print
                0x0000000000012040                slip_arch_writeb
 .text          0x0000000000012125       0xb7 build/cooja/mtype523.a(vib-sensor.o)
 .text          0x00000000000121dc       0x38 build/cooja/mtype523.a(clock.o)
                0x00000000000121dc                clock_init
                0x00000000000121e2                clock_time
                0x00000000000121ec                clock_seconds
                0x0000000000012202                clock_delay
 .text          0x0000000000012214      0x219 build/cooja/mtype523.a(cooja-log.o)
                0x0000000000012214                simlog_char
                0x0000000000012257                simlog
                0x00000000000122cd                log_message
                0x00000000000122fe                log_set_putchar_with_slip
                0x000000000001230c                log_putchar
                0x0000000000012387                log_puts
                0x00000000000123af                log_printf
 .text          0x000000000001242d      0x2b9 build/cooja/mtype523.a(cfs-cooja.o)
                0x000000000001242d                cfs_open
                0x0000000000012496                cfs_close
                0x00000000000124a3                cfs_read
                0x0000000000012538                cfs_write
                0x0000000000012614                cfs_seek
                0x000000000001269c                cfs_remove
                0x00000000000126c0                cfs_opendir
                0x00000000000126ca                cfs_readdir
                0x00000000000126d4                cfs_closedir
 .text          0x00000000000126e6      0x62b build/cooja/mtype523.a(cooja-radio.o)
                0x0000000000012728                radio_set_channel
                0x0000000000012736                radio_set_txpower
                0x000000000001274e                radio_signal_strength_last
                0x0000000000012758                radio_signal_strength_current
                0x0000000000012762                radio_LQI
 .text          0x0000000000012d11       0xee build/cooja/mtype523.a(eeprom.o)
                0x0000000000012d11                eeprom_init
                0x0000000000012d17                eeprom_read
                0x0000000000012d85                eeprom_write
 .text          0x0000000000012dff       0x2d build/cooja/mtype523.a(random.o)
                0x0000000000012dff                random_init
                0x0000000000012e1f                random_rand
 .text          0x0000000000012e2c      0x29c build/cooja/mtype523.a(sensors.o)
                0x0000000000012e67                sensors_first
                0x0000000000012e71                sensors_next
                0x0000000000012e8b                sensors_changed
                0x0000000000012ebf                sensors_find
 .text          0x00000000000130c8      0x349 build/cooja/mtype523.a(leds.o)
                0x00000000000130c8                leds_init
                0x000000000001310f                leds_single_on
                0x000000000001316e                leds_single_off
                0x00000000000131cd                leds_single_toggle
                0x00000000000131ff                leds_on
                0x0000000000013281                leds_off
                0x0000000000013303                leds_toggle
                0x0000000000013358                leds_set
                0x0000000000013384                leds_get
 .text          0x0000000000013411      0x343 build/cooja/mtype523.a(gpio-hal-arch.o)
                0x0000000000013411                gpio_hal_arch_register_pin_callback
                0x000000000001347d                gpio_hal_arch_init
                0x00000000000134c2                gpio_hal_arch_no_port_interrupt_enable
                0x00000000000134f2                gpio_hal_arch_no_port_interrupt_disable
                0x0000000000013522                gpio_hal_arch_no_port_pin_cfg_set
                0x0000000000013547                gpio_hal_arch_no_port_pin_cfg_get
                0x000000000001356d                gpio_hal_arch_no_port_pin_set_input
                0x000000000001357f                gpio_hal_arch_no_port_pin_set_output
                0x0000000000013591                gpio_hal_arch_no_port_set_pin
                0x00000000000135b2                gpio_hal_arch_no_port_clear_pin
                0x00000000000135d3                gpio_hal_arch_no_port_read_pin
                0x00000000000135f9                gpio_hal_arch_no_port_write_pin
                0x0000000000013623                gpio_hal_arch_no_port_set_pins
                0x000000000001366a                gpio_hal_arch_no_port_clear_pins
                0x00000000000136b1                gpio_hal_arch_no_port_read_pins
                0x00000000000136f4                gpio_hal_arch_no_port_write_pins
 .text          0x0000000000013754       0x89 build/cooja/mtype523.a(buttons.o)
 .text          0x00000000000137dd      0x30f build/cooja/mtype523.a(oxygen_measurin)
                0x00000000000137dd                randInRange
 .text          0x0000000000013aec      0x27b build/cooja/mtype523.a(coap-blocking-a)
                0x0000000000013aec                coap_blocking_request_callback
                0x0000000000013b16                coap_blocking_request
 .text          0x0000000000013d67      0xbea build/cooja/mtype523.a(coap-engine.o)
                0x0000000000013dfc                coap_add_handler
                0x0000000000013e19                coap_remove_handler
                0x0000000000013e36                coap_call_handlers
                0x0000000000013f3e                coap_receive
                0x0000000000014539                coap_engine_init
                0x0000000000014597                coap_activate_resource
                0x0000000000014642                coap_get_first_resource
                0x000000000001465b                coap_get_next_resource
 .text          0x0000000000014951      0x2d9 build/cooja/mtype523.a(coap-res-well-k)
 .text          0x0000000000014c2a      0x96a build/cooja/mtype523.a(coap-observe.o)
                0x0000000000014d3f                coap_remove_observer
                0x0000000000014d6f                coap_remove_observer_by_client
                0x0000000000014dd7                coap_remove_observer_by_token
                0x0000000000014e6a                coap_remove_observer_by_uri
                0x0000000000014f11                coap_remove_observer_by_mid
                0x0000000000014f8d                coap_notify_observers
                0x0000000000014fa6                coap_notify_observers_sub
                0x0000000000015410                coap_observe_handler
                0x000000000001552b                coap_has_observers
 .text          0x0000000000015594      0x733 build/cooja/mtype523.a(coap-uip.o)
                0x0000000000015594                coap_endpoint_log
                0x000000000001561a                coap_endpoint_print
                0x00000000000156a0                coap_endpoint_snprint
                0x00000000000157d3                coap_endpoint_copy
                0x0000000000015810                coap_endpoint_cmp
                0x000000000001591e                coap_endpoint_parse
                0x0000000000015b09                coap_endpoint_is_secure
                0x0000000000015b18                coap_endpoint_is_connected
                0x0000000000015b4c                coap_endpoint_connect
                0x0000000000015b68                coap_endpoint_disconnect
                0x0000000000015b6e                coap_databuf
                0x0000000000015b78                coap_transport_init
                0x0000000000015bc8                coap_sendto
 .text          0x0000000000015cc7      0x324 build/cooja/mtype523.a(coap-timer.o)
                0x0000000000015dc4                coap_timer_stop
                0x0000000000015def                coap_timer_set
                0x0000000000015e32                coap_timer_reset
                0x0000000000015e75                coap_timer_time_to_next_expiration
                0x0000000000015ee1                coap_timer_run
                0x0000000000015fad                coap_timer_init
 .text          0x0000000000015feb      0x2c6 build/cooja/mtype523.a(coap-transactio)
                0x0000000000016051                coap_new_transaction
                0x00000000000160b7                coap_send_transaction
                0x0000000000016218                coap_clear_transaction
                0x0000000000016260                coap_get_transaction_by_mid
 .text          0x00000000000162b1     0x1ceb build/cooja/mtype523.a(coap.o)
                0x000000000001681e                coap_init_connection
                0x0000000000016832                coap_get_mid
                0x000000000001684e                coap_init_message
                0x0000000000016897                coap_serialize_message
                0x0000000000016f19                coap_parse_message
                0x0000000000017618                coap_get_query_variable
                0x000000000001765a                coap_get_post_variable
                0x000000000001769e                coap_set_status_code
                0x00000000000176c3                coap_set_token
                0x000000000001770a                coap_get_header_content_format
                0x000000000001773b                coap_set_header_content_format
                0x000000000001775e                coap_get_header_accept
                0x000000000001778f                coap_set_header_accept
                0x00000000000177b2                coap_get_header_max_age
                0x00000000000177e3                coap_set_header_max_age
                0x0000000000017803                coap_get_header_etag
                0x0000000000017835                coap_set_header_etag
                0x000000000001788c                coap_get_header_if_match
                0x00000000000178be                coap_set_header_if_match
                0x0000000000017915                coap_get_header_if_none_match
                0x000000000001792f                coap_set_header_if_none_match
                0x0000000000017946                coap_get_header_proxy_uri
                0x0000000000017974                coap_set_header_proxy_uri
                0x00000000000179b1                coap_get_header_uri_host
                0x00000000000179df                coap_set_header_uri_host
                0x0000000000017a1c                coap_get_header_uri_path
                0x0000000000017a4a                coap_set_header_uri_path
                0x0000000000017a97                coap_get_header_uri_query
                0x0000000000017acb                coap_set_header_uri_query
                0x0000000000017b21                coap_get_header_location_path
                0x0000000000017b4f                coap_set_header_location_path
                0x0000000000017be8                coap_get_header_location_query
                0x0000000000017c16                coap_set_header_location_query
                0x0000000000017c63                coap_get_header_observe
                0x0000000000017c92                coap_set_header_observe
                0x0000000000017cb2                coap_get_header_block2
                0x0000000000017d1e                coap_set_header_block2
                0x0000000000017d95                coap_get_header_block1
                0x0000000000017e0a                coap_set_header_block1
                0x0000000000017e85                coap_get_header_size2
                0x0000000000017eb5                coap_set_header_size2
                0x0000000000017ed8                coap_get_header_size1
                0x0000000000017f08                coap_set_header_size1
                0x0000000000017f2b                coap_get_payload
                0x0000000000017f65                coap_set_payload
 .text          0x0000000000017f9c      0x332 build/cooja/mtype523.a(contiki-main.o)
                0x0000000000017f9c                main
 .text          0x00000000000182ce       0x92 build/cooja/mtype523.a(autostart.o)
                0x00000000000182ce                autostart_start
                0x0000000000018318                autostart_exit
 .text          0x0000000000018360      0x355 build/cooja/mtype523.a(ctimer.o)
                0x0000000000018488                ctimer_init
                0x00000000000184bb                ctimer_set
                0x00000000000184e1                ctimer_set_with_process
                0x000000000001855e                ctimer_reset
                0x00000000000185b2                ctimer_restart
                0x0000000000018606                ctimer_stop
                0x0000000000018656                ctimer_expired
 .text          0x00000000000186b5      0x3d7 build/cooja/mtype523.a(log.o)
                0x00000000000186b5                log_6addr
                0x0000000000018708                log_6addr_compact_snprint
                0x00000000000187a6                log_6addr_compact
                0x00000000000187f9                log_lladdr
                0x000000000001886b                log_lladdr_compact
                0x00000000000188d3                log_bytes
                0x0000000000018916                log_set_level
                0x00000000000189d1                log_get_level
                0x0000000000018a4a                log_level_to_str
 .text          0x0000000000018a8c       0x1b build/cooja/mtype523.a(energest.o)
                0x0000000000018a8c                energest_init
                0x0000000000018a92                energest_flush
                0x0000000000018a98                energest_get_total_time
 .text          0x0000000000018aa7      0x43f build/cooja/mtype523.a(etimer.o)
                0x0000000000018ccb                etimer_request_poll
                0x0000000000018d54                etimer_set
                0x0000000000018d7d                etimer_reset_with_new_interval
                0x0000000000018dac                etimer_reset
                0x0000000000018dd2                etimer_restart
                0x0000000000018df8                etimer_adjust
                0x0000000000018e15                etimer_expired
                0x0000000000018e28                etimer_expiration_time
                0x0000000000018e3a                etimer_start_time
                0x0000000000018e44                etimer_pending
                0x0000000000018e56                etimer_next_expiration_time
                0x0000000000018e70                etimer_stop
 .text          0x0000000000018ee6       0x25 build/cooja/mtype523.a(node-id.o)
                0x0000000000018ee6                node_id_init
 .text          0x0000000000018f0b       0xeb build/cooja/mtype523.a(rtimer.o)
                0x0000000000018f0b                rtimer_init
                0x0000000000018f19                rtimer_set
                0x0000000000018f94                rtimer_run_next
 .text          0x0000000000018ff6      0x4fb build/cooja/mtype523.a(process.o)
                0x0000000000018ff6                process_alloc_event
                0x000000000001900b                process_start
                0x00000000000191e5                process_exit
                0x0000000000019202                process_init
                0x0000000000019397                process_run
                0x00000000000193ca                process_nevents
                0x00000000000193e5                process_post
                0x0000000000019478                process_post_synch
                0x00000000000194ad                process_poll
                0x00000000000194dd                process_is_running
 .text          0x00000000000194f1       0xb1 build/cooja/mtype523.a(timer.o)
                0x00000000000194f1                timer_set
                0x000000000001950f                timer_reset
                0x000000000001953c                timer_restart
                0x0000000000019551                timer_expired
                0x000000000001957e                timer_remaining
 .text          0x00000000000195a2      0x28f build/cooja/mtype523.a(list.o)
                0x00000000000195a2                list_init
                0x00000000000195b1                list_head
                0x00000000000195bb                list_copy
                0x00000000000195cb                list_tail
                0x0000000000019601                list_add
                0x000000000001964d                list_push
                0x0000000000019679                list_chop
                0x00000000000196e3                list_pop
                0x000000000001970b                list_remove
                0x0000000000019773                list_length
                0x00000000000197a1                list_insert
                0x00000000000197e6                list_item_next
                0x00000000000197fd                list_contains
 .text          0x0000000000019831      0x1b5 build/cooja/mtype523.a(memb.o)
                0x0000000000019831                memb_init
                0x0000000000019886                memb_alloc
                0x00000000000198e9                memb_free
                0x0000000000019960                memb_inmemb
                0x000000000001999f                memb_numfree
 .text          0x00000000000199e6      0x493 build/cooja/mtype523.a(button-hal.o)
                0x0000000000019b72                button_hal_get_by_id
                0x0000000000019bb0                button_hal_get_by_index
                0x0000000000019bdc                button_hal_get_state
                0x0000000000019c2e                button_hal_init
 .text          0x0000000000019e79      0x1f3 build/cooja/mtype523.a(serial-line.o)
                0x0000000000019e79                serial_line_input_byte
                0x000000000001a037                serial_line_init
 .text          0x000000000001a06c      0x168 build/cooja/mtype523.a(gpio-hal.o)
                0x000000000001a06c                gpio_hal_register_handler
                0x000000000001a089                gpio_hal_event_handler
                0x000000000001a0e5                gpio_hal_init
                0x000000000001a104                gpio_hal_arch_port_toggle_pin
                0x000000000001a140                gpio_hal_arch_port_toggle_pins
                0x000000000001a16e                gpio_hal_arch_no_port_toggle_pin
                0x000000000001a1ac                gpio_hal_arch_no_port_toggle_pins
 .text          0x000000000001a1d4      0x2e7 build/cooja/mtype523.a(queuebuf.o)
                0x000000000001a1de                queuebuf_init
                0x000000000001a207                queuebuf_numfree
                0x000000000001a21f                queuebuf_new_from_packetbuf
                0x000000000001a2be                queuebuf_update_attr_from_packetbuf
                0x000000000001a2f3                queuebuf_update_from_packetbuf
                0x000000000001a343                queuebuf_free
                0x000000000001a38c                queuebuf_to_packetbuf
                0x000000000001a3f8                queuebuf_dataptr
                0x000000000001a432                queuebuf_datalen
                0x000000000001a455                queuebuf_addr
                0x000000000001a48a                queuebuf_attr
                0x000000000001a4b5                queuebuf_debug_print
 .text          0x000000000001a4bb      0x407 build/cooja/mtype523.a(packetbuf.o)
                0x000000000001a4bb                packetbuf_clear
                0x000000000001a4e6                packetbuf_copyfrom
                0x000000000001a535                packetbuf_copyto
                0x000000000001a5c8                packetbuf_hdralloc
                0x000000000001a644                packetbuf_hdrreduce
                0x000000000001a68a                packetbuf_set_datalen
                0x000000000001a6a4                packetbuf_dataptr
                0x000000000001a6c1                packetbuf_hdrptr
                0x000000000001a6cb                packetbuf_datalen
                0x000000000001a6d7                packetbuf_hdrlen
                0x000000000001a6ee                packetbuf_totlen
                0x000000000001a704                packetbuf_remaininglen
                0x000000000001a717                packetbuf_attr_clear
                0x000000000001a763                packetbuf_attr_copyto
                0x000000000001a7bb                packetbuf_attr_copyfrom
                0x000000000001a813                packetbuf_set_attr
                0x000000000001a83d                packetbuf_attr
                0x000000000001a857                packetbuf_set_addr
                0x000000000001a888                packetbuf_addr
                0x000000000001a8a5                packetbuf_holds_broadcast
 .text          0x000000000001a8c2       0xef build/cooja/mtype523.a(netstack.o)
                0x000000000001a8c2                netstack_process_ip_callback
                0x000000000001a953                netstack_ip_packet_processor_add
                0x000000000001a976                uip_ds6_ip_packet_processor_rm
                0x000000000001a993                netstack_init
 .text          0x000000000001a9b1       0x4f build/cooja/mtype523.a(linkaddr.o)
                0x000000000001a9b1                linkaddr_copy
                0x000000000001a9c7                linkaddr_cmp
                0x000000000001a9ea                linkaddr_set_node_addr
 .text          0x000000000001aa00      0x229 build/cooja/mtype523.a(csma.o)
 .text          0x000000000001ac29      0x95d build/cooja/mtype523.a(csma-output.o)
                0x000000000001b2c0                csma_output_packet
                0x000000000001b54d                csma_output_init
 .text          0x000000000001b586      0xc11 build/cooja/mtype523.a(uip-ds6.o)
                0x000000000001b586                uip_ds6_default_prefix
                0x000000000001b590                uip_ds6_set_default_prefix
                0x000000000001b5bb                uip_ds6_init
                0x000000000001b81d                uip_ds6_periodic
                0x000000000001b8a4                uip_ds6_list_loop
                0x000000000001b964                uip_ds6_prefix_add
                0x000000000001ba10                uip_ds6_prefix_rm
                0x000000000001ba23                uip_ds6_prefix_lookup
                0x000000000001ba62                uip_ds6_is_addr_onlink
                0x000000000001bad5                uip_ds6_addr_add
                0x000000000001bbf5                uip_ds6_addr_rm
                0x000000000001bc9e                uip_ds6_addr_lookup
                0x000000000001bcd7                uip_ds6_get_link_local
                0x000000000001bd58                uip_ds6_get_global
                0x000000000001bdd9                uip_ds6_maddr_add
                0x000000000001be39                uip_ds6_maddr_rm
                0x000000000001be4c                uip_ds6_maddr_lookup
                0x000000000001be85                uip_ds6_aaddr_add
                0x000000000001bee5                uip_ds6_aaddr_rm
                0x000000000001bef8                uip_ds6_aaddr_lookup
                0x000000000001bf31                uip_ds6_select_src
                0x000000000001c07a                uip_ds6_set_addr_iid
                0x000000000001c0a5                uip_ds6_set_lladdr_from_iid
                0x000000000001c0ce                get_match_length
                0x000000000001c15f                uip_ds6_compute_reachable_time
 .text          0x000000000001c197      0x128 build/cooja/mtype523.a(uip-udp-packet.)
                0x000000000001c197                uip_udp_packet_send
                0x000000000001c1f2                uip_udp_packet_sendto
 .text          0x000000000001c2bf      0x365 build/cooja/mtype523.a(uip-ds6-route.o)
                0x000000000001c310                uip_ds6_route_init
                0x000000000001c33a                uip_ds6_route_count_nexthop_neighbors
                0x000000000001c344                uip_ds6_route_nexthop
                0x000000000001c34e                uip_ds6_route_head
                0x000000000001c358                uip_ds6_route_next
                0x000000000001c362                uip_ds6_route_is_nexthop
                0x000000000001c36c                uip_ds6_route_num_routes
                0x000000000001c376                uip_ds6_route_lookup
                0x000000000001c380                uip_ds6_route_add
                0x000000000001c393                uip_ds6_route_rm
                0x000000000001c399                uip_ds6_route_rm_by_nexthop
                0x000000000001c39f                uip_ds6_defrt_head
                0x000000000001c3b8                uip_ds6_defrt_add
                0x000000000001c466                uip_ds6_defrt_rm
                0x000000000001c4cc                uip_ds6_defrt_lookup
                0x000000000001c533                uip_ds6_defrt_choose
                0x000000000001c5a9                uip_ds6_defrt_periodic
 .text          0x000000000001c624      0x6f7 build/cooja/mtype523.a(tcpip.o)
                0x000000000001c63e                tcpip_output
                0x000000000001c6bd                udp_attach
                0x000000000001c6d5                udp_new
                0x000000000001c71f                udp_broadcast_new
                0x000000000001c891                tcpip_input
                0x000000000001ca21                tcpip_ipv6_output
                0x000000000001cc15                tcpip_poll_udp
                0x000000000001cc33                tcpip_uipcall
 .text          0x000000000001cd1b     0x1205 build/cooja/mtype523.a(uip6.o)
                0x000000000001cdca                uip_chksum
                0x000000000001cea1                uip_icmp6chksum
                0x000000000001ceb6                uip_udpchksum
                0x000000000001cecb                uip_init
                0x000000000001cf14                uip_remove_ext_hdr
                0x000000000001cfee                uip_udp_new
                0x000000000001d302                uip_process
                0x000000000001ddfa                uip_htons
                0x000000000001de1c                uip_htonl
                0x000000000001de5a                uip_send
 .text          0x000000000001df20      0x369 build/cooja/mtype523.a(uip-ds6-nbr.o)
                0x000000000001df20                uip_ds6_neighbors_init
                0x000000000001df44                uip_ds6_nbr_add
                0x000000000001dfca                uip_ds6_nbr_rm
                0x000000000001e015                uip_ds6_nbr_update_ll
                0x000000000001e103                uip_ds6_nbr_get_ipaddr
                0x000000000001e118                uip_ds6_nbr_get_ll
                0x000000000001e134                uip_ds6_nbr_num
                0x000000000001e17d                uip_ds6_nbr_head
                0x000000000001e196                uip_ds6_nbr_next
                0x000000000001e1b2                uip_ds6_nbr_lookup
                0x000000000001e20a                uip_ds6_nbr_ll_lookup
                0x000000000001e226                uip_ds6_nbr_ipaddr_from_lladdr
                0x000000000001e24f                uip_ds6_nbr_lladdr_from_ipaddr
                0x000000000001e283                uip_ds6_link_callback
 .text          0x000000000001e289      0x6ad build/cooja/mtype523.a(uip-nd6.o)
                0x000000000001e91d                uip_nd6_init
 .text          0x000000000001e936     0x2f35 build/cooja/mtype523.a(sicslowpan.o)
                0x000000000001ef3d                netstack_sniffer_add
                0x000000000001ef4b                netstack_sniffer_remove
                0x000000000002183f                sicslowpan_init
                0x0000000000021861                sicslowpan_get_last_rssi
 .text          0x000000000002186b      0x4d1 build/cooja/mtype523.a(uiplib.o)
                0x000000000002186b                uiplib_ip6addrconv
                0x0000000000021a23                uiplib_ip4addrconv
                0x0000000000021ae6                uiplib_ipaddr_print
                0x0000000000021b39                uiplib_ipaddr_snprint
 .text          0x0000000000021d3c      0x4c9 build/cooja/mtype523.a(rpl.o)
                0x0000000000021d3c                rpl_lollipop_greater_than
                0x0000000000021d96                rpl_get_global_address
                0x0000000000021e8e                rpl_link_callback
                0x0000000000021ed2                rpl_has_joined
                0x0000000000021ef7                rpl_is_reachable
                0x0000000000021f78                rpl_reset_prefix
                0x0000000000021fe2                rpl_set_prefix_from_addr
                0x00000000000220c7                rpl_set_prefix
                0x00000000000221e1                rpl_set_leaf_only
                0x00000000000221f9                rpl_get_leaf_only
 .text          0x0000000000022205     0x138c build/cooja/mtype523.a(rpl-icmp6.o)
                0x000000000002232a                rpl_icmp6_update_nbr_table
                0x00000000000223b3                rpl_icmp6_dis_output
                0x00000000000229f9                rpl_icmp6_dio_output
                0x00000000000231f7                rpl_icmp6_dao_output
                0x00000000000234d8                rpl_icmp6_dao_ack_output
                0x0000000000023548                rpl_icmp6_init
 .text          0x0000000000023591      0x264 build/cooja/mtype523.a(rpl-dag-root.o)
                0x0000000000023591                rpl_dag_root_print_links
                0x00000000000236bd                rpl_dag_root_set_prefix
                0x00000000000236e9                rpl_dag_root_start
                0x00000000000237c6                rpl_dag_root_is_root
 .text          0x00000000000237f5       0x30 build/cooja/mtype523.a(watchdog.o)
                0x00000000000237f5                watchdog_init
                0x00000000000237fb                watchdog_start
                0x0000000000023801                watchdog_periodic
                0x0000000000023819                watchdog_stop
                0x000000000002381f                watchdog_reboot
 .text          0x0000000000023825       0x4a build/cooja/mtype523.a(int-master.o)
                0x0000000000023825                int_master_enable
                0x0000000000023835                int_master_read_and_disable
                0x0000000000023852                int_master_status_set
                0x0000000000023860                int_master_is_enabled
 .text          0x000000000002386f      0x226 build/cooja/mtype523.a(coap-timer-defa)
 .text          0x0000000000023a95       0xc7 build/cooja/mtype523.a(stimer.o)
                0x0000000000023a95                stimer_set
                0x0000000000023ab3                stimer_reset
                0x0000000000023ae0                stimer_restart
                0x0000000000023af5                stimer_expired
                0x0000000000023b20                stimer_remaining
                0x0000000000023b44                stimer_elapsed
 .text          0x0000000000023b5c      0x156 build/cooja/mtype523.a(ringbuf.o)
                0x0000000000023b5c                ringbuf_init
                0x0000000000023b8e                ringbuf_put
                0x0000000000023c0c                ringbuf_get
                0x0000000000023c79                ringbuf_size
                0x0000000000023c8b                ringbuf_elements
 .text          0x0000000000023cb2       0x1f build/cooja/mtype523.a(assert.o)
                0x0000000000023cb2                _xassert
 .text          0x0000000000023cd1      0x9aa build/cooja/mtype523.a(nbr-table.o)
                0x0000000000023ff4                nbr_table_count_entries
                0x0000000000024082                nbr_table_gc_get_worst
                0x00000000000240b8                nbr_table_can_accept_new
                0x0000000000024213                nbr_table_entry_is_allowed
                0x0000000000024297                nbr_table_register
                0x0000000000024304                nbr_table_is_registered
                0x000000000002433f                nbr_table_head
                0x000000000002439a                nbr_table_next
                0x00000000000243fb                nbr_table_add_lladdr
                0x0000000000024533                nbr_table_get_from_lladdr
                0x000000000002457f                nbr_table_remove
                0x00000000000245b7                nbr_table_lock
                0x00000000000245d1                nbr_table_unlock
                0x00000000000245eb                nbr_table_get_lladdr
                0x0000000000024617                nbr_table_clear
                0x000000000002464c                nbr_table_key_head
                0x0000000000024665                nbr_table_key_next
 .text          0x000000000002467b      0x3a5 build/cooja/mtype523.a(link-stats.o)
                0x000000000002467b                link_stats_from_lladdr
                0x0000000000024697                link_stats_get_lladdr
                0x00000000000246b3                link_stats_is_fresh
                0x00000000000246ef                guess_etx_from_rssi
                0x000000000002476b                link_stats_packet_sent
                0x000000000002488b                link_stats_input_callback
                0x000000000002499b                link_stats_reset
                0x00000000000249eb                link_stats_init
 .text          0x0000000000024a20      0x187 build/cooja/mtype523.a(mac-sequence.o)
                0x0000000000024a20                mac_sequence_is_duplicate
                0x0000000000024ac0                mac_sequence_register_seqno
 .text          0x0000000000024ba7       0x23 build/cooja/mtype523.a(mac.o)
                0x0000000000024ba7                mac_call_sent_callback
 .text          0x0000000000024bca      0x432 build/cooja/mtype523.a(framer-802154.o)
                0x0000000000024d59                framer_802154_setup_params
 .text          0x0000000000024ffc      0xb6f build/cooja/mtype523.a(frame802154.o)
                0x000000000002502d                frame802154_get_pan_id
                0x0000000000025039                frame802154_set_pan_id
                0x0000000000025053                frame802154_has_panid
                0x0000000000025202                frame802154_check_dest_panid
                0x000000000002528a                frame802154_is_broadcast_addr
                0x00000000000252d7                frame802154_extract_linkaddr
                0x000000000002553c                frame802154_hdrlen
                0x00000000000255af                frame802154_create_fcf
                0x0000000000025667                frame802154_create
                0x00000000000257dc                frame802154_parse_fcf
                0x00000000000258be                frame802154_parse
 .text          0x0000000000025b6b       0x2d build/cooja/mtype523.a(csma-security.o)
                0x0000000000025b6b                csma_security_create_frame
                0x0000000000025b89                csma_security_parse_frame
 .text          0x0000000000025b98      0x509 build/cooja/mtype523.a(uipbuf.o)
                0x0000000000025b98                uipbuf_clear
                0x0000000000025bbf                uipbuf_add_ext_hdr
                0x0000000000025c3f                uipbuf_set_len
                0x0000000000025c6c                uipbuf_set_len_field
                0x0000000000025c98                uipbuf_get_len_field
                0x0000000000025cb8                uipbuf_get_next_header
                0x0000000000025dea                uipbuf_get_last_header
                0x0000000000025e63                uipbuf_search_header
                0x0000000000025f19                uipbuf_get_attr
                0x0000000000025f40                uipbuf_set_attr
                0x0000000000025f77                uipbuf_set_default_attr
                0x0000000000025fae                uipbuf_clear_attr
                0x0000000000025ff7                uipbuf_set_attr_flag
                0x0000000000026018                uipbuf_clr_attr_flag
                0x000000000002603f                uipbuf_is_attr_flag
                0x0000000000026063                uipbuf_init
 .text          0x00000000000260a1      0x73f build/cooja/mtype523.a(uip-icmp6.o)
                0x0000000000026116                uip_icmp6_input
                0x000000000002616d                uip_icmp6_register_input_handler
                0x00000000000262c0                uip_icmp6_error_output
                0x0000000000026571                uip_icmp6_send
                0x0000000000026768                uip_icmp6_echo_reply_callback_add
                0x000000000002679a                uip_icmp6_echo_reply_callback_rm
                0x00000000000267b7                uip_icmp6_init
 .text          0x00000000000267e0      0x69b build/cooja/mtype523.a(uip-sr.o)
                0x00000000000267e0                uip_sr_num_nodes
                0x000000000002686e                uip_sr_get_node
                0x00000000000268c5                uip_sr_is_addr_reachable
                0x0000000000026973                uip_sr_expire_parent
                0x00000000000269bc                uip_sr_update_node
                0x0000000000026aec                uip_sr_init
                0x0000000000026b20                uip_sr_node_head
                0x0000000000026b39                uip_sr_node_next
                0x0000000000026b4f                uip_sr_periodic
                0x0000000000026c55                uip_sr_free_all
                0x0000000000026cc5                uip_sr_link_snprint
 .text          0x0000000000026e7b      0x146 build/cooja/mtype523.a(uip-packetqueue)
                0x0000000000026ea9                uip_packetqueue_new
                0x0000000000026eb8                uip_packetqueue_alloc
                0x0000000000026f13                uip_packetqueue_free
                0x0000000000026f5a                uip_packetqueue_buf
                0x0000000000026f77                uip_packetqueue_buflen
                0x0000000000026f98                uip_packetqueue_set_buflen
 .text          0x0000000000026fc1       0x70 build/cooja/mtype523.a(rpl-nbr-policy.)
                0x0000000000026ffa                rpl_nbr_gc_get_worst
 .text          0x0000000000027031      0x8ca build/cooja/mtype523.a(rpl-neighbor.o)
                0x00000000000270ad                rpl_neighbor_snprint
                0x0000000000027360                rpl_neighbor_print_list
                0x0000000000027415                rpl_neighbor_count
                0x00000000000274bc                rpl_neighbor_get_from_lladdr
                0x00000000000274d8                rpl_neighbor_is_acceptable_parent
                0x000000000002750c                rpl_neighbor_get_link_metric
                0x0000000000027540                rpl_neighbor_rank_via_nbr
                0x0000000000027574                rpl_neighbor_get_lladdr
                0x0000000000027590                rpl_neighbor_get_ipaddr
                0x00000000000275b7                rpl_neighbor_get_link_stats
                0x00000000000275de                rpl_neighbor_is_fresh
                0x0000000000027605                rpl_neighbor_is_parent
                0x000000000002762f                rpl_neighbor_set_preferred_parent
                0x00000000000276c6                rpl_neighbor_remove_all
                0x0000000000027722                rpl_neighbor_get_from_ipaddr
                0x0000000000027830                rpl_neighbor_select_best
                0x00000000000278dc                rpl_neighbor_init
 .text          0x00000000000278fb      0xe69 build/cooja/mtype523.a(rpl-dag.o)
                0x00000000000278fb                rpl_dag_state_to_str
                0x000000000002793a                rpl_dag_get_root_ipaddr
                0x0000000000027982                rpl_dag_leave
                0x0000000000027a0b                rpl_dag_poison_and_leave
                0x0000000000027a23                rpl_dag_periodic
                0x0000000000027aab                rpl_is_addr_in_our_dag
                0x0000000000027aef                rpl_get_default_instance
                0x0000000000027b0b                rpl_get_any_dag
                0x0000000000027b64                rpl_refresh_routes
                0x0000000000027ba4                rpl_global_repair
                0x0000000000027c3d                rpl_local_repair
                0x0000000000027c87                rpl_dag_ready_to_advertise
                0x0000000000027cca                rpl_dag_update_state
                0x00000000000283f7                rpl_process_dio
                0x0000000000028475                rpl_process_dis
                0x00000000000284ba                rpl_process_dao
                0x0000000000028549                rpl_process_dao_ack
                0x00000000000285e0                rpl_process_hbh
                0x0000000000028630                rpl_dag_init_root
                0x0000000000028744                rpl_dag_init
 .text          0x0000000000028764      0x9e7 build/cooja/mtype523.a(rpl-timers.o)
                0x0000000000028764                rpl_timers_schedule_periodic_dis
                0x00000000000288b2                rpl_timers_dio_reset
                0x00000000000289c0                rpl_timers_schedule_unicast_dio
                0x0000000000028b14                rpl_timers_schedule_dao
                0x0000000000028bd3                rpl_timers_schedule_dao_ack
                0x0000000000028c59                rpl_timers_notify_dao_ack
                0x0000000000028cb7                get_probing_delay
                0x0000000000028ceb                get_probing_target
                0x0000000000028ed5                rpl_schedule_probing
                0x0000000000028f03                rpl_schedule_probing_now
                0x0000000000028f6d                rpl_timers_unschedule_leaving
                0x0000000000028fa5                rpl_timers_schedule_leaving
                0x0000000000028fe6                rpl_timers_init
                0x0000000000029076                rpl_timers_stop_dag_timers
                0x00000000000290ef                rpl_timers_unschedule_state_update
                0x0000000000029113                rpl_timers_schedule_state_update
 .text          0x000000000002914b      0xbd8 build/cooja/mtype523.a(rpl-ext-header.)
                0x000000000002914b                rpl_ext_header_srh_get_next_hop
                0x0000000000029232                rpl_ext_header_srh_update
                0x00000000000297e8                rpl_ext_header_hbh_update
                0x0000000000029ae8                rpl_ext_header_update
                0x0000000000029b71                rpl_ext_header_remove
 .text          0x0000000000029d23      0x31b build/cooja/mtype523.a(rpl-mrhof.o)
 *fill*         0x000000000002a03e        0x2 
 .text          0x000000000002a040      0x122 /usr/lib/gcc/i686-linux-gnu/5/libgcc.a(_udivdi3.o)
                0x000000000002a040                __udivdi3
 .text          0x000000000002a162        0x0 /usr/lib/gcc/i686-linux-gnu/5/crtendS.o
 .text          0x000000000002a162        0x0 /usr/lib/gcc/i686-linux-gnu/5/../../../i386-linux-gnu/crtn.o
 *(.gnu.warning)

.fini           0x000000000002a164       0x14
 *(SORT(.fini))
 .fini          0x000000000002a164        0xf /usr/lib/gcc/i686-linux-gnu/5/../../../i386-linux-gnu/crti.o
                0x000000000002a164                _fini
 .fini          0x000000000002a173        0x5 /usr/lib/gcc/i686-linux-gnu/5/../../../i386-linux-gnu/crtn.o
                [!provide]                        PROVIDE (__etext, .)
                [!provide]                        PROVIDE (_etext, .)
                [!provide]                        PROVIDE (etext, .)

.rodata         0x000000000002a180      0xb4b
 *(.rodata .rodata.* .gnu.linkonce.r.*)
 .rodata        0x000000000002a180       0xab oxygen_sensor.o
                0x000000000002a1d0                autostart_processes
 *fill*         0x000000000002a22b        0x1 
 .rodata        0x000000000002a22c        0x8 build/cooja/mtype523.a(beep.o)
                0x000000000002a22c                beep_interface
 .rodata        0x000000000002a234        0xe build/cooja/mtype523.a(leds-arch.o)
                0x000000000002a234                leds_interface
                0x000000000002a23c                leds_arch_leds
 *fill*         0x000000000002a242        0x2 
 .rodata        0x000000000002a244        0x8 build/cooja/mtype523.a(moteid.o)
                0x000000000002a244                moteid_interface
 .rodata        0x000000000002a24c       0x1c build/cooja/mtype523.a(pir-sensor.o)
                0x000000000002a24c                pir_interface
                0x000000000002a258                pir_sensor
 .rodata        0x000000000002a268        0xe build/cooja/mtype523.a(rs232.o)
                0x000000000002a268                rs232_interface
 *fill*         0x000000000002a276        0x2 
 .rodata        0x000000000002a278       0x24 build/cooja/mtype523.a(vib-sensor.o)
                0x000000000002a278                vib_interface
                0x000000000002a28c                vib_sensor
 .rodata        0x000000000002a29c        0x8 build/cooja/mtype523.a(clock.o)
                0x000000000002a29c                clock_interface
 .rodata        0x000000000002a2a4        0x8 build/cooja/mtype523.a(cooja-log.o)
                0x000000000002a2a4                simlog_interface
 .rodata        0x000000000002a2ac       0x2f build/cooja/mtype523.a(cfs-cooja.o)
                0x000000000002a2ac                cfs_interface
 *fill*         0x000000000002a2db        0x5 
 .rodata        0x000000000002a2e0       0xb8 build/cooja/mtype523.a(cooja-radio.o)
                0x000000000002a2e0                radio_interface
                0x000000000002a360                cooja_radio_driver
 .rodata        0x000000000002a398        0x8 build/cooja/mtype523.a(eeprom.o)
                0x000000000002a398                eeprom_interface
 .rodata        0x000000000002a3a0        0x8 build/cooja/mtype523.a(sensors.o)
 .rodata        0x000000000002a3a8       0x2c build/cooja/mtype523.a(buttons.o)
                0x000000000002a3a8                button_interface
                0x000000000002a3bc                button_hal_button_count
                0x000000000002a3c4                button_sensor
 .rodata        0x000000000002a3d4      0x13c build/cooja/mtype523.a(oxygen_measurin)
 .rodata        0x000000000002a510       0x41 build/cooja/mtype523.a(coap-engine.o)
 .rodata        0x000000000002a551       0x19 build/cooja/mtype523.a(coap-res-well-k)
 .rodata        0x000000000002a56a       0x11 build/cooja/mtype523.a(coap-observe.o)
 .rodata        0x000000000002a57b       0x35 build/cooja/mtype523.a(coap-uip.o)
 .rodata        0x000000000002a5b0      0x1ac build/cooja/mtype523.a(coap.o)
 .rodata        0x000000000002a75c       0xf8 build/cooja/mtype523.a(contiki-main.o)
 .rodata        0x000000000002a854        0xf build/cooja/mtype523.a(ctimer.o)
 *fill*         0x000000000002a863        0x1 
 .rodata        0x000000000002a864       0xc4 build/cooja/mtype523.a(log.o)
 .rodata        0x000000000002a928        0xc build/cooja/mtype523.a(etimer.o)
 .rodata        0x000000000002a934       0x13 build/cooja/mtype523.a(button-hal.o)
 .rodata        0x000000000002a947        0xe build/cooja/mtype523.a(serial-line.o)
 *fill*         0x000000000002a955        0x3 
 .rodata        0x000000000002a958        0x8 build/cooja/mtype523.a(linkaddr.o)
                0x000000000002a958                linkaddr_null
 .rodata        0x000000000002a960       0x24 build/cooja/mtype523.a(csma.o)
                0x000000000002a968                csma_driver
 .rodata        0x000000000002a984       0x24 build/cooja/mtype523.a(csma-output.o)
 .rodata        0x000000000002a9a8       0x4d build/cooja/mtype523.a(uip-ds6-route.o)
 .rodata        0x000000000002a9f5        0xd build/cooja/mtype523.a(tcpip.o)
 *fill*         0x000000000002aa02        0x2 
 .rodata        0x000000000002aa04       0x30 build/cooja/mtype523.a(sicslowpan.o)
                0x000000000002aa04                unc_llconf
                0x000000000002aa08                unc_ctxconf
                0x000000000002aa0c                unc_mxconf
                0x000000000002aa10                llprefix
                0x000000000002aa24                sicslowpan_driver
 .rodata        0x000000000002aa34       0x2d build/cooja/mtype523.a(uiplib.o)
 *fill*         0x000000000002aa61       0x1f 
 .rodata        0x000000000002aa80       0x74 build/cooja/mtype523.a(rpl.o)
                0x000000000002aaa0                rpl_lite_driver
 .rodata        0x000000000002aaf4       0x20 build/cooja/mtype523.a(coap-timer-defa)
                0x000000000002ab08                coap_timer_default_driver
 .rodata        0x000000000002ab14       0x25 build/cooja/mtype523.a(assert.o)
 *fill*         0x000000000002ab39        0x3 
 .rodata        0x000000000002ab3c        0xc build/cooja/mtype523.a(framer-802154.o)
                0x000000000002ab3c                framer_802154
 .rodata        0x000000000002ab48       0x44 build/cooja/mtype523.a(uip-sr.o)
 .rodata        0x000000000002ab8c       0x58 build/cooja/mtype523.a(rpl-neighbor.o)
 .rodata        0x000000000002abe4       0xdb build/cooja/mtype523.a(rpl-dag.o)
 .rodata        0x000000000002acbf        0xc build/cooja/mtype523.a(rpl-timers.o)

.rodata1
 *(.rodata1)

.eh_frame_hdr   0x000000000002accc     0x1a34
 *(.eh_frame_hdr)
 .eh_frame_hdr  0x000000000002accc     0x1a34 oxygen_sensor.o
                0x000000000002accc                __GNU_EH_FRAME_HDR
 *(.eh_frame_entry .eh_frame_entry.*)

.eh_frame       0x000000000002c700     0x6a50
 *(.eh_frame)
 .eh_frame      0x000000000002c700       0x3c /usr/lib/gcc/i686-linux-gnu/5/../../../i386-linux-gnu/crti.o
                                         0x40 (size before relaxing)
 .eh_frame      0x000000000002c73c       0x40 oxygen_sensor.o
                                         0x58 (size before relaxing)
 .eh_frame      0x000000000002c77c      0x178 build/cooja/mtype523.o
                                        0x190 (size before relaxing)
 .eh_frame      0x000000000002c8f4       0x40 build/cooja/mtype523.a(simEnvChange.o)
                                         0x58 (size before relaxing)
 .eh_frame      0x000000000002c934       0x60 build/cooja/mtype523.a(cooja_mt.o)
                                         0x78 (size before relaxing)
 .eh_frame      0x000000000002c994       0x80 build/cooja/mtype523.a(cooja_mtarch.o)
                                         0x98 (size before relaxing)
 .eh_frame      0x000000000002ca14       0xc8 build/cooja/mtype523.a(rtimer-arch.o)
                                         0xe0 (size before relaxing)
 .eh_frame      0x000000000002cadc      0x160 build/cooja/mtype523.a(beep.o)
                                        0x178 (size before relaxing)
 .eh_frame      0x000000000002cc3c       0x80 build/cooja/mtype523.a(leds-arch.o)
                                         0x98 (size before relaxing)
 .eh_frame      0x000000000002ccbc       0x40 build/cooja/mtype523.a(moteid.o)
                                         0x58 (size before relaxing)
 .eh_frame      0x000000000002ccfc       0xa0 build/cooja/mtype523.a(pir-sensor.o)
                                         0xb8 (size before relaxing)
 .eh_frame      0x000000000002cd9c      0x100 build/cooja/mtype523.a(rs232.o)
                                        0x118 (size before relaxing)
 .eh_frame      0x000000000002ce9c       0xa0 build/cooja/mtype523.a(vib-sensor.o)
                                         0xb8 (size before relaxing)
 .eh_frame      0x000000000002cf3c       0xc0 build/cooja/mtype523.a(clock.o)
                                         0xd8 (size before relaxing)
 .eh_frame      0x000000000002cffc      0x120 build/cooja/mtype523.a(cooja-log.o)
                                        0x138 (size before relaxing)
 .eh_frame      0x000000000002d11c      0x160 build/cooja/mtype523.a(cfs-cooja.o)
                                        0x178 (size before relaxing)
 .eh_frame      0x000000000002d27c      0x340 build/cooja/mtype523.a(cooja-radio.o)
                                        0x358 (size before relaxing)
 .eh_frame      0x000000000002d5bc       0xa0 build/cooja/mtype523.a(eeprom.o)
                                         0xb8 (size before relaxing)
 .eh_frame      0x000000000002d65c       0x40 build/cooja/mtype523.a(random.o)
                                         0x58 (size before relaxing)
 .eh_frame      0x000000000002d69c       0xc0 build/cooja/mtype523.a(sensors.o)
                                         0xd8 (size before relaxing)
 .eh_frame      0x000000000002d75c      0x120 build/cooja/mtype523.a(leds.o)
                                        0x138 (size before relaxing)
 .eh_frame      0x000000000002d87c      0x220 build/cooja/mtype523.a(gpio-hal-arch.o)
                                        0x238 (size before relaxing)
 .eh_frame      0x000000000002da9c       0xa0 build/cooja/mtype523.a(buttons.o)
                                         0xb8 (size before relaxing)
 .eh_frame      0x000000000002db3c       0x80 build/cooja/mtype523.a(oxygen_measurin)
                                         0x98 (size before relaxing)
 .eh_frame      0x000000000002dbbc       0x44 build/cooja/mtype523.a(coap-blocking-a)
                                         0x5c (size before relaxing)
 .eh_frame      0x000000000002dc00      0x220 build/cooja/mtype523.a(coap-engine.o)
                                        0x238 (size before relaxing)
 .eh_frame      0x000000000002de20       0x24 build/cooja/mtype523.a(coap-res-well-k)
                                         0x3c (size before relaxing)
 .eh_frame      0x000000000002de44      0x188 build/cooja/mtype523.a(coap-observe.o)
                                        0x1a0 (size before relaxing)
 .eh_frame      0x000000000002dfcc      0x250 build/cooja/mtype523.a(coap-uip.o)
                                        0x268 (size before relaxing)
 .eh_frame      0x000000000002e21c      0x114 build/cooja/mtype523.a(coap-timer.o)
                                        0x12c (size before relaxing)
 .eh_frame      0x000000000002e330      0x100 build/cooja/mtype523.a(coap-transactio)
                                        0x118 (size before relaxing)
 .eh_frame      0x000000000002e430      0x6ec build/cooja/mtype523.a(coap.o)
                                        0x704 (size before relaxing)
 .eh_frame      0x000000000002eb1c       0x30 build/cooja/mtype523.a(contiki-main.o)
                                         0x48 (size before relaxing)
 .eh_frame      0x000000000002eb4c       0x40 build/cooja/mtype523.a(autostart.o)
                                         0x58 (size before relaxing)
 .eh_frame      0x000000000002eb8c      0x100 build/cooja/mtype523.a(ctimer.o)
                                        0x118 (size before relaxing)
 .eh_frame      0x000000000002ec8c      0x120 build/cooja/mtype523.a(log.o)
                                        0x138 (size before relaxing)
 .eh_frame      0x000000000002edac       0x60 build/cooja/mtype523.a(energest.o)
                                         0x78 (size before relaxing)
 .eh_frame      0x000000000002ee0c      0x1e0 build/cooja/mtype523.a(etimer.o)
                                        0x1f8 (size before relaxing)
 .eh_frame      0x000000000002efec       0x20 build/cooja/mtype523.a(node-id.o)
                                         0x38 (size before relaxing)
 .eh_frame      0x000000000002f00c       0x60 build/cooja/mtype523.a(rtimer.o)
                                         0x78 (size before relaxing)
 .eh_frame      0x000000000002f06c      0x1c4 build/cooja/mtype523.a(process.o)
                                        0x1dc (size before relaxing)
 .eh_frame      0x000000000002f230       0xa4 build/cooja/mtype523.a(timer.o)
                                         0xbc (size before relaxing)
 .eh_frame      0x000000000002f2d4      0x1a0 build/cooja/mtype523.a(list.o)
                                        0x1b8 (size before relaxing)
 .eh_frame      0x000000000002f474       0xa0 build/cooja/mtype523.a(memb.o)
                                         0xb8 (size before relaxing)
 .eh_frame      0x000000000002f514      0x164 build/cooja/mtype523.a(button-hal.o)
                                        0x17c (size before relaxing)
 .eh_frame      0x000000000002f678       0x60 build/cooja/mtype523.a(serial-line.o)
                                         0x78 (size before relaxing)
 .eh_frame      0x000000000002f6d8       0xe0 build/cooja/mtype523.a(gpio-hal.o)
                                         0xf8 (size before relaxing)
 .eh_frame      0x000000000002f7b8      0x1a0 build/cooja/mtype523.a(queuebuf.o)
                                        0x1b8 (size before relaxing)
 .eh_frame      0x000000000002f958      0x28c build/cooja/mtype523.a(packetbuf.o)
                                        0x2a4 (size before relaxing)
 .eh_frame      0x000000000002fbe4       0x80 build/cooja/mtype523.a(netstack.o)
                                         0x98 (size before relaxing)
 .eh_frame      0x000000000002fc64       0x60 build/cooja/mtype523.a(linkaddr.o)
                                         0x78 (size before relaxing)
 .eh_frame      0x000000000002fcc4       0xe0 build/cooja/mtype523.a(csma.o)
                                         0xf8 (size before relaxing)
 .eh_frame      0x000000000002fda4      0x1d0 build/cooja/mtype523.a(csma-output.o)
                                        0x1e8 (size before relaxing)
 .eh_frame      0x000000000002ff74      0x328 build/cooja/mtype523.a(uip-ds6.o)
                                        0x340 (size before relaxing)
 .eh_frame      0x000000000003029c       0x40 build/cooja/mtype523.a(uip-udp-packet.)
                                         0x58 (size before relaxing)
 .eh_frame      0x00000000000302dc      0x240 build/cooja/mtype523.a(uip-ds6-route.o)
                                        0x258 (size before relaxing)
 .eh_frame      0x000000000003051c      0x244 build/cooja/mtype523.a(tcpip.o)
                                        0x25c (size before relaxing)
 .eh_frame      0x0000000000030760      0x1e8 build/cooja/mtype523.a(uip6.o)
                                        0x200 (size before relaxing)
 .eh_frame      0x0000000000030948      0x1c0 build/cooja/mtype523.a(uip-ds6-nbr.o)
                                        0x1d8 (size before relaxing)
 .eh_frame      0x0000000000030b08       0x84 build/cooja/mtype523.a(uip-nd6.o)
                                         0x9c (size before relaxing)
 .eh_frame      0x0000000000030b8c      0x2f8 build/cooja/mtype523.a(sicslowpan.o)
                                        0x310 (size before relaxing)
 .eh_frame      0x0000000000030e84       0x88 build/cooja/mtype523.a(uiplib.o)
                                         0xa0 (size before relaxing)
 .eh_frame      0x0000000000030f0c      0x1e0 build/cooja/mtype523.a(rpl.o)
                                        0x1f8 (size before relaxing)
 .eh_frame      0x00000000000310ec      0x1c4 build/cooja/mtype523.a(rpl-icmp6.o)
                                        0x1dc (size before relaxing)
 .eh_frame      0x00000000000312b0       0xa0 build/cooja/mtype523.a(rpl-dag-root.o)
                                         0xb8 (size before relaxing)
 .eh_frame      0x0000000000031350       0xa0 build/cooja/mtype523.a(watchdog.o)
                                         0xb8 (size before relaxing)
 .eh_frame      0x00000000000313f0       0x80 build/cooja/mtype523.a(int-master.o)
                                         0x98 (size before relaxing)
 .eh_frame      0x0000000000031470       0xa4 build/cooja/mtype523.a(coap-timer-defa)
                                         0xbc (size before relaxing)
 .eh_frame      0x0000000000031514       0xc4 build/cooja/mtype523.a(stimer.o)
                                         0xdc (size before relaxing)
 .eh_frame      0x00000000000315d8       0xa0 build/cooja/mtype523.a(ringbuf.o)
                                         0xb8 (size before relaxing)
 .eh_frame      0x0000000000031678       0x20 build/cooja/mtype523.a(assert.o)
                                         0x38 (size before relaxing)
 .eh_frame      0x0000000000031698      0x3f0 build/cooja/mtype523.a(nbr-table.o)
                                        0x408 (size before relaxing)
 .eh_frame      0x0000000000031a88      0x120 build/cooja/mtype523.a(link-stats.o)
                                        0x138 (size before relaxing)
 .eh_frame      0x0000000000031ba8       0x48 build/cooja/mtype523.a(mac-sequence.o)
                                         0x60 (size before relaxing)
 .eh_frame      0x0000000000031bf0       0x20 build/cooja/mtype523.a(mac.o)
                                         0x38 (size before relaxing)
 .eh_frame      0x0000000000031c10       0xa4 build/cooja/mtype523.a(framer-802154.o)
                                         0xbc (size before relaxing)
 .eh_frame      0x0000000000031cb4      0x1a4 build/cooja/mtype523.a(frame802154.o)
                                        0x1bc (size before relaxing)
 .eh_frame      0x0000000000031e58       0x40 build/cooja/mtype523.a(csma-security.o)
                                         0x58 (size before relaxing)
 .eh_frame      0x0000000000031e98      0x200 build/cooja/mtype523.a(uipbuf.o)
                                        0x218 (size before relaxing)
 .eh_frame      0x0000000000032098      0x150 build/cooja/mtype523.a(uip-icmp6.o)
                                        0x168 (size before relaxing)
 .eh_frame      0x00000000000321e8      0x184 build/cooja/mtype523.a(uip-sr.o)
                                        0x19c (size before relaxing)
 .eh_frame      0x000000000003236c       0xe0 build/cooja/mtype523.a(uip-packetqueue)
                                         0xf8 (size before relaxing)
 .eh_frame      0x000000000003244c       0x44 build/cooja/mtype523.a(rpl-nbr-policy.)
                                         0x5c (size before relaxing)
 .eh_frame      0x0000000000032490      0x2b4 build/cooja/mtype523.a(rpl-neighbor.o)
                                        0x2cc (size before relaxing)
 .eh_frame      0x0000000000032744      0x370 build/cooja/mtype523.a(rpl-dag.o)
                                        0x388 (size before relaxing)
 .eh_frame      0x0000000000032ab4      0x3a8 build/cooja/mtype523.a(rpl-timers.o)
                                        0x3c0 (size before relaxing)
 .eh_frame      0x0000000000032e5c      0x124 build/cooja/mtype523.a(rpl-ext-header.)
                                        0x13c (size before relaxing)
 .eh_frame      0x0000000000032f80      0x148 build/cooja/mtype523.a(rpl-mrhof.o)
                                        0x160 (size before relaxing)
 .eh_frame      0x00000000000330c8       0x84 /usr/lib/gcc/i686-linux-gnu/5/libgcc.a(_udivdi3.o)
                                         0x9c (size before relaxing)
 .eh_frame      0x000000000003314c        0x4 /usr/lib/gcc/i686-linux-gnu/5/crtendS.o
 *(.eh_frame.*)

.gcc_except_table
 *(.gcc_except_table .gcc_except_table.*)

.gnu_extab
 *(.gnu_extab*)

.exception_ranges
 *(.exception_ranges .exception_ranges*)
                0x0000000000034f10                . = DATA_SEGMENT_ALIGN (0x1000, 0x1000)

.eh_frame
 *(.eh_frame)
 *(.eh_frame.*)

.gnu_extab
 *(.gnu_extab)

.gcc_except_table
 *(.gcc_except_table .gcc_except_table.*)

.exception_ranges
 *(.exception_ranges .exception_ranges*)

.tdata
 *(.tdata .tdata.* .gnu.linkonce.td.*)

.tbss
 *(.tbss .tbss.* .gnu.linkonce.tb.*)
 *(.tcommon)

.preinit_array
 *(.preinit_array)

.init_array     0x0000000000034f10        0x4
 *(SORT(.init_array.*) SORT(.ctors.*))
 *(.init_array EXCLUDE_FILE(*crtend?.o *crtend.o *crtbegin?.o *crtbegin.o) .ctors)
 .init_array    0x0000000000034f10        0x4 /usr/lib/gcc/i686-linux-gnu/5/crtbeginS.o

.fini_array     0x0000000000034f14        0x4
 *(SORT(.fini_array.*) SORT(.dtors.*))
 *(.fini_array EXCLUDE_FILE(*crtend?.o *crtend.o *crtbegin?.o *crtbegin.o) .dtors)
 .fini_array    0x0000000000034f14        0x4 /usr/lib/gcc/i686-linux-gnu/5/crtbeginS.o

.ctors
 *crtbegin.o(.ctors)
 *crtbegin?.o(.ctors)
 *(EXCLUDE_FILE(*crtend?.o *crtend.o) .ctors)
 *(SORT(.ctors.*))
 *(.ctors)

.dtors
 *crtbegin.o(.dtors)
 *crtbegin?.o(.dtors)
 *(EXCLUDE_FILE(*crtend?.o *crtend.o) .dtors)
 *(SORT(.dtors.*))
 *(.dtors)

.jcr            0x0000000000034f18        0x4
 *(.jcr)
 .jcr           0x0000000000034f18        0x0 /usr/lib/gcc/i686-linux-gnu/5/crtbeginS.o
 .jcr           0x0000000000034f18        0x4 /usr/lib/gcc/i686-linux-gnu/5/crtendS.o

.data.rel.ro
 *(.data.rel.ro.local* .gnu.linkonce.d.rel.ro.local.*)
 *(.data.rel.ro .data.rel.ro.* .gnu.linkonce.d.rel.ro.*)

.dynamic        0x0000000000034f1c       0xd0
 *(.dynamic)
 .dynamic       0x0000000000034f1c       0xd0 /usr/lib/gcc/i686-linux-gnu/5/../../../i386-linux-gnu/crti.o
                0x0000000000034f1c                _DYNAMIC

.got            0x0000000000034fec       0x14
 *(.got)
 .got           0x0000000000034fec       0x14 /usr/lib/gcc/i686-linux-gnu/5/../../../i386-linux-gnu/crti.o
 *(.igot)
                0x0000000000035ff4                . = DATA_SEGMENT_RELRO_END (., (SIZEOF (.got.plt) >= 0xc)?0xc:0x0)

.got.plt        0x0000000000035000        0xc
 *(.got.plt)
 .got.plt       0x0000000000035000        0xc /usr/lib/gcc/i686-linux-gnu/5/../../../i386-linux-gnu/crti.o
                0x0000000000035000                _GLOBAL_OFFSET_TABLE_
 *(.igot.plt)

.data           0x0000000000035020      0x464
 *(.data .data.* .gnu.linkonce.d.*)
 .data          0x0000000000035020        0x0 /usr/lib/gcc/i686-linux-gnu/5/../../../i386-linux-gnu/crti.o
 .data          0x0000000000035020        0x0 /usr/lib/gcc/i686-linux-gnu/5/crtbeginS.o
 .data.rel.local
                0x0000000000035020        0x4 /usr/lib/gcc/i686-linux-gnu/5/crtbeginS.o
                0x0000000000035020                __dso_handle
 .data          0x0000000000035024       0x14 oxygen_sensor.o
                0x0000000000035028                oxygen_sensor
 *fill*         0x0000000000035038        0x8 
 .data          0x0000000000035040       0x44 build/cooja/mtype523.o
                0x0000000000035040                simInterfaces
                0x0000000000035074                sensors
 .data          0x0000000000035084        0x0 build/cooja/mtype523.a(simEnvChange.o)
 .data          0x0000000000035084        0x0 build/cooja/mtype523.a(cooja_mt.o)
 .data          0x0000000000035084        0x0 build/cooja/mtype523.a(cooja_mtarch.o)
 .data          0x0000000000035084        0x0 build/cooja/mtype523.a(rtimer-arch.o)
 .data          0x0000000000035084        0x0 build/cooja/mtype523.a(beep.o)
 .data          0x0000000000035084        0x0 build/cooja/mtype523.a(leds-arch.o)
 .data          0x0000000000035084        0x0 build/cooja/mtype523.a(moteid.o)
 .data          0x0000000000035084        0x0 build/cooja/mtype523.a(pir-sensor.o)
 .data          0x0000000000035084        0x0 build/cooja/mtype523.a(rs232.o)
 .data          0x0000000000035084        0x0 build/cooja/mtype523.a(vib-sensor.o)
 .data          0x0000000000035084        0x0 build/cooja/mtype523.a(clock.o)
 .data          0x0000000000035084        0x0 build/cooja/mtype523.a(cooja-log.o)
 .data          0x0000000000035084        0x0 build/cooja/mtype523.a(cfs-cooja.o)
 .data          0x0000000000035084       0x2c build/cooja/mtype523.a(cooja-radio.o)
                0x0000000000035084                simRadioHWOn
                0x0000000000035088                simSignalStrength
                0x000000000003508c                simLastSignalStrength
                0x0000000000035090                simPower
                0x0000000000035094                simRadioChannel
                0x0000000000035098                simLQI
                0x00000000000350a0                cooja_radio_process
 .data          0x00000000000350b0        0x0 build/cooja/mtype523.a(eeprom.o)
 .data          0x00000000000350b0        0x0 build/cooja/mtype523.a(random.o)
 .data          0x00000000000350b0       0x10 build/cooja/mtype523.a(sensors.o)
                0x00000000000350b0                sensors_process
 .data          0x00000000000350c0        0x0 build/cooja/mtype523.a(leds.o)
 .data          0x00000000000350c0        0x0 build/cooja/mtype523.a(gpio-hal-arch.o)
 .data          0x00000000000350c0       0x78 build/cooja/mtype523.a(buttons.o)
                0x00000000000350c0                simButtonIsActive
                0x0000000000035130                button_hal_buttons
 *fill*         0x0000000000035138        0x8 
 .data          0x0000000000035140       0x44 build/cooja/mtype523.a(oxygen_measurin)
                0x0000000000035140                oxygen_level
                0x0000000000035160                oxygen_measuring_device
 .data          0x0000000000035184        0x0 build/cooja/mtype523.a(coap-blocking-a)
 .data          0x0000000000035184        0x8 build/cooja/mtype523.a(coap-engine.o)
 *fill*         0x000000000003518c       0x14 
 .data          0x00000000000351a0       0x24 build/cooja/mtype523.a(coap-res-well-k)
                0x00000000000351a0                res_well_known_core
 .data          0x00000000000351c4       0x10 build/cooja/mtype523.a(coap-observe.o)
 .data          0x00000000000351d4       0x10 build/cooja/mtype523.a(coap-uip.o)
                0x00000000000351d4                coap_engine
 .data          0x00000000000351e4        0x4 build/cooja/mtype523.a(coap-timer.o)
 .data          0x00000000000351e8       0x10 build/cooja/mtype523.a(coap-transactio)
 .data          0x00000000000351f8        0x4 build/cooja/mtype523.a(coap.o)
                0x00000000000351f8                coap_error_message
 .data          0x00000000000351fc        0x0 build/cooja/mtype523.a(contiki-main.o)
 .data          0x00000000000351fc        0x0 build/cooja/mtype523.a(autostart.o)
 .data          0x00000000000351fc       0x14 build/cooja/mtype523.a(ctimer.o)
                0x0000000000035200                ctimer_process
 *fill*         0x0000000000035210       0x10 
 .data          0x0000000000035220       0xbc build/cooja/mtype523.a(log.o)
                0x0000000000035220                curr_log_level_main
                0x0000000000035240                all_modules
 .data          0x00000000000352dc        0x0 build/cooja/mtype523.a(energest.o)
 .data          0x00000000000352dc       0x10 build/cooja/mtype523.a(etimer.o)
                0x00000000000352dc                etimer_process
 .data          0x00000000000352ec        0x0 build/cooja/mtype523.a(node-id.o)
 .data          0x00000000000352ec        0x0 build/cooja/mtype523.a(rtimer.o)
 .data          0x00000000000352ec        0x0 build/cooja/mtype523.a(process.o)
 .data          0x00000000000352ec        0x0 build/cooja/mtype523.a(timer.o)
 .data          0x00000000000352ec        0x0 build/cooja/mtype523.a(list.o)
 .data          0x00000000000352ec        0x0 build/cooja/mtype523.a(memb.o)
 .data          0x00000000000352ec       0x10 build/cooja/mtype523.a(button-hal.o)
                0x00000000000352ec                button_hal_process
 .data          0x00000000000352fc       0x10 build/cooja/mtype523.a(serial-line.o)
                0x00000000000352fc                serial_line_process
 .data          0x000000000003530c        0x4 build/cooja/mtype523.a(gpio-hal.o)
 .data          0x0000000000035310       0x18 build/cooja/mtype523.a(queuebuf.o)
 .data          0x0000000000035328        0x4 build/cooja/mtype523.a(packetbuf.o)
 .data          0x000000000003532c        0x4 build/cooja/mtype523.a(netstack.o)
 .data          0x0000000000035330        0x0 build/cooja/mtype523.a(linkaddr.o)
 .data          0x0000000000035330        0x0 build/cooja/mtype523.a(csma.o)
 .data          0x0000000000035330       0x28 build/cooja/mtype523.a(csma-output.o)
 .data          0x0000000000035358        0x0 build/cooja/mtype523.a(uip-ds6.o)
 .data          0x0000000000035358        0x0 build/cooja/mtype523.a(uip-udp-packet.)
 .data          0x0000000000035358       0x10 build/cooja/mtype523.a(uip-ds6-route.o)
 .data          0x0000000000035368       0x10 build/cooja/mtype523.a(tcpip.o)
                0x0000000000035368                tcpip_process
 .data          0x0000000000035378        0x0 build/cooja/mtype523.a(uip6.o)
 .data          0x0000000000035378       0x14 build/cooja/mtype523.a(uip-ds6-nbr.o)
 .data          0x000000000003538c        0xc build/cooja/mtype523.a(uip-nd6.o)
 .data          0x0000000000035398        0x0 build/cooja/mtype523.a(sicslowpan.o)
 .data          0x0000000000035398        0x0 build/cooja/mtype523.a(uiplib.o)
 .data          0x0000000000035398        0x0 build/cooja/mtype523.a(rpl.o)
 .data          0x0000000000035398       0x30 build/cooja/mtype523.a(rpl-icmp6.o)
 .data          0x00000000000353c8        0x0 build/cooja/mtype523.a(rpl-dag-root.o)
 .data          0x00000000000353c8        0x0 build/cooja/mtype523.a(watchdog.o)
 .data          0x00000000000353c8        0x0 build/cooja/mtype523.a(int-master.o)
 .data          0x00000000000353c8       0x10 build/cooja/mtype523.a(coap-timer-defa)
                0x00000000000353c8                coap_timer_process
 .data          0x00000000000353d8        0x0 build/cooja/mtype523.a(stimer.o)
 .data          0x00000000000353d8        0x0 build/cooja/mtype523.a(ringbuf.o)
 .data          0x00000000000353d8        0x0 build/cooja/mtype523.a(assert.o)
 .data          0x00000000000353d8       0x10 build/cooja/mtype523.a(nbr-table.o)
 .data          0x00000000000353e8       0x14 build/cooja/mtype523.a(link-stats.o)
 .data          0x00000000000353fc        0x0 build/cooja/mtype523.a(mac-sequence.o)
 .data          0x00000000000353fc        0x0 build/cooja/mtype523.a(mac.o)
 .data          0x00000000000353fc        0x0 build/cooja/mtype523.a(framer-802154.o)
 .data          0x00000000000353fc        0x2 build/cooja/mtype523.a(frame802154.o)
 .data          0x00000000000353fe        0x0 build/cooja/mtype523.a(csma-security.o)
 .data          0x00000000000353fe        0x0 build/cooja/mtype523.a(uipbuf.o)
 *fill*         0x00000000000353fe        0x2 
 .data          0x0000000000035400       0x20 build/cooja/mtype523.a(uip-icmp6.o)
 .data          0x0000000000035420       0x10 build/cooja/mtype523.a(uip-sr.o)
 .data          0x0000000000035430        0xc build/cooja/mtype523.a(uip-packetqueue)
 .data          0x000000000003543c        0x0 build/cooja/mtype523.a(rpl-nbr-policy.)
 .data          0x000000000003543c       0x14 build/cooja/mtype523.a(rpl-neighbor.o)
                0x000000000003544c                rpl_neighbors
 .data          0x0000000000035450        0x0 build/cooja/mtype523.a(rpl-dag.o)
 .data          0x0000000000035450        0x0 build/cooja/mtype523.a(rpl-timers.o)
 .data          0x0000000000035450        0x0 build/cooja/mtype523.a(rpl-ext-header.)
 *fill*         0x0000000000035450       0x10 
 .data          0x0000000000035460       0x24 build/cooja/mtype523.a(rpl-mrhof.o)
                0x0000000000035460                rpl_mrhof
 .data          0x0000000000035484        0x0 /usr/lib/gcc/i686-linux-gnu/5/libgcc.a(_udivdi3.o)
 .data          0x0000000000035484        0x0 /usr/lib/gcc/i686-linux-gnu/5/crtendS.o
 .data          0x0000000000035484        0x0 /usr/lib/gcc/i686-linux-gnu/5/../../../i386-linux-gnu/crtn.o

.tm_clone_table
                0x0000000000035484        0x0
 .tm_clone_table
                0x0000000000035484        0x0 /usr/lib/gcc/i686-linux-gnu/5/crtbeginS.o
 .tm_clone_table
                0x0000000000035484        0x0 /usr/lib/gcc/i686-linux-gnu/5/crtendS.o

.data1
 *(.data1)
                0x0000000000035484                _edata = .
                [!provide]                        PROVIDE (edata, .)
                0x0000000000035484                . = .
                0x0000000000035484                __bss_start = .

.bss            0x00000000000354a0    0x13f04
 *(.dynbss)
 .dynbss        0x00000000000354a0        0x0 /usr/lib/gcc/i686-linux-gnu/5/../../../i386-linux-gnu/crti.o
 *(.bss .bss.* .gnu.linkonce.b.*)
 .bss           0x00000000000354a0        0x0 /usr/lib/gcc/i686-linux-gnu/5/../../../i386-linux-gnu/crti.o
 .bss           0x00000000000354a0        0x1 /usr/lib/gcc/i686-linux-gnu/5/crtbeginS.o
 *fill*         0x00000000000354a1       0x1f 
 .bss           0x00000000000354c0      0x11c oxygen_sensor.o
 *fill*         0x00000000000355dc        0x4 
 .bss           0x00000000000355e0     0x2030 build/cooja/mtype523.o
 .bss           0x0000000000037610        0x1 build/cooja/mtype523.a(simEnvChange.o)
                0x0000000000037610                simDontFallAsleep
 *fill*         0x0000000000037611        0x3 
 .bss           0x0000000000037614        0x4 build/cooja/mtype523.a(cooja_mt.o)
 .bss           0x0000000000037618        0x4 build/cooja/mtype523.a(cooja_mtarch.o)
 .bss           0x000000000003761c        0x0 build/cooja/mtype523.a(rtimer-arch.o)
 .bss           0x000000000003761c        0x0 build/cooja/mtype523.a(beep.o)
 .bss           0x000000000003761c        0x1 build/cooja/mtype523.a(leds-arch.o)
                0x000000000003761c                simLedsValue
 .bss           0x000000000003761d        0x0 build/cooja/mtype523.a(moteid.o)
 .bss           0x000000000003761d        0x1 build/cooja/mtype523.a(pir-sensor.o)
                0x000000000003761d                simPirValue
 *fill*         0x000000000003761e        0x2 
 .bss           0x0000000000037620        0x4 build/cooja/mtype523.a(rs232.o)
 .bss           0x0000000000037624        0x1 build/cooja/mtype523.a(vib-sensor.o)
                0x0000000000037624                simVibValue
 .bss           0x0000000000037625        0x0 build/cooja/mtype523.a(clock.o)
 *fill*         0x0000000000037625       0x1b 
 .bss           0x0000000000037640     0x2020 build/cooja/mtype523.a(cooja-log.o)
 .bss           0x0000000000039660      0xfc0 build/cooja/mtype523.a(cfs-cooja.o)
                0x0000000000039660                simCFSData
                0x000000000003a600                simCFSSize
                0x000000000003a604                simCFSChanged
                0x000000000003a608                simCFSRead
                0x000000000003a60c                simCFSWritten
 .bss           0x000000000003a620       0x24 build/cooja/mtype523.a(cooja-radio.o)
                0x000000000003a620                simReceiving
                0x000000000003a624                simInSize
                0x000000000003a628                simLastPacketTimestamp
                0x000000000003a630                simOutSize
 .bss           0x000000000003a644        0xc build/cooja/mtype523.a(eeprom.o)
                0x000000000003a644                simEEPROMChanged
                0x000000000003a648                simEEPROMRead
                0x000000000003a64c                simEEPROMWritten
 .bss           0x000000000003a650        0x0 build/cooja/mtype523.a(random.o)
 .bss           0x000000000003a650        0xc build/cooja/mtype523.a(sensors.o)
 .bss           0x000000000003a65c        0x0 build/cooja/mtype523.a(leds.o)
 .bss           0x000000000003a65c       0x24 build/cooja/mtype523.a(gpio-hal-arch.o)
 .bss           0x000000000003a680        0x0 build/cooja/mtype523.a(buttons.o)
 .bss           0x000000000003a680        0x8 build/cooja/mtype523.a(oxygen_measurin)
                0x000000000003a680                actuatorStatus
 .bss           0x000000000003a688        0x0 build/cooja/mtype523.a(coap-blocking-a)
 *fill*         0x000000000003a688       0x18 
 .bss           0x000000000003a6a0      0x190 build/cooja/mtype523.a(coap-engine.o)
 .bss           0x000000000003a830        0x0 build/cooja/mtype523.a(coap-res-well-k)
 *fill*         0x000000000003a830       0x10 
 .bss           0x000000000003a840      0x120 build/cooja/mtype523.a(coap-observe.o)
 .bss           0x000000000003a960       0x18 build/cooja/mtype523.a(coap-uip.o)
 .bss           0x000000000003a978        0x5 build/cooja/mtype523.a(coap-timer.o)
 *fill*         0x000000000003a97d        0x3 
 .bss           0x000000000003a980      0x334 build/cooja/mtype523.a(coap-transactio)
 .bss           0x000000000003acb4        0x6 build/cooja/mtype523.a(coap.o)
                0x000000000003acb4                coap_status_code
 .bss           0x000000000003acba        0x0 build/cooja/mtype523.a(contiki-main.o)
 .bss           0x000000000003acba        0x0 build/cooja/mtype523.a(autostart.o)
 *fill*         0x000000000003acba        0x2 
 .bss           0x000000000003acbc        0x5 build/cooja/mtype523.a(ctimer.o)
 *fill*         0x000000000003acc1        0x3 
 .bss           0x000000000003acc4       0x2c build/cooja/mtype523.a(log.o)
                0x000000000003acc4                curr_log_level_rpl
                0x000000000003acc8                curr_log_level_tcpip
                0x000000000003accc                curr_log_level_ipv6
                0x000000000003acd0                curr_log_level_6lowpan
                0x000000000003acd4                curr_log_level_nullnet
                0x000000000003acd8                curr_log_level_mac
                0x000000000003acdc                curr_log_level_framer
                0x000000000003ace0                curr_log_level_6top
                0x000000000003ace4                curr_log_level_coap
                0x000000000003ace8                curr_log_level_snmp
                0x000000000003acec                curr_log_level_lwm2m
 .bss           0x000000000003acf0        0x0 build/cooja/mtype523.a(energest.o)
 .bss           0x000000000003acf0        0x8 build/cooja/mtype523.a(etimer.o)
 .bss           0x000000000003acf8        0x2 build/cooja/mtype523.a(node-id.o)
                0x000000000003acf8                node_id
 *fill*         0x000000000003acfa        0x2 
 .bss           0x000000000003acfc        0x4 build/cooja/mtype523.a(rtimer.o)
 .bss           0x000000000003ad00      0x1a1 build/cooja/mtype523.a(process.o)
                0x000000000003ad00                process_list
                0x000000000003ad04                process_current
 .bss           0x000000000003aea1        0x0 build/cooja/mtype523.a(timer.o)
 .bss           0x000000000003aea1        0x0 build/cooja/mtype523.a(list.o)
 .bss           0x000000000003aea1        0x0 build/cooja/mtype523.a(memb.o)
 *fill*         0x000000000003aea1        0x3 
 .bss           0x000000000003aea4       0x10 build/cooja/mtype523.a(button-hal.o)
 *fill*         0x000000000003aeb4        0xc 
 .bss           0x000000000003aec0      0x140 build/cooja/mtype523.a(serial-line.o)
 .bss           0x000000000003b000        0x4 build/cooja/mtype523.a(gpio-hal.o)
 *fill*         0x000000000003b004       0x1c 
 .bss           0x000000000003b020     0x2c80 build/cooja/mtype523.a(queuebuf.o)
 .bss           0x000000000003dca0       0xa0 build/cooja/mtype523.a(packetbuf.o)
 .bss           0x000000000003dd40        0x4 build/cooja/mtype523.a(netstack.o)
 .bss           0x000000000003dd44        0x0 build/cooja/mtype523.a(linkaddr.o)
 .bss           0x000000000003dd44        0x0 build/cooja/mtype523.a(csma.o)
 *fill*         0x000000000003dd44       0x1c 
 .bss           0x000000000003dd60      0x726 build/cooja/mtype523.a(csma-output.o)
 *fill*         0x000000000003e486        0x2 
 .bss           0x000000000003e488       0x30 build/cooja/mtype523.a(uip-ds6.o)
 .bss           0x000000000003e4b8        0x0 build/cooja/mtype523.a(uip-udp-packet.)
 *fill*         0x000000000003e4b8        0x8 
 .bss           0x000000000003e4c0       0x60 build/cooja/mtype523.a(uip-ds6-route.o)
 .bss           0x000000000003e520       0x10 build/cooja/mtype523.a(tcpip.o)
 .bss           0x000000000003e530        0x8 build/cooja/mtype523.a(uip6.o)
                0x000000000003e530                uip_ext_bitmap
                0x000000000003e532                uip_ext_len
                0x000000000003e534                uip_last_proto
 *fill*         0x000000000003e538        0x8 