Archive member included to satisfy reference by file (symbol)

build/cooja/mtype879.a(simEnvChange.o)
                              build/cooja/mtype879.o (simDontFallAsleep)
build/cooja/mtype879.a(cooja_mt.o)
                              build/cooja/mtype879.o (cooja_mt_start)
build/cooja/mtype879.a(cooja_mtarch.o)
                              build/cooja/mtype879.a(cooja_mt.o) (cooja_mtarch_start)
build/cooja/mtype879.a(rtimer-arch.o)
                              build/cooja/mtype879.o (rtimer_arch_check)
build/cooja/mtype879.a(beep.o)
                              build/cooja/mtype879.o (beep_interface)
build/cooja/mtype879.a(leds-arch.o)
                              build/cooja/mtype879.o (leds_interface)
build/cooja/mtype879.a(moteid.o)
                              build/cooja/mtype879.o (moteid_interface)
build/cooja/mtype879.a(pir-sensor.o)
                              build/cooja/mtype879.o (pir_interface)
build/cooja/mtype879.a(rs232.o)
                              build/cooja/mtype879.o (rs232_interface)
build/cooja/mtype879.a(vib-sensor.o)
                              build/cooja/mtype879.o (vib_interface)
build/cooja/mtype879.a(clock.o)
                              build/cooja/mtype879.o (clock_interface)
build/cooja/mtype879.a(cooja-log.o)
                              build/cooja/mtype879.o (simlog_interface)
build/cooja/mtype879.a(cfs-cooja.o)
                              build/cooja/mtype879.o (cfs_interface)
build/cooja/mtype879.a(cooja-radio.o)
                              build/cooja/mtype879.o (radio_interface)
build/cooja/mtype879.a(eeprom.o)
                              build/cooja/mtype879.o (eeprom_interface)
build/cooja/mtype879.a(random.o)
                              build/cooja/mtype879.a(moteid.o) (random_init)
build/cooja/mtype879.a(sensors.o)
                              build/cooja/mtype879.a(pir-sensor.o) (sensors_changed)
build/cooja/mtype879.a(leds.o)
                              build/cooja/mtype879.a(leds-arch.o) (leds_get)
build/cooja/mtype879.a(gpio-hal-arch.o)
                              build/cooja/mtype879.a(leds-arch.o) (gpio_hal_arch_register_pin_callback)
build/cooja/mtype879.a(buttons.o)
                              build/cooja/mtype879.o (button_interface)
build/cooja/mtype879.a(water_generator)
                              water_actuator.o (water_generator)
build/cooja/mtype879.a(coap-observe-cl)
                              water_actuator.o (coap_obs_request_registration)
build/cooja/mtype879.a(coap-blocking-a)
                              water_actuator.o (coap_blocking_request)
build/cooja/mtype879.a(coap-engine.o)
                              water_actuator.o (coap_activate_resource)
build/cooja/mtype879.a(coap-res-well-k)
                              build/cooja/mtype879.a(coap-engine.o) (res_well_known_core)
build/cooja/mtype879.a(coap-observe.o)
                              build/cooja/mtype879.a(coap-engine.o) (coap_remove_observer_by_mid)
build/cooja/mtype879.a(coap-uip.o)
                              water_actuator.o (coap_endpoint_log)
build/cooja/mtype879.a(coap-timer.o)
                              build/cooja/mtype879.a(coap-engine.o) (coap_timer_set)
build/cooja/mtype879.a(coap-transactio)
                              build/cooja/mtype879.a(coap-observe-cl) (coap_send_transaction)
build/cooja/mtype879.a(coap.o)
                              build/cooja/mtype879.a(coap-engine.o) (coap_status_code)
build/cooja/mtype879.a(contiki-main.o)
                              build/cooja/mtype879.o (main)
build/cooja/mtype879.a(autostart.o)
                              build/cooja/mtype879.a(contiki-main.o) (autostart_start)
build/cooja/mtype879.a(ctimer.o)
                              build/cooja/mtype879.a(contiki-main.o) (ctimer_init)
build/cooja/mtype879.a(log.o)
                              build/cooja/mtype879.a(contiki-main.o) (curr_log_level_main)
build/cooja/mtype879.a(energest.o)
                              build/cooja/mtype879.a(contiki-main.o) (energest_init)
build/cooja/mtype879.a(etimer.o)
                              build/cooja/mtype879.a(contiki-main.o) (etimer_process)
build/cooja/mtype879.a(node-id.o)
                              build/cooja/mtype879.a(contiki-main.o) (node_id)
build/cooja/mtype879.a(rtimer.o)
                              build/cooja/mtype879.a(contiki-main.o) (rtimer_init)
build/cooja/mtype879.a(process.o)
                              build/cooja/mtype879.a(coap-blocking-a) (process_current)
build/cooja/mtype879.a(timer.o)
                              build/cooja/mtype879.a(etimer.o) (timer_set)
build/cooja/mtype879.a(list.o)
                              build/cooja/mtype879.a(coap-engine.o) (list_init)
build/cooja/mtype879.a(memb.o)
                              build/cooja/mtype879.a(coap-observe-cl) (memb_alloc)
build/cooja/mtype879.a(button-hal.o)
                              build/cooja/mtype879.o (button_hal_init)
build/cooja/mtype879.a(serial-line.o)
[...]
Memory Configuration

Name             Origin             Length             Attributes
*default*        0x0000000000000000 0xffffffffffffffff

Linker script and memory map

LOAD /usr/lib/gcc/i686-linux-gnu/5/../../../i386-linux-gnu/crti.o
LOAD /usr/lib/gcc/i686-linux-gnu/5/crtbeginS.o
LOAD water_actuator.o
LOAD build/cooja/mtype879.o
LOAD build/cooja/mtype879.a
LOAD /usr/lib/gcc/i686-linux-gnu/5/libgcc.a
LOAD /usr/lib/gcc/i686-linux-gnu/5/libgcc_s.so
LOAD /usr/lib/gcc/i686-linux-gnu/5/../../../i386-linux-gnu/libc.so
START GROUP
LOAD /lib/i386-linux-gnu/libc.so.6
LOAD /usr/lib/i386-linux-gnu/libc_nonshared.a
LOAD /lib/i386-linux-gnu/ld-linux.so.2
END GROUP
LOAD /usr/lib/gcc/i686-linux-gnu/5/libgcc.a
LOAD /usr/lib/gcc/i686-linux-gnu/5/libgcc_s.so
LOAD /usr/lib/gcc/i686-linux-gnu/5/crtendS.o
LOAD /usr/lib/gcc/i686-linux-gnu/5/../../../i386-linux-gnu/crtn.o
                0x0000000000000114                . = (0x0 + SIZEOF_HEADERS)

.note.gnu.build-id
                0x0000000000000114       0x24
 *(.note.gnu.build-id)
 .note.gnu.build-id
                0x0000000000000114       0x24 /usr/lib/gcc/i686-linux-gnu/5/../../../i386-linux-gnu/crti.o

.hash
 *(.hash)

.gnu.hash       0x0000000000000138     0x15c8
 *(.gnu.hash)
 .gnu.hash      0x0000000000000138     0x15c8 /usr/lib/gcc/i686-linux-gnu/5/../../../i386-linux-gnu/crti.o

.dynsym         0x0000000000001700     0x2ff0
 *(.dynsym)
 .dynsym        0x0000000000001700     0x2ff0 /usr/lib/gcc/i686-linux-gnu/5/../../../i386-linux-gnu/crti.o

.dynstr         0x00000000000046f0     0x37ee
 *(.dynstr)
 .dynstr        0x00000000000046f0     0x37ee /usr/lib/gcc/i686-linux-gnu/5/../../../i386-linux-gnu/crti.o

.gnu.version    0x0000000000007ede      0x5fe
 *(.gnu.version)
 .gnu.version   0x0000000000007ede      0x5fe /usr/lib/gcc/i686-linux-gnu/5/../../../i386-linux-gnu/crti.o

.gnu.version_d  0x00000000000084dc        0x0
 *(.gnu.version_d)
 .gnu.version_d
                0x00000000000084dc        0x0 /usr/lib/gcc/i686-linux-gnu/5/../../../i386-linux-gnu/crti.o

.gnu.version_r  0x00000000000084dc       0x40
 *(.gnu.version_r)
 .gnu.version_r
                0x00000000000084dc       0x40 /usr/lib/gcc/i686-linux-gnu/5/../../../i386-linux-gnu/crti.o

.rel.dyn        0x000000000000851c     0x98a0
 *(.rel.init)
 .rel.init      0x000000000000851c        0x0 /usr/lib/gcc/i686-linux-gnu/5/../../../i386-linux-gnu/crti.o
 *(.rel.text .rel.text.* .rel.gnu.linkonce.t.*)
 .rel.text      0x000000000000851c     0x8e78 /usr/lib/gcc/i686-linux-gnu/5/../../../i386-linux-gnu/crti.o
 *(.rel.fini)
 .rel.fini      0x0000000000011394        0x0 /usr/lib/gcc/i686-linux-gnu/5/../../../i386-linux-gnu/crti.o
 *(.rel.rodata .rel.rodata.* .rel.gnu.linkonce.r.*)
 .rel.rodata    0x0000000000011394      0x5d8 /usr/lib/gcc/i686-linux-gnu/5/../../../i386-linux-gnu/crti.o
 *(.rel.data.rel.ro .rel.data.rel.ro.* .rel.gnu.linkonce.d.rel.ro.*)
 *(.rel.data .rel.data.* .rel.gnu.linkonce.d.*)
 .rel.data.rel.local
                0x000000000001196c        0x8 /usr/lib/gcc/i686-linux-gnu/5/../../../i386-linux-gnu/crti.o
 .rel.data      0x0000000000011974      0x410 /usr/lib/gcc/i686-linux-gnu/5/../../../i386-linux-gnu/crti.o
 *(.rel.tdata .rel.tdata.* .rel.gnu.linkonce.td.*)
 *(.rel.tbss .rel.tbss.* .rel.gnu.linkonce.tb.*)
 *(.rel.ctors)
 *(.rel.dtors)
 *(.rel.got)
 .rel.got       0x0000000000011d84       0x28 /usr/lib/gcc/i686-linux-gnu/5/../../../i386-linux-gnu/crti.o
 *(.rel.bss .rel.bss.* .rel.gnu.linkonce.b.*)
 *(.rel.ifunc)
 .rel.ifunc     0x0000000000011dac        0x0 /usr/lib/gcc/i686-linux-gnu/5/../../../i386-linux-gnu/crti.o
 .rel.fini_array
                0x0000000000011dac        0x8 /usr/lib/gcc/i686-linux-gnu/5/../../../i386-linux-gnu/crti.o
 .rel.init_array
                0x0000000000011db4        0x8 /usr/lib/gcc/i686-linux-gnu/5/../../../i386-linux-gnu/crti.o

.rel.plt        0x0000000000011dbc        0x0
 *(.rel.plt)
 .rel.plt       0x0000000000011dbc        0x0 /usr/lib/gcc/i686-linux-gnu/5/../../../i386-linux-gnu/crti.o
 *(.rel.iplt)

.init           0x0000000000011dbc       0x23
 *(SORT(.init))
 .init          0x0000000000011dbc       0x1e /usr/lib/gcc/i686-linux-gnu/5/../../../i386-linux-gnu/crti.o
                0x0000000000011dbc                _init
 .init          0x0000000000011dda        0x5 /usr/lib/gcc/i686-linux-gnu/5/../../../i386-linux-gnu/crtn.o

.plt            0x0000000000011de0       0x10
 *(.plt)
 .plt           0x0000000000011de0       0x10 /usr/lib/gcc/i686-linux-gnu/5/../../../i386-linux-gnu/crti.o
 *(.iplt)

.plt.got        0x0000000000011df0       0x10
 *(.plt.got)
 .plt.got       0x0000000000011df0       0x10 /usr/lib/gcc/i686-linux-gnu/5/../../../i386-linux-gnu/crti.o

.text           0x0000000000011e00    0x19622
 *(.text.unlikely .text.*_unlikely .text.unlikely.*)
 .text.unlikely
                0x0000000000011e00        0x0 /usr/lib/gcc/i686-linux-gnu/5/crtbeginS.o
 .text.unlikely
                0x0000000000011e00        0x0 /usr/lib/gcc/i686-linux-gnu/5/libgcc.a(_udivdi3.o)
 *(.text.exit .text.exit.*)
 *(.text.startup .text.startup.*)
 *(.text.hot .text.hot.*)
 *(.text .stub .text.* .gnu.linkonce.t.*)
 .text          0x0000000000011e00        0x0 /usr/lib/gcc/i686-linux-gnu/5/../../../i386-linux-gnu/crti.o
 .gnu.linkonce.t.__x86.get_pc_thunk.bx
                0x0000000000011e00        0x4 /usr/lib/gcc/i686-linux-gnu/5/../../../i386-linux-gnu/crti.o
                0x0000000000011e00                __x86.get_pc_thunk.bx
 *fill*         0x0000000000011e04        0xc 
 .text          0x0000000000011e10      0x11c /usr/lib/gcc/i686-linux-gnu/5/crtbeginS.o
 .text.__x86.get_pc_thunk.dx
                0x0000000000011f2c        0x4 /usr/lib/gcc/i686-linux-gnu/5/crtbeginS.o
                0x0000000000011f2c                __x86.get_pc_thunk.dx
 .text          0x0000000000011f30      0xa88 water_actuator.o
                0x0000000000011f30                wait_for_ack
                0x0000000000011f85                wait_for_minerals_discovery
                0x00000000000120d7                wait_for_ph_discovery
 .text          0x00000000000129b8      0x283 build/cooja/mtype879.o
                0x0000000000012a4a                platform_init_stage_one
                0x0000000000012a5d                platform_init_stage_two
                0x0000000000012a70                platform_init_stage_three
                0x0000000000012a83                platform_main_loop
                0x0000000000012af6                Java_org_contikios_cooja_corecomm_Lib137_init
                0x0000000000012b2d                Java_org_contikios_cooja_corecomm_Lib137_getMemory
                0x0000000000012b60                Java_org_contikios_cooja_corecomm_Lib137_setMemory
                0x0000000000012bc0                Java_org_contikios_cooja_corecomm_Lib137_tick
                0x0000000000012c28                Java_org_contikios_cooja_corecomm_Lib137_setReferenceAddress
 .text          0x0000000000012c3b       0x65 build/cooja/mtype879.a(simEnvChange.o)
                0x0000000000012c3b                doActionsBeforeTick
                0x0000000000012c6d                doActionsAfterTick
 .text          0x0000000000012ca0       0x83 build/cooja/mtype879.a(cooja_mt.o)
                0x0000000000012ca0                cooja_mt_start
                0x0000000000012cca                cooja_mt_exec
                0x0000000000012d00                cooja_mt_yield
 .text          0x0000000000012d23       0xbe build/cooja/mtype879.a(cooja_mtarch.o)
                0x0000000000012d23                cooja_mtarch_start
                0x0000000000012d96                cooja_sw
                0x0000000000012db9                cooja_mtarch_exec
                0x0000000000012dd6                cooja_mtarch_yield
 .text          0x0000000000012de1       0xc5 build/cooja/mtype879.a(rtimer-arch.o)
                0x0000000000012de1                rtimer_arch_init
                0x0000000000012e05                rtimer_arch_schedule
                0x0000000000012e35                rtimer_arch_next
                0x0000000000012e45                rtimer_arch_pending
                0x0000000000012e4f                rtimer_arch_check
                0x0000000000012e96                rtimer_arch_now
 .text          0x0000000000012ea6       0x81 build/cooja/mtype879.a(beep.o)
                0x0000000000012ea6                beep_alarm
                0x0000000000012eb3                beep_beep
                0x0000000000012ec0                beep
                0x0000000000012ecd                beep_down
                0x0000000000012eda                beep_on
                0x0000000000012ee7                beep_off
                0x0000000000012ef4                beep_spinup
                0x0000000000012f01                beep_quick
                0x0000000000012f0e                beep_long
 .text          0x0000000000012f27       0x65 build/cooja/mtype879.a(leds-arch.o)
                0x0000000000012f3a                leds_arch_init
 .text          0x0000000000012f8c       0x35 build/cooja/mtype879.a(moteid.o)
 .text          0x0000000000012fc1       0xb7 build/cooja/mtype879.a(pir-sensor.o)
 .text          0x0000000000013078      0x148 build/cooja/mtype879.a(rs232.o)
                0x0000000000013078                rs232_init
                0x000000000001307e                rs232_set_speed
                0x000000000001308d                rs232_set_input
                0x000000000001309b                rs232_send
                0x00000000000130bf                rs232_print
                0x00000000000130db                slip_arch_writeb
 .text          0x00000000000131c0       0xb7 build/cooja/mtype879.a(vib-sensor.o)
 .text          0x0000000000013277       0x38 build/cooja/mtype879.a(clock.o)
                0x0000000000013277                clock_init
                0x000000000001327d                clock_time
                0x0000000000013287                clock_seconds
                0x000000000001329d                clock_delay
 .text          0x00000000000132af      0x219 build/cooja/mtype879.a(cooja-log.o)
                0x00000000000132af                simlog_char
                0x00000000000132f2                simlog
                0x0000000000013368                log_message
                0x0000000000013399                log_set_putchar_with_slip
                0x00000000000133a7                log_putchar
                0x0000000000013422                log_puts
                0x000000000001344a                log_printf
 .text          0x00000000000134c8      0x2b9 build/cooja/mtype879.a(cfs-cooja.o)
                0x00000000000134c8                cfs_open
                0x0000000000013531                cfs_close
                0x000000000001353e                cfs_read
                0x00000000000135d3                cfs_write
                0x00000000000136af                cfs_seek
                0x0000000000013737                cfs_remove
                0x000000000001375b                cfs_opendir
                0x0000000000013765                cfs_readdir
                0x000000000001376f                cfs_closedir
 .text          0x0000000000013781      0x620 build/cooja/mtype879.a(cooja-radio.o)
                0x00000000000137c3                radio_set_channel
                0x00000000000137d1                radio_set_txpower
                0x00000000000137e9                radio_signal_strength_last
                0x00000000000137f3                radio_signal_strength_current
                0x00000000000137fd                radio_LQI
 .text          0x0000000000013da1       0xee build/cooja/mtype879.a(eeprom.o)
                0x0000000000013da1                eeprom_init
                0x0000000000013da7                eeprom_read
                0x0000000000013e15                eeprom_write
 .text          0x0000000000013e8f       0x2d build/cooja/mtype879.a(random.o)
                0x0000000000013e8f                random_init
                0x0000000000013eaf                random_rand
 .text          0x0000000000013ebc      0x29c build/cooja/mtype879.a(sensors.o)
                0x0000000000013ef7                sensors_first
                0x0000000000013f01                sensors_next
                0x0000000000013f1b                sensors_changed
                0x0000000000013f4f                sensors_find
 .text          0x0000000000014158      0x349 build/cooja/mtype879.a(leds.o)
                0x0000000000014158                leds_init
                0x000000000001419f                leds_single_on
                0x00000000000141fe                leds_single_off
                0x000000000001425d                leds_single_toggle
                0x000000000001428f                leds_on
                0x0000000000014311                leds_off
                0x0000000000014393                leds_toggle
                0x00000000000143e8                leds_set
                0x0000000000014414                leds_get
 .text          0x00000000000144a1      0x343 build/cooja/mtype879.a(gpio-hal-arch.o)
                0x00000000000144a1                gpio_hal_arch_register_pin_callback
                0x000000000001450d                gpio_hal_arch_init
                0x0000000000014552                gpio_hal_arch_no_port_interrupt_enable
                0x0000000000014582                gpio_hal_arch_no_port_interrupt_disable
                0x00000000000145b2                gpio_hal_arch_no_port_pin_cfg_set
                0x00000000000145d7                gpio_hal_arch_no_port_pin_cfg_get
                0x00000000000145fd                gpio_hal_arch_no_port_pin_set_input
                0x000000000001460f                gpio_hal_arch_no_port_pin_set_output
                0x0000000000014621                gpio_hal_arch_no_port_set_pin
                0x0000000000014642                gpio_hal_arch_no_port_clear_pin
                0x0000000000014663                gpio_hal_arch_no_port_read_pin
                0x0000000000014689                gpio_hal_arch_no_port_write_pin
                0x00000000000146b3                gpio_hal_arch_no_port_set_pins
                0x00000000000146fa                gpio_hal_arch_no_port_clear_pins
                0x0000000000014741                gpio_hal_arch_no_port_read_pins
                0x0000000000014784                gpio_hal_arch_no_port_write_pins
 .text          0x00000000000147e4       0x89 build/cooja/mtype879.a(buttons.o)
 .text          0x000000000001486d      0x3bc build/cooja/mtype879.a(water_generator)
 .text          0x0000000000014c29      0x6ee build/cooja/mtype879.a(coap-observe-cl)
                0x0000000000014cc7                coap_obs_add_observee
                0x0000000000014d63                coap_obs_remove_observee
                0x0000000000014d93                coap_get_obs_subject_by_token
                0x0000000000014dfb                coap_obs_remove_observee_by_token
                0x0000000000014e8e                coap_obs_remove_observee_by_url
                0x0000000000014fe6                coap_handle_notification
                0x0000000000015141                coap_generate_token
                0x0000000000015163                coap_obs_request_registration
 .text          0x0000000000015317      0x27b build/cooja/mtype879.a(coap-blocking-a)
                0x0000000000015317                coap_blocking_request_callback
                0x0000000000015341                coap_blocking_request
 .text          0x0000000000015592      0xc26 build/cooja/mtype879.a(coap-engine.o)
                0x0000000000015627                coap_add_handler
                0x0000000000015644                coap_remove_handler
                0x0000000000015661                coap_call_handlers
                0x0000000000015769                coap_receive
                0x0000000000015da0                coap_engine_init
                0x0000000000015dfe                coap_activate_resource
                0x0000000000015ea9                coap_get_first_resource
                0x0000000000015ec2                coap_get_next_resource
 .text          0x00000000000161b8      0x2d9 build/cooja/mtype879.a(coap-res-well-k)
 .text          0x0000000000016491      0x96a build/cooja/mtype879.a(coap-observe.o)
                0x00000000000165a6                coap_remove_observer
                0x00000000000165d6                coap_remove_observer_by_client
                0x000000000001663e                coap_remove_observer_by_token
                0x00000000000166d1                coap_remove_observer_by_uri
                0x0000000000016778                coap_remove_observer_by_mid
                0x00000000000167f4                coap_notify_observers
                0x000000000001680d                coap_notify_observers_sub
                0x0000000000016c77                coap_observe_handler
                0x0000000000016d92                coap_has_observers
 .text          0x0000000000016dfb      0x733 build/cooja/mtype879.a(coap-uip.o)
                0x0000000000016dfb                coap_endpoint_log
                0x0000000000016e81                coap_endpoint_print
                0x0000000000016f07                coap_endpoint_snprint
                0x000000000001703a                coap_endpoint_copy
                0x0000000000017077                coap_endpoint_cmp
                0x0000000000017185                coap_endpoint_parse
                0x0000000000017370                coap_endpoint_is_secure
                0x000000000001737f                coap_endpoint_is_connected
                0x00000000000173b3                coap_endpoint_connect
                0x00000000000173cf                coap_endpoint_disconnect
                0x00000000000173d5                coap_databuf
                0x00000000000173df                coap_transport_init
                0x000000000001742f                coap_sendto
 .text          0x000000000001752e      0x324 build/cooja/mtype879.a(coap-timer.o)
                0x000000000001762b                coap_timer_stop
                0x0000000000017656                coap_timer_set
                0x0000000000017699                coap_timer_reset
                0x00000000000176dc                coap_timer_time_to_next_expiration
                0x0000000000017748                coap_timer_run
                0x0000000000017814                coap_timer_init
 .text          0x0000000000017852      0x2c6 build/cooja/mtype879.a(coap-transactio)
                0x00000000000178b8                coap_new_transaction
                0x000000000001791e                coap_send_transaction
                0x0000000000017a7f                coap_clear_transaction
                0x0000000000017ac7                coap_get_transaction_by_mid
 .text          0x0000000000017b18     0x1c53 build/cooja/mtype879.a(coap.o)
                0x0000000000018085                coap_init_connection
                0x0000000000018099                coap_get_mid
                0x00000000000180b5                coap_init_message
                0x00000000000180fe                coap_serialize_message
                0x0000000000018780                coap_parse_message
                0x0000000000018de7                coap_get_query_variable
                0x0000000000018e29                coap_get_post_variable
                0x0000000000018e6d                coap_set_status_code
                0x0000000000018e92                coap_set_token
                0x0000000000018ed9                coap_get_header_content_format
                0x0000000000018f0a                coap_set_header_content_format
                0x0000000000018f2d                coap_get_header_accept
                0x0000000000018f5e                coap_set_header_accept
                0x0000000000018f81                coap_get_header_max_age
                0x0000000000018fb2                coap_set_header_max_age
                0x0000000000018fd2                coap_get_header_etag
                0x0000000000019004                coap_set_header_etag
                0x000000000001905b                coap_get_header_if_match
                0x000000000001908d                coap_set_header_if_match
                0x00000000000190e4                coap_get_header_if_none_match
                0x00000000000190fe                coap_set_header_if_none_match
                0x0000000000019115                coap_get_header_proxy_uri
                0x0000000000019143                coap_set_header_proxy_uri
                0x0000000000019180                coap_get_header_uri_host
                0x00000000000191ae                coap_set_header_uri_host
                0x00000000000191eb                coap_get_header_uri_path
                0x0000000000019219                coap_set_header_uri_path
                0x0000000000019266                coap_get_header_uri_query
                0x000000000001929a                coap_set_header_uri_query
                0x00000000000192f0                coap_get_header_location_path
                0x000000000001931e                coap_set_header_location_path
                0x00000000000193b7                coap_get_header_location_query
                0x00000000000193e5                coap_set_header_location_query
                0x0000000000019432                coap_get_header_observe
                0x0000000000019461                coap_set_header_observe
                0x0000000000019481                coap_get_header_block2
                0x00000000000194ed                coap_set_header_block2
                0x0000000000019564                coap_get_header_block1
                0x00000000000195d9                coap_set_header_block1
                0x0000000000019654                coap_get_header_size2
                0x0000000000019684                coap_set_header_size2
                0x00000000000196a7                coap_get_header_size1
                0x00000000000196d7                coap_set_header_size1
                0x00000000000196fa                coap_get_payload
                0x0000000000019734                coap_set_payload
 .text          0x000000000001976b      0x332 build/cooja/mtype879.a(contiki-main.o)
                0x000000000001976b                main
 .text          0x0000000000019a9d       0x92 build/cooja/mtype879.a(autostart.o)
                0x0000000000019a9d                autostart_start
                0x0000000000019ae7                autostart_exit
 .text          0x0000000000019b2f      0x355 build/cooja/mtype879.a(ctimer.o)
                0x0000000000019c57                ctimer_init
                0x0000000000019c8a                ctimer_set
                0x0000000000019cb0                ctimer_set_with_process
                0x0000000000019d2d                ctimer_reset
                0x0000000000019d81                ctimer_restart
                0x0000000000019dd5                ctimer_stop
                0x0000000000019e25                ctimer_expired
 .text          0x0000000000019e84      0x394 build/cooja/mtype879.a(log.o)
                0x0000000000019e84                log_6addr
                0x0000000000019ed7                log_6addr_compact_snprint
                0x0000000000019f75                log_6addr_compact
                0x0000000000019fc8                log_lladdr
                0x000000000001a03a                log_lladdr_compact
                0x000000000001a0a2                log_set_level
                0x000000000001a15d                log_get_level
                0x000000000001a1d6                log_level_to_str
 .text          0x000000000001a218       0x1b build/cooja/mtype879.a(energest.o)
                0x000000000001a218                energest_init
                0x000000000001a21e                energest_flush
                0x000000000001a224                energest_get_total_time
 .text          0x000000000001a233      0x43f build/cooja/mtype879.a(etimer.o)
                0x000000000001a457                etimer_request_poll
                0x000000000001a4e0                etimer_set
                0x000000000001a509                etimer_reset_with_new_interval
                0x000000000001a538                etimer_reset
                0x000000000001a55e                etimer_restart
                0x000000000001a584                etimer_adjust
                0x000000000001a5a1                etimer_expired
                0x000000000001a5b4                etimer_expiration_time
                0x000000000001a5c6                etimer_start_time
                0x000000000001a5d0                etimer_pending
                0x000000000001a5e2                etimer_next_expiration_time
                0x000000000001a5fc                etimer_stop
 .text          0x000000000001a672       0x25 build/cooja/mtype879.a(node-id.o)
                0x000000000001a672                node_id_init
 .text          0x000000000001a697       0xeb build/cooja/mtype879.a(rtimer.o)
                0x000000000001a697                rtimer_init
                0x000000000001a6a5                rtimer_set
                0x000000000001a720                rtimer_run_next
 .text          0x000000000001a782      0x4fb build/cooja/mtype879.a(process.o)
                0x000000000001a782                process_alloc_event
                0x000000000001a797                process_start
                0x000000000001a971                process_exit
                0x000000000001a98e                process_init
                0x000000000001ab23                process_run
                0x000000000001ab56                process_nevents
                0x000000000001ab71                process_post
                0x000000000001ac04                process_post_synch
                0x000000000001ac39                process_poll
                0x000000000001ac69                process_is_running
 .text          0x000000000001ac7d       0xb1 build/cooja/mtype879.a(timer.o)
                0x000000000001ac7d                timer_set
                0x000000000001ac9b                timer_reset
                0x000000000001acc8                timer_restart
                0x000000000001acdd                timer_expired
                0x000000000001ad0a                timer_remaining
 .text          0x000000000001ad2e      0x28f build/cooja/mtype879.a(list.o)
                0x000000000001ad2e                list_init
                0x000000000001ad3d                list_head
                0x000000000001ad47                list_copy
                0x000000000001ad57                list_tail
                0x000000000001ad8d                list_add
                0x000000000001add9                list_push
                0x000000000001ae05                list_chop
                0x000000000001ae6f                list_pop
                0x000000000001ae97                list_remove
                0x000000000001aeff                list_length
                0x000000000001af2d                list_insert
                0x000000000001af72                list_item_next
                0x000000000001af89                list_contains
 .text          0x000000000001afbd      0x1b5 build/cooja/mtype879.a(memb.o)
                0x000000000001afbd                memb_init
                0x000000000001b012                memb_alloc
                0x000000000001b075                memb_free
                0x000000000001b0ec                memb_inmemb
                0x000000000001b12b                memb_numfree
 .text          0x000000000001b172      0x41c build/cooja/mtype879.a(button-hal.o)
                0x000000000001b2eb                button_hal_get_by_id
                0x000000000001b329                button_hal_get_by_index
                0x000000000001b355                button_hal_get_state
                0x000000000001b3a7                button_hal_init
 .text          0x000000000001b58e      0x1f3 build/cooja/mtype879.a(serial-line.o)
                0x000000000001b58e                serial_line_input_byte
                0x000000000001b74c                serial_line_init
 .text          0x000000000001b781      0x168 build/cooja/mtype879.a(gpio-hal.o)
                0x000000000001b781                gpio_hal_register_handler
                0x000000000001b79e                gpio_hal_event_handler
                0x000000000001b7fa                gpio_hal_init
                0x000000000001b819                gpio_hal_arch_port_toggle_pin
                0x000000000001b855                gpio_hal_arch_port_toggle_pins
                0x000000000001b883                gpio_hal_arch_no_port_toggle_pin
                0x000000000001b8c1                gpio_hal_arch_no_port_toggle_pins
 .text          0x000000000001b8e9      0x2e7 build/cooja/mtype879.a(queuebuf.o)
                0x000000000001b8f3                queuebuf_init
                0x000000000001b91c                queuebuf_numfree
                0x000000000001b934                queuebuf_new_from_packetbuf
                0x000000000001b9d3                queuebuf_update_attr_from_packetbuf
                0x000000000001ba08                queuebuf_update_from_packetbuf
                0x000000000001ba58                queuebuf_free
                0x000000000001baa1                queuebuf_to_packetbuf
                0x000000000001bb0d                queuebuf_dataptr
                0x000000000001bb47                queuebuf_datalen
                0x000000000001bb6a                queuebuf_addr
                0x000000000001bb9f                queuebuf_attr
                0x000000000001bbca                queuebuf_debug_print
 .text          0x000000000001bbd0      0x407 build/cooja/mtype879.a(packetbuf.o)
                0x000000000001bbd0                packetbuf_clear
                0x000000000001bbfb                packetbuf_copyfrom
                0x000000000001bc4a                packetbuf_copyto
                0x000000000001bcdd                packetbuf_hdralloc
                0x000000000001bd59                packetbuf_hdrreduce
                0x000000000001bd9f                packetbuf_set_datalen
                0x000000000001bdb9                packetbuf_dataptr
                0x000000000001bdd6                packetbuf_hdrptr
                0x000000000001bde0                packetbuf_datalen
                0x000000000001bdec                packetbuf_hdrlen
                0x000000000001be03                packetbuf_totlen
                0x000000000001be19                packetbuf_remaininglen
                0x000000000001be2c                packetbuf_attr_clear
                0x000000000001be78                packetbuf_attr_copyto
                0x000000000001bed0                packetbuf_attr_copyfrom
                0x000000000001bf28                packetbuf_set_attr
                0x000000000001bf52                packetbuf_attr
                0x000000000001bf6c                packetbuf_set_addr
                0x000000000001bf9d                packetbuf_addr
                0x000000000001bfba                packetbuf_holds_broadcast
 .text          0x000000000001bfd7       0xef build/cooja/mtype879.a(netstack.o)
                0x000000000001bfd7                netstack_process_ip_callback
                0x000000000001c068                netstack_ip_packet_processor_add
                0x000000000001c08b                uip_ds6_ip_packet_processor_rm
                0x000000000001c0a8                netstack_init
 .text          0x000000000001c0c6       0x4f build/cooja/mtype879.a(linkaddr.o)
                0x000000000001c0c6                linkaddr_copy
                0x000000000001c0dc                linkaddr_cmp
                0x000000000001c0ff                linkaddr_set_node_addr
 .text          0x000000000001c115      0x1f6 build/cooja/mtype879.a(csma.o)
 .text          0x000000000001c30b      0x95d build/cooja/mtype879.a(csma-output.o)
                0x000000000001c9a2                csma_output_packet
                0x000000000001cc2f                csma_output_init
 .text          0x000000000001cc68      0xc11 build/cooja/mtype879.a(uip-ds6.o)
                0x000000000001cc68                uip_ds6_default_prefix
                0x000000000001cc72                uip_ds6_set_default_prefix
                0x000000000001cc9d                uip_ds6_init
                0x000000000001ceff                uip_ds6_periodic
                0x000000000001cf86                uip_ds6_list_loop
                0x000000000001d046                uip_ds6_prefix_add
                0x000000000001d0f2                uip_ds6_prefix_rm
                0x000000000001d105                uip_ds6_prefix_lookup
                0x000000000001d144                uip_ds6_is_addr_onlink
                0x000000000001d1b7                uip_ds6_addr_add
                0x000000000001d2d7                uip_ds6_addr_rm
                0x000000000001d380                uip_ds6_addr_lookup
                0x000000000001d3b9                uip_ds6_get_link_local
                0x000000000001d43a                uip_ds6_get_global
                0x000000000001d4bb                uip_ds6_maddr_add
                0x000000000001d51b                uip_ds6_maddr_rm
                0x000000000001d52e                uip_ds6_maddr_lookup
                0x000000000001d567                uip_ds6_aaddr_add
                0x000000000001d5c7                uip_ds6_aaddr_rm
                0x000000000001d5da                uip_ds6_aaddr_lookup
                0x000000000001d613                uip_ds6_select_src
                0x000000000001d75c                uip_ds6_set_addr_iid
                0x000000000001d787                uip_ds6_set_lladdr_from_iid
                0x000000000001d7b0                get_match_length
                0x000000000001d841                uip_ds6_compute_reachable_time
 .text          0x000000000001d879      0x128 build/cooja/mtype879.a(uip-udp-packet.)
                0x000000000001d879                uip_udp_packet_send
                0x000000000001d8d4                uip_udp_packet_sendto
 .text          0x000000000001d9a1      0x35b build/cooja/mtype879.a(uip-ds6-route.o)
                0x000000000001d9f2                uip_ds6_route_init
                0x000000000001da1c                uip_ds6_route_nexthop
                0x000000000001da26                uip_ds6_route_head
                0x000000000001da30                uip_ds6_route_next
                0x000000000001da3a                uip_ds6_route_is_nexthop
                0x000000000001da44                uip_ds6_route_num_routes
                0x000000000001da4e                uip_ds6_route_lookup
                0x000000000001da58                uip_ds6_route_add
                0x000000000001da6b                uip_ds6_route_rm
                0x000000000001da71                uip_ds6_route_rm_by_nexthop
                0x000000000001da77                uip_ds6_defrt_head
                0x000000000001da90                uip_ds6_defrt_add
                0x000000000001db3e                uip_ds6_defrt_rm
                0x000000000001dba4                uip_ds6_defrt_lookup
                0x000000000001dc0b                uip_ds6_defrt_choose
                0x000000000001dc81                uip_ds6_defrt_periodic
 .text          0x000000000001dcfc      0x6f7 build/cooja/mtype879.a(tcpip.o)
                0x000000000001dd16                tcpip_output
                0x000000000001dd95                udp_attach
                0x000000000001ddad                udp_new
                0x000000000001ddf7                udp_broadcast_new
                0x000000000001df69                tcpip_input
                0x000000000001e0f9                tcpip_ipv6_output
                0x000000000001e2ed                tcpip_poll_udp
                0x000000000001e30b                tcpip_uipcall
 .text          0x000000000001e3f3     0x1205 build/cooja/mtype879.a(uip6.o)
                0x000000000001e4a2                uip_chksum
                0x000000000001e579                uip_icmp6chksum
                0x000000000001e58e                uip_udpchksum
                0x000000000001e5a3                uip_init
                0x000000000001e5ec                uip_remove_ext_hdr
                0x000000000001e6c6                uip_udp_new
                0x000000000001e9da                uip_process
                0x000000000001f4d2                uip_htons
                0x000000000001f4f4                uip_htonl
                0x000000000001f532                uip_send
 .text          0x000000000001f5f8      0x369 build/cooja/mtype879.a(uip-ds6-nbr.o)
                0x000000000001f5f8                uip_ds6_neighbors_init
                0x000000000001f61c                uip_ds6_nbr_add
                0x000000000001f6a2                uip_ds6_nbr_rm
                0x000000000001f6ed                uip_ds6_nbr_update_ll
                0x000000000001f7db                uip_ds6_nbr_get_ipaddr
                0x000000000001f7f0                uip_ds6_nbr_get_ll
                0x000000000001f80c                uip_ds6_nbr_num
                0x000000000001f855                uip_ds6_nbr_head
                0x000000000001f86e                uip_ds6_nbr_next
                0x000000000001f88a                uip_ds6_nbr_lookup
                0x000000000001f8e2                uip_ds6_nbr_ll_lookup
                0x000000000001f8fe                uip_ds6_nbr_ipaddr_from_lladdr
                0x000000000001f927                uip_ds6_nbr_lladdr_from_ipaddr
                0x000000000001f95b                uip_ds6_link_callback
 .text          0x000000000001f961      0x6a7 build/cooja/mtype879.a(uip-nd6.o)
                0x000000000001ffef                uip_nd6_init
 .text          0x0000000000020008     0x2c17 build/cooja/mtype879.a(sicslowpan.o)
                0x000000000002060f                netstack_sniffer_add
                0x000000000002061d                netstack_sniffer_remove
                0x0000000000022bf3                sicslowpan_init
                0x0000000000022c15                sicslowpan_get_last_rssi
 .text          0x0000000000022c1f      0x4d1 build/cooja/mtype879.a(uiplib.o)
                0x0000000000022c1f                uiplib_ip6addrconv
                0x0000000000022dd7                uiplib_ip4addrconv
                0x0000000000022e9a                uiplib_ipaddr_print
                0x0000000000022eed                uiplib_ipaddr_snprint
 .text          0x00000000000230f0      0x4c9 build/cooja/mtype879.a(rpl.o)
                0x00000000000230f0                rpl_lollipop_greater_than
                0x000000000002314a                rpl_get_global_address
                0x0000000000023242                rpl_link_callback
                0x0000000000023286                rpl_has_joined
                0x00000000000232ab                rpl_is_reachable
                0x000000000002332c                rpl_reset_prefix
                0x0000000000023396                rpl_set_prefix_from_addr
                0x000000000002347b                rpl_set_prefix
                0x0000000000023595                rpl_set_leaf_only
                0x00000000000235ad                rpl_get_leaf_only
 .text          0x00000000000235b9     0x138c build/cooja/mtype879.a(rpl-icmp6.o)
                0x00000000000236de                rpl_icmp6_update_nbr_table
                0x0000000000023767                rpl_icmp6_dis_output
                0x0000000000023dad                rpl_icmp6_dio_output
                0x00000000000245ab                rpl_icmp6_dao_output
                0x000000000002488c                rpl_icmp6_dao_ack_output
                0x00000000000248fc                rpl_icmp6_init
 .text          0x0000000000024945      0x264 build/cooja/mtype879.a(rpl-dag-root.o)
                0x0000000000024945                rpl_dag_root_print_links
                0x0000000000024a71                rpl_dag_root_set_prefix
                0x0000000000024a9d                rpl_dag_root_start
                0x0000000000024b7a                rpl_dag_root_is_root
 .text          0x0000000000024ba9       0x30 build/cooja/mtype879.a(watchdog.o)
                0x0000000000024ba9                watchdog_init
                0x0000000000024baf                watchdog_start
                0x0000000000024bb5                watchdog_periodic
                0x0000000000024bcd                watchdog_stop
                0x0000000000024bd3                watchdog_reboot
 .text          0x0000000000024bd9       0x4a build/cooja/mtype879.a(int-master.o)
                0x0000000000024bd9                int_master_enable
                0x0000000000024be9                int_master_read_and_disable
                0x0000000000024c06                int_master_status_set
                0x0000000000024c14                int_master_is_enabled
 .text          0x0000000000024c23      0x226 build/cooja/mtype879.a(coap-timer-defa)
 .text          0x0000000000024e49       0xc7 build/cooja/mtype879.a(stimer.o)
                0x0000000000024e49                stimer_set
                0x0000000000024e67                stimer_reset
                0x0000000000024e94                stimer_restart
                0x0000000000024ea9                stimer_expired
                0x0000000000024ed4                stimer_remaining
                0x0000000000024ef8                stimer_elapsed
 .text          0x0000000000024f10      0x156 build/cooja/mtype879.a(ringbuf.o)
                0x0000000000024f10                ringbuf_init
                0x0000000000024f42                ringbuf_put
                0x0000000000024fc0                ringbuf_get
                0x000000000002502d                ringbuf_size
                0x000000000002503f                ringbuf_elements
 .text          0x0000000000025066       0x1f build/cooja/mtype879.a(assert.o)
                0x0000000000025066                _xassert
 .text          0x0000000000025085      0x79b build/cooja/mtype879.a(nbr-table.o)
                0x00000000000254fe                nbr_table_register
                0x000000000002556b                nbr_table_is_registered
                0x00000000000255a6                nbr_table_head
                0x0000000000025601                nbr_table_next
                0x0000000000025662                nbr_table_add_lladdr
                0x000000000002573c                nbr_table_get_from_lladdr
                0x0000000000025788                nbr_table_remove
                0x00000000000257c0                nbr_table_lock
                0x00000000000257da                nbr_table_unlock
                0x00000000000257f4                nbr_table_get_lladdr
 .text          0x0000000000025820      0x3a5 build/cooja/mtype879.a(link-stats.o)
                0x0000000000025820                link_stats_from_lladdr
                0x000000000002583c                link_stats_get_lladdr
                0x0000000000025858                link_stats_is_fresh
                0x0000000000025894                guess_etx_from_rssi
                0x0000000000025910                link_stats_packet_sent
                0x0000000000025a30                link_stats_input_callback
                0x0000000000025b40                link_stats_reset
                0x0000000000025b90                link_stats_init
 .text          0x0000000000025bc5      0x187 build/cooja/mtype879.a(mac-sequence.o)
                0x0000000000025bc5                mac_sequence_is_duplicate
                0x0000000000025c65                mac_sequence_register_seqno
 .text          0x0000000000025d4c       0x23 build/cooja/mtype879.a(mac.o)
                0x0000000000025d4c                mac_call_sent_callback
 .text          0x0000000000025d6f      0x432 build/cooja/mtype879.a(framer-802154.o)
                0x0000000000025efe                framer_802154_setup_params
 .text          0x00000000000261a1      0xb6f build/cooja/mtype879.a(frame802154.o)
                0x00000000000261d2                frame802154_get_pan_id
                0x00000000000261de                frame802154_set_pan_id
                0x00000000000261f8                frame802154_has_panid
                0x00000000000263a7                frame802154_check_dest_panid
                0x000000000002642f                frame802154_is_broadcast_addr
                0x000000000002647c                frame802154_extract_linkaddr
                0x00000000000266e1                frame802154_hdrlen
                0x0000000000026754                frame802154_create_fcf
                0x000000000002680c                frame802154_create
                0x0000000000026981                frame802154_parse_fcf
                0x0000000000026a63                frame802154_parse
 .text          0x0000000000026d10       0x2d build/cooja/mtype879.a(csma-security.o)
                0x0000000000026d10                csma_security_create_frame
                0x0000000000026d2e                csma_security_parse_frame
 .text          0x0000000000026d3d      0x4e4 build/cooja/mtype879.a(uipbuf.o)
                0x0000000000026d3d                uipbuf_clear
                0x0000000000026d64                uipbuf_add_ext_hdr
                0x0000000000026de4                uipbuf_set_len
                0x0000000000026e11                uipbuf_set_len_field
                0x0000000000026e3d                uipbuf_get_len_field
                0x0000000000026e5d                uipbuf_get_next_header
                0x0000000000026f8f                uipbuf_get_last_header
                0x0000000000027008                uipbuf_search_header
                0x00000000000270be                uipbuf_get_attr
                0x00000000000270e5                uipbuf_set_attr
                0x000000000002711c                uipbuf_set_default_attr
                0x0000000000027153                uipbuf_clear_attr
                0x0000000000027177                uipbuf_set_attr_flag
                0x0000000000027198                uipbuf_clr_attr_flag
                0x00000000000271bf                uipbuf_is_attr_flag
                0x00000000000271e3                uipbuf_init
 .text          0x0000000000027221      0x73f build/cooja/mtype879.a(uip-icmp6.o)
                0x0000000000027296                uip_icmp6_input
                0x00000000000272ed                uip_icmp6_register_input_handler
                0x0000000000027440                uip_icmp6_error_output
                0x00000000000276f1                uip_icmp6_send
                0x00000000000278e8                uip_icmp6_echo_reply_callback_add
                0x000000000002791a                uip_icmp6_echo_reply_callback_rm
                0x0000000000027937                uip_icmp6_init
 .text          0x0000000000027960      0x69b build/cooja/mtype879.a(uip-sr.o)
                0x0000000000027960                uip_sr_num_nodes
                0x00000000000279ee                uip_sr_get_node
                0x0000000000027a45                uip_sr_is_addr_reachable
                0x0000000000027af3                uip_sr_expire_parent
                0x0000000000027b3c                uip_sr_update_node
                0x0000000000027c6c                uip_sr_init
                0x0000000000027ca0                uip_sr_node_head
                0x0000000000027cb9                uip_sr_node_next
                0x0000000000027ccf                uip_sr_periodic
                0x0000000000027dd5                uip_sr_free_all
                0x0000000000027e45                uip_sr_link_snprint
 .text          0x0000000000027ffb      0x146 build/cooja/mtype879.a(uip-packetqueue)
                0x0000000000028029                uip_packetqueue_new
                0x0000000000028038                uip_packetqueue_alloc
                0x0000000000028093                uip_packetqueue_free
                0x00000000000280da                uip_packetqueue_buf
                0x00000000000280f7                uip_packetqueue_buflen
                0x0000000000028118                uip_packetqueue_set_buflen
 .text          0x0000000000028141      0x1b0 build/cooja/mtype879.a(rpl-nbr-policy.)
                0x00000000000282ae                rpl_nbr_policy_find_removable
 .text          0x00000000000282f1      0x915 build/cooja/mtype879.a(rpl-neighbor.o)
                0x000000000002836d                rpl_neighbor_snprint
                0x0000000000028620                rpl_neighbor_print_list
                0x00000000000286d5                rpl_neighbor_count
                0x000000000002877c                rpl_neighbor_get_from_lladdr
                0x0000000000028798                rpl_neighbor_is_acceptable_parent
                0x00000000000287cc                rpl_neighbor_get_link_metric
                0x0000000000028800                rpl_neighbor_rank_via_nbr
                0x0000000000028834                rpl_neighbor_get_lladdr
                0x0000000000028850                rpl_neighbor_get_ipaddr
                0x0000000000028877                rpl_neighbor_get_link_stats
                0x000000000002889e                rpl_neighbor_is_fresh
                0x00000000000288c5                rpl_neighbor_is_reachable
                0x0000000000028910                rpl_neighbor_is_parent
                0x000000000002893a                rpl_neighbor_set_preferred_parent
                0x00000000000289d1                rpl_neighbor_remove_all
                0x0000000000028a2d                rpl_neighbor_get_from_ipaddr
                0x0000000000028b3b                rpl_neighbor_select_best
                0x0000000000028be7                rpl_neighbor_init
 .text          0x0000000000028c06      0xe69 build/cooja/mtype879.a(rpl-dag.o)
                0x0000000000028c06                rpl_dag_state_to_str
                0x0000000000028c45                rpl_dag_get_root_ipaddr
                0x0000000000028c8d                rpl_dag_leave
                0x0000000000028d16                rpl_dag_poison_and_leave
                0x0000000000028d2e                rpl_dag_periodic
                0x0000000000028db6                rpl_is_addr_in_our_dag
                0x0000000000028dfa                rpl_get_default_instance
                0x0000000000028e16                rpl_get_any_dag
                0x0000000000028e6f                rpl_refresh_routes
                0x0000000000028eaf                rpl_global_repair
                0x0000000000028f48                rpl_local_repair
                0x0000000000028f92                rpl_dag_ready_to_advertise
                0x0000000000028fd5                rpl_dag_update_state
                0x0000000000029702                rpl_process_dio
                0x0000000000029780                rpl_process_dis
                0x00000000000297c5                rpl_process_dao
                0x0000000000029854                rpl_process_dao_ack
                0x00000000000298eb                rpl_process_hbh
                0x000000000002993b                rpl_dag_init_root
                0x0000000000029a4f                rpl_dag_init
 .text          0x0000000000029a6f      0x9e7 build/cooja/mtype879.a(rpl-timers.o)
                0x0000000000029a6f                rpl_timers_schedule_periodic_dis
                0x0000000000029bbd                rpl_timers_dio_reset
                0x0000000000029ccb                rpl_timers_schedule_unicast_dio
                0x0000000000029e1f                rpl_timers_schedule_dao
                0x0000000000029ede                rpl_timers_schedule_dao_ack
                0x0000000000029f64                rpl_timers_notify_dao_ack
                0x0000000000029fc2                get_probing_delay
                0x0000000000029ff6                get_probing_target
                0x000000000002a1e0                rpl_schedule_probing
                0x000000000002a20e                rpl_schedule_probing_now
                0x000000000002a278                rpl_timers_unschedule_leaving
                0x000000000002a2b0                rpl_timers_schedule_leaving
                0x000000000002a2f1                rpl_timers_init
                0x000000000002a381                rpl_timers_stop_dag_timers
                0x000000000002a3fa                rpl_timers_unschedule_state_update
                0x000000000002a41e                rpl_timers_schedule_state_update
 .text          0x000000000002a456      0xb8e build/cooja/mtype879.a(rpl-ext-header.)
                0x000000000002a456                rpl_ext_header_srh_get_next_hop
                0x000000000002a53d                rpl_ext_header_srh_update
                0x000000000002aaa9                rpl_ext_header_hbh_update
                0x000000000002ada9                rpl_ext_header_update
                0x000000000002ae32                rpl_ext_header_remove
 .text          0x000000000002afe4      0x31b build/cooja/mtype879.a(rpl-mrhof.o)
 *fill*         0x000000000002b2ff        0x1 
 .text          0x000000000002b300      0x122 /usr/lib/gcc/i686-linux-gnu/5/libgcc.a(_udivdi3.o)
                0x000000000002b300                __udivdi3
 .text          0x000000000002b422        0x0 /usr/lib/gcc/i686-linux-gnu/5/crtendS.o
 .text          0x000000000002b422        0x0 /usr/lib/gcc/i686-linux-gnu/5/../../../i386-linux-gnu/crtn.o
 *(.gnu.warning)

.fini           0x000000000002b424       0x14
 *(SORT(.fini))
 .fini          0x000000000002b424        0xf /usr/lib/gcc/i686-linux-gnu/5/../../../i386-linux-gnu/crti.o
                0x000000000002b424                _fini
 .fini          0x000000000002b433        0x5 /usr/lib/gcc/i686-linux-gnu/5/../../../i386-linux-gnu/crtn.o
                [!provide]                        PROVIDE (__etext, .)
                [!provide]                        PROVIDE (_etext, .)
                [!provide]                        PROVIDE (etext, .)

.rodata         0x000000000002b440      0xceb
 *(.rodata .rodata.* .gnu.linkonce.r.*)
 .rodata        0x000000000002b440      0x26b water_actuator.o
                0x000000000002b52c                autostart_processes
 *fill*         0x000000000002b6ab        0x1 
 .rodata        0x000000000002b6ac        0x8 build/cooja/mtype879.a(beep.o)
                0x000000000002b6ac                beep_interface
 .rodata        0x000000000002b6b4        0xe build/cooja/mtype879.a(leds-arch.o)
                0x000000000002b6b4                leds_interface
                0x000000000002b6bc                leds_arch_leds
 *fill*         0x000000000002b6c2        0x2 
 .rodata        0x000000000002b6c4        0x8 build/cooja/mtype879.a(moteid.o)
                0x000000000002b6c4                moteid_interface
 .rodata        0x000000000002b6cc       0x1c build/cooja/mtype879.a(pir-sensor.o)
                0x000000000002b6cc                pir_interface
                0x000000000002b6d8                pir_sensor
 .rodata        0x000000000002b6e8        0xe build/cooja/mtype879.a(rs232.o)
                0x000000000002b6e8                rs232_interface
 *fill*         0x000000000002b6f6        0x2 
 .rodata        0x000000000002b6f8       0x24 build/cooja/mtype879.a(vib-sensor.o)
                0x000000000002b6f8                vib_interface
                0x000000000002b70c                vib_sensor
 .rodata        0x000000000002b71c        0x8 build/cooja/mtype879.a(clock.o)
                0x000000000002b71c                clock_interface
 .rodata        0x000000000002b724        0x8 build/cooja/mtype879.a(cooja-log.o)
                0x000000000002b724                simlog_interface
 .rodata        0x000000000002b72c       0x2f build/cooja/mtype879.a(cfs-cooja.o)
                0x000000000002b72c                cfs_interface
 *fill*         0x000000000002b75b        0x5 
 .rodata        0x000000000002b760       0xb8 build/cooja/mtype879.a(cooja-radio.o)
                0x000000000002b760                radio_interface
                0x000000000002b7e0                cooja_radio_driver
 .rodata        0x000000000002b818        0x8 build/cooja/mtype879.a(eeprom.o)
                0x000000000002b818                eeprom_interface
 .rodata        0x000000000002b820        0x8 build/cooja/mtype879.a(sensors.o)
 .rodata        0x000000000002b828       0x2c build/cooja/mtype879.a(buttons.o)
                0x000000000002b828                button_interface
                0x000000000002b83c                button_hal_button_count
                0x000000000002b844                button_sensor
 .rodata        0x000000000002b854      0x124 build/cooja/mtype879.a(water_generator)
 .rodata        0x000000000002b978       0x41 build/cooja/mtype879.a(coap-engine.o)
 .rodata        0x000000000002b9b9       0x19 build/cooja/mtype879.a(coap-res-well-k)
 .rodata        0x000000000002b9d2       0x11 build/cooja/mtype879.a(coap-observe.o)
 .rodata        0x000000000002b9e3       0x35 build/cooja/mtype879.a(coap-uip.o)
 .rodata        0x000000000002ba18      0x1ac build/cooja/mtype879.a(coap.o)
 .rodata        0x000000000002bbc4       0xf4 build/cooja/mtype879.a(contiki-main.o)
 .rodata        0x000000000002bcb8        0xf build/cooja/mtype879.a(ctimer.o)
 *fill*         0x000000000002bcc7        0x1 
 .rodata        0x000000000002bcc8       0xc4 build/cooja/mtype879.a(log.o)
 .rodata        0x000000000002bd8c        0xc build/cooja/mtype879.a(etimer.o)
 .rodata        0x000000000002bd98       0x13 build/cooja/mtype879.a(button-hal.o)
 .rodata        0x000000000002bdab        0xe build/cooja/mtype879.a(serial-line.o)
 *fill*         0x000000000002bdb9        0x3 
 .rodata        0x000000000002bdbc        0x8 build/cooja/mtype879.a(linkaddr.o)
                0x000000000002bdbc                linkaddr_null
 .rodata        0x000000000002bdc4       0x24 build/cooja/mtype879.a(csma.o)
                0x000000000002bdcc                csma_driver
 .rodata        0x000000000002bde8       0x24 build/cooja/mtype879.a(csma-output.o)
 .rodata        0x000000000002be0c       0x4d build/cooja/mtype879.a(uip-ds6-route.o)
 .rodata        0x000000000002be59        0xd build/cooja/mtype879.a(tcpip.o)
 *fill*         0x000000000002be66        0x2 
 .rodata        0x000000000002be68       0x30 build/cooja/mtype879.a(sicslowpan.o)
                0x000000000002be68                unc_llconf
                0x000000000002be6c                unc_ctxconf
                0x000000000002be70                unc_mxconf
                0x000000000002be74                llprefix
                0x000000000002be88                sicslowpan_driver
 .rodata        0x000000000002be98       0x2d build/cooja/mtype879.a(uiplib.o)
 *fill*         0x000000000002bec5       0x1b 
 .rodata        0x000000000002bee0       0x74 build/cooja/mtype879.a(rpl.o)
                0x000000000002bf00                rpl_lite_driver
 .rodata        0x000000000002bf54       0x20 build/cooja/mtype879.a(coap-timer-defa)
                0x000000000002bf68                coap_timer_default_driver
 .rodata        0x000000000002bf74       0x25 build/cooja/mtype879.a(assert.o)
 *fill*         0x000000000002bf99        0x3 
 .rodata        0x000000000002bf9c        0xc build/cooja/mtype879.a(framer-802154.o)
                0x000000000002bf9c                framer_802154
 .rodata        0x000000000002bfa8       0x44 build/cooja/mtype879.a(uip-sr.o)
 .rodata        0x000000000002bfec       0x58 build/cooja/mtype879.a(rpl-neighbor.o)
 .rodata        0x000000000002c044       0xdb build/cooja/mtype879.a(rpl-dag.o)
 .rodata        0x000000000002c11f        0xc build/cooja/mtype879.a(rpl-timers.o)

.rodata1
 *(.rodata1)

.eh_frame_hdr   0x000000000002c12c     0x1a6c
 *(.eh_frame_hdr)
 .eh_frame_hdr  0x000000000002c12c     0x1a6c water_actuator.o
                0x000000000002c12c                __GNU_EH_FRAME_HDR
 *(.eh_frame_entry .eh_frame_entry.*)

.eh_frame       0x000000000002db98     0x6b34
 *(.eh_frame)
 .eh_frame      0x000000000002db98       0x3c /usr/lib/gcc/i686-linux-gnu/5/../../../i386-linux-gnu/crti.o
                                         0x40 (size before relaxing)
 .eh_frame      0x000000000002dbd4       0xc8 water_actuator.o
                                         0xe0 (size before relaxing)
 .eh_frame      0x000000000002dc9c      0x178 build/cooja/mtype879.o
                                        0x190 (size before relaxing)
 .eh_frame      0x000000000002de14       0x40 build/cooja/mtype879.a(simEnvChange.o)
                                         0x58 (size before relaxing)
 .eh_frame      0x000000000002de54       0x60 build/cooja/mtype879.a(cooja_mt.o)
                                         0x78 (size before relaxing)
 .eh_frame      0x000000000002deb4       0x80 build/cooja/mtype879.a(cooja_mtarch.o)
                                         0x98 (size before relaxing)
 .eh_frame      0x000000000002df34       0xc8 build/cooja/mtype879.a(rtimer-arch.o)
                                         0xe0 (size before relaxing)
 .eh_frame      0x000000000002dffc      0x160 build/cooja/mtype879.a(beep.o)
                                        0x178 (size before relaxing)
 .eh_frame      0x000000000002e15c       0x80 build/cooja/mtype879.a(leds-arch.o)
                                         0x98 (size before relaxing)
 .eh_frame      0x000000000002e1dc       0x40 build/cooja/mtype879.a(moteid.o)
                                         0x58 (size before relaxing)
 .eh_frame      0x000000000002e21c       0xa0 build/cooja/mtype879.a(pir-sensor.o)
                                         0xb8 (size before relaxing)
 .eh_frame      0x000000000002e2bc      0x100 build/cooja/mtype879.a(rs232.o)
                                        0x118 (size before relaxing)
 .eh_frame      0x000000000002e3bc       0xa0 build/cooja/mtype879.a(vib-sensor.o)
                                         0xb8 (size before relaxing)
 .eh_frame      0x000000000002e45c       0xc0 build/cooja/mtype879.a(clock.o)
                                         0xd8 (size before relaxing)
 .eh_frame      0x000000000002e51c      0x120 build/cooja/mtype879.a(cooja-log.o)
                                        0x138 (size before relaxing)
 .eh_frame      0x000000000002e63c      0x160 build/cooja/mtype879.a(cfs-cooja.o)
                                        0x178 (size before relaxing)
 .eh_frame      0x000000000002e79c      0x340 build/cooja/mtype879.a(cooja-radio.o)
                                        0x358 (size before relaxing)
 .eh_frame      0x000000000002eadc       0xa0 build/cooja/mtype879.a(eeprom.o)
                                         0xb8 (size before relaxing)
 .eh_frame      0x000000000002eb7c       0x40 build/cooja/mtype879.a(random.o)
                                         0x58 (size before relaxing)
 .eh_frame      0x000000000002ebbc       0xc0 build/cooja/mtype879.a(sensors.o)
                                         0xd8 (size before relaxing)
 .eh_frame      0x000000000002ec7c      0x120 build/cooja/mtype879.a(leds.o)
                                        0x138 (size before relaxing)
 .eh_frame      0x000000000002ed9c      0x220 build/cooja/mtype879.a(gpio-hal-arch.o)
                                        0x238 (size before relaxing)
 .eh_frame      0x000000000002efbc       0xa0 build/cooja/mtype879.a(buttons.o)
                                         0xb8 (size before relaxing)
 .eh_frame      0x000000000002f05c       0x60 build/cooja/mtype879.a(water_generator)
                                         0x78 (size before relaxing)
 .eh_frame      0x000000000002f0bc      0x1c4 build/cooja/mtype879.a(coap-observe-cl)
                                        0x1dc (size before relaxing)
 .eh_frame      0x000000000002f280       0x44 build/cooja/mtype879.a(coap-blocking-a)
                                         0x5c (size before relaxing)
 .eh_frame      0x000000000002f2c4      0x220 build/cooja/mtype879.a(coap-engine.o)
                                        0x238 (size before relaxing)
 .eh_frame      0x000000000002f4e4       0x24 build/cooja/mtype879.a(coap-res-well-k)
                                         0x3c (size before relaxing)
 .eh_frame      0x000000000002f508      0x188 build/cooja/mtype879.a(coap-observe.o)
                                        0x1a0 (size before relaxing)
 .eh_frame      0x000000000002f690      0x250 build/cooja/mtype879.a(coap-uip.o)
                                        0x268 (size before relaxing)
 .eh_frame      0x000000000002f8e0      0x114 build/cooja/mtype879.a(coap-timer.o)
                                        0x12c (size before relaxing)
 .eh_frame      0x000000000002f9f4      0x100 build/cooja/mtype879.a(coap-transactio)
                                        0x118 (size before relaxing)
 .eh_frame      0x000000000002faf4      0x6ec build/cooja/mtype879.a(coap.o)
                                        0x704 (size before relaxing)
 .eh_frame      0x00000000000301e0       0x30 build/cooja/mtype879.a(contiki-main.o)
                                         0x48 (size before relaxing)
 .eh_frame      0x0000000000030210       0x40 build/cooja/mtype879.a(autostart.o)
                                         0x58 (size before relaxing)
 .eh_frame      0x0000000000030250      0x100 build/cooja/mtype879.a(ctimer.o)
                                        0x118 (size before relaxing)
 .eh_frame      0x0000000000030350      0x100 build/cooja/mtype879.a(log.o)
                                        0x118 (size before relaxing)
 .eh_frame      0x0000000000030450       0x60 build/cooja/mtype879.a(energest.o)
                                         0x78 (size before relaxing)
 .eh_frame      0x00000000000304b0      0x1e0 build/cooja/mtype879.a(etimer.o)
                                        0x1f8 (size before relaxing)
 .eh_frame      0x0000000000030690       0x20 build/cooja/mtype879.a(node-id.o)
                                         0x38 (size before relaxing)
 .eh_frame      0x00000000000306b0       0x60 build/cooja/mtype879.a(rtimer.o)
                                         0x78 (size before relaxing)
 .eh_frame      0x0000000000030710      0x1c4 build/cooja/mtype879.a(process.o)
                                        0x1dc (size before relaxing)
 .eh_frame      0x00000000000308d4       0xa4 build/cooja/mtype879.a(timer.o)
                                         0xbc (size before relaxing)
 .eh_frame      0x0000000000030978      0x1a0 build/cooja/mtype879.a(list.o)
                                        0x1b8 (size before relaxing)
 .eh_frame      0x0000000000030b18       0xa0 build/cooja/mtype879.a(memb.o)
                                         0xb8 (size before relaxing)
 .eh_frame      0x0000000000030bb8      0x144 build/cooja/mtype879.a(button-hal.o)
                                        0x15c (size before relaxing)
 .eh_frame      0x0000000000030cfc       0x60 build/cooja/mtype879.a(serial-line.o)
                                         0x78 (size before relaxing)
 .eh_frame      0x0000000000030d5c       0xe0 build/cooja/mtype879.a(gpio-hal.o)
                                         0xf8 (size before relaxing)
 .eh_frame      0x0000000000030e3c      0x1a0 build/cooja/mtype879.a(queuebuf.o)
                                        0x1b8 (size before relaxing)
 .eh_frame      0x0000000000030fdc      0x28c build/cooja/mtype879.a(packetbuf.o)
                                        0x2a4 (size before relaxing)
 .eh_frame      0x0000000000031268       0x80 build/cooja/mtype879.a(netstack.o)
                                         0x98 (size before relaxing)
 .eh_frame      0x00000000000312e8       0x60 build/cooja/mtype879.a(linkaddr.o)
                                         0x78 (size before relaxing)
 .eh_frame      0x0000000000031348       0xe0 build/cooja/mtype879.a(csma.o)
                                         0xf8 (size before relaxing)
 .eh_frame      0x0000000000031428      0x1d0 build/cooja/mtype879.a(csma-output.o)
                                        0x1e8 (size before relaxing)
 .eh_frame      0x00000000000315f8      0x328 build/cooja/mtype879.a(uip-ds6.o)
                                        0x340 (size before relaxing)
 .eh_frame      0x0000000000031920       0x40 build/cooja/mtype879.a(uip-udp-packet.)
                                         0x58 (size before relaxing)
 .eh_frame      0x0000000000031960      0x220 build/cooja/mtype879.a(uip-ds6-route.o)
                                        0x238 (size before relaxing)
 .eh_frame      0x0000000000031b80      0x244 build/cooja/mtype879.a(tcpip.o)
                                        0x25c (size before relaxing)
 .eh_frame      0x0000000000031dc4      0x1e8 build/cooja/mtype879.a(uip6.o)
                                        0x200 (size before relaxing)
 .eh_frame      0x0000000000031fac      0x1c0 build/cooja/mtype879.a(uip-ds6-nbr.o)
                                        0x1d8 (size before relaxing)
 .eh_frame      0x000000000003216c       0x84 build/cooja/mtype879.a(uip-nd6.o)
                                         0x9c (size before relaxing)
 .eh_frame      0x00000000000321f0      0x2f8 build/cooja/mtype879.a(sicslowpan.o)
                                        0x310 (size before relaxing)
 .eh_frame      0x00000000000324e8       0x88 build/cooja/mtype879.a(uiplib.o)
                                         0xa0 (size before relaxing)
 .eh_frame      0x0000000000032570      0x1e0 build/cooja/mtype879.a(rpl.o)
                                        0x1f8 (size before relaxing)
 .eh_frame      0x0000000000032750      0x1c4 build/cooja/mtype879.a(rpl-icmp6.o)
                                        0x1dc (size before relaxing)
 .eh_frame      0x0000000000032914       0xa0 build/cooja/mtype879.a(rpl-dag-root.o)
                                         0xb8 (size before relaxing)
 .eh_frame      0x00000000000329b4       0xa0 build/cooja/mtype879.a(watchdog.o)
                                         0xb8 (size before relaxing)
 .eh_frame      0x0000000000032a54       0x80 build/cooja/mtype879.a(int-master.o)
                                         0x98 (size before relaxing)
 .eh_frame      0x0000000000032ad4       0xa4 build/cooja/mtype879.a(coap-timer-defa)
                                         0xbc (size before relaxing)
 .eh_frame      0x0000000000032b78       0xc4 build/cooja/mtype879.a(stimer.o)
                                         0xdc (size before relaxing)
 .eh_frame      0x0000000000032c3c       0xa0 build/cooja/mtype879.a(ringbuf.o)
                                         0xb8 (size before relaxing)
 .eh_frame      0x0000000000032cdc       0x20 build/cooja/mtype879.a(assert.o)
                                         0x38 (size before relaxing)
 .eh_frame      0x0000000000032cfc      0x2ac build/cooja/mtype879.a(nbr-table.o)
                                        0x2c4 (size before relaxing)
 .eh_frame      0x0000000000032fa8      0x120 build/cooja/mtype879.a(link-stats.o)
                                        0x138 (size before relaxing)
 .eh_frame      0x00000000000330c8       0x48 build/cooja/mtype879.a(mac-sequence.o)
                                         0x60 (size before relaxing)
 .eh_frame      0x0000000000033110       0x20 build/cooja/mtype879.a(mac.o)
                                         0x38 (size before relaxing)
 .eh_frame      0x0000000000033130       0xa4 build/cooja/mtype879.a(framer-802154.o)
                                         0xbc (size before relaxing)
 .eh_frame      0x00000000000331d4      0x1a4 build/cooja/mtype879.a(frame802154.o)
                                        0x1bc (size before relaxing)
 .eh_frame      0x0000000000033378       0x40 build/cooja/mtype879.a(csma-security.o)
                                         0x58 (size before relaxing)
 .eh_frame      0x00000000000333b8      0x200 build/cooja/mtype879.a(uipbuf.o)
                                        0x218 (size before relaxing)
 .eh_frame      0x00000000000335b8      0x150 build/cooja/mtype879.a(uip-icmp6.o)
                                        0x168 (size before relaxing)
 .eh_frame      0x0000000000033708      0x184 build/cooja/mtype879.a(uip-sr.o)
                                        0x19c (size before relaxing)
 .eh_frame      0x000000000003388c       0xe0 build/cooja/mtype879.a(uip-packetqueue)
                                         0xf8 (size before relaxing)
 .eh_frame      0x000000000003396c       0x80 build/cooja/mtype879.a(rpl-nbr-policy.)
                                         0x98 (size before relaxing)
 .eh_frame      0x00000000000339ec      0x2d4 build/cooja/mtype879.a(rpl-neighbor.o)
                                        0x2ec (size before relaxing)
 .eh_frame      0x0000000000033cc0      0x370 build/cooja/mtype879.a(rpl-dag.o)
                                        0x388 (size before relaxing)
 .eh_frame      0x0000000000034030      0x3a8 build/cooja/mtype879.a(rpl-timers.o)
                                        0x3c0 (size before relaxing)
 .eh_frame      0x00000000000343d8      0x124 build/cooja/mtype879.a(rpl-ext-header.)
                                        0x13c (size before relaxing)
 .eh_frame      0x00000000000344fc      0x148 build/cooja/mtype879.a(rpl-mrhof.o)
                                        0x160 (size before relaxing)
 .eh_frame      0x0000000000034644       0x84 /usr/lib/gcc/i686-linux-gnu/5/libgcc.a(_udivdi3.o)
                                         0x9c (size before relaxing)
 .eh_frame      0x00000000000346c8        0x4 /usr/lib/gcc/i686-linux-gnu/5/crtendS.o
 *(.eh_frame.*)

.gcc_except_table
 *(.gcc_except_table .gcc_except_table.*)

.gnu_extab
 *(.gnu_extab*)

.exception_ranges
 *(.exception_ranges .exception_ranges*)
                0x0000000000035f10                . = DATA_SEGMENT_ALIGN (0x1000, 0x1000)

.eh_frame
 *(.eh_frame)
 *(.eh_frame.*)

.gnu_extab
 *(.gnu_extab)

.gcc_except_table
 *(.gcc_except_table .gcc_except_table.*)

.exception_ranges
 *(.exception_ranges .exception_ranges*)

.tdata
 *(.tdata .tdata.* .gnu.linkonce.td.*)

.tbss
 *(.tbss .tbss.* .gnu.linkonce.tb.*)
 *(.tcommon)

.preinit_array
 *(.preinit_array)

.init_array     0x0000000000035f10        0x4
 *(SORT(.init_array.*) SORT(.ctors.*))
 *(.init_array EXCLUDE_FILE(*crtend?.o *crtend.o *crtbegin?.o *crtbegin.o) .ctors)
 .init_array    0x0000000000035f10        0x4 /usr/lib/gcc/i686-linux-gnu/5/crtbeginS.o

.fini_array     0x0000000000035f14        0x4
 *(SORT(.fini_array.*) SORT(.dtors.*))
 *(.fini_array EXCLUDE_FILE(*crtend?.o *crtend.o *crtbegin?.o *crtbegin.o) .dtors)
 .fini_array    0x0000000000035f14        0x4 /usr/lib/gcc/i686-linux-gnu/5/crtbeginS.o

.ctors
 *crtbegin.o(.ctors)
 *crtbegin?.o(.ctors)
 *(EXCLUDE_FILE(*crtend?.o *crtend.o) .ctors)
 *(SORT(.ctors.*))
 *(.ctors)

.dtors
 *crtbegin.o(.dtors)
 *crtbegin?.o(.dtors)
 *(EXCLUDE_FILE(*crtend?.o *crtend.o) .dtors)
 *(SORT(.dtors.*))
 *(.dtors)

.jcr            0x0000000000035f18        0x4
 *(.jcr)
 .jcr           0x0000000000035f18        0x0 /usr/lib/gcc/i686-linux-gnu/5/crtbeginS.o
 .jcr           0x0000000000035f18        0x4 /usr/lib/gcc/i686-linux-gnu/5/crtendS.o

.data.rel.ro
 *(.data.rel.ro.local* .gnu.linkonce.d.rel.ro.local.*)
 *(.data.rel.ro .data.rel.ro.* .gnu.linkonce.d.rel.ro.*)

.dynamic        0x0000000000035f1c       0xd0
 *(.dynamic)
 .dynamic       0x0000000000035f1c       0xd0 /usr/lib/gcc/i686-linux-gnu/5/../../../i386-linux-gnu/crti.o
                0x0000000000035f1c                _DYNAMIC

.got            0x0000000000035fec       0x14
 *(.got)
 .got           0x0000000000035fec       0x14 /usr/lib/gcc/i686-linux-gnu/5/../../../i386-linux-gnu/crti.o
 *(.igot)
                0x0000000000036ff4                . = DATA_SEGMENT_RELRO_END (., (SIZEOF (.got.plt) >= 0xc)?0xc:0x0)

.got.plt        0x0000000000036000        0xc
 *(.got.plt)
 .got.plt       0x0000000000036000        0xc /usr/lib/gcc/i686-linux-gnu/5/../../../i386-linux-gnu/crti.o
                0x0000000000036000                _GLOBAL_OFFSET_TABLE_
 *(.igot.plt)

.data           0x0000000000036020      0x464
 *(.data .data.* .gnu.linkonce.d.*)
 .data          0x0000000000036020        0x0 /usr/lib/gcc/i686-linux-gnu/5/../../../i386-linux-gnu/crti.o
 .data          0x0000000000036020        0x0 /usr/lib/gcc/i686-linux-gnu/5/crtbeginS.o
 .data.rel.local
                0x0000000000036020        0x4 /usr/lib/gcc/i686-linux-gnu/5/crtbeginS.o
                0x0000000000036020                __dso_handle
 .data          0x0000000000036024       0x14 water_actuator.o
                0x0000000000036028                water_actuator
 *fill*         0x0000000000036038        0x8 
 .data          0x0000000000036040       0x44 build/cooja/mtype879.o
                0x0000000000036040                simInterfaces
                0x0000000000036074                sensors
 .data          0x0000000000036084        0x0 build/cooja/mtype879.a(simEnvChange.o)
 .data          0x0000000000036084        0x0 build/cooja/mtype879.a(cooja_mt.o)
 .data          0x0000000000036084        0x0 build/cooja/mtype879.a(cooja_mtarch.o)
 .data          0x0000000000036084        0x0 build/cooja/mtype879.a(rtimer-arch.o)
 .data          0x0000000000036084        0x0 build/cooja/mtype879.a(beep.o)
 .data          0x0000000000036084        0x0 build/cooja/mtype879.a(leds-arch.o)
 .data          0x0000000000036084        0x0 build/cooja/mtype879.a(moteid.o)
 .data          0x0000000000036084        0x0 build/cooja/mtype879.a(pir-sensor.o)
 .data          0x0000000000036084        0x0 build/cooja/mtype879.a(rs232.o)
 .data          0x0000000000036084        0x0 build/cooja/mtype879.a(vib-sensor.o)
 .data          0x0000000000036084        0x0 build/cooja/mtype879.a(clock.o)
 .data          0x0000000000036084        0x0 build/cooja/mtype879.a(cooja-log.o)
 .data          0x0000000000036084        0x0 build/cooja/mtype879.a(cfs-cooja.o)
 .data          0x0000000000036084       0x2c build/cooja/mtype879.a(cooja-radio.o)
                0x0000000000036084                simRadioHWOn
                0x0000000000036088                simSignalStrength
                0x000000000003608c                simLastSignalStrength
                0x0000000000036090                simPower
                0x0000000000036094                simRadioChannel
                0x0000000000036098                simLQI
                0x00000000000360a0                cooja_radio_process
 .data          0x00000000000360b0        0x0 build/cooja/mtype879.a(eeprom.o)
 .data          0x00000000000360b0        0x0 build/cooja/mtype879.a(random.o)
 .data          0x00000000000360b0       0x10 build/cooja/mtype879.a(sensors.o)
                0x00000000000360b0                sensors_process
 .data          0x00000000000360c0        0x0 build/cooja/mtype879.a(leds.o)
 .data          0x00000000000360c0        0x0 build/cooja/mtype879.a(gpio-hal-arch.o)
 .data          0x00000000000360c0       0x78 build/cooja/mtype879.a(buttons.o)
                0x00000000000360c0                simButtonIsActive
                0x0000000000036130                button_hal_buttons
 *fill*         0x0000000000036138        0x8 
 .data          0x0000000000036140       0x44 build/cooja/mtype879.a(water_generator)
                0x0000000000036140                GOOD_MINERALS_LEVEL
                0x0000000000036144                GOOD_PH_LEVEL
                0x0000000000036160                water_generator
 .data          0x0000000000036184       0x10 build/cooja/mtype879.a(coap-observe-cl)
 .data          0x0000000000036194        0x0 build/cooja/mtype879.a(coap-blocking-a)
 .data          0x0000000000036194        0x8 build/cooja/mtype879.a(coap-engine.o)
 *fill*         0x000000000003619c        0x4 
 .data          0x00000000000361a0       0x24 build/cooja/mtype879.a(coap-res-well-k)
                0x00000000000361a0                res_well_known_core
 .data          0x00000000000361c4       0x10 build/cooja/mtype879.a(coap-observe.o)
 .data          0x00000000000361d4       0x10 build/cooja/mtype879.a(coap-uip.o)
                0x00000000000361d4                coap_engine
 .data          0x00000000000361e4        0x4 build/cooja/mtype879.a(coap-timer.o)
 .data          0x00000000000361e8       0x10 build/cooja/mtype879.a(coap-transactio)
 .data          0x00000000000361f8        0x4 build/cooja/mtype879.a(coap.o)
                0x00000000000361f8                coap_error_message
 .data          0x00000000000361fc        0x0 build/cooja/mtype879.a(contiki-main.o)
 .data          0x00000000000361fc        0x0 build/cooja/mtype879.a(autostart.o)
 .data          0x00000000000361fc       0x14 build/cooja/mtype879.a(ctimer.o)
                0x0000000000036200                ctimer_process
 *fill*         0x0000000000036210       0x10 
 .data          0x0000000000036220       0xbc build/cooja/mtype879.a(log.o)
                0x0000000000036220                curr_log_level_main
                0x0000000000036240                all_modules
 .data          0x00000000000362dc        0x0 build/cooja/mtype879.a(energest.o)
 .data          0x00000000000362dc       0x10 build/cooja/mtype879.a(etimer.o)
                0x00000000000362dc                etimer_process
 .data          0x00000000000362ec        0x0 build/cooja/mtype879.a(node-id.o)
 .data          0x00000000000362ec        0x0 build/cooja/mtype879.a(rtimer.o)
 .data          0x00000000000362ec        0x0 build/cooja/mtype879.a(process.o)
 .data          0x00000000000362ec        0x0 build/cooja/mtype879.a(timer.o)
 .data          0x00000000000362ec        0x0 build/cooja/mtype879.a(list.o)
 .data          0x00000000000362ec        0x0 build/cooja/mtype879.a(memb.o)
 .data          0x00000000000362ec       0x10 build/cooja/mtype879.a(button-hal.o)
                0x00000000000362ec                button_hal_process
 .data          0x00000000000362fc       0x10 build/cooja/mtype879.a(serial-line.o)
                0x00000000000362fc                serial_line_process
 .data          0x000000000003630c        0x4 build/cooja/mtype879.a(gpio-hal.o)
 .data          0x0000000000036310       0x18 build/cooja/mtype879.a(queuebuf.o)
 .data          0x0000000000036328        0x4 build/cooja/mtype879.a(packetbuf.o)
 .data          0x000000000003632c        0x4 build/cooja/mtype879.a(netstack.o)
 .data          0x0000000000036330        0x0 build/cooja/mtype879.a(linkaddr.o)
 .data          0x0000000000036330        0x0 build/cooja/mtype879.a(csma.o)
 .data          0x0000000000036330       0x28 build/cooja/mtype879.a(csma-output.o)
 .data          0x0000000000036358        0x0 build/cooja/mtype879.a(uip-ds6.o)
 .data          0x0000000000036358        0x0 build/cooja/mtype879.a(uip-udp-packet.)
 .data          0x0000000000036358       0x10 build/cooja/mtype879.a(uip-ds6-route.o)
 .data          0x0000000000036368       0x10 build/cooja/mtype879.a(tcpip.o)
                0x0000000000036368                tcpip_process
 .data          0x0000000000036378        0x0 build/cooja/mtype879.a(uip6.o)
 .data          0x0000000000036378       0x14 build/cooja/mtype879.a(uip-ds6-nbr.o)
 .data          0x000000000003638c        0xc build/cooja/mtype879.a(uip-nd6.o)
 .data          0x0000000000036398        0x0 build/cooja/mtype879.a(sicslowpan.o)
 .data          0x0000000000036398        0x0 build/cooja/mtype879.a(uiplib.o)
 .data          0x0000000000036398        0x0 build/cooja/mtype879.a(rpl.o)
 .data          0x0000000000036398       0x30 build/cooja/mtype879.a(rpl-icmp6.o)
 .data          0x00000000000363c8        0x0 build/cooja/mtype879.a(rpl-dag-root.o)
 .data          0x00000000000363c8        0x0 build/cooja/mtype879.a(watchdog.o)
 .data          0x00000000000363c8        0x0 build/cooja/mtype879.a(int-master.o)
 .data          0x00000000000363c8       0x10 build/cooja/mtype879.a(coap-timer-defa)
                0x00000000000363c8                coap_timer_process
 .data          0x00000000000363d8        0x0 build/cooja/mtype879.a(stimer.o)
 .data          0x00000000000363d8        0x0 build/cooja/mtype879.a(ringbuf.o)
 .data          0x00000000000363d8        0x0 build/cooja/mtype879.a(assert.o)
 .data          0x00000000000363d8       0x10 build/cooja/mtype879.a(nbr-table.o)
 .data          0x00000000000363e8       0x14 build/cooja/mtype879.a(link-stats.o)
 .data          0x00000000000363fc        0x0 build/cooja/mtype879.a(mac-sequence.o)
 .data          0x00000000000363fc        0x0 build/cooja/mtype879.a(mac.o)
 .data          0x00000000000363fc        0x0 build/cooja/mtype879.a(framer-802154.o)
 .data          0x00000000000363fc        0x2 build/cooja/mtype879.a(frame802154.o)
 .data          0x00000000000363fe        0x0 build/cooja/mtype879.a(csma-security.o)
 .data          0x00000000000363fe        0x0 build/cooja/mtype879.a(uipbuf.o)
 *fill*         0x00000000000363fe        0x2 
 .data          0x0000000000036400       0x20 build/cooja/mtype879.a(uip-icmp6.o)
 .data          0x0000000000036420       0x10 build/cooja/mtype879.a(uip-sr.o)
 .data          0x0000000000036430        0xc build/cooja/mtype879.a(uip-packetqueue)
 .data          0x000000000003643c        0x0 build/cooja/mtype879.a(rpl-nbr-policy.)
 .data          0x000000000003643c       0x14 build/cooja/mtype879.a(rpl-neighbor.o)
                0x000000000003644c                rpl_neighbors
 .data          0x0000000000036450        0x0 build/cooja/mtype879.a(rpl-dag.o)
 .data          0x0000000000036450        0x0 build/cooja/mtype879.a(rpl-timers.o)
 .data          0x0000000000036450        0x0 build/cooja/mtype879.a(rpl-ext-header.)
 *fill*         0x0000000000036450       0x10 
 .data          0x0000000000036460       0x24 build/cooja/mtype879.a(rpl-mrhof.o)
                0x0000000000036460                rpl_mrhof
 .data          0x0000000000036484        0x0 /usr/lib/gcc/i686-linux-gnu/5/libgcc.a(_udivdi3.o)
 .data          0x0000000000036484        0x0 /usr/lib/gcc/i686-linux-gnu/5/crtendS.o
 .data          0x0000000000036484        0x0 /usr/lib/gcc/i686-linux-gnu/5/../../../i386-linux-gnu/crtn.o

.tm_clone_table
                0x0000000000036484        0x0
 .tm_clone_table
                0x0000000000036484        0x0 /usr/lib/gcc/i686-linux-gnu/5/crtbeginS.o
 .tm_clone_table
                0x0000000000036484        0x0 /usr/lib/gcc/i686-linux-gnu/5/crtendS.o

.data1
 *(.data1)
                0x0000000000036484                _edata = .
                [!provide]                        PROVIDE (edata, .)
                0x0000000000036484                . = .
                0x0000000000036484                __bss_start = .

.bss            0x00000000000364a0    0x14224
 *(.dynbss)
 .dynbss        0x00000000000364a0        0x0 /usr/lib/gcc/i686-linux-gnu/5/../../../i386-linux-gnu/crti.o
 *(.bss .bss.* .gnu.linkonce.b.*)
 .bss           0x00000000000364a0        0x0 /usr/lib/gcc/i686-linux-gnu/5/../../../i386-linux-gnu/crti.o
 .bss           0x00000000000364a0        0x1 /usr/lib/gcc/i686-linux-gnu/5/crtbeginS.o
 *fill*         0x00000000000364a1       0x1f 
 .bss           0x00000000000364c0      0x20c water_actuator.o
                0x00000000000364c0                minerals_level
                0x00000000000364c4                ph_level
 *fill*         0x00000000000366cc       0x14 
 .bss           0x00000000000366e0     0x2030 build/cooja/mtype879.o
 .bss           0x0000000000038710        0x1 build/cooja/mtype879.a(simEnvChange.o)
                0x0000000000038710                simDontFallAsleep
 *fill*         0x0000000000038711        0x3 
 .bss           0x0000000000038714        0x4 build/cooja/mtype879.a(cooja_mt.o)
 .bss           0x0000000000038718        0x4 build/cooja/mtype879.a(cooja_mtarch.o)
 .bss           0x000000000003871c        0x0 build/cooja/mtype879.a(rtimer-arch.o)
 .bss           0x000000000003871c        0x0 build/cooja/mtype879.a(beep.o)
 .bss           0x000000000003871c        0x1 build/cooja/mtype879.a(leds-arch.o)
                0x000000000003871c                simLedsValue
 .bss           0x000000000003871d        0x0 build/cooja/mtype879.a(moteid.o)
 .bss           0x000000000003871d        0x1 build/cooja/mtype879.a(pir-sensor.o)
                0x000000000003871d                simPirValue
 *fill*         0x000000000003871e        0x2 
 .bss           0x0000000000038720        0x4 build/cooja/mtype879.a(rs232.o)
 .bss           0x0000000000038724        0x1 build/cooja/mtype879.a(vib-sensor.o)
                0x0000000000038724                simVibValue
 .bss           0x0000000000038725        0x0 build/cooja/mtype879.a(clock.o)
 *fill*         0x0000000000038725       0x1b 
 .bss           0x0000000000038740     0x2020 build/cooja/mtype879.a(cooja-log.o)
 .bss           0x000000000003a760      0xfc0 build/cooja/mtype879.a(cfs-cooja.o)
                0x000000000003a760                simCFSData
                0x000000000003b700                simCFSSize
                0x000000000003b704                simCFSChanged
                0x000000000003b708                simCFSRead
                0x000000000003b70c                simCFSWritten
 .bss           0x000000000003b720       0x24 build/cooja/mtype879.a(cooja-radio.o)
                0x000000000003b720                simReceiving
                0x000000000003b724                simInSize
                0x000000000003b728                simLastPacketTimestamp
                0x000000000003b730                simOutSize
 .bss           0x000000000003b744        0xc build/cooja/mtype879.a(eeprom.o)
                0x000000000003b744                simEEPROMChanged
                0x000000000003b748                simEEPROMRead
                0x000000000003b74c                simEEPROMWritten
 .bss           0x000000000003b750        0x0 build/cooja/mtype879.a(random.o)
 .bss           0x000000000003b750        0xc build/cooja/mtype879.a(sensors.o)
 .bss           0x000000000003b75c        0x0 build/cooja/mtype879.a(leds.o)
 .bss           0x000000000003b75c       0x24 build/cooja/mtype879.a(gpio-hal-arch.o)
 .bss           0x000000000003b780        0x0 build/cooja/mtype879.a(buttons.o)
 .bss           0x000000000003b780        0x8 build/cooja/mtype879.a(water_generator)
                0x000000000003b780                status
 *fill*         0x000000000003b788       0x18 
 .bss           0x000000000003b7a0      0x1b1 build/cooja/mtype879.a(coap-observe-cl)
 .bss           0x000000000003b951        0x0 build/cooja/mtype879.a(coap-blocking-a)
 *fill*         0x000000000003b951        0xf 
 .bss           0x000000000003b960      0x190 build/cooja/mtype879.a(coap-engine.o)
 .bss           0x000000000003baf0        0x0 build/cooja/mtype879.a(coap-res-well-k)
 *fill*         0x000000000003baf0       0x10 
 .bss           0x000000000003bb00      0x120 build/cooja/mtype879.a(coap-observe.o)
 .bss           0x000000000003bc20       0x18 build/cooja/mtype879.a(coap-uip.o)
 .bss           0x000000000003bc38        0x5 build/cooja/mtype879.a(coap-timer.o)
 *fill*         0x000000000003bc3d        0x3 
 .bss           0x000000000003bc40      0x334 build/cooja/mtype879.a(coap-transactio)
 .bss           0x000000000003bf74        0x6 build/cooja/mtype879.a(coap.o)
                0x000000000003bf74                coap_status_code
 .bss           0x000000000003bf7a        0x0 build/cooja/mtype879.a(contiki-main.o)
 .bss           0x000000000003bf7a        0x0 build/cooja/mtype879.a(autostart.o)
 *fill*         0x000000000003bf7a        0x2 
 .bss           0x000000000003bf7c        0x5 build/cooja/mtype879.a(ctimer.o)
 *fill*         0x000000000003bf81        0x3 
 .bss           0x000000000003bf84       0x2c build/cooja/mtype879.a(log.o)
                0x000000000003bf84                curr_log_level_rpl
                0x000000000003bf88                curr_log_level_tcpip
                0x000000000003bf8c                curr_log_level_ipv6
                0x000000000003bf90                curr_log_level_6lowpan
                0x000000000003bf94                curr_log_level_nullnet
                0x000000000003bf98                curr_log_level_mac
                0x000000000003bf9c                curr_log_level_framer
                0x000000000003bfa0                curr_log_level_6top
                0x000000000003bfa4                curr_log_level_coap
                0x000000000003bfa8                curr_log_level_snmp
                0x000000000003bfac                curr_log_level_lwm2m
 .bss           0x000000000003bfb0        0x0 build/cooja/mtype879.a(energest.o)
 .bss           0x000000000003bfb0        0x8 build/cooja/mtype879.a(etimer.o)
 .bss           0x000000000003bfb8        0x2 build/cooja/mtype879.a(node-id.o)
                0x000000000003bfb8                node_id
 *fill*         0x000000000003bfba        0x2 
 .bss           0x000000000003bfbc        0x4 build/cooja/mtype879.a(rtimer.o)
 .bss           0x000000000003bfc0      0x1a1 build/cooja/mtype879.a(process.o)
                0x000000000003bfc0                process_list
                0x000000000003bfc4                process_current
 .bss           0x000000000003c161        0x0 build/cooja/mtype879.a(timer.o)
 .bss           0x000000000003c161        0x0 build/cooja/mtype879.a(list.o)
 .bss           0x000000000003c161        0x0 build/cooja/mtype879.a(memb.o)
 *fill*         0x000000000003c161        0x3 
 .bss           0x000000000003c164       0x10 build/cooja/mtype879.a(button-hal.o)
 *fill*         0x000000000003c174        0xc 
 .bss           0x000000000003c180      0x140 build/cooja/mtype879.a(serial-line.o)
 .bss           0x000000000003c2c0        0x4 build/cooja/mtype879.a(gpio-hal.o)
 *fill*         0x000000000003c2c4       0x1c 
 .bss           0x000000000003c2e0     0x2c80 build/cooja/mtype879.a(queuebuf.o)
 .bss           0x000000000003ef60       0xa0 build/cooja/mtype879.a(packetbuf.o)
 .bss           0x000000000003f000        0x4 build/cooja/mtype879.a(netstack.o)
 .bss           0x000000000003f004        0x0 build/cooja/mtype879.a(linkaddr.o)
 .bss           0x000000000003f004        0x0 build/cooja/mtype879.a(csma.o)
 *fill*         0x000000000003f004       0x1c 