Archive member included to satisfy reference by file (symbol)

build/cooja/mtype513.a(simEnvChange.o)
                              build/cooja/mtype513.o (simDontFallAsleep)
build/cooja/mtype513.a(cooja_mt.o)
                              build/cooja/mtype513.o (cooja_mt_start)
build/cooja/mtype513.a(cooja_mtarch.o)
                              build/cooja/mtype513.a(cooja_mt.o) (cooja_mtarch_start)
build/cooja/mtype513.a(rtimer-arch.o)
                              build/cooja/mtype513.o (rtimer_arch_check)
build/cooja/mtype513.a(beep.o)
                              build/cooja/mtype513.o (beep_interface)
build/cooja/mtype513.a(leds-arch.o)
                              build/cooja/mtype513.o (leds_interface)
build/cooja/mtype513.a(moteid.o)
                              build/cooja/mtype513.o (moteid_interface)
build/cooja/mtype513.a(pir-sensor.o)
                              build/cooja/mtype513.o (pir_interface)
build/cooja/mtype513.a(rs232.o)
                              build/cooja/mtype513.o (rs232_interface)
build/cooja/mtype513.a(vib-sensor.o)
                              build/cooja/mtype513.o (vib_interface)
build/cooja/mtype513.a(clock.o)
                              build/cooja/mtype513.o (clock_interface)
build/cooja/mtype513.a(cooja-log.o)
                              build/cooja/mtype513.o (simlog_interface)
build/cooja/mtype513.a(cfs-cooja.o)
                              build/cooja/mtype513.o (cfs_interface)
build/cooja/mtype513.a(cooja-radio.o)
                              build/cooja/mtype513.o (radio_interface)
build/cooja/mtype513.a(eeprom.o)
                              build/cooja/mtype513.o (eeprom_interface)
build/cooja/mtype513.a(random.o)
                              build/cooja/mtype513.a(moteid.o) (random_init)
build/cooja/mtype513.a(sensors.o)
                              build/cooja/mtype513.a(pir-sensor.o) (sensors_changed)
build/cooja/mtype513.a(leds.o)
                              water_actuator.o (leds_set)
build/cooja/mtype513.a(gpio-hal-arch.o)
                              build/cooja/mtype513.a(leds-arch.o) (gpio_hal_arch_register_pin_callback)
build/cooja/mtype513.a(buttons.o)
                              build/cooja/mtype513.o (button_interface)
build/cooja/mtype513.a(water_generator)
                              water_actuator.o (GOOD_MINERALS_LEVEL)
build/cooja/mtype513.a(coap-observe-cl)
                              water_actuator.o (coap_obs_request_registration)
build/cooja/mtype513.a(coap-blocking-a)
                              water_actuator.o (coap_blocking_request)
build/cooja/mtype513.a(coap-engine.o)
                              water_actuator.o (coap_activate_resource)
build/cooja/mtype513.a(coap-res-well-k)
                              build/cooja/mtype513.a(coap-engine.o) (res_well_known_core)
build/cooja/mtype513.a(coap-observe.o)
                              build/cooja/mtype513.a(coap-engine.o) (coap_remove_observer_by_mid)
build/cooja/mtype513.a(coap-uip.o)
                              water_actuator.o (coap_endpoint_log)
build/cooja/mtype513.a(coap-timer.o)
                              build/cooja/mtype513.a(coap-engine.o) (coap_timer_set)
build/cooja/mtype513.a(coap-transactio)
                              build/cooja/mtype513.a(coap-observe-cl) (coap_send_transaction)
build/cooja/mtype513.a(coap.o)
                              build/cooja/mtype513.a(coap-engine.o) (coap_status_code)
build/cooja/mtype513.a(contiki-main.o)
                              build/cooja/mtype513.o (main)
build/cooja/mtype513.a(autostart.o)
                              build/cooja/mtype513.a(contiki-main.o) (autostart_start)
build/cooja/mtype513.a(ctimer.o)
                              build/cooja/mtype513.a(contiki-main.o) (ctimer_init)
build/cooja/mtype513.a(log.o)
                              build/cooja/mtype513.a(contiki-main.o) (curr_log_level_main)
build/cooja/mtype513.a(energest.o)
                              build/cooja/mtype513.a(contiki-main.o) (energest_init)
build/cooja/mtype513.a(etimer.o)
                              build/cooja/mtype513.a(contiki-main.o) (etimer_process)
build/cooja/mtype513.a(node-id.o)
                              build/cooja/mtype513.a(contiki-main.o) (node_id)
build/cooja/mtype513.a(rtimer.o)
                              build/cooja/mtype513.a(contiki-main.o) (rtimer_init)
build/cooja/mtype513.a(process.o)
                              build/cooja/mtype513.a(coap-blocking-a) (process_current)
build/cooja/mtype513.a(timer.o)
                              build/cooja/mtype513.a(etimer.o) (timer_set)
build/cooja/mtype513.a(list.o)
                              build/cooja/mtype513.a(coap-engine.o) (list_init)
build/cooja/mtype513.a(memb.o)
                              build/cooja/mtype513.a(coap-observe-cl) (memb_alloc)
build/cooja/mtype513.a(button-hal.o)
                              water_actuator.o (button_hal_press_event)
build/cooja/mtype513.a(serial-line.o)
[...]
Memory Configuration

Name             Origin             Length             Attributes
*default*        0x0000000000000000 0xffffffffffffffff

Linker script and memory map

LOAD /usr/lib/gcc/i686-linux-gnu/5/../../../i386-linux-gnu/crti.o
LOAD /usr/lib/gcc/i686-linux-gnu/5/crtbeginS.o
LOAD water_actuator.o
LOAD build/cooja/mtype513.o
LOAD build/cooja/mtype513.a
LOAD /usr/lib/gcc/i686-linux-gnu/5/libgcc.a
LOAD /usr/lib/gcc/i686-linux-gnu/5/libgcc_s.so
LOAD /usr/lib/gcc/i686-linux-gnu/5/../../../i386-linux-gnu/libc.so
START GROUP
LOAD /lib/i386-linux-gnu/libc.so.6
LOAD /usr/lib/i386-linux-gnu/libc_nonshared.a
LOAD /lib/i386-linux-gnu/ld-linux.so.2
END GROUP
LOAD /usr/lib/gcc/i686-linux-gnu/5/libgcc.a
LOAD /usr/lib/gcc/i686-linux-gnu/5/libgcc_s.so
LOAD /usr/lib/gcc/i686-linux-gnu/5/crtendS.o
LOAD /usr/lib/gcc/i686-linux-gnu/5/../../../i386-linux-gnu/crtn.o
                0x0000000000000114                . = (0x0 + SIZEOF_HEADERS)

.note.gnu.build-id
                0x0000000000000114       0x24
 *(.note.gnu.build-id)
 .note.gnu.build-id
                0x0000000000000114       0x24 /usr/lib/gcc/i686-linux-gnu/5/../../../i386-linux-gnu/crti.o

.hash
 *(.hash)

.gnu.hash       0x0000000000000138     0x15d4
 *(.gnu.hash)
 .gnu.hash      0x0000000000000138     0x15d4 /usr/lib/gcc/i686-linux-gnu/5/../../../i386-linux-gnu/crti.o

.dynsym         0x000000000000170c     0x3020
 *(.dynsym)
 .dynsym        0x000000000000170c     0x3020 /usr/lib/gcc/i686-linux-gnu/5/../../../i386-linux-gnu/crti.o

.dynstr         0x000000000000472c     0x380c
 *(.dynstr)
 .dynstr        0x000000000000472c     0x380c /usr/lib/gcc/i686-linux-gnu/5/../../../i386-linux-gnu/crti.o

.gnu.version    0x0000000000007f38      0x604
 *(.gnu.version)
 .gnu.version   0x0000000000007f38      0x604 /usr/lib/gcc/i686-linux-gnu/5/../../../i386-linux-gnu/crti.o

.gnu.version_d  0x000000000000853c        0x0
 *(.gnu.version_d)
 .gnu.version_d
                0x000000000000853c        0x0 /usr/lib/gcc/i686-linux-gnu/5/../../../i386-linux-gnu/crti.o

.gnu.version_r  0x000000000000853c       0x40
 *(.gnu.version_r)
 .gnu.version_r
                0x000000000000853c       0x40 /usr/lib/gcc/i686-linux-gnu/5/../../../i386-linux-gnu/crti.o

.rel.dyn        0x000000000000857c     0x9a50
 *(.rel.init)
 .rel.init      0x000000000000857c        0x0 /usr/lib/gcc/i686-linux-gnu/5/../../../i386-linux-gnu/crti.o
 *(.rel.text .rel.text.* .rel.gnu.linkonce.t.*)
 .rel.text      0x000000000000857c     0x9028 /usr/lib/gcc/i686-linux-gnu/5/../../../i386-linux-gnu/crti.o
 *(.rel.fini)
 .rel.fini      0x00000000000115a4        0x0 /usr/lib/gcc/i686-linux-gnu/5/../../../i386-linux-gnu/crti.o
 *(.rel.rodata .rel.rodata.* .rel.gnu.linkonce.r.*)
 .rel.rodata    0x00000000000115a4      0x5d8 /usr/lib/gcc/i686-linux-gnu/5/../../../i386-linux-gnu/crti.o
 *(.rel.data.rel.ro .rel.data.rel.ro.* .rel.gnu.linkonce.d.rel.ro.*)
 *(.rel.data .rel.data.* .rel.gnu.linkonce.d.*)
 .rel.data.rel.local
                0x0000000000011b7c        0x8 /usr/lib/gcc/i686-linux-gnu/5/../../../i386-linux-gnu/crti.o
 .rel.data      0x0000000000011b84      0x410 /usr/lib/gcc/i686-linux-gnu/5/../../../i386-linux-gnu/crti.o
 *(.rel.tdata .rel.tdata.* .rel.gnu.linkonce.td.*)
 *(.rel.tbss .rel.tbss.* .rel.gnu.linkonce.tb.*)
 *(.rel.ctors)
 *(.rel.dtors)
 *(.rel.got)
 .rel.got       0x0000000000011f94       0x28 /usr/lib/gcc/i686-linux-gnu/5/../../../i386-linux-gnu/crti.o
 *(.rel.bss .rel.bss.* .rel.gnu.linkonce.b.*)
 *(.rel.ifunc)
 .rel.ifunc     0x0000000000011fbc        0x0 /usr/lib/gcc/i686-linux-gnu/5/../../../i386-linux-gnu/crti.o
 .rel.fini_array
                0x0000000000011fbc        0x8 /usr/lib/gcc/i686-linux-gnu/5/../../../i386-linux-gnu/crti.o
 .rel.init_array
                0x0000000000011fc4        0x8 /usr/lib/gcc/i686-linux-gnu/5/../../../i386-linux-gnu/crti.o

.rel.plt        0x0000000000011fcc        0x0
 *(.rel.plt)
 .rel.plt       0x0000000000011fcc        0x0 /usr/lib/gcc/i686-linux-gnu/5/../../../i386-linux-gnu/crti.o
 *(.rel.iplt)

.init           0x0000000000011fcc       0x23
 *(SORT(.init))
 .init          0x0000000000011fcc       0x1e /usr/lib/gcc/i686-linux-gnu/5/../../../i386-linux-gnu/crti.o
                0x0000000000011fcc                _init
 .init          0x0000000000011fea        0x5 /usr/lib/gcc/i686-linux-gnu/5/../../../i386-linux-gnu/crtn.o

.plt            0x0000000000011ff0       0x10
 *(.plt)
 .plt           0x0000000000011ff0       0x10 /usr/lib/gcc/i686-linux-gnu/5/../../../i386-linux-gnu/crti.o
 *(.iplt)

.plt.got        0x0000000000012000       0x10
 *(.plt.got)
 .plt.got       0x0000000000012000       0x10 /usr/lib/gcc/i686-linux-gnu/5/../../../i386-linux-gnu/crti.o

.text           0x0000000000012010    0x19842
 *(.text.unlikely .text.*_unlikely .text.unlikely.*)
 .text.unlikely
                0x0000000000012010        0x0 /usr/lib/gcc/i686-linux-gnu/5/crtbeginS.o
 .text.unlikely
                0x0000000000012010        0x0 /usr/lib/gcc/i686-linux-gnu/5/libgcc.a(_udivdi3.o)
 *(.text.exit .text.exit.*)
 *(.text.startup .text.startup.*)
 *(.text.hot .text.hot.*)
 *(.text .stub .text.* .gnu.linkonce.t.*)
 .text          0x0000000000012010        0x0 /usr/lib/gcc/i686-linux-gnu/5/../../../i386-linux-gnu/crti.o
 .gnu.linkonce.t.__x86.get_pc_thunk.bx
                0x0000000000012010        0x4 /usr/lib/gcc/i686-linux-gnu/5/../../../i386-linux-gnu/crti.o
                0x0000000000012010                __x86.get_pc_thunk.bx
 *fill*         0x0000000000012014        0xc 
 .text          0x0000000000012020      0x11c /usr/lib/gcc/i686-linux-gnu/5/crtbeginS.o
 .text.__x86.get_pc_thunk.dx
                0x000000000001213c        0x4 /usr/lib/gcc/i686-linux-gnu/5/crtbeginS.o
                0x000000000001213c                __x86.get_pc_thunk.dx
 .text          0x0000000000012140      0xb3d water_actuator.o
                0x0000000000012140                update_leds
                0x00000000000121cd                wait_for_ack
                0x0000000000012222                wait_for_minerals_discovery
                0x0000000000012374                wait_for_ph_discovery
 .text          0x0000000000012c7d      0x283 build/cooja/mtype513.o
                0x0000000000012d0f                platform_init_stage_one
                0x0000000000012d22                platform_init_stage_two
                0x0000000000012d35                platform_init_stage_three
                0x0000000000012d48                platform_main_loop
                0x0000000000012dbb                Java_org_contikios_cooja_corecomm_Lib17_init
                0x0000000000012df2                Java_org_contikios_cooja_corecomm_Lib17_getMemory
                0x0000000000012e25                Java_org_contikios_cooja_corecomm_Lib17_setMemory
                0x0000000000012e85                Java_org_contikios_cooja_corecomm_Lib17_tick
                0x0000000000012eed                Java_org_contikios_cooja_corecomm_Lib17_setReferenceAddress
 .text          0x0000000000012f00       0x65 build/cooja/mtype513.a(simEnvChange.o)
                0x0000000000012f00                doActionsBeforeTick
                0x0000000000012f32                doActionsAfterTick
 .text          0x0000000000012f65       0x83 build/cooja/mtype513.a(cooja_mt.o)
                0x0000000000012f65                cooja_mt_start
                0x0000000000012f8f                cooja_mt_exec
                0x0000000000012fc5                cooja_mt_yield
 .text          0x0000000000012fe8       0xbe build/cooja/mtype513.a(cooja_mtarch.o)
                0x0000000000012fe8                cooja_mtarch_start
                0x000000000001305b                cooja_sw
                0x000000000001307e                cooja_mtarch_exec
                0x000000000001309b                cooja_mtarch_yield
 .text          0x00000000000130a6       0xc5 build/cooja/mtype513.a(rtimer-arch.o)
                0x00000000000130a6                rtimer_arch_init
                0x00000000000130ca                rtimer_arch_schedule
                0x00000000000130fa                rtimer_arch_next
                0x000000000001310a                rtimer_arch_pending
                0x0000000000013114                rtimer_arch_check
                0x000000000001315b                rtimer_arch_now
 .text          0x000000000001316b       0x81 build/cooja/mtype513.a(beep.o)
                0x000000000001316b                beep_alarm
                0x0000000000013178                beep_beep
                0x0000000000013185                beep
                0x0000000000013192                beep_down
                0x000000000001319f                beep_on
                0x00000000000131ac                beep_off
                0x00000000000131b9                beep_spinup
                0x00000000000131c6                beep_quick
                0x00000000000131d3                beep_long
 .text          0x00000000000131ec       0x65 build/cooja/mtype513.a(leds-arch.o)
                0x00000000000131ff                leds_arch_init
 .text          0x0000000000013251       0x35 build/cooja/mtype513.a(moteid.o)
 .text          0x0000000000013286       0xb7 build/cooja/mtype513.a(pir-sensor.o)
 .text          0x000000000001333d      0x148 build/cooja/mtype513.a(rs232.o)
                0x000000000001333d                rs232_init
                0x0000000000013343                rs232_set_speed
                0x0000000000013352                rs232_set_input
                0x0000000000013360                rs232_send
                0x0000000000013384                rs232_print
                0x00000000000133a0                slip_arch_writeb
 .text          0x0000000000013485       0xb7 build/cooja/mtype513.a(vib-sensor.o)
 .text          0x000000000001353c       0x38 build/cooja/mtype513.a(clock.o)
                0x000000000001353c                clock_init
                0x0000000000013542                clock_time
                0x000000000001354c                clock_seconds
                0x0000000000013562                clock_delay
 .text          0x0000000000013574      0x219 build/cooja/mtype513.a(cooja-log.o)
                0x0000000000013574                simlog_char
                0x00000000000135b7                simlog
                0x000000000001362d                log_message
                0x000000000001365e                log_set_putchar_with_slip
                0x000000000001366c                log_putchar
                0x00000000000136e7                log_puts
                0x000000000001370f                log_printf
 .text          0x000000000001378d      0x2b9 build/cooja/mtype513.a(cfs-cooja.o)
                0x000000000001378d                cfs_open
                0x00000000000137f6                cfs_close
                0x0000000000013803                cfs_read
                0x0000000000013898                cfs_write
                0x0000000000013974                cfs_seek
                0x00000000000139fc                cfs_remove
                0x0000000000013a20                cfs_opendir
                0x0000000000013a2a                cfs_readdir
                0x0000000000013a34                cfs_closedir
 .text          0x0000000000013a46      0x620 build/cooja/mtype513.a(cooja-radio.o)
                0x0000000000013a88                radio_set_channel
                0x0000000000013a96                radio_set_txpower
                0x0000000000013aae                radio_signal_strength_last
                0x0000000000013ab8                radio_signal_strength_current
                0x0000000000013ac2                radio_LQI
 .text          0x0000000000014066       0xee build/cooja/mtype513.a(eeprom.o)
                0x0000000000014066                eeprom_init
                0x000000000001406c                eeprom_read
                0x00000000000140da                eeprom_write
 .text          0x0000000000014154       0x2d build/cooja/mtype513.a(random.o)
                0x0000000000014154                random_init
                0x0000000000014174                random_rand
 .text          0x0000000000014181      0x29c build/cooja/mtype513.a(sensors.o)
                0x00000000000141bc                sensors_first
                0x00000000000141c6                sensors_next
                0x00000000000141e0                sensors_changed
                0x0000000000014214                sensors_find
 .text          0x000000000001441d      0x349 build/cooja/mtype513.a(leds.o)
                0x000000000001441d                leds_init
                0x0000000000014464                leds_single_on
                0x00000000000144c3                leds_single_off
                0x0000000000014522                leds_single_toggle
                0x0000000000014554                leds_on
                0x00000000000145d6                leds_off
                0x0000000000014658                leds_toggle
                0x00000000000146ad                leds_set
                0x00000000000146d9                leds_get
 .text          0x0000000000014766      0x343 build/cooja/mtype513.a(gpio-hal-arch.o)
                0x0000000000014766                gpio_hal_arch_register_pin_callback
                0x00000000000147d2                gpio_hal_arch_init
                0x0000000000014817                gpio_hal_arch_no_port_interrupt_enable
                0x0000000000014847                gpio_hal_arch_no_port_interrupt_disable
                0x0000000000014877                gpio_hal_arch_no_port_pin_cfg_set
                0x000000000001489c                gpio_hal_arch_no_port_pin_cfg_get
                0x00000000000148c2                gpio_hal_arch_no_port_pin_set_input
                0x00000000000148d4                gpio_hal_arch_no_port_pin_set_output
                0x00000000000148e6                gpio_hal_arch_no_port_set_pin
                0x0000000000014907                gpio_hal_arch_no_port_clear_pin
                0x0000000000014928                gpio_hal_arch_no_port_read_pin
                0x000000000001494e                gpio_hal_arch_no_port_write_pin
                0x0000000000014978                gpio_hal_arch_no_port_set_pins
                0x00000000000149bf                gpio_hal_arch_no_port_clear_pins
                0x0000000000014a06                gpio_hal_arch_no_port_read_pins
                0x0000000000014a49                gpio_hal_arch_no_port_write_pins
 .text          0x0000000000014aa9       0x89 build/cooja/mtype513.a(buttons.o)
 .text          0x0000000000014b32      0x51a build/cooja/mtype513.a(water_generator)
 .text          0x000000000001504c      0x6ee build/cooja/mtype513.a(coap-observe-cl)
                0x00000000000150ea                coap_obs_add_observee
                0x0000000000015186                coap_obs_remove_observee
                0x00000000000151b6                coap_get_obs_subject_by_token
                0x000000000001521e                coap_obs_remove_observee_by_token
                0x00000000000152b1                coap_obs_remove_observee_by_url
                0x0000000000015409                coap_handle_notification
                0x0000000000015564                coap_generate_token
                0x0000000000015586                coap_obs_request_registration
 .text          0x000000000001573a      0x27b build/cooja/mtype513.a(coap-blocking-a)
                0x000000000001573a                coap_blocking_request_callback
                0x0000000000015764                coap_blocking_request
 .text          0x00000000000159b5      0xc26 build/cooja/mtype513.a(coap-engine.o)
                0x0000000000015a4a                coap_add_handler
                0x0000000000015a67                coap_remove_handler
                0x0000000000015a84                coap_call_handlers
                0x0000000000015b8c                coap_receive
                0x00000000000161c3                coap_engine_init
                0x0000000000016221                coap_activate_resource
                0x00000000000162cc                coap_get_first_resource
                0x00000000000162e5                coap_get_next_resource
 .text          0x00000000000165db      0x2d9 build/cooja/mtype513.a(coap-res-well-k)
 .text          0x00000000000168b4      0x96a build/cooja/mtype513.a(coap-observe.o)
                0x00000000000169c9                coap_remove_observer
                0x00000000000169f9                coap_remove_observer_by_client
                0x0000000000016a61                coap_remove_observer_by_token
                0x0000000000016af4                coap_remove_observer_by_uri
                0x0000000000016b9b                coap_remove_observer_by_mid
                0x0000000000016c17                coap_notify_observers
                0x0000000000016c30                coap_notify_observers_sub
                0x000000000001709a                coap_observe_handler
                0x00000000000171b5                coap_has_observers
 .text          0x000000000001721e      0x733 build/cooja/mtype513.a(coap-uip.o)
                0x000000000001721e                coap_endpoint_log
                0x00000000000172a4                coap_endpoint_print
                0x000000000001732a                coap_endpoint_snprint
                0x000000000001745d                coap_endpoint_copy
                0x000000000001749a                coap_endpoint_cmp
                0x00000000000175a8                coap_endpoint_parse
                0x0000000000017793                coap_endpoint_is_secure
                0x00000000000177a2                coap_endpoint_is_connected
                0x00000000000177d6                coap_endpoint_connect
                0x00000000000177f2                coap_endpoint_disconnect
                0x00000000000177f8                coap_databuf
                0x0000000000017802                coap_transport_init
                0x0000000000017852                coap_sendto
 .text          0x0000000000017951      0x324 build/cooja/mtype513.a(coap-timer.o)
                0x0000000000017a4e                coap_timer_stop
                0x0000000000017a79                coap_timer_set
                0x0000000000017abc                coap_timer_reset
                0x0000000000017aff                coap_timer_time_to_next_expiration
                0x0000000000017b6b                coap_timer_run
                0x0000000000017c37                coap_timer_init
 .text          0x0000000000017c75      0x2c6 build/cooja/mtype513.a(coap-transactio)
                0x0000000000017cdb                coap_new_transaction
                0x0000000000017d41                coap_send_transaction
                0x0000000000017ea2                coap_clear_transaction
                0x0000000000017eea                coap_get_transaction_by_mid
 .text          0x0000000000017f3b     0x1c53 build/cooja/mtype513.a(coap.o)
                0x00000000000184a8                coap_init_connection
                0x00000000000184bc                coap_get_mid
                0x00000000000184d8                coap_init_message
                0x0000000000018521                coap_serialize_message
                0x0000000000018ba3                coap_parse_message
                0x000000000001920a                coap_get_query_variable
                0x000000000001924c                coap_get_post_variable
                0x0000000000019290                coap_set_status_code
                0x00000000000192b5                coap_set_token
                0x00000000000192fc                coap_get_header_content_format
                0x000000000001932d                coap_set_header_content_format
                0x0000000000019350                coap_get_header_accept
                0x0000000000019381                coap_set_header_accept
                0x00000000000193a4                coap_get_header_max_age
                0x00000000000193d5                coap_set_header_max_age
                0x00000000000193f5                coap_get_header_etag
                0x0000000000019427                coap_set_header_etag
                0x000000000001947e                coap_get_header_if_match
                0x00000000000194b0                coap_set_header_if_match
                0x0000000000019507                coap_get_header_if_none_match
                0x0000000000019521                coap_set_header_if_none_match
                0x0000000000019538                coap_get_header_proxy_uri
                0x0000000000019566                coap_set_header_proxy_uri
                0x00000000000195a3                coap_get_header_uri_host
                0x00000000000195d1                coap_set_header_uri_host
                0x000000000001960e                coap_get_header_uri_path
                0x000000000001963c                coap_set_header_uri_path
                0x0000000000019689                coap_get_header_uri_query
                0x00000000000196bd                coap_set_header_uri_query
                0x0000000000019713                coap_get_header_location_path
                0x0000000000019741                coap_set_header_location_path
                0x00000000000197da                coap_get_header_location_query
                0x0000000000019808                coap_set_header_location_query
                0x0000000000019855                coap_get_header_observe
                0x0000000000019884                coap_set_header_observe
                0x00000000000198a4                coap_get_header_block2
                0x0000000000019910                coap_set_header_block2
                0x0000000000019987                coap_get_header_block1
                0x00000000000199fc                coap_set_header_block1
                0x0000000000019a77                coap_get_header_size2
                0x0000000000019aa7                coap_set_header_size2
                0x0000000000019aca                coap_get_header_size1
                0x0000000000019afa                coap_set_header_size1
                0x0000000000019b1d                coap_get_payload
                0x0000000000019b57                coap_set_payload
 .text          0x0000000000019b8e      0x332 build/cooja/mtype513.a(contiki-main.o)
                0x0000000000019b8e                main
 .text          0x0000000000019ec0       0x92 build/cooja/mtype513.a(autostart.o)
                0x0000000000019ec0                autostart_start
                0x0000000000019f0a                autostart_exit
 .text          0x0000000000019f52      0x355 build/cooja/mtype513.a(ctimer.o)
                0x000000000001a07a                ctimer_init
                0x000000000001a0ad                ctimer_set
                0x000000000001a0d3                ctimer_set_with_process
                0x000000000001a150                ctimer_reset
                0x000000000001a1a4                ctimer_restart
                0x000000000001a1f8                ctimer_stop
                0x000000000001a248                ctimer_expired
 .text          0x000000000001a2a7      0x394 build/cooja/mtype513.a(log.o)
                0x000000000001a2a7                log_6addr
                0x000000000001a2fa                log_6addr_compact_snprint
                0x000000000001a398                log_6addr_compact
                0x000000000001a3eb                log_lladdr
                0x000000000001a45d                log_lladdr_compact
                0x000000000001a4c5                log_set_level
                0x000000000001a580                log_get_level
                0x000000000001a5f9                log_level_to_str
 .text          0x000000000001a63b       0x1b build/cooja/mtype513.a(energest.o)
                0x000000000001a63b                energest_init
                0x000000000001a641                energest_flush
                0x000000000001a647                energest_get_total_time
 .text          0x000000000001a656      0x43f build/cooja/mtype513.a(etimer.o)
                0x000000000001a87a                etimer_request_poll
                0x000000000001a903                etimer_set
                0x000000000001a92c                etimer_reset_with_new_interval
                0x000000000001a95b                etimer_reset
                0x000000000001a981                etimer_restart
                0x000000000001a9a7                etimer_adjust
                0x000000000001a9c4                etimer_expired
                0x000000000001a9d7                etimer_expiration_time
                0x000000000001a9e9                etimer_start_time
                0x000000000001a9f3                etimer_pending
                0x000000000001aa05                etimer_next_expiration_time
                0x000000000001aa1f                etimer_stop
 .text          0x000000000001aa95       0x25 build/cooja/mtype513.a(node-id.o)
                0x000000000001aa95                node_id_init
 .text          0x000000000001aaba       0xeb build/cooja/mtype513.a(rtimer.o)
                0x000000000001aaba                rtimer_init
                0x000000000001aac8                rtimer_set
                0x000000000001ab43                rtimer_run_next
 .text          0x000000000001aba5      0x4fb build/cooja/mtype513.a(process.o)
                0x000000000001aba5                process_alloc_event
                0x000000000001abba                process_start
                0x000000000001ad94                process_exit
                0x000000000001adb1                process_init
                0x000000000001af46                process_run
                0x000000000001af79                process_nevents
                0x000000000001af94                process_post
                0x000000000001b027                process_post_synch
                0x000000000001b05c                process_poll
                0x000000000001b08c                process_is_running
 .text          0x000000000001b0a0       0xb1 build/cooja/mtype513.a(timer.o)
                0x000000000001b0a0                timer_set
                0x000000000001b0be                timer_reset
                0x000000000001b0eb                timer_restart
                0x000000000001b100                timer_expired
                0x000000000001b12d                timer_remaining
 .text          0x000000000001b151      0x28f build/cooja/mtype513.a(list.o)
                0x000000000001b151                list_init
                0x000000000001b160                list_head
                0x000000000001b16a                list_copy
                0x000000000001b17a                list_tail
                0x000000000001b1b0                list_add
                0x000000000001b1fc                list_push
                0x000000000001b228                list_chop
                0x000000000001b292                list_pop
                0x000000000001b2ba                list_remove
                0x000000000001b322                list_length
                0x000000000001b350                list_insert
                0x000000000001b395                list_item_next
                0x000000000001b3ac                list_contains
 .text          0x000000000001b3e0      0x1b5 build/cooja/mtype513.a(memb.o)
                0x000000000001b3e0                memb_init
                0x000000000001b435                memb_alloc
                0x000000000001b498                memb_free
                0x000000000001b50f                memb_inmemb
                0x000000000001b54e                memb_numfree
 .text          0x000000000001b595      0x41c build/cooja/mtype513.a(button-hal.o)
                0x000000000001b70e                button_hal_get_by_id
                0x000000000001b74c                button_hal_get_by_index
                0x000000000001b778                button_hal_get_state
                0x000000000001b7ca                button_hal_init
 .text          0x000000000001b9b1      0x1f3 build/cooja/mtype513.a(serial-line.o)
                0x000000000001b9b1                serial_line_input_byte
                0x000000000001bb6f                serial_line_init
 .text          0x000000000001bba4      0x168 build/cooja/mtype513.a(gpio-hal.o)
                0x000000000001bba4                gpio_hal_register_handler
                0x000000000001bbc1                gpio_hal_event_handler
                0x000000000001bc1d                gpio_hal_init
                0x000000000001bc3c                gpio_hal_arch_port_toggle_pin
                0x000000000001bc78                gpio_hal_arch_port_toggle_pins
                0x000000000001bca6                gpio_hal_arch_no_port_toggle_pin
                0x000000000001bce4                gpio_hal_arch_no_port_toggle_pins
 .text          0x000000000001bd0c      0x2e7 build/cooja/mtype513.a(queuebuf.o)
                0x000000000001bd16                queuebuf_init
                0x000000000001bd3f                queuebuf_numfree
                0x000000000001bd57                queuebuf_new_from_packetbuf
                0x000000000001bdf6                queuebuf_update_attr_from_packetbuf
                0x000000000001be2b                queuebuf_update_from_packetbuf
                0x000000000001be7b                queuebuf_free
                0x000000000001bec4                queuebuf_to_packetbuf
                0x000000000001bf30                queuebuf_dataptr
                0x000000000001bf6a                queuebuf_datalen
                0x000000000001bf8d                queuebuf_addr
                0x000000000001bfc2                queuebuf_attr
                0x000000000001bfed                queuebuf_debug_print
 .text          0x000000000001bff3      0x407 build/cooja/mtype513.a(packetbuf.o)
                0x000000000001bff3                packetbuf_clear
                0x000000000001c01e                packetbuf_copyfrom
                0x000000000001c06d                packetbuf_copyto
                0x000000000001c100                packetbuf_hdralloc
                0x000000000001c17c                packetbuf_hdrreduce
                0x000000000001c1c2                packetbuf_set_datalen
                0x000000000001c1dc                packetbuf_dataptr
                0x000000000001c1f9                packetbuf_hdrptr
                0x000000000001c203                packetbuf_datalen
                0x000000000001c20f                packetbuf_hdrlen
                0x000000000001c226                packetbuf_totlen
                0x000000000001c23c                packetbuf_remaininglen
                0x000000000001c24f                packetbuf_attr_clear
                0x000000000001c29b                packetbuf_attr_copyto
                0x000000000001c2f3                packetbuf_attr_copyfrom
                0x000000000001c34b                packetbuf_set_attr
                0x000000000001c375                packetbuf_attr
                0x000000000001c38f                packetbuf_set_addr
                0x000000000001c3c0                packetbuf_addr
                0x000000000001c3dd                packetbuf_holds_broadcast
 .text          0x000000000001c3fa       0xef build/cooja/mtype513.a(netstack.o)
                0x000000000001c3fa                netstack_process_ip_callback
                0x000000000001c48b                netstack_ip_packet_processor_add
                0x000000000001c4ae                uip_ds6_ip_packet_processor_rm
                0x000000000001c4cb                netstack_init
 .text          0x000000000001c4e9       0x4f build/cooja/mtype513.a(linkaddr.o)
                0x000000000001c4e9                linkaddr_copy
                0x000000000001c4ff                linkaddr_cmp
                0x000000000001c522                linkaddr_set_node_addr
 .text          0x000000000001c538      0x1f6 build/cooja/mtype513.a(csma.o)
 .text          0x000000000001c72e      0x95d build/cooja/mtype513.a(csma-output.o)
                0x000000000001cdc5                csma_output_packet
                0x000000000001d052                csma_output_init
 .text          0x000000000001d08b      0xc11 build/cooja/mtype513.a(uip-ds6.o)
                0x000000000001d08b                uip_ds6_default_prefix
                0x000000000001d095                uip_ds6_set_default_prefix
                0x000000000001d0c0                uip_ds6_init
                0x000000000001d322                uip_ds6_periodic
                0x000000000001d3a9                uip_ds6_list_loop
                0x000000000001d469                uip_ds6_prefix_add
                0x000000000001d515                uip_ds6_prefix_rm
                0x000000000001d528                uip_ds6_prefix_lookup
                0x000000000001d567                uip_ds6_is_addr_onlink
                0x000000000001d5da                uip_ds6_addr_add
                0x000000000001d6fa                uip_ds6_addr_rm
                0x000000000001d7a3                uip_ds6_addr_lookup
                0x000000000001d7dc                uip_ds6_get_link_local
                0x000000000001d85d                uip_ds6_get_global
                0x000000000001d8de                uip_ds6_maddr_add
                0x000000000001d93e                uip_ds6_maddr_rm
                0x000000000001d951                uip_ds6_maddr_lookup
                0x000000000001d98a                uip_ds6_aaddr_add
                0x000000000001d9ea                uip_ds6_aaddr_rm
                0x000000000001d9fd                uip_ds6_aaddr_lookup
                0x000000000001da36                uip_ds6_select_src
                0x000000000001db7f                uip_ds6_set_addr_iid
                0x000000000001dbaa                uip_ds6_set_lladdr_from_iid
                0x000000000001dbd3                get_match_length
                0x000000000001dc64                uip_ds6_compute_reachable_time
 .text          0x000000000001dc9c      0x128 build/cooja/mtype513.a(uip-udp-packet.)
                0x000000000001dc9c                uip_udp_packet_send
                0x000000000001dcf7                uip_udp_packet_sendto
 .text          0x000000000001ddc4      0x35b build/cooja/mtype513.a(uip-ds6-route.o)
                0x000000000001de15                uip_ds6_route_init
                0x000000000001de3f                uip_ds6_route_nexthop
                0x000000000001de49                uip_ds6_route_head
                0x000000000001de53                uip_ds6_route_next
                0x000000000001de5d                uip_ds6_route_is_nexthop
                0x000000000001de67                uip_ds6_route_num_routes
                0x000000000001de71                uip_ds6_route_lookup
                0x000000000001de7b                uip_ds6_route_add
                0x000000000001de8e                uip_ds6_route_rm
                0x000000000001de94                uip_ds6_route_rm_by_nexthop
                0x000000000001de9a                uip_ds6_defrt_head
                0x000000000001deb3                uip_ds6_defrt_add
                0x000000000001df61                uip_ds6_defrt_rm
                0x000000000001dfc7                uip_ds6_defrt_lookup
                0x000000000001e02e                uip_ds6_defrt_choose
                0x000000000001e0a4                uip_ds6_defrt_periodic
 .text          0x000000000001e11f      0x6f7 build/cooja/mtype513.a(tcpip.o)
                0x000000000001e139                tcpip_output
                0x000000000001e1b8                udp_attach
                0x000000000001e1d0                udp_new
                0x000000000001e21a                udp_broadcast_new
                0x000000000001e38c                tcpip_input
                0x000000000001e51c                tcpip_ipv6_output
                0x000000000001e710                tcpip_poll_udp
                0x000000000001e72e                tcpip_uipcall
 .text          0x000000000001e816     0x1205 build/cooja/mtype513.a(uip6.o)
                0x000000000001e8c5                uip_chksum
                0x000000000001e99c                uip_icmp6chksum
                0x000000000001e9b1                uip_udpchksum
                0x000000000001e9c6                uip_init
                0x000000000001ea0f                uip_remove_ext_hdr
                0x000000000001eae9                uip_udp_new
                0x000000000001edfd                uip_process
                0x000000000001f8f5                uip_htons
                0x000000000001f917                uip_htonl
                0x000000000001f955                uip_send
 .text          0x000000000001fa1b      0x369 build/cooja/mtype513.a(uip-ds6-nbr.o)
                0x000000000001fa1b                uip_ds6_neighbors_init
                0x000000000001fa3f                uip_ds6_nbr_add
                0x000000000001fac5                uip_ds6_nbr_rm
                0x000000000001fb10                uip_ds6_nbr_update_ll
                0x000000000001fbfe                uip_ds6_nbr_get_ipaddr
                0x000000000001fc13                uip_ds6_nbr_get_ll
                0x000000000001fc2f                uip_ds6_nbr_num
                0x000000000001fc78                uip_ds6_nbr_head
                0x000000000001fc91                uip_ds6_nbr_next
                0x000000000001fcad                uip_ds6_nbr_lookup
                0x000000000001fd05                uip_ds6_nbr_ll_lookup
                0x000000000001fd21                uip_ds6_nbr_ipaddr_from_lladdr
                0x000000000001fd4a                uip_ds6_nbr_lladdr_from_ipaddr
                0x000000000001fd7e                uip_ds6_link_callback
 .text          0x000000000001fd84      0x6a7 build/cooja/mtype513.a(uip-nd6.o)
                0x0000000000020412                uip_nd6_init
 .text          0x000000000002042b     0x2c17 build/cooja/mtype513.a(sicslowpan.o)
                0x0000000000020a32                netstack_sniffer_add
                0x0000000000020a40                netstack_sniffer_remove
                0x0000000000023016                sicslowpan_init
                0x0000000000023038                sicslowpan_get_last_rssi
 .text          0x0000000000023042      0x4d1 build/cooja/mtype513.a(uiplib.o)
                0x0000000000023042                uiplib_ip6addrconv
                0x00000000000231fa                uiplib_ip4addrconv
                0x00000000000232bd                uiplib_ipaddr_print
                0x0000000000023310                uiplib_ipaddr_snprint
 .text          0x0000000000023513      0x4c9 build/cooja/mtype513.a(rpl.o)
                0x0000000000023513                rpl_lollipop_greater_than
                0x000000000002356d                rpl_get_global_address
                0x0000000000023665                rpl_link_callback
                0x00000000000236a9                rpl_has_joined
                0x00000000000236ce                rpl_is_reachable
                0x000000000002374f                rpl_reset_prefix
                0x00000000000237b9                rpl_set_prefix_from_addr
                0x000000000002389e                rpl_set_prefix
                0x00000000000239b8                rpl_set_leaf_only
                0x00000000000239d0                rpl_get_leaf_only
 .text          0x00000000000239dc     0x138c build/cooja/mtype513.a(rpl-icmp6.o)
                0x0000000000023b01                rpl_icmp6_update_nbr_table
                0x0000000000023b8a                rpl_icmp6_dis_output
                0x00000000000241d0                rpl_icmp6_dio_output
                0x00000000000249ce                rpl_icmp6_dao_output
                0x0000000000024caf                rpl_icmp6_dao_ack_output
                0x0000000000024d1f                rpl_icmp6_init
 .text          0x0000000000024d68      0x264 build/cooja/mtype513.a(rpl-dag-root.o)
                0x0000000000024d68                rpl_dag_root_print_links
                0x0000000000024e94                rpl_dag_root_set_prefix
                0x0000000000024ec0                rpl_dag_root_start
                0x0000000000024f9d                rpl_dag_root_is_root
 .text          0x0000000000024fcc       0x30 build/cooja/mtype513.a(watchdog.o)
                0x0000000000024fcc                watchdog_init
                0x0000000000024fd2                watchdog_start
                0x0000000000024fd8                watchdog_periodic
                0x0000000000024ff0                watchdog_stop
                0x0000000000024ff6                watchdog_reboot
 .text          0x0000000000024ffc       0x4a build/cooja/mtype513.a(int-master.o)
                0x0000000000024ffc                int_master_enable
                0x000000000002500c                int_master_read_and_disable
                0x0000000000025029                int_master_status_set
                0x0000000000025037                int_master_is_enabled
 .text          0x0000000000025046      0x226 build/cooja/mtype513.a(coap-timer-defa)
 .text          0x000000000002526c       0xc7 build/cooja/mtype513.a(stimer.o)
                0x000000000002526c                stimer_set
                0x000000000002528a                stimer_reset
                0x00000000000252b7                stimer_restart
                0x00000000000252cc                stimer_expired
                0x00000000000252f7                stimer_remaining
                0x000000000002531b                stimer_elapsed
 .text          0x0000000000025333      0x156 build/cooja/mtype513.a(ringbuf.o)
                0x0000000000025333                ringbuf_init
                0x0000000000025365                ringbuf_put
                0x00000000000253e3                ringbuf_get
                0x0000000000025450                ringbuf_size
                0x0000000000025462                ringbuf_elements
 .text          0x0000000000025489       0x1f build/cooja/mtype513.a(assert.o)
                0x0000000000025489                _xassert
 .text          0x00000000000254a8      0x79b build/cooja/mtype513.a(nbr-table.o)
                0x0000000000025921                nbr_table_register
                0x000000000002598e                nbr_table_is_registered
                0x00000000000259c9                nbr_table_head
                0x0000000000025a24                nbr_table_next
                0x0000000000025a85                nbr_table_add_lladdr
                0x0000000000025b5f                nbr_table_get_from_lladdr
                0x0000000000025bab                nbr_table_remove
                0x0000000000025be3                nbr_table_lock
                0x0000000000025bfd                nbr_table_unlock
                0x0000000000025c17                nbr_table_get_lladdr
 .text          0x0000000000025c43      0x3a5 build/cooja/mtype513.a(link-stats.o)
                0x0000000000025c43                link_stats_from_lladdr
                0x0000000000025c5f                link_stats_get_lladdr
                0x0000000000025c7b                link_stats_is_fresh
                0x0000000000025cb7                guess_etx_from_rssi
                0x0000000000025d33                link_stats_packet_sent
                0x0000000000025e53                link_stats_input_callback
                0x0000000000025f63                link_stats_reset
                0x0000000000025fb3                link_stats_init
 .text          0x0000000000025fe8      0x187 build/cooja/mtype513.a(mac-sequence.o)
                0x0000000000025fe8                mac_sequence_is_duplicate
                0x0000000000026088                mac_sequence_register_seqno
 .text          0x000000000002616f       0x23 build/cooja/mtype513.a(mac.o)
                0x000000000002616f                mac_call_sent_callback
 .text          0x0000000000026192      0x432 build/cooja/mtype513.a(framer-802154.o)
                0x0000000000026321                framer_802154_setup_params
 .text          0x00000000000265c4      0xb6f build/cooja/mtype513.a(frame802154.o)
                0x00000000000265f5                frame802154_get_pan_id
                0x0000000000026601                frame802154_set_pan_id
                0x000000000002661b                frame802154_has_panid
                0x00000000000267ca                frame802154_check_dest_panid
                0x0000000000026852                frame802154_is_broadcast_addr
                0x000000000002689f                frame802154_extract_linkaddr
                0x0000000000026b04                frame802154_hdrlen
                0x0000000000026b77                frame802154_create_fcf
                0x0000000000026c2f                frame802154_create
                0x0000000000026da4                frame802154_parse_fcf
                0x0000000000026e86                frame802154_parse
 .text          0x0000000000027133       0x2d build/cooja/mtype513.a(csma-security.o)
                0x0000000000027133                csma_security_create_frame
                0x0000000000027151                csma_security_parse_frame
 .text          0x0000000000027160      0x4e4 build/cooja/mtype513.a(uipbuf.o)
                0x0000000000027160                uipbuf_clear
                0x0000000000027187                uipbuf_add_ext_hdr
                0x0000000000027207                uipbuf_set_len
                0x0000000000027234                uipbuf_set_len_field
                0x0000000000027260                uipbuf_get_len_field
                0x0000000000027280                uipbuf_get_next_header
                0x00000000000273b2                uipbuf_get_last_header
                0x000000000002742b                uipbuf_search_header
                0x00000000000274e1                uipbuf_get_attr
                0x0000000000027508                uipbuf_set_attr
                0x000000000002753f                uipbuf_set_default_attr
                0x0000000000027576                uipbuf_clear_attr
                0x000000000002759a                uipbuf_set_attr_flag
                0x00000000000275bb                uipbuf_clr_attr_flag
                0x00000000000275e2                uipbuf_is_attr_flag
                0x0000000000027606                uipbuf_init
 .text          0x0000000000027644      0x73f build/cooja/mtype513.a(uip-icmp6.o)
                0x00000000000276b9                uip_icmp6_input
                0x0000000000027710                uip_icmp6_register_input_handler
                0x0000000000027863                uip_icmp6_error_output
                0x0000000000027b14                uip_icmp6_send
                0x0000000000027d0b                uip_icmp6_echo_reply_callback_add
                0x0000000000027d3d                uip_icmp6_echo_reply_callback_rm
                0x0000000000027d5a                uip_icmp6_init
 .text          0x0000000000027d83      0x69b build/cooja/mtype513.a(uip-sr.o)
                0x0000000000027d83                uip_sr_num_nodes
                0x0000000000027e11                uip_sr_get_node
                0x0000000000027e68                uip_sr_is_addr_reachable
                0x0000000000027f16                uip_sr_expire_parent
                0x0000000000027f5f                uip_sr_update_node
                0x000000000002808f                uip_sr_init
                0x00000000000280c3                uip_sr_node_head
                0x00000000000280dc                uip_sr_node_next
                0x00000000000280f2                uip_sr_periodic
                0x00000000000281f8                uip_sr_free_all
                0x0000000000028268                uip_sr_link_snprint
 .text          0x000000000002841e      0x146 build/cooja/mtype513.a(uip-packetqueue)
                0x000000000002844c                uip_packetqueue_new
                0x000000000002845b                uip_packetqueue_alloc
                0x00000000000284b6                uip_packetqueue_free
                0x00000000000284fd                uip_packetqueue_buf
                0x000000000002851a                uip_packetqueue_buflen
                0x000000000002853b                uip_packetqueue_set_buflen
 .text          0x0000000000028564      0x1b0 build/cooja/mtype513.a(rpl-nbr-policy.)
                0x00000000000286d1                rpl_nbr_policy_find_removable
 .text          0x0000000000028714      0x915 build/cooja/mtype513.a(rpl-neighbor.o)
                0x0000000000028790                rpl_neighbor_snprint
                0x0000000000028a43                rpl_neighbor_print_list
                0x0000000000028af8                rpl_neighbor_count
                0x0000000000028b9f                rpl_neighbor_get_from_lladdr
                0x0000000000028bbb                rpl_neighbor_is_acceptable_parent
                0x0000000000028bef                rpl_neighbor_get_link_metric
                0x0000000000028c23                rpl_neighbor_rank_via_nbr
                0x0000000000028c57                rpl_neighbor_get_lladdr
                0x0000000000028c73                rpl_neighbor_get_ipaddr
                0x0000000000028c9a                rpl_neighbor_get_link_stats
                0x0000000000028cc1                rpl_neighbor_is_fresh
                0x0000000000028ce8                rpl_neighbor_is_reachable
                0x0000000000028d33                rpl_neighbor_is_parent
                0x0000000000028d5d                rpl_neighbor_set_preferred_parent
                0x0000000000028df4                rpl_neighbor_remove_all
                0x0000000000028e50                rpl_neighbor_get_from_ipaddr
                0x0000000000028f5e                rpl_neighbor_select_best
                0x000000000002900a                rpl_neighbor_init
 .text          0x0000000000029029      0xe69 build/cooja/mtype513.a(rpl-dag.o)
                0x0000000000029029                rpl_dag_state_to_str
                0x0000000000029068                rpl_dag_get_root_ipaddr
                0x00000000000290b0                rpl_dag_leave
                0x0000000000029139                rpl_dag_poison_and_leave
                0x0000000000029151                rpl_dag_periodic
                0x00000000000291d9                rpl_is_addr_in_our_dag
                0x000000000002921d                rpl_get_default_instance
                0x0000000000029239                rpl_get_any_dag
                0x0000000000029292                rpl_refresh_routes
                0x00000000000292d2                rpl_global_repair
                0x000000000002936b                rpl_local_repair
                0x00000000000293b5                rpl_dag_ready_to_advertise
                0x00000000000293f8                rpl_dag_update_state
                0x0000000000029b25                rpl_process_dio
                0x0000000000029ba3                rpl_process_dis
                0x0000000000029be8                rpl_process_dao
                0x0000000000029c77                rpl_process_dao_ack
                0x0000000000029d0e                rpl_process_hbh
                0x0000000000029d5e                rpl_dag_init_root
                0x0000000000029e72                rpl_dag_init
 .text          0x0000000000029e92      0x9e7 build/cooja/mtype513.a(rpl-timers.o)
                0x0000000000029e92                rpl_timers_schedule_periodic_dis
                0x0000000000029fe0                rpl_timers_dio_reset
                0x000000000002a0ee                rpl_timers_schedule_unicast_dio
                0x000000000002a242                rpl_timers_schedule_dao
                0x000000000002a301                rpl_timers_schedule_dao_ack
                0x000000000002a387                rpl_timers_notify_dao_ack
                0x000000000002a3e5                get_probing_delay
                0x000000000002a419                get_probing_target
                0x000000000002a603                rpl_schedule_probing
                0x000000000002a631                rpl_schedule_probing_now
                0x000000000002a69b                rpl_timers_unschedule_leaving
                0x000000000002a6d3                rpl_timers_schedule_leaving
                0x000000000002a714                rpl_timers_init
                0x000000000002a7a4                rpl_timers_stop_dag_timers
                0x000000000002a81d                rpl_timers_unschedule_state_update
                0x000000000002a841                rpl_timers_schedule_state_update
 .text          0x000000000002a879      0xb8e build/cooja/mtype513.a(rpl-ext-header.)
                0x000000000002a879                rpl_ext_header_srh_get_next_hop
                0x000000000002a960                rpl_ext_header_srh_update
                0x000000000002aecc                rpl_ext_header_hbh_update
                0x000000000002b1cc                rpl_ext_header_update
                0x000000000002b255                rpl_ext_header_remove
 .text          0x000000000002b407      0x31b build/cooja/mtype513.a(rpl-mrhof.o)
 *fill*         0x000000000002b722        0xe 
 .text          0x000000000002b730      0x122 /usr/lib/gcc/i686-linux-gnu/5/libgcc.a(_udivdi3.o)
                0x000000000002b730                __udivdi3
 .text          0x000000000002b852        0x0 /usr/lib/gcc/i686-linux-gnu/5/crtendS.o
 .text          0x000000000002b852        0x0 /usr/lib/gcc/i686-linux-gnu/5/../../../i386-linux-gnu/crtn.o
 *(.gnu.warning)

.fini           0x000000000002b854       0x14
 *(SORT(.fini))
 .fini          0x000000000002b854        0xf /usr/lib/gcc/i686-linux-gnu/5/../../../i386-linux-gnu/crti.o
                0x000000000002b854                _fini
 .fini          0x000000000002b863        0x5 /usr/lib/gcc/i686-linux-gnu/5/../../../i386-linux-gnu/crtn.o
                [!provide]                        PROVIDE (__etext, .)
                [!provide]                        PROVIDE (_etext, .)
                [!provide]                        PROVIDE (etext, .)

.rodata         0x000000000002b880      0xdcb
 *(.rodata .rodata.* .gnu.linkonce.r.*)
 .rodata        0x000000000002b880      0x301 water_actuator.o
                0x000000000002b990                autostart_processes
 *fill*         0x000000000002bb81        0x3 
 .rodata        0x000000000002bb84        0x8 build/cooja/mtype513.a(beep.o)
                0x000000000002bb84                beep_interface
 .rodata        0x000000000002bb8c        0xe build/cooja/mtype513.a(leds-arch.o)
                0x000000000002bb8c                leds_interface
                0x000000000002bb94                leds_arch_leds
 *fill*         0x000000000002bb9a        0x2 
 .rodata        0x000000000002bb9c        0x8 build/cooja/mtype513.a(moteid.o)
                0x000000000002bb9c                moteid_interface
 .rodata        0x000000000002bba4       0x1c build/cooja/mtype513.a(pir-sensor.o)
                0x000000000002bba4                pir_interface
                0x000000000002bbb0                pir_sensor
 .rodata        0x000000000002bbc0        0xe build/cooja/mtype513.a(rs232.o)
                0x000000000002bbc0                rs232_interface
 *fill*         0x000000000002bbce        0x2 
 .rodata        0x000000000002bbd0       0x24 build/cooja/mtype513.a(vib-sensor.o)
                0x000000000002bbd0                vib_interface
                0x000000000002bbe4                vib_sensor
 .rodata        0x000000000002bbf4        0x8 build/cooja/mtype513.a(clock.o)
                0x000000000002bbf4                clock_interface
 .rodata        0x000000000002bbfc        0x8 build/cooja/mtype513.a(cooja-log.o)
                0x000000000002bbfc                simlog_interface
 .rodata        0x000000000002bc04       0x2f build/cooja/mtype513.a(cfs-cooja.o)
                0x000000000002bc04                cfs_interface
 *fill*         0x000000000002bc33        0xd 
 .rodata        0x000000000002bc40       0xb8 build/cooja/mtype513.a(cooja-radio.o)
                0x000000000002bc40                radio_interface
                0x000000000002bcc0                cooja_radio_driver
 .rodata        0x000000000002bcf8        0x8 build/cooja/mtype513.a(eeprom.o)
                0x000000000002bcf8                eeprom_interface
 .rodata        0x000000000002bd00        0x8 build/cooja/mtype513.a(sensors.o)
 .rodata        0x000000000002bd08       0x2c build/cooja/mtype513.a(buttons.o)
                0x000000000002bd08                button_interface
                0x000000000002bd1c                button_hal_button_count
                0x000000000002bd24                button_sensor
 *fill*         0x000000000002bd34        0x4 
 .rodata        0x000000000002bd38      0x158 build/cooja/mtype513.a(water_generator)
 .rodata        0x000000000002be90       0x41 build/cooja/mtype513.a(coap-engine.o)
 .rodata        0x000000000002bed1       0x19 build/cooja/mtype513.a(coap-res-well-k)
 .rodata        0x000000000002beea       0x11 build/cooja/mtype513.a(coap-observe.o)
 .rodata        0x000000000002befb       0x35 build/cooja/mtype513.a(coap-uip.o)
 .rodata        0x000000000002bf30      0x1ac build/cooja/mtype513.a(coap.o)
 .rodata        0x000000000002c0dc       0xf8 build/cooja/mtype513.a(contiki-main.o)
 .rodata        0x000000000002c1d4        0xf build/cooja/mtype513.a(ctimer.o)
 *fill*         0x000000000002c1e3        0x1 
 .rodata        0x000000000002c1e4       0xc4 build/cooja/mtype513.a(log.o)
 .rodata        0x000000000002c2a8        0xc build/cooja/mtype513.a(etimer.o)
 .rodata        0x000000000002c2b4       0x13 build/cooja/mtype513.a(button-hal.o)
 .rodata        0x000000000002c2c7        0xe build/cooja/mtype513.a(serial-line.o)
 *fill*         0x000000000002c2d5        0x3 
 .rodata        0x000000000002c2d8        0x8 build/cooja/mtype513.a(linkaddr.o)
                0x000000000002c2d8                linkaddr_null
 .rodata        0x000000000002c2e0       0x24 build/cooja/mtype513.a(csma.o)
                0x000000000002c2e8                csma_driver
 .rodata        0x000000000002c304       0x24 build/cooja/mtype513.a(csma-output.o)
 .rodata        0x000000000002c328       0x4d build/cooja/mtype513.a(uip-ds6-route.o)
 .rodata        0x000000000002c375        0xd build/cooja/mtype513.a(tcpip.o)
 *fill*         0x000000000002c382        0x2 
 .rodata        0x000000000002c384       0x30 build/cooja/mtype513.a(sicslowpan.o)
                0x000000000002c384                unc_llconf
                0x000000000002c388                unc_ctxconf
                0x000000000002c38c                unc_mxconf
                0x000000000002c390                llprefix
                0x000000000002c3a4                sicslowpan_driver
 .rodata        0x000000000002c3b4       0x2d build/cooja/mtype513.a(uiplib.o)
 *fill*         0x000000000002c3e1       0x1f 
 .rodata        0x000000000002c400       0x74 build/cooja/mtype513.a(rpl.o)
                0x000000000002c420                rpl_lite_driver
 .rodata        0x000000000002c474       0x20 build/cooja/mtype513.a(coap-timer-defa)
                0x000000000002c488                coap_timer_default_driver
 .rodata        0x000000000002c494       0x25 build/cooja/mtype513.a(assert.o)
 *fill*         0x000000000002c4b9        0x3 
 .rodata        0x000000000002c4bc        0xc build/cooja/mtype513.a(framer-802154.o)
                0x000000000002c4bc                framer_802154
 .rodata        0x000000000002c4c8       0x44 build/cooja/mtype513.a(uip-sr.o)
 .rodata        0x000000000002c50c       0x58 build/cooja/mtype513.a(rpl-neighbor.o)
 .rodata        0x000000000002c564       0xdb build/cooja/mtype513.a(rpl-dag.o)
 .rodata        0x000000000002c63f        0xc build/cooja/mtype513.a(rpl-timers.o)

.rodata1
 *(.rodata1)

.eh_frame_hdr   0x000000000002c64c     0x1a7c
 *(.eh_frame_hdr)
 .eh_frame_hdr  0x000000000002c64c     0x1a7c water_actuator.o
                0x000000000002c64c                __GNU_EH_FRAME_HDR
 *(.eh_frame_entry .eh_frame_entry.*)

.eh_frame       0x000000000002e0c8     0x6b74
 *(.eh_frame)
 .eh_frame      0x000000000002e0c8       0x3c /usr/lib/gcc/i686-linux-gnu/5/../../../i386-linux-gnu/crti.o
                                         0x40 (size before relaxing)
 .eh_frame      0x000000000002e104       0xe8 water_actuator.o
                                        0x100 (size before relaxing)
 .eh_frame      0x000000000002e1ec      0x178 build/cooja/mtype513.o
                                        0x190 (size before relaxing)
 .eh_frame      0x000000000002e364       0x40 build/cooja/mtype513.a(simEnvChange.o)
                                         0x58 (size before relaxing)
 .eh_frame      0x000000000002e3a4       0x60 build/cooja/mtype513.a(cooja_mt.o)
                                         0x78 (size before relaxing)
 .eh_frame      0x000000000002e404       0x80 build/cooja/mtype513.a(cooja_mtarch.o)
                                         0x98 (size before relaxing)
 .eh_frame      0x000000000002e484       0xc8 build/cooja/mtype513.a(rtimer-arch.o)
                                         0xe0 (size before relaxing)
 .eh_frame      0x000000000002e54c      0x160 build/cooja/mtype513.a(beep.o)
                                        0x178 (size before relaxing)
 .eh_frame      0x000000000002e6ac       0x80 build/cooja/mtype513.a(leds-arch.o)
                                         0x98 (size before relaxing)
 .eh_frame      0x000000000002e72c       0x40 build/cooja/mtype513.a(moteid.o)
                                         0x58 (size before relaxing)
 .eh_frame      0x000000000002e76c       0xa0 build/cooja/mtype513.a(pir-sensor.o)
                                         0xb8 (size before relaxing)
 .eh_frame      0x000000000002e80c      0x100 build/cooja/mtype513.a(rs232.o)
                                        0x118 (size before relaxing)
 .eh_frame      0x000000000002e90c       0xa0 build/cooja/mtype513.a(vib-sensor.o)
                                         0xb8 (size before relaxing)
 .eh_frame      0x000000000002e9ac       0xc0 build/cooja/mtype513.a(clock.o)
                                         0xd8 (size before relaxing)
 .eh_frame      0x000000000002ea6c      0x120 build/cooja/mtype513.a(cooja-log.o)
                                        0x138 (size before relaxing)
 .eh_frame      0x000000000002eb8c      0x160 build/cooja/mtype513.a(cfs-cooja.o)
                                        0x178 (size before relaxing)
 .eh_frame      0x000000000002ecec      0x340 build/cooja/mtype513.a(cooja-radio.o)
                                        0x358 (size before relaxing)
 .eh_frame      0x000000000002f02c       0xa0 build/cooja/mtype513.a(eeprom.o)
                                         0xb8 (size before relaxing)
 .eh_frame      0x000000000002f0cc       0x40 build/cooja/mtype513.a(random.o)
                                         0x58 (size before relaxing)
 .eh_frame      0x000000000002f10c       0xc0 build/cooja/mtype513.a(sensors.o)
                                         0xd8 (size before relaxing)
 .eh_frame      0x000000000002f1cc      0x120 build/cooja/mtype513.a(leds.o)
                                        0x138 (size before relaxing)
 .eh_frame      0x000000000002f2ec      0x220 build/cooja/mtype513.a(gpio-hal-arch.o)
                                        0x238 (size before relaxing)
 .eh_frame      0x000000000002f50c       0xa0 build/cooja/mtype513.a(buttons.o)
                                         0xb8 (size before relaxing)
 .eh_frame      0x000000000002f5ac       0x80 build/cooja/mtype513.a(water_generator)
                                         0x98 (size before relaxing)
 .eh_frame      0x000000000002f62c      0x1c4 build/cooja/mtype513.a(coap-observe-cl)
                                        0x1dc (size before relaxing)
 .eh_frame      0x000000000002f7f0       0x44 build/cooja/mtype513.a(coap-blocking-a)
                                         0x5c (size before relaxing)
 .eh_frame      0x000000000002f834      0x220 build/cooja/mtype513.a(coap-engine.o)
                                        0x238 (size before relaxing)
 .eh_frame      0x000000000002fa54       0x24 build/cooja/mtype513.a(coap-res-well-k)
                                         0x3c (size before relaxing)
 .eh_frame      0x000000000002fa78      0x188 build/cooja/mtype513.a(coap-observe.o)
                                        0x1a0 (size before relaxing)
 .eh_frame      0x000000000002fc00      0x250 build/cooja/mtype513.a(coap-uip.o)
                                        0x268 (size before relaxing)
 .eh_frame      0x000000000002fe50      0x114 build/cooja/mtype513.a(coap-timer.o)
                                        0x12c (size before relaxing)
 .eh_frame      0x000000000002ff64      0x100 build/cooja/mtype513.a(coap-transactio)
                                        0x118 (size before relaxing)
 .eh_frame      0x0000000000030064      0x6ec build/cooja/mtype513.a(coap.o)
                                        0x704 (size before relaxing)
 .eh_frame      0x0000000000030750       0x30 build/cooja/mtype513.a(contiki-main.o)
                                         0x48 (size before relaxing)
 .eh_frame      0x0000000000030780       0x40 build/cooja/mtype513.a(autostart.o)
                                         0x58 (size before relaxing)
 .eh_frame      0x00000000000307c0      0x100 build/cooja/mtype513.a(ctimer.o)
                                        0x118 (size before relaxing)
 .eh_frame      0x00000000000308c0      0x100 build/cooja/mtype513.a(log.o)
                                        0x118 (size before relaxing)
 .eh_frame      0x00000000000309c0       0x60 build/cooja/mtype513.a(energest.o)
                                         0x78 (size before relaxing)
 .eh_frame      0x0000000000030a20      0x1e0 build/cooja/mtype513.a(etimer.o)
                                        0x1f8 (size before relaxing)
 .eh_frame      0x0000000000030c00       0x20 build/cooja/mtype513.a(node-id.o)
                                         0x38 (size before relaxing)
 .eh_frame      0x0000000000030c20       0x60 build/cooja/mtype513.a(rtimer.o)
                                         0x78 (size before relaxing)
 .eh_frame      0x0000000000030c80      0x1c4 build/cooja/mtype513.a(process.o)
                                        0x1dc (size before relaxing)
 .eh_frame      0x0000000000030e44       0xa4 build/cooja/mtype513.a(timer.o)
                                         0xbc (size before relaxing)
 .eh_frame      0x0000000000030ee8      0x1a0 build/cooja/mtype513.a(list.o)
                                        0x1b8 (size before relaxing)
 .eh_frame      0x0000000000031088       0xa0 build/cooja/mtype513.a(memb.o)
                                         0xb8 (size before relaxing)
 .eh_frame      0x0000000000031128      0x144 build/cooja/mtype513.a(button-hal.o)
                                        0x15c (size before relaxing)
 .eh_frame      0x000000000003126c       0x60 build/cooja/mtype513.a(serial-line.o)
                                         0x78 (size before relaxing)
 .eh_frame      0x00000000000312cc       0xe0 build/cooja/mtype513.a(gpio-hal.o)
                                         0xf8 (size before relaxing)
 .eh_frame      0x00000000000313ac      0x1a0 build/cooja/mtype513.a(queuebuf.o)
                                        0x1b8 (size before relaxing)
 .eh_frame      0x000000000003154c      0x28c build/cooja/mtype513.a(packetbuf.o)
                                        0x2a4 (size before relaxing)
 .eh_frame      0x00000000000317d8       0x80 build/cooja/mtype513.a(netstack.o)
                                         0x98 (size before relaxing)
 .eh_frame      0x0000000000031858       0x60 build/cooja/mtype513.a(linkaddr.o)
                                         0x78 (size before relaxing)
 .eh_frame      0x00000000000318b8       0xe0 build/cooja/mtype513.a(csma.o)
                                         0xf8 (size before relaxing)
 .eh_frame      0x0000000000031998      0x1d0 build/cooja/mtype513.a(csma-output.o)
                                        0x1e8 (size before relaxing)
 .eh_frame      0x0000000000031b68      0x328 build/cooja/mtype513.a(uip-ds6.o)
                                        0x340 (size before relaxing)
 .eh_frame      0x0000000000031e90       0x40 build/cooja/mtype513.a(uip-udp-packet.)
                                         0x58 (size before relaxing)
 .eh_frame      0x0000000000031ed0      0x220 build/cooja/mtype513.a(uip-ds6-route.o)
                                        0x238 (size before relaxing)
 .eh_frame      0x00000000000320f0      0x244 build/cooja/mtype513.a(tcpip.o)
                                        0x25c (size before relaxing)
 .eh_frame      0x0000000000032334      0x1e8 build/cooja/mtype513.a(uip6.o)
                                        0x200 (size before relaxing)
 .eh_frame      0x000000000003251c      0x1c0 build/cooja/mtype513.a(uip-ds6-nbr.o)
                                        0x1d8 (size before relaxing)
 .eh_frame      0x00000000000326dc       0x84 build/cooja/mtype513.a(uip-nd6.o)
                                         0x9c (size before relaxing)
 .eh_frame      0x0000000000032760      0x2f8 build/cooja/mtype513.a(sicslowpan.o)
                                        0x310 (size before relaxing)
 .eh_frame      0x0000000000032a58       0x88 build/cooja/mtype513.a(uiplib.o)
                                         0xa0 (size before relaxing)
 .eh_frame      0x0000000000032ae0      0x1e0 build/cooja/mtype513.a(rpl.o)
                                        0x1f8 (size before relaxing)
 .eh_frame      0x0000000000032cc0      0x1c4 build/cooja/mtype513.a(rpl-icmp6.o)
                                        0x1dc (size before relaxing)
 .eh_frame      0x0000000000032e84       0xa0 build/cooja/mtype513.a(rpl-dag-root.o)
                                         0xb8 (size before relaxing)
 .eh_frame      0x0000000000032f24       0xa0 build/cooja/mtype513.a(watchdog.o)
                                         0xb8 (size before relaxing)
 .eh_frame      0x0000000000032fc4       0x80 build/cooja/mtype513.a(int-master.o)
                                         0x98 (size before relaxing)
 .eh_frame      0x0000000000033044       0xa4 build/cooja/mtype513.a(coap-timer-defa)
                                         0xbc (size before relaxing)
 .eh_frame      0x00000000000330e8       0xc4 build/cooja/mtype513.a(stimer.o)
                                         0xdc (size before relaxing)
 .eh_frame      0x00000000000331ac       0xa0 build/cooja/mtype513.a(ringbuf.o)
                                         0xb8 (size before relaxing)
 .eh_frame      0x000000000003324c       0x20 build/cooja/mtype513.a(assert.o)
                                         0x38 (size before relaxing)
 .eh_frame      0x000000000003326c      0x2ac build/cooja/mtype513.a(nbr-table.o)
                                        0x2c4 (size before relaxing)
 .eh_frame      0x0000000000033518      0x120 build/cooja/mtype513.a(link-stats.o)
                                        0x138 (size before relaxing)
 .eh_frame      0x0000000000033638       0x48 build/cooja/mtype513.a(mac-sequence.o)
                                         0x60 (size before relaxing)
 .eh_frame      0x0000000000033680       0x20 build/cooja/mtype513.a(mac.o)
                                         0x38 (size before relaxing)
 .eh_frame      0x00000000000336a0       0xa4 build/cooja/mtype513.a(framer-802154.o)
                                         0xbc (size before relaxing)
 .eh_frame      0x0000000000033744      0x1a4 build/cooja/mtype513.a(frame802154.o)
                                        0x1bc (size before relaxing)
 .eh_frame      0x00000000000338e8       0x40 build/cooja/mtype513.a(csma-security.o)
                                         0x58 (size before relaxing)
 .eh_frame      0x0000000000033928      0x200 build/cooja/mtype513.a(uipbuf.o)
                                        0x218 (size before relaxing)
 .eh_frame      0x0000000000033b28      0x150 build/cooja/mtype513.a(uip-icmp6.o)
                                        0x168 (size before relaxing)
 .eh_frame      0x0000000000033c78      0x184 build/cooja/mtype513.a(uip-sr.o)
                                        0x19c (size before relaxing)
 .eh_frame      0x0000000000033dfc       0xe0 build/cooja/mtype513.a(uip-packetqueue)
                                         0xf8 (size before relaxing)
 .eh_frame      0x0000000000033edc       0x80 build/cooja/mtype513.a(rpl-nbr-policy.)
                                         0x98 (size before relaxing)
 .eh_frame      0x0000000000033f5c      0x2d4 build/cooja/mtype513.a(rpl-neighbor.o)
                                        0x2ec (size before relaxing)
 .eh_frame      0x0000000000034230      0x370 build/cooja/mtype513.a(rpl-dag.o)
                                        0x388 (size before relaxing)
 .eh_frame      0x00000000000345a0      0x3a8 build/cooja/mtype513.a(rpl-timers.o)
                                        0x3c0 (size before relaxing)
 .eh_frame      0x0000000000034948      0x124 build/cooja/mtype513.a(rpl-ext-header.)
                                        0x13c (size before relaxing)
 .eh_frame      0x0000000000034a6c      0x148 build/cooja/mtype513.a(rpl-mrhof.o)
                                        0x160 (size before relaxing)
 .eh_frame      0x0000000000034bb4       0x84 /usr/lib/gcc/i686-linux-gnu/5/libgcc.a(_udivdi3.o)
                                         0x9c (size before relaxing)
 .eh_frame      0x0000000000034c38        0x4 /usr/lib/gcc/i686-linux-gnu/5/crtendS.o
 *(.eh_frame.*)

.gcc_except_table
 *(.gcc_except_table .gcc_except_table.*)

.gnu_extab
 *(.gnu_extab*)

.exception_ranges
 *(.exception_ranges .exception_ranges*)
                0x0000000000035f10                . = DATA_SEGMENT_ALIGN (0x1000, 0x1000)

.eh_frame
 *(.eh_frame)
 *(.eh_frame.*)

.gnu_extab
 *(.gnu_extab)

.gcc_except_table
 *(.gcc_except_table .gcc_except_table.*)

.exception_ranges
 *(.exception_ranges .exception_ranges*)

.tdata
 *(.tdata .tdata.* .gnu.linkonce.td.*)

.tbss
 *(.tbss .tbss.* .gnu.linkonce.tb.*)
 *(.tcommon)

.preinit_array
 *(.preinit_array)

.init_array     0x0000000000035f10        0x4
 *(SORT(.init_array.*) SORT(.ctors.*))
 *(.init_array EXCLUDE_FILE(*crtend?.o *crtend.o *crtbegin?.o *crtbegin.o) .ctors)
 .init_array    0x0000000000035f10        0x4 /usr/lib/gcc/i686-linux-gnu/5/crtbeginS.o

.fini_array     0x0000000000035f14        0x4
 *(SORT(.fini_array.*) SORT(.dtors.*))
 *(.fini_array EXCLUDE_FILE(*crtend?.o *crtend.o *crtbegin?.o *crtbegin.o) .dtors)
 .fini_array    0x0000000000035f14        0x4 /usr/lib/gcc/i686-linux-gnu/5/crtbeginS.o

.ctors
 *crtbegin.o(.ctors)
 *crtbegin?.o(.ctors)
 *(EXCLUDE_FILE(*crtend?.o *crtend.o) .ctors)
 *(SORT(.ctors.*))
 *(.ctors)

.dtors
 *crtbegin.o(.dtors)
 *crtbegin?.o(.dtors)
 *(EXCLUDE_FILE(*crtend?.o *crtend.o) .dtors)
 *(SORT(.dtors.*))
 *(.dtors)

.jcr            0x0000000000035f18        0x4
 *(.jcr)
 .jcr           0x0000000000035f18        0x0 /usr/lib/gcc/i686-linux-gnu/5/crtbeginS.o
 .jcr           0x0000000000035f18        0x4 /usr/lib/gcc/i686-linux-gnu/5/crtendS.o

.data.rel.ro
 *(.data.rel.ro.local* .gnu.linkonce.d.rel.ro.local.*)
 *(.data.rel.ro .data.rel.ro.* .gnu.linkonce.d.rel.ro.*)

.dynamic        0x0000000000035f1c       0xd0
 *(.dynamic)
 .dynamic       0x0000000000035f1c       0xd0 /usr/lib/gcc/i686-linux-gnu/5/../../../i386-linux-gnu/crti.o
                0x0000000000035f1c                _DYNAMIC

.got            0x0000000000035fec       0x14
 *(.got)
 .got           0x0000000000035fec       0x14 /usr/lib/gcc/i686-linux-gnu/5/../../../i386-linux-gnu/crti.o
 *(.igot)
                0x0000000000036ff4                . = DATA_SEGMENT_RELRO_END (., (SIZEOF (.got.plt) >= 0xc)?0xc:0x0)

.got.plt        0x0000000000036000        0xc
 *(.got.plt)
 .got.plt       0x0000000000036000        0xc /usr/lib/gcc/i686-linux-gnu/5/../../../i386-linux-gnu/crti.o
                0x0000000000036000                _GLOBAL_OFFSET_TABLE_
 *(.igot.plt)

.data           0x0000000000036020      0x464
 *(.data .data.* .gnu.linkonce.d.*)
 .data          0x0000000000036020        0x0 /usr/lib/gcc/i686-linux-gnu/5/../../../i386-linux-gnu/crti.o
 .data          0x0000000000036020        0x0 /usr/lib/gcc/i686-linux-gnu/5/crtbeginS.o
 .data.rel.local
                0x0000000000036020        0x4 /usr/lib/gcc/i686-linux-gnu/5/crtbeginS.o
                0x0000000000036020                __dso_handle
 .data          0x0000000000036024       0x14 water_actuator.o
                0x0000000000036028                water_actuator
 *fill*         0x0000000000036038        0x8 
 .data          0x0000000000036040       0x44 build/cooja/mtype513.o
                0x0000000000036040                simInterfaces
                0x0000000000036074                sensors
 .data          0x0000000000036084        0x0 build/cooja/mtype513.a(simEnvChange.o)
 .data          0x0000000000036084        0x0 build/cooja/mtype513.a(cooja_mt.o)
 .data          0x0000000000036084        0x0 build/cooja/mtype513.a(cooja_mtarch.o)
 .data          0x0000000000036084        0x0 build/cooja/mtype513.a(rtimer-arch.o)
 .data          0x0000000000036084        0x0 build/cooja/mtype513.a(beep.o)
 .data          0x0000000000036084        0x0 build/cooja/mtype513.a(leds-arch.o)
 .data          0x0000000000036084        0x0 build/cooja/mtype513.a(moteid.o)
 .data          0x0000000000036084        0x0 build/cooja/mtype513.a(pir-sensor.o)
 .data          0x0000000000036084        0x0 build/cooja/mtype513.a(rs232.o)
 .data          0x0000000000036084        0x0 build/cooja/mtype513.a(vib-sensor.o)
 .data          0x0000000000036084        0x0 build/cooja/mtype513.a(clock.o)
 .data          0x0000000000036084        0x0 build/cooja/mtype513.a(cooja-log.o)
 .data          0x0000000000036084        0x0 build/cooja/mtype513.a(cfs-cooja.o)
 .data          0x0000000000036084       0x2c build/cooja/mtype513.a(cooja-radio.o)
                0x0000000000036084                simRadioHWOn
                0x0000000000036088                simSignalStrength
                0x000000000003608c                simLastSignalStrength
                0x0000000000036090                simPower
                0x0000000000036094                simRadioChannel
                0x0000000000036098                simLQI
                0x00000000000360a0                cooja_radio_process
 .data          0x00000000000360b0        0x0 build/cooja/mtype513.a(eeprom.o)
 .data          0x00000000000360b0        0x0 build/cooja/mtype513.a(random.o)
 .data          0x00000000000360b0       0x10 build/cooja/mtype513.a(sensors.o)
                0x00000000000360b0                sensors_process
 .data          0x00000000000360c0        0x0 build/cooja/mtype513.a(leds.o)
 .data          0x00000000000360c0        0x0 build/cooja/mtype513.a(gpio-hal-arch.o)
 .data          0x00000000000360c0       0x78 build/cooja/mtype513.a(buttons.o)
                0x00000000000360c0                simButtonIsActive
                0x0000000000036130                button_hal_buttons
 *fill*         0x0000000000036138        0x8 
 .data          0x0000000000036140       0x44 build/cooja/mtype513.a(water_generator)
                0x0000000000036140                GOOD_MINERALS_LEVEL
                0x0000000000036144                GOOD_PH_LEVEL
                0x0000000000036160                water_generator
 .data          0x0000000000036184       0x10 build/cooja/mtype513.a(coap-observe-cl)
 .data          0x0000000000036194        0x0 build/cooja/mtype513.a(coap-blocking-a)
 .data          0x0000000000036194        0x8 build/cooja/mtype513.a(coap-engine.o)
 *fill*         0x000000000003619c        0x4 
 .data          0x00000000000361a0       0x24 build/cooja/mtype513.a(coap-res-well-k)
                0x00000000000361a0                res_well_known_core
 .data          0x00000000000361c4       0x10 build/cooja/mtype513.a(coap-observe.o)
 .data          0x00000000000361d4       0x10 build/cooja/mtype513.a(coap-uip.o)
                0x00000000000361d4                coap_engine
 .data          0x00000000000361e4        0x4 build/cooja/mtype513.a(coap-timer.o)
 .data          0x00000000000361e8       0x10 build/cooja/mtype513.a(coap-transactio)
 .data          0x00000000000361f8        0x4 build/cooja/mtype513.a(coap.o)
                0x00000000000361f8                coap_error_message
 .data          0x00000000000361fc        0x0 build/cooja/mtype513.a(contiki-main.o)
 .data          0x00000000000361fc        0x0 build/cooja/mtype513.a(autostart.o)
 .data          0x00000000000361fc       0x14 build/cooja/mtype513.a(ctimer.o)
                0x0000000000036200                ctimer_process
 *fill*         0x0000000000036210       0x10 
 .data          0x0000000000036220       0xbc build/cooja/mtype513.a(log.o)
                0x0000000000036220                curr_log_level_main
                0x0000000000036240                all_modules
 .data          0x00000000000362dc        0x0 build/cooja/mtype513.a(energest.o)
 .data          0x00000000000362dc       0x10 build/cooja/mtype513.a(etimer.o)
                0x00000000000362dc                etimer_process
 .data          0x00000000000362ec        0x0 build/cooja/mtype513.a(node-id.o)
 .data          0x00000000000362ec        0x0 build/cooja/mtype513.a(rtimer.o)
 .data          0x00000000000362ec        0x0 build/cooja/mtype513.a(process.o)
 .data          0x00000000000362ec        0x0 build/cooja/mtype513.a(timer.o)
 .data          0x00000000000362ec        0x0 build/cooja/mtype513.a(list.o)
 .data          0x00000000000362ec        0x0 build/cooja/mtype513.a(memb.o)
 .data          0x00000000000362ec       0x10 build/cooja/mtype513.a(button-hal.o)
                0x00000000000362ec                button_hal_process
 .data          0x00000000000362fc       0x10 build/cooja/mtype513.a(serial-line.o)
                0x00000000000362fc                serial_line_process
 .data          0x000000000003630c        0x4 build/cooja/mtype513.a(gpio-hal.o)
 .data          0x0000000000036310       0x18 build/cooja/mtype513.a(queuebuf.o)
 .data          0x0000000000036328        0x4 build/cooja/mtype513.a(packetbuf.o)
 .data          0x000000000003632c        0x4 build/cooja/mtype513.a(netstack.o)
 .data          0x0000000000036330        0x0 build/cooja/mtype513.a(linkaddr.o)
 .data          0x0000000000036330        0x0 build/cooja/mtype513.a(csma.o)
 .data          0x0000000000036330       0x28 build/cooja/mtype513.a(csma-output.o)
 .data          0x0000000000036358        0x0 build/cooja/mtype513.a(uip-ds6.o)
 .data          0x0000000000036358        0x0 build/cooja/mtype513.a(uip-udp-packet.)
 .data          0x0000000000036358       0x10 build/cooja/mtype513.a(uip-ds6-route.o)
 .data          0x0000000000036368       0x10 build/cooja/mtype513.a(tcpip.o)
                0x0000000000036368                tcpip_process
 .data          0x0000000000036378        0x0 build/cooja/mtype513.a(uip6.o)
 .data          0x0000000000036378       0x14 build/cooja/mtype513.a(uip-ds6-nbr.o)
 .data          0x000000000003638c        0xc build/cooja/mtype513.a(uip-nd6.o)
 .data          0x0000000000036398        0x0 build/cooja/mtype513.a(sicslowpan.o)
 .data          0x0000000000036398        0x0 build/cooja/mtype513.a(uiplib.o)
 .data          0x0000000000036398        0x0 build/cooja/mtype513.a(rpl.o)
 .data          0x0000000000036398       0x30 build/cooja/mtype513.a(rpl-icmp6.o)
 .data          0x00000000000363c8        0x0 build/cooja/mtype513.a(rpl-dag-root.o)
 .data          0x00000000000363c8        0x0 build/cooja/mtype513.a(watchdog.o)
 .data          0x00000000000363c8        0x0 build/cooja/mtype513.a(int-master.o)
 .data          0x00000000000363c8       0x10 build/cooja/mtype513.a(coap-timer-defa)
                0x00000000000363c8                coap_timer_process
 .data          0x00000000000363d8        0x0 build/cooja/mtype513.a(stimer.o)
 .data          0x00000000000363d8        0x0 build/cooja/mtype513.a(ringbuf.o)
 .data          0x00000000000363d8        0x0 build/cooja/mtype513.a(assert.o)
 .data          0x00000000000363d8       0x10 build/cooja/mtype513.a(nbr-table.o)
 .data          0x00000000000363e8       0x14 build/cooja/mtype513.a(link-stats.o)
 .data          0x00000000000363fc        0x0 build/cooja/mtype513.a(mac-sequence.o)
 .data          0x00000000000363fc        0x0 build/cooja/mtype513.a(mac.o)
 .data          0x00000000000363fc        0x0 build/cooja/mtype513.a(framer-802154.o)
 .data          0x00000000000363fc        0x2 build/cooja/mtype513.a(frame802154.o)
 .data          0x00000000000363fe        0x0 build/cooja/mtype513.a(csma-security.o)
 .data          0x00000000000363fe        0x0 build/cooja/mtype513.a(uipbuf.o)
 *fill*         0x00000000000363fe        0x2 
 .data          0x0000000000036400       0x20 build/cooja/mtype513.a(uip-icmp6.o)
 .data          0x0000000000036420       0x10 build/cooja/mtype513.a(uip-sr.o)
 .data          0x0000000000036430        0xc build/cooja/mtype513.a(uip-packetqueue)
 .data          0x000000000003643c        0x0 build/cooja/mtype513.a(rpl-nbr-policy.)
 .data          0x000000000003643c       0x14 build/cooja/mtype513.a(rpl-neighbor.o)
                0x000000000003644c                rpl_neighbors
 .data          0x0000000000036450        0x0 build/cooja/mtype513.a(rpl-dag.o)
 .data          0x0000000000036450        0x0 build/cooja/mtype513.a(rpl-timers.o)
 .data          0x0000000000036450        0x0 build/cooja/mtype513.a(rpl-ext-header.)
 *fill*         0x0000000000036450       0x10 
 .data          0x0000000000036460       0x24 build/cooja/mtype513.a(rpl-mrhof.o)
                0x0000000000036460                rpl_mrhof
 .data          0x0000000000036484        0x0 /usr/lib/gcc/i686-linux-gnu/5/libgcc.a(_udivdi3.o)
 .data          0x0000000000036484        0x0 /usr/lib/gcc/i686-linux-gnu/5/crtendS.o
 .data          0x0000000000036484        0x0 /usr/lib/gcc/i686-linux-gnu/5/../../../i386-linux-gnu/crtn.o

.tm_clone_table
                0x0000000000036484        0x0
 .tm_clone_table
                0x0000000000036484        0x0 /usr/lib/gcc/i686-linux-gnu/5/crtbeginS.o
 .tm_clone_table
                0x0000000000036484        0x0 /usr/lib/gcc/i686-linux-gnu/5/crtendS.o

.data1
 *(.data1)
                0x0000000000036484                _edata = .
                [!provide]                        PROVIDE (edata, .)
                0x0000000000036484                . = .
                0x0000000000036484                __bss_start = .

.bss            0x00000000000364a0    0x14224
 *(.dynbss)
 .dynbss        0x00000000000364a0        0x0 /usr/lib/gcc/i686-linux-gnu/5/../../../i386-linux-gnu/crti.o
 *(.bss .bss.* .gnu.linkonce.b.*)
 .bss           0x00000000000364a0        0x0 /usr/lib/gcc/i686-linux-gnu/5/../../../i386-linux-gnu/crti.o
 .bss           0x00000000000364a0        0x1 /usr/lib/gcc/i686-linux-gnu/5/crtbeginS.o
 *fill*         0x00000000000364a1       0x1f 
 .bss           0x00000000000364c0      0x20c water_actuator.o
                0x00000000000364c0                minerals_level
                0x00000000000364c4                ph_level
 *fill*         0x00000000000366cc       0x14 
 .bss           0x00000000000366e0     0x2030 build/cooja/mtype513.o
 .bss           0x0000000000038710        0x1 build/cooja/mtype513.a(simEnvChange.o)
                0x0000000000038710                simDontFallAsleep
 *fill*         0x0000000000038711        0x3 
 .bss           0x0000000000038714        0x4 build/cooja/mtype513.a(cooja_mt.o)
 .bss           0x0000000000038718        0x4 build/cooja/mtype513.a(cooja_mtarch.o)
 .bss           0x000000000003871c        0x0 build/cooja/mtype513.a(rtimer-arch.o)
 .bss           0x000000000003871c        0x0 build/cooja/mtype513.a(beep.o)
 .bss           0x000000000003871c        0x1 build/cooja/mtype513.a(leds-arch.o)
                0x000000000003871c                simLedsValue
 .bss           0x000000000003871d        0x0 build/cooja/mtype513.a(moteid.o)
 .bss           0x000000000003871d        0x1 build/cooja/mtype513.a(pir-sensor.o)
                0x000000000003871d                simPirValue
 *fill*         0x000000000003871e        0x2 
 .bss           0x0000000000038720        0x4 build/cooja/mtype513.a(rs232.o)
 .bss           0x0000000000038724        0x1 build/cooja/mtype513.a(vib-sensor.o)
                0x0000000000038724                simVibValue
 .bss           0x0000000000038725        0x0 build/cooja/mtype513.a(clock.o)
 *fill*         0x0000000000038725       0x1b 
 .bss           0x0000000000038740     0x2020 build/cooja/mtype513.a(cooja-log.o)
 .bss           0x000000000003a760      0xfc0 build/cooja/mtype513.a(cfs-cooja.o)
                0x000000000003a760                simCFSData
                0x000000000003b700                simCFSSize
                0x000000000003b704                simCFSChanged
                0x000000000003b708                simCFSRead
                0x000000000003b70c                simCFSWritten
 .bss           0x000000000003b720       0x24 build/cooja/mtype513.a(cooja-radio.o)
                0x000000000003b720                simReceiving
                0x000000000003b724                simInSize
                0x000000000003b728                simLastPacketTimestamp
                0x000000000003b730                simOutSize
 .bss           0x000000000003b744        0xc build/cooja/mtype513.a(eeprom.o)
                0x000000000003b744                simEEPROMChanged
                0x000000000003b748                simEEPROMRead
                0x000000000003b74c                simEEPROMWritten
 .bss           0x000000000003b750        0x0 build/cooja/mtype513.a(random.o)
 .bss           0x000000000003b750        0xc build/cooja/mtype513.a(sensors.o)
 .bss           0x000000000003b75c        0x0 build/cooja/mtype513.a(leds.o)
 .bss           0x000000000003b75c       0x24 build/cooja/mtype513.a(gpio-hal-arch.o)
 .bss           0x000000000003b780        0x0 build/cooja/mtype513.a(buttons.o)
 .bss           0x000000000003b780       0x10 build/cooja/mtype513.a(water_generator)
                0x000000000003b780                status
                0x000000000003b784                manualMode
                0x000000000003b788                alert_level
 *fill*         0x000000000003b790       0x10 
 .bss           0x000000000003b7a0      0x1b1 build/cooja/mtype513.a(coap-observe-cl)
 .bss           0x000000000003b951        0x0 build/cooja/mtype513.a(coap-blocking-a)
 *fill*         0x000000000003b951        0xf 
 .bss           0x000000000003b960      0x190 build/cooja/mtype513.a(coap-engine.o)
 .bss           0x000000000003baf0        0x0 build/cooja/mtype513.a(coap-res-well-k)
 *fill*         0x000000000003baf0       0x10 
 .bss           0x000000000003bb00      0x120 build/cooja/mtype513.a(coap-observe.o)
 .bss           0x000000000003bc20       0x18 build/cooja/mtype513.a(coap-uip.o)
 .bss           0x000000000003bc38        0x5 build/cooja/mtype513.a(coap-timer.o)
 *fill*         0x000000000003bc3d        0x3 
 .bss           0x000000000003bc40      0x334 build/cooja/mtype513.a(coap-transactio)
 .bss           0x000000000003bf74        0x6 build/cooja/mtype513.a(coap.o)
                0x000000000003bf74                coap_status_code
 .bss           0x000000000003bf7a        0x0 build/cooja/mtype513.a(contiki-main.o)
 .bss           0x000000000003bf7a        0x0 build/cooja/mtype513.a(autostart.o)
 *fill*         0x000000000003bf7a        0x2 
 .bss           0x000000000003bf7c        0x5 build/cooja/mtype513.a(ctimer.o)
 *fill*         0x000000000003bf81        0x3 
 .bss           0x000000000003bf84       0x2c build/cooja/mtype513.a(log.o)
                0x000000000003bf84                curr_log_level_rpl
                0x000000000003bf88                curr_log_level_tcpip
                0x000000000003bf8c                curr_log_level_ipv6
                0x000000000003bf90                curr_log_level_6lowpan
                0x000000000003bf94                curr_log_level_nullnet
                0x000000000003bf98                curr_log_level_mac
                0x000000000003bf9c                curr_log_level_framer
                0x000000000003bfa0                curr_log_level_6top
                0x000000000003bfa4                curr_log_level_coap
                0x000000000003bfa8                curr_log_level_snmp
                0x000000000003bfac                curr_log_level_lwm2m
 .bss           0x000000000003bfb0        0x0 build/cooja/mtype513.a(energest.o)
 .bss           0x000000000003bfb0        0x8 build/cooja/mtype513.a(etimer.o)
 .bss           0x000000000003bfb8        0x2 build/cooja/mtype513.a(node-id.o)
                0x000000000003bfb8                node_id
 *fill*         0x000000000003bfba        0x2 
 .bss           0x000000000003bfbc        0x4 build/cooja/mtype513.a(rtimer.o)
 .bss           0x000000000003bfc0      0x1a1 build/cooja/mtype513.a(process.o)
                0x000000000003bfc0                process_list
                0x000000000003bfc4                process_current
 .bss           0x000000000003c161        0x0 build/cooja/mtype513.a(timer.o)
 .bss           0x000000000003c161        0x0 build/cooja/mtype513.a(list.o)
 .bss           0x000000000003c161        0x0 build/cooja/mtype513.a(memb.o)
 *fill*         0x000000000003c161        0x3 
 .bss           0x000000000003c164       0x10 build/cooja/mtype513.a(button-hal.o)
 *fill*         0x000000000003c174        0xc 
 .bss           0x000000000003c180      0x140 build/cooja/mtype513.a(serial-line.o)
 .bss           0x000000000003c2c0        0x4 build/cooja/mtype513.a(gpio-hal.o)
 *fill*         0x000000000003c2c4       0x1c 
 .bss           0x000000000003c2e0     0x2c80 build/cooja/mtype513.a(queuebuf.o)
 .bss           0x000000000003ef60       0xa0 build/cooja/mtype513.a(packetbuf.o)
 .bss           0x000000000003f000        0x4 build/cooja/mtype513.a(netstack.o)