Archive member included to satisfy reference by file (symbol)

build/cooja/mtype145.a(simEnvChange.o)
                              build/cooja/mtype145.o (simDontFallAsleep)
build/cooja/mtype145.a(cooja_mt.o)
                              build/cooja/mtype145.o (cooja_mt_start)
build/cooja/mtype145.a(cooja_mtarch.o)
                              build/cooja/mtype145.a(cooja_mt.o) (cooja_mtarch_start)
build/cooja/mtype145.a(rtimer-arch.o)
                              build/cooja/mtype145.o (rtimer_arch_check)
build/cooja/mtype145.a(beep.o)
                              build/cooja/mtype145.o (beep_interface)
build/cooja/mtype145.a(leds-arch.o)
                              build/cooja/mtype145.o (leds_interface)
build/cooja/mtype145.a(moteid.o)
                              build/cooja/mtype145.o (moteid_interface)
build/cooja/mtype145.a(pir-sensor.o)
                              build/cooja/mtype145.o (pir_interface)
build/cooja/mtype145.a(rs232.o)
                              build/cooja/mtype145.o (rs232_interface)
build/cooja/mtype145.a(vib-sensor.o)
                              build/cooja/mtype145.o (vib_interface)
build/cooja/mtype145.a(clock.o)
                              build/cooja/mtype145.o (clock_interface)
build/cooja/mtype145.a(cooja-log.o)
                              build/cooja/mtype145.o (simlog_interface)
build/cooja/mtype145.a(cfs-cooja.o)
                              build/cooja/mtype145.o (cfs_interface)
build/cooja/mtype145.a(cooja-radio.o)
                              build/cooja/mtype145.o (radio_interface)
build/cooja/mtype145.a(eeprom.o)
                              build/cooja/mtype145.o (eeprom_interface)
build/cooja/mtype145.a(random.o)
                              build/cooja/mtype145.a(moteid.o) (random_init)
build/cooja/mtype145.a(sensors.o)
                              build/cooja/mtype145.a(pir-sensor.o) (sensors_changed)
build/cooja/mtype145.a(leds.o)
                              build/cooja/mtype145.a(leds-arch.o) (leds_get)
build/cooja/mtype145.a(gpio-hal-arch.o)
                              build/cooja/mtype145.a(leds-arch.o) (gpio_hal_arch_register_pin_callback)
build/cooja/mtype145.a(buttons.o)
                              build/cooja/mtype145.o (button_interface)
build/cooja/mtype145.a(water_generator)
                              water_actuator.o (water_generator)
build/cooja/mtype145.a(coap-observe-cl)
                              water_actuator.o (coap_obs_request_registration)
build/cooja/mtype145.a(coap-blocking-a)
                              water_actuator.o (coap_blocking_request)
build/cooja/mtype145.a(coap-engine.o)
                              water_actuator.o (coap_activate_resource)
build/cooja/mtype145.a(coap-res-well-k)
                              build/cooja/mtype145.a(coap-engine.o) (res_well_known_core)
build/cooja/mtype145.a(coap-observe.o)
                              build/cooja/mtype145.a(coap-engine.o) (coap_remove_observer_by_mid)
build/cooja/mtype145.a(coap-uip.o)
                              water_actuator.o (coap_endpoint_log)
build/cooja/mtype145.a(coap-timer.o)
                              build/cooja/mtype145.a(coap-engine.o) (coap_timer_set)
build/cooja/mtype145.a(coap-transactio)
                              build/cooja/mtype145.a(coap-observe-cl) (coap_send_transaction)
build/cooja/mtype145.a(coap.o)
                              build/cooja/mtype145.a(coap-engine.o) (coap_status_code)
build/cooja/mtype145.a(contiki-main.o)
                              build/cooja/mtype145.o (main)
build/cooja/mtype145.a(autostart.o)
                              build/cooja/mtype145.a(contiki-main.o) (autostart_start)
build/cooja/mtype145.a(ctimer.o)
                              build/cooja/mtype145.a(contiki-main.o) (ctimer_init)
build/cooja/mtype145.a(log.o)
                              build/cooja/mtype145.a(contiki-main.o) (curr_log_level_main)
build/cooja/mtype145.a(energest.o)
                              build/cooja/mtype145.a(contiki-main.o) (energest_init)
build/cooja/mtype145.a(etimer.o)
                              build/cooja/mtype145.a(contiki-main.o) (etimer_process)
build/cooja/mtype145.a(node-id.o)
                              build/cooja/mtype145.a(contiki-main.o) (node_id)
build/cooja/mtype145.a(rtimer.o)
                              build/cooja/mtype145.a(contiki-main.o) (rtimer_init)
build/cooja/mtype145.a(process.o)
                              build/cooja/mtype145.a(coap-blocking-a) (process_current)
build/cooja/mtype145.a(timer.o)
                              build/cooja/mtype145.a(etimer.o) (timer_set)
build/cooja/mtype145.a(list.o)
                              build/cooja/mtype145.a(coap-engine.o) (list_init)
build/cooja/mtype145.a(memb.o)
                              build/cooja/mtype145.a(coap-observe-cl) (memb_alloc)
build/cooja/mtype145.a(button-hal.o)
                              build/cooja/mtype145.o (button_hal_init)
build/cooja/mtype145.a(serial-line.o)
[...]
Memory Configuration

Name             Origin             Length             Attributes
*default*        0x0000000000000000 0xffffffffffffffff

Linker script and memory map

LOAD /usr/lib/gcc/i686-linux-gnu/5/../../../i386-linux-gnu/crti.o
LOAD /usr/lib/gcc/i686-linux-gnu/5/crtbeginS.o
LOAD water_actuator.o
LOAD build/cooja/mtype145.o
LOAD build/cooja/mtype145.a
LOAD /usr/lib/gcc/i686-linux-gnu/5/libgcc.a
LOAD /usr/lib/gcc/i686-linux-gnu/5/libgcc_s.so
LOAD /usr/lib/gcc/i686-linux-gnu/5/../../../i386-linux-gnu/libc.so
START GROUP
LOAD /lib/i386-linux-gnu/libc.so.6
LOAD /usr/lib/i386-linux-gnu/libc_nonshared.a
LOAD /lib/i386-linux-gnu/ld-linux.so.2
END GROUP
LOAD /usr/lib/gcc/i686-linux-gnu/5/libgcc.a
LOAD /usr/lib/gcc/i686-linux-gnu/5/libgcc_s.so
LOAD /usr/lib/gcc/i686-linux-gnu/5/crtendS.o
LOAD /usr/lib/gcc/i686-linux-gnu/5/../../../i386-linux-gnu/crtn.o
                0x0000000000000114                . = (0x0 + SIZEOF_HEADERS)

.note.gnu.build-id
                0x0000000000000114       0x24
 *(.note.gnu.build-id)
 .note.gnu.build-id
                0x0000000000000114       0x24 /usr/lib/gcc/i686-linux-gnu/5/../../../i386-linux-gnu/crti.o

.hash
 *(.hash)

.gnu.hash       0x0000000000000138     0x15c8
 *(.gnu.hash)
 .gnu.hash      0x0000000000000138     0x15c8 /usr/lib/gcc/i686-linux-gnu/5/../../../i386-linux-gnu/crti.o

.dynsym         0x0000000000001700     0x2ff0
 *(.dynsym)
 .dynsym        0x0000000000001700     0x2ff0 /usr/lib/gcc/i686-linux-gnu/5/../../../i386-linux-gnu/crti.o

.dynstr         0x00000000000046f0     0x37ee
 *(.dynstr)
 .dynstr        0x00000000000046f0     0x37ee /usr/lib/gcc/i686-linux-gnu/5/../../../i386-linux-gnu/crti.o

.gnu.version    0x0000000000007ede      0x5fe
 *(.gnu.version)
 .gnu.version   0x0000000000007ede      0x5fe /usr/lib/gcc/i686-linux-gnu/5/../../../i386-linux-gnu/crti.o

.gnu.version_d  0x00000000000084dc        0x0
 *(.gnu.version_d)
 .gnu.version_d
                0x00000000000084dc        0x0 /usr/lib/gcc/i686-linux-gnu/5/../../../i386-linux-gnu/crti.o

.gnu.version_r  0x00000000000084dc       0x40
 *(.gnu.version_r)
 .gnu.version_r
                0x00000000000084dc       0x40 /usr/lib/gcc/i686-linux-gnu/5/../../../i386-linux-gnu/crti.o

.rel.dyn        0x000000000000851c     0x98b0
 *(.rel.init)
 .rel.init      0x000000000000851c        0x0 /usr/lib/gcc/i686-linux-gnu/5/../../../i386-linux-gnu/crti.o
 *(.rel.text .rel.text.* .rel.gnu.linkonce.t.*)
 .rel.text      0x000000000000851c     0x8e88 /usr/lib/gcc/i686-linux-gnu/5/../../../i386-linux-gnu/crti.o
 *(.rel.fini)
 .rel.fini      0x00000000000113a4        0x0 /usr/lib/gcc/i686-linux-gnu/5/../../../i386-linux-gnu/crti.o
 *(.rel.rodata .rel.rodata.* .rel.gnu.linkonce.r.*)
 .rel.rodata    0x00000000000113a4      0x5d8 /usr/lib/gcc/i686-linux-gnu/5/../../../i386-linux-gnu/crti.o
 *(.rel.data.rel.ro .rel.data.rel.ro.* .rel.gnu.linkonce.d.rel.ro.*)
 *(.rel.data .rel.data.* .rel.gnu.linkonce.d.*)
 .rel.data.rel.local
                0x000000000001197c        0x8 /usr/lib/gcc/i686-linux-gnu/5/../../../i386-linux-gnu/crti.o
 .rel.data      0x0000000000011984      0x410 /usr/lib/gcc/i686-linux-gnu/5/../../../i386-linux-gnu/crti.o
 *(.rel.tdata .rel.tdata.* .rel.gnu.linkonce.td.*)
 *(.rel.tbss .rel.tbss.* .rel.gnu.linkonce.tb.*)
 *(.rel.ctors)
 *(.rel.dtors)
 *(.rel.got)
 .rel.got       0x0000000000011d94       0x28 /usr/lib/gcc/i686-linux-gnu/5/../../../i386-linux-gnu/crti.o
 *(.rel.bss .rel.bss.* .rel.gnu.linkonce.b.*)
 *(.rel.ifunc)
 .rel.ifunc     0x0000000000011dbc        0x0 /usr/lib/gcc/i686-linux-gnu/5/../../../i386-linux-gnu/crti.o
 .rel.fini_array
                0x0000000000011dbc        0x8 /usr/lib/gcc/i686-linux-gnu/5/../../../i386-linux-gnu/crti.o
 .rel.init_array
                0x0000000000011dc4        0x8 /usr/lib/gcc/i686-linux-gnu/5/../../../i386-linux-gnu/crti.o

.rel.plt        0x0000000000011dcc        0x0
 *(.rel.plt)
 .rel.plt       0x0000000000011dcc        0x0 /usr/lib/gcc/i686-linux-gnu/5/../../../i386-linux-gnu/crti.o
 *(.rel.iplt)

.init           0x0000000000011dcc       0x23
 *(SORT(.init))
 .init          0x0000000000011dcc       0x1e /usr/lib/gcc/i686-linux-gnu/5/../../../i386-linux-gnu/crti.o
                0x0000000000011dcc                _init
 .init          0x0000000000011dea        0x5 /usr/lib/gcc/i686-linux-gnu/5/../../../i386-linux-gnu/crtn.o

.plt            0x0000000000011df0       0x10
 *(.plt)
 .plt           0x0000000000011df0       0x10 /usr/lib/gcc/i686-linux-gnu/5/../../../i386-linux-gnu/crti.o
 *(.iplt)

.plt.got        0x0000000000011e00       0x10
 *(.plt.got)
 .plt.got       0x0000000000011e00       0x10 /usr/lib/gcc/i686-linux-gnu/5/../../../i386-linux-gnu/crti.o

.text           0x0000000000011e10    0x19632
 *(.text.unlikely .text.*_unlikely .text.unlikely.*)
 .text.unlikely
                0x0000000000011e10        0x0 /usr/lib/gcc/i686-linux-gnu/5/crtbeginS.o
 .text.unlikely
                0x0000000000011e10        0x0 /usr/lib/gcc/i686-linux-gnu/5/libgcc.a(_udivdi3.o)
 *(.text.exit .text.exit.*)
 *(.text.startup .text.startup.*)
 *(.text.hot .text.hot.*)
 *(.text .stub .text.* .gnu.linkonce.t.*)
 .text          0x0000000000011e10        0x0 /usr/lib/gcc/i686-linux-gnu/5/../../../i386-linux-gnu/crti.o
 .gnu.linkonce.t.__x86.get_pc_thunk.bx
                0x0000000000011e10        0x4 /usr/lib/gcc/i686-linux-gnu/5/../../../i386-linux-gnu/crti.o
                0x0000000000011e10                __x86.get_pc_thunk.bx
 *fill*         0x0000000000011e14        0xc 
 .text          0x0000000000011e20      0x11c /usr/lib/gcc/i686-linux-gnu/5/crtbeginS.o
 .text.__x86.get_pc_thunk.dx
                0x0000000000011f3c        0x4 /usr/lib/gcc/i686-linux-gnu/5/crtbeginS.o
                0x0000000000011f3c                __x86.get_pc_thunk.dx
 .text          0x0000000000011f40      0xa88 water_actuator.o
                0x0000000000011f40                wait_for_ack
                0x0000000000011f95                wait_for_minerals_discovery
                0x00000000000120e7                wait_for_ph_discovery
 .text          0x00000000000129c8      0x283 build/cooja/mtype145.o
                0x0000000000012a5a                platform_init_stage_one
                0x0000000000012a6d                platform_init_stage_two
                0x0000000000012a80                platform_init_stage_three
                0x0000000000012a93                platform_main_loop
                0x0000000000012b06                Java_org_contikios_cooja_corecomm_Lib184_init
                0x0000000000012b3d                Java_org_contikios_cooja_corecomm_Lib184_getMemory
                0x0000000000012b70                Java_org_contikios_cooja_corecomm_Lib184_setMemory
                0x0000000000012bd0                Java_org_contikios_cooja_corecomm_Lib184_tick
                0x0000000000012c38                Java_org_contikios_cooja_corecomm_Lib184_setReferenceAddress
 .text          0x0000000000012c4b       0x65 build/cooja/mtype145.a(simEnvChange.o)
                0x0000000000012c4b                doActionsBeforeTick
                0x0000000000012c7d                doActionsAfterTick
 .text          0x0000000000012cb0       0x83 build/cooja/mtype145.a(cooja_mt.o)
                0x0000000000012cb0                cooja_mt_start
                0x0000000000012cda                cooja_mt_exec
                0x0000000000012d10                cooja_mt_yield
 .text          0x0000000000012d33       0xbe build/cooja/mtype145.a(cooja_mtarch.o)
                0x0000000000012d33                cooja_mtarch_start
                0x0000000000012da6                cooja_sw
                0x0000000000012dc9                cooja_mtarch_exec
                0x0000000000012de6                cooja_mtarch_yield
 .text          0x0000000000012df1       0xc5 build/cooja/mtype145.a(rtimer-arch.o)
                0x0000000000012df1                rtimer_arch_init
                0x0000000000012e15                rtimer_arch_schedule
                0x0000000000012e45                rtimer_arch_next
                0x0000000000012e55                rtimer_arch_pending
                0x0000000000012e5f                rtimer_arch_check
                0x0000000000012ea6                rtimer_arch_now
 .text          0x0000000000012eb6       0x81 build/cooja/mtype145.a(beep.o)
                0x0000000000012eb6                beep_alarm
                0x0000000000012ec3                beep_beep
                0x0000000000012ed0                beep
                0x0000000000012edd                beep_down
                0x0000000000012eea                beep_on
                0x0000000000012ef7                beep_off
                0x0000000000012f04                beep_spinup
                0x0000000000012f11                beep_quick
                0x0000000000012f1e                beep_long
 .text          0x0000000000012f37       0x65 build/cooja/mtype145.a(leds-arch.o)
                0x0000000000012f4a                leds_arch_init
 .text          0x0000000000012f9c       0x35 build/cooja/mtype145.a(moteid.o)
 .text          0x0000000000012fd1       0xb7 build/cooja/mtype145.a(pir-sensor.o)
 .text          0x0000000000013088      0x148 build/cooja/mtype145.a(rs232.o)
                0x0000000000013088                rs232_init
                0x000000000001308e                rs232_set_speed
                0x000000000001309d                rs232_set_input
                0x00000000000130ab                rs232_send
                0x00000000000130cf                rs232_print
                0x00000000000130eb                slip_arch_writeb
 .text          0x00000000000131d0       0xb7 build/cooja/mtype145.a(vib-sensor.o)
 .text          0x0000000000013287       0x38 build/cooja/mtype145.a(clock.o)
                0x0000000000013287                clock_init
                0x000000000001328d                clock_time
                0x0000000000013297                clock_seconds
                0x00000000000132ad                clock_delay
 .text          0x00000000000132bf      0x219 build/cooja/mtype145.a(cooja-log.o)
                0x00000000000132bf                simlog_char
                0x0000000000013302                simlog
                0x0000000000013378                log_message
                0x00000000000133a9                log_set_putchar_with_slip
                0x00000000000133b7                log_putchar
                0x0000000000013432                log_puts
                0x000000000001345a                log_printf
 .text          0x00000000000134d8      0x2b9 build/cooja/mtype145.a(cfs-cooja.o)
                0x00000000000134d8                cfs_open
                0x0000000000013541                cfs_close
                0x000000000001354e                cfs_read
                0x00000000000135e3                cfs_write
                0x00000000000136bf                cfs_seek
                0x0000000000013747                cfs_remove
                0x000000000001376b                cfs_opendir
                0x0000000000013775                cfs_readdir
                0x000000000001377f                cfs_closedir
 .text          0x0000000000013791      0x620 build/cooja/mtype145.a(cooja-radio.o)
                0x00000000000137d3                radio_set_channel
                0x00000000000137e1                radio_set_txpower
                0x00000000000137f9                radio_signal_strength_last
                0x0000000000013803                radio_signal_strength_current
                0x000000000001380d                radio_LQI
 .text          0x0000000000013db1       0xee build/cooja/mtype145.a(eeprom.o)
                0x0000000000013db1                eeprom_init
                0x0000000000013db7                eeprom_read
                0x0000000000013e25                eeprom_write
 .text          0x0000000000013e9f       0x2d build/cooja/mtype145.a(random.o)
                0x0000000000013e9f                random_init
                0x0000000000013ebf                random_rand
 .text          0x0000000000013ecc      0x29c build/cooja/mtype145.a(sensors.o)
                0x0000000000013f07                sensors_first
                0x0000000000013f11                sensors_next
                0x0000000000013f2b                sensors_changed
                0x0000000000013f5f                sensors_find
 .text          0x0000000000014168      0x349 build/cooja/mtype145.a(leds.o)
                0x0000000000014168                leds_init
                0x00000000000141af                leds_single_on
                0x000000000001420e                leds_single_off
                0x000000000001426d                leds_single_toggle
                0x000000000001429f                leds_on
                0x0000000000014321                leds_off
                0x00000000000143a3                leds_toggle
                0x00000000000143f8                leds_set
                0x0000000000014424                leds_get
 .text          0x00000000000144b1      0x343 build/cooja/mtype145.a(gpio-hal-arch.o)
                0x00000000000144b1                gpio_hal_arch_register_pin_callback
                0x000000000001451d                gpio_hal_arch_init
                0x0000000000014562                gpio_hal_arch_no_port_interrupt_enable
                0x0000000000014592                gpio_hal_arch_no_port_interrupt_disable
                0x00000000000145c2                gpio_hal_arch_no_port_pin_cfg_set
                0x00000000000145e7                gpio_hal_arch_no_port_pin_cfg_get
                0x000000000001460d                gpio_hal_arch_no_port_pin_set_input
                0x000000000001461f                gpio_hal_arch_no_port_pin_set_output
                0x0000000000014631                gpio_hal_arch_no_port_set_pin
                0x0000000000014652                gpio_hal_arch_no_port_clear_pin
                0x0000000000014673                gpio_hal_arch_no_port_read_pin
                0x0000000000014699                gpio_hal_arch_no_port_write_pin
                0x00000000000146c3                gpio_hal_arch_no_port_set_pins
                0x000000000001470a                gpio_hal_arch_no_port_clear_pins
                0x0000000000014751                gpio_hal_arch_no_port_read_pins
                0x0000000000014794                gpio_hal_arch_no_port_write_pins
 .text          0x00000000000147f4       0x89 build/cooja/mtype145.a(buttons.o)
 .text          0x000000000001487d      0x3cd build/cooja/mtype145.a(water_generator)
 .text          0x0000000000014c4a      0x6ee build/cooja/mtype145.a(coap-observe-cl)
                0x0000000000014ce8                coap_obs_add_observee
                0x0000000000014d84                coap_obs_remove_observee
                0x0000000000014db4                coap_get_obs_subject_by_token
                0x0000000000014e1c                coap_obs_remove_observee_by_token
                0x0000000000014eaf                coap_obs_remove_observee_by_url
                0x0000000000015007                coap_handle_notification
                0x0000000000015162                coap_generate_token
                0x0000000000015184                coap_obs_request_registration
 .text          0x0000000000015338      0x27b build/cooja/mtype145.a(coap-blocking-a)
                0x0000000000015338                coap_blocking_request_callback
                0x0000000000015362                coap_blocking_request
 .text          0x00000000000155b3      0xc26 build/cooja/mtype145.a(coap-engine.o)
                0x0000000000015648                coap_add_handler
                0x0000000000015665                coap_remove_handler
                0x0000000000015682                coap_call_handlers
                0x000000000001578a                coap_receive
                0x0000000000015dc1                coap_engine_init
                0x0000000000015e1f                coap_activate_resource
                0x0000000000015eca                coap_get_first_resource
                0x0000000000015ee3                coap_get_next_resource
 .text          0x00000000000161d9      0x2d9 build/cooja/mtype145.a(coap-res-well-k)
 .text          0x00000000000164b2      0x96a build/cooja/mtype145.a(coap-observe.o)
                0x00000000000165c7                coap_remove_observer
                0x00000000000165f7                coap_remove_observer_by_client
                0x000000000001665f                coap_remove_observer_by_token
                0x00000000000166f2                coap_remove_observer_by_uri
                0x0000000000016799                coap_remove_observer_by_mid
                0x0000000000016815                coap_notify_observers
                0x000000000001682e                coap_notify_observers_sub
                0x0000000000016c98                coap_observe_handler
                0x0000000000016db3                coap_has_observers
 .text          0x0000000000016e1c      0x733 build/cooja/mtype145.a(coap-uip.o)
                0x0000000000016e1c                coap_endpoint_log
                0x0000000000016ea2                coap_endpoint_print
                0x0000000000016f28                coap_endpoint_snprint
                0x000000000001705b                coap_endpoint_copy
                0x0000000000017098                coap_endpoint_cmp
                0x00000000000171a6                coap_endpoint_parse
                0x0000000000017391                coap_endpoint_is_secure
                0x00000000000173a0                coap_endpoint_is_connected
                0x00000000000173d4                coap_endpoint_connect
                0x00000000000173f0                coap_endpoint_disconnect
                0x00000000000173f6                coap_databuf
                0x0000000000017400                coap_transport_init
                0x0000000000017450                coap_sendto
 .text          0x000000000001754f      0x324 build/cooja/mtype145.a(coap-timer.o)
                0x000000000001764c                coap_timer_stop
                0x0000000000017677                coap_timer_set
                0x00000000000176ba                coap_timer_reset
                0x00000000000176fd                coap_timer_time_to_next_expiration
                0x0000000000017769                coap_timer_run
                0x0000000000017835                coap_timer_init
 .text          0x0000000000017873      0x2c6 build/cooja/mtype145.a(coap-transactio)
                0x00000000000178d9                coap_new_transaction
                0x000000000001793f                coap_send_transaction
                0x0000000000017aa0                coap_clear_transaction
                0x0000000000017ae8                coap_get_transaction_by_mid
 .text          0x0000000000017b39     0x1c53 build/cooja/mtype145.a(coap.o)
                0x00000000000180a6                coap_init_connection
                0x00000000000180ba                coap_get_mid
                0x00000000000180d6                coap_init_message
                0x000000000001811f                coap_serialize_message
                0x00000000000187a1                coap_parse_message
                0x0000000000018e08                coap_get_query_variable
                0x0000000000018e4a                coap_get_post_variable
                0x0000000000018e8e                coap_set_status_code
                0x0000000000018eb3                coap_set_token
                0x0000000000018efa                coap_get_header_content_format
                0x0000000000018f2b                coap_set_header_content_format
                0x0000000000018f4e                coap_get_header_accept
                0x0000000000018f7f                coap_set_header_accept
                0x0000000000018fa2                coap_get_header_max_age
                0x0000000000018fd3                coap_set_header_max_age
                0x0000000000018ff3                coap_get_header_etag
                0x0000000000019025                coap_set_header_etag
                0x000000000001907c                coap_get_header_if_match
                0x00000000000190ae                coap_set_header_if_match
                0x0000000000019105                coap_get_header_if_none_match
                0x000000000001911f                coap_set_header_if_none_match
                0x0000000000019136                coap_get_header_proxy_uri
                0x0000000000019164                coap_set_header_proxy_uri
                0x00000000000191a1                coap_get_header_uri_host
                0x00000000000191cf                coap_set_header_uri_host
                0x000000000001920c                coap_get_header_uri_path
                0x000000000001923a                coap_set_header_uri_path
                0x0000000000019287                coap_get_header_uri_query
                0x00000000000192bb                coap_set_header_uri_query
                0x0000000000019311                coap_get_header_location_path
                0x000000000001933f                coap_set_header_location_path
                0x00000000000193d8                coap_get_header_location_query
                0x0000000000019406                coap_set_header_location_query
                0x0000000000019453                coap_get_header_observe
                0x0000000000019482                coap_set_header_observe
                0x00000000000194a2                coap_get_header_block2
                0x000000000001950e                coap_set_header_block2
                0x0000000000019585                coap_get_header_block1
                0x00000000000195fa                coap_set_header_block1
                0x0000000000019675                coap_get_header_size2
                0x00000000000196a5                coap_set_header_size2
                0x00000000000196c8                coap_get_header_size1
                0x00000000000196f8                coap_set_header_size1
                0x000000000001971b                coap_get_payload
                0x0000000000019755                coap_set_payload
 .text          0x000000000001978c      0x332 build/cooja/mtype145.a(contiki-main.o)
                0x000000000001978c                main
 .text          0x0000000000019abe       0x92 build/cooja/mtype145.a(autostart.o)
                0x0000000000019abe                autostart_start
                0x0000000000019b08                autostart_exit
 .text          0x0000000000019b50      0x355 build/cooja/mtype145.a(ctimer.o)
                0x0000000000019c78                ctimer_init
                0x0000000000019cab                ctimer_set
                0x0000000000019cd1                ctimer_set_with_process
                0x0000000000019d4e                ctimer_reset
                0x0000000000019da2                ctimer_restart
                0x0000000000019df6                ctimer_stop
                0x0000000000019e46                ctimer_expired
 .text          0x0000000000019ea5      0x394 build/cooja/mtype145.a(log.o)
                0x0000000000019ea5                log_6addr
                0x0000000000019ef8                log_6addr_compact_snprint
                0x0000000000019f96                log_6addr_compact
                0x0000000000019fe9                log_lladdr
                0x000000000001a05b                log_lladdr_compact
                0x000000000001a0c3                log_set_level
                0x000000000001a17e                log_get_level
                0x000000000001a1f7                log_level_to_str
 .text          0x000000000001a239       0x1b build/cooja/mtype145.a(energest.o)
                0x000000000001a239                energest_init
                0x000000000001a23f                energest_flush
                0x000000000001a245                energest_get_total_time
 .text          0x000000000001a254      0x43f build/cooja/mtype145.a(etimer.o)
                0x000000000001a478                etimer_request_poll
                0x000000000001a501                etimer_set
                0x000000000001a52a                etimer_reset_with_new_interval
                0x000000000001a559                etimer_reset
                0x000000000001a57f                etimer_restart
                0x000000000001a5a5                etimer_adjust
                0x000000000001a5c2                etimer_expired
                0x000000000001a5d5                etimer_expiration_time
                0x000000000001a5e7                etimer_start_time
                0x000000000001a5f1                etimer_pending
                0x000000000001a603                etimer_next_expiration_time
                0x000000000001a61d                etimer_stop
 .text          0x000000000001a693       0x25 build/cooja/mtype145.a(node-id.o)
                0x000000000001a693                node_id_init
 .text          0x000000000001a6b8       0xeb build/cooja/mtype145.a(rtimer.o)
                0x000000000001a6b8                rtimer_init
                0x000000000001a6c6                rtimer_set
                0x000000000001a741                rtimer_run_next
 .text          0x000000000001a7a3      0x4fb build/cooja/mtype145.a(process.o)
                0x000000000001a7a3                process_alloc_event
                0x000000000001a7b8                process_start
                0x000000000001a992                process_exit
                0x000000000001a9af                process_init
                0x000000000001ab44                process_run
                0x000000000001ab77                process_nevents
                0x000000000001ab92                process_post
                0x000000000001ac25                process_post_synch
                0x000000000001ac5a                process_poll
                0x000000000001ac8a                process_is_running
 .text          0x000000000001ac9e       0xb1 build/cooja/mtype145.a(timer.o)
                0x000000000001ac9e                timer_set
                0x000000000001acbc                timer_reset
                0x000000000001ace9                timer_restart
                0x000000000001acfe                timer_expired
                0x000000000001ad2b                timer_remaining
 .text          0x000000000001ad4f      0x28f build/cooja/mtype145.a(list.o)
                0x000000000001ad4f                list_init
                0x000000000001ad5e                list_head
                0x000000000001ad68                list_copy
                0x000000000001ad78                list_tail
                0x000000000001adae                list_add
                0x000000000001adfa                list_push
                0x000000000001ae26                list_chop
                0x000000000001ae90                list_pop
                0x000000000001aeb8                list_remove
                0x000000000001af20                list_length
                0x000000000001af4e                list_insert
                0x000000000001af93                list_item_next
                0x000000000001afaa                list_contains
 .text          0x000000000001afde      0x1b5 build/cooja/mtype145.a(memb.o)
                0x000000000001afde                memb_init
                0x000000000001b033                memb_alloc
                0x000000000001b096                memb_free
                0x000000000001b10d                memb_inmemb
                0x000000000001b14c                memb_numfree
 .text          0x000000000001b193      0x41c build/cooja/mtype145.a(button-hal.o)
                0x000000000001b30c                button_hal_get_by_id
                0x000000000001b34a                button_hal_get_by_index
                0x000000000001b376                button_hal_get_state
                0x000000000001b3c8                button_hal_init
 .text          0x000000000001b5af      0x1f3 build/cooja/mtype145.a(serial-line.o)
                0x000000000001b5af                serial_line_input_byte
                0x000000000001b76d                serial_line_init
 .text          0x000000000001b7a2      0x168 build/cooja/mtype145.a(gpio-hal.o)
                0x000000000001b7a2                gpio_hal_register_handler
                0x000000000001b7bf                gpio_hal_event_handler
                0x000000000001b81b                gpio_hal_init
                0x000000000001b83a                gpio_hal_arch_port_toggle_pin
                0x000000000001b876                gpio_hal_arch_port_toggle_pins
                0x000000000001b8a4                gpio_hal_arch_no_port_toggle_pin
                0x000000000001b8e2                gpio_hal_arch_no_port_toggle_pins
 .text          0x000000000001b90a      0x2e7 build/cooja/mtype145.a(queuebuf.o)
                0x000000000001b914                queuebuf_init
                0x000000000001b93d                queuebuf_numfree
                0x000000000001b955                queuebuf_new_from_packetbuf
                0x000000000001b9f4                queuebuf_update_attr_from_packetbuf
                0x000000000001ba29                queuebuf_update_from_packetbuf
                0x000000000001ba79                queuebuf_free
                0x000000000001bac2                queuebuf_to_packetbuf
                0x000000000001bb2e                queuebuf_dataptr
                0x000000000001bb68                queuebuf_datalen
                0x000000000001bb8b                queuebuf_addr
                0x000000000001bbc0                queuebuf_attr
                0x000000000001bbeb                queuebuf_debug_print
 .text          0x000000000001bbf1      0x407 build/cooja/mtype145.a(packetbuf.o)
                0x000000000001bbf1                packetbuf_clear
                0x000000000001bc1c                packetbuf_copyfrom
                0x000000000001bc6b                packetbuf_copyto
                0x000000000001bcfe                packetbuf_hdralloc
                0x000000000001bd7a                packetbuf_hdrreduce
                0x000000000001bdc0                packetbuf_set_datalen
                0x000000000001bdda                packetbuf_dataptr
                0x000000000001bdf7                packetbuf_hdrptr
                0x000000000001be01                packetbuf_datalen
                0x000000000001be0d                packetbuf_hdrlen
                0x000000000001be24                packetbuf_totlen
                0x000000000001be3a                packetbuf_remaininglen
                0x000000000001be4d                packetbuf_attr_clear
                0x000000000001be99                packetbuf_attr_copyto
                0x000000000001bef1                packetbuf_attr_copyfrom
                0x000000000001bf49                packetbuf_set_attr
                0x000000000001bf73                packetbuf_attr
                0x000000000001bf8d                packetbuf_set_addr
                0x000000000001bfbe                packetbuf_addr
                0x000000000001bfdb                packetbuf_holds_broadcast
 .text          0x000000000001bff8       0xef build/cooja/mtype145.a(netstack.o)
                0x000000000001bff8                netstack_process_ip_callback
                0x000000000001c089                netstack_ip_packet_processor_add
                0x000000000001c0ac                uip_ds6_ip_packet_processor_rm
                0x000000000001c0c9                netstack_init
 .text          0x000000000001c0e7       0x4f build/cooja/mtype145.a(linkaddr.o)
                0x000000000001c0e7                linkaddr_copy
                0x000000000001c0fd                linkaddr_cmp
                0x000000000001c120                linkaddr_set_node_addr
 .text          0x000000000001c136      0x1f6 build/cooja/mtype145.a(csma.o)
 .text          0x000000000001c32c      0x95d build/cooja/mtype145.a(csma-output.o)
                0x000000000001c9c3                csma_output_packet
                0x000000000001cc50                csma_output_init
 .text          0x000000000001cc89      0xc11 build/cooja/mtype145.a(uip-ds6.o)
                0x000000000001cc89                uip_ds6_default_prefix
                0x000000000001cc93                uip_ds6_set_default_prefix
                0x000000000001ccbe                uip_ds6_init
                0x000000000001cf20                uip_ds6_periodic
                0x000000000001cfa7                uip_ds6_list_loop
                0x000000000001d067                uip_ds6_prefix_add
                0x000000000001d113                uip_ds6_prefix_rm
                0x000000000001d126                uip_ds6_prefix_lookup
                0x000000000001d165                uip_ds6_is_addr_onlink
                0x000000000001d1d8                uip_ds6_addr_add
                0x000000000001d2f8                uip_ds6_addr_rm
                0x000000000001d3a1                uip_ds6_addr_lookup
                0x000000000001d3da                uip_ds6_get_link_local
                0x000000000001d45b                uip_ds6_get_global
                0x000000000001d4dc                uip_ds6_maddr_add
                0x000000000001d53c                uip_ds6_maddr_rm
                0x000000000001d54f                uip_ds6_maddr_lookup
                0x000000000001d588                uip_ds6_aaddr_add
                0x000000000001d5e8                uip_ds6_aaddr_rm
                0x000000000001d5fb                uip_ds6_aaddr_lookup
                0x000000000001d634                uip_ds6_select_src
                0x000000000001d77d                uip_ds6_set_addr_iid
                0x000000000001d7a8                uip_ds6_set_lladdr_from_iid
                0x000000000001d7d1                get_match_length
                0x000000000001d862                uip_ds6_compute_reachable_time
 .text          0x000000000001d89a      0x128 build/cooja/mtype145.a(uip-udp-packet.)
                0x000000000001d89a                uip_udp_packet_send
                0x000000000001d8f5                uip_udp_packet_sendto
 .text          0x000000000001d9c2      0x35b build/cooja/mtype145.a(uip-ds6-route.o)
                0x000000000001da13                uip_ds6_route_init
                0x000000000001da3d                uip_ds6_route_nexthop
                0x000000000001da47                uip_ds6_route_head
                0x000000000001da51                uip_ds6_route_next
                0x000000000001da5b                uip_ds6_route_is_nexthop
                0x000000000001da65                uip_ds6_route_num_routes
                0x000000000001da6f                uip_ds6_route_lookup
                0x000000000001da79                uip_ds6_route_add
                0x000000000001da8c                uip_ds6_route_rm
                0x000000000001da92                uip_ds6_route_rm_by_nexthop
                0x000000000001da98                uip_ds6_defrt_head
                0x000000000001dab1                uip_ds6_defrt_add
                0x000000000001db5f                uip_ds6_defrt_rm
                0x000000000001dbc5                uip_ds6_defrt_lookup
                0x000000000001dc2c                uip_ds6_defrt_choose
                0x000000000001dca2                uip_ds6_defrt_periodic
 .text          0x000000000001dd1d      0x6f7 build/cooja/mtype145.a(tcpip.o)
                0x000000000001dd37                tcpip_output
                0x000000000001ddb6                udp_attach
                0x000000000001ddce                udp_new
                0x000000000001de18                udp_broadcast_new
                0x000000000001df8a                tcpip_input
                0x000000000001e11a                tcpip_ipv6_output
                0x000000000001e30e                tcpip_poll_udp
                0x000000000001e32c                tcpip_uipcall
 .text          0x000000000001e414     0x1205 build/cooja/mtype145.a(uip6.o)
                0x000000000001e4c3                uip_chksum
                0x000000000001e59a                uip_icmp6chksum
                0x000000000001e5af                uip_udpchksum
                0x000000000001e5c4                uip_init
                0x000000000001e60d                uip_remove_ext_hdr
                0x000000000001e6e7                uip_udp_new
                0x000000000001e9fb                uip_process
                0x000000000001f4f3                uip_htons
                0x000000000001f515                uip_htonl
                0x000000000001f553                uip_send
 .text          0x000000000001f619      0x369 build/cooja/mtype145.a(uip-ds6-nbr.o)
                0x000000000001f619                uip_ds6_neighbors_init
                0x000000000001f63d                uip_ds6_nbr_add
                0x000000000001f6c3                uip_ds6_nbr_rm
                0x000000000001f70e                uip_ds6_nbr_update_ll
                0x000000000001f7fc                uip_ds6_nbr_get_ipaddr
                0x000000000001f811                uip_ds6_nbr_get_ll
                0x000000000001f82d                uip_ds6_nbr_num
                0x000000000001f876                uip_ds6_nbr_head
                0x000000000001f88f                uip_ds6_nbr_next
                0x000000000001f8ab                uip_ds6_nbr_lookup
                0x000000000001f903                uip_ds6_nbr_ll_lookup
                0x000000000001f91f                uip_ds6_nbr_ipaddr_from_lladdr
                0x000000000001f948                uip_ds6_nbr_lladdr_from_ipaddr
                0x000000000001f97c                uip_ds6_link_callback
 .text          0x000000000001f982      0x6a7 build/cooja/mtype145.a(uip-nd6.o)
                0x0000000000020010                uip_nd6_init
 .text          0x0000000000020029     0x2c17 build/cooja/mtype145.a(sicslowpan.o)
                0x0000000000020630                netstack_sniffer_add
                0x000000000002063e                netstack_sniffer_remove
                0x0000000000022c14                sicslowpan_init
                0x0000000000022c36                sicslowpan_get_last_rssi
 .text          0x0000000000022c40      0x4d1 build/cooja/mtype145.a(uiplib.o)
                0x0000000000022c40                uiplib_ip6addrconv
                0x0000000000022df8                uiplib_ip4addrconv
                0x0000000000022ebb                uiplib_ipaddr_print
                0x0000000000022f0e                uiplib_ipaddr_snprint
 .text          0x0000000000023111      0x4c9 build/cooja/mtype145.a(rpl.o)
                0x0000000000023111                rpl_lollipop_greater_than
                0x000000000002316b                rpl_get_global_address
                0x0000000000023263                rpl_link_callback
                0x00000000000232a7                rpl_has_joined
                0x00000000000232cc                rpl_is_reachable
                0x000000000002334d                rpl_reset_prefix
                0x00000000000233b7                rpl_set_prefix_from_addr
                0x000000000002349c                rpl_set_prefix
                0x00000000000235b6                rpl_set_leaf_only
                0x00000000000235ce                rpl_get_leaf_only
 .text          0x00000000000235da     0x138c build/cooja/mtype145.a(rpl-icmp6.o)
                0x00000000000236ff                rpl_icmp6_update_nbr_table
                0x0000000000023788                rpl_icmp6_dis_output
                0x0000000000023dce                rpl_icmp6_dio_output
                0x00000000000245cc                rpl_icmp6_dao_output
                0x00000000000248ad                rpl_icmp6_dao_ack_output
                0x000000000002491d                rpl_icmp6_init
 .text          0x0000000000024966      0x264 build/cooja/mtype145.a(rpl-dag-root.o)
                0x0000000000024966                rpl_dag_root_print_links
                0x0000000000024a92                rpl_dag_root_set_prefix
                0x0000000000024abe                rpl_dag_root_start
                0x0000000000024b9b                rpl_dag_root_is_root
 .text          0x0000000000024bca       0x30 build/cooja/mtype145.a(watchdog.o)
                0x0000000000024bca                watchdog_init
                0x0000000000024bd0                watchdog_start
                0x0000000000024bd6                watchdog_periodic
                0x0000000000024bee                watchdog_stop
                0x0000000000024bf4                watchdog_reboot
 .text          0x0000000000024bfa       0x4a build/cooja/mtype145.a(int-master.o)
                0x0000000000024bfa                int_master_enable
                0x0000000000024c0a                int_master_read_and_disable
                0x0000000000024c27                int_master_status_set
                0x0000000000024c35                int_master_is_enabled
 .text          0x0000000000024c44      0x226 build/cooja/mtype145.a(coap-timer-defa)
 .text          0x0000000000024e6a       0xc7 build/cooja/mtype145.a(stimer.o)
                0x0000000000024e6a                stimer_set
                0x0000000000024e88                stimer_reset
                0x0000000000024eb5                stimer_restart
                0x0000000000024eca                stimer_expired
                0x0000000000024ef5                stimer_remaining
                0x0000000000024f19                stimer_elapsed
 .text          0x0000000000024f31      0x156 build/cooja/mtype145.a(ringbuf.o)
                0x0000000000024f31                ringbuf_init
                0x0000000000024f63                ringbuf_put
                0x0000000000024fe1                ringbuf_get
                0x000000000002504e                ringbuf_size
                0x0000000000025060                ringbuf_elements
 .text          0x0000000000025087       0x1f build/cooja/mtype145.a(assert.o)
                0x0000000000025087                _xassert
 .text          0x00000000000250a6      0x79b build/cooja/mtype145.a(nbr-table.o)
                0x000000000002551f                nbr_table_register
                0x000000000002558c                nbr_table_is_registered
                0x00000000000255c7                nbr_table_head
                0x0000000000025622                nbr_table_next
                0x0000000000025683                nbr_table_add_lladdr
                0x000000000002575d                nbr_table_get_from_lladdr
                0x00000000000257a9                nbr_table_remove
                0x00000000000257e1                nbr_table_lock
                0x00000000000257fb                nbr_table_unlock
                0x0000000000025815                nbr_table_get_lladdr
 .text          0x0000000000025841      0x3a5 build/cooja/mtype145.a(link-stats.o)
                0x0000000000025841                link_stats_from_lladdr
                0x000000000002585d                link_stats_get_lladdr
                0x0000000000025879                link_stats_is_fresh
                0x00000000000258b5                guess_etx_from_rssi
                0x0000000000025931                link_stats_packet_sent
                0x0000000000025a51                link_stats_input_callback
                0x0000000000025b61                link_stats_reset
                0x0000000000025bb1                link_stats_init
 .text          0x0000000000025be6      0x187 build/cooja/mtype145.a(mac-sequence.o)
                0x0000000000025be6                mac_sequence_is_duplicate
                0x0000000000025c86                mac_sequence_register_seqno
 .text          0x0000000000025d6d       0x23 build/cooja/mtype145.a(mac.o)
                0x0000000000025d6d                mac_call_sent_callback
 .text          0x0000000000025d90      0x432 build/cooja/mtype145.a(framer-802154.o)
                0x0000000000025f1f                framer_802154_setup_params
 .text          0x00000000000261c2      0xb6f build/cooja/mtype145.a(frame802154.o)
                0x00000000000261f3                frame802154_get_pan_id
                0x00000000000261ff                frame802154_set_pan_id
                0x0000000000026219                frame802154_has_panid
                0x00000000000263c8                frame802154_check_dest_panid
                0x0000000000026450                frame802154_is_broadcast_addr
                0x000000000002649d                frame802154_extract_linkaddr
                0x0000000000026702                frame802154_hdrlen
                0x0000000000026775                frame802154_create_fcf
                0x000000000002682d                frame802154_create
                0x00000000000269a2                frame802154_parse_fcf
                0x0000000000026a84                frame802154_parse
 .text          0x0000000000026d31       0x2d build/cooja/mtype145.a(csma-security.o)
                0x0000000000026d31                csma_security_create_frame
                0x0000000000026d4f                csma_security_parse_frame
 .text          0x0000000000026d5e      0x4e4 build/cooja/mtype145.a(uipbuf.o)
                0x0000000000026d5e                uipbuf_clear
                0x0000000000026d85                uipbuf_add_ext_hdr
                0x0000000000026e05                uipbuf_set_len
                0x0000000000026e32                uipbuf_set_len_field
                0x0000000000026e5e                uipbuf_get_len_field
                0x0000000000026e7e                uipbuf_get_next_header
                0x0000000000026fb0                uipbuf_get_last_header
                0x0000000000027029                uipbuf_search_header
                0x00000000000270df                uipbuf_get_attr
                0x0000000000027106                uipbuf_set_attr
                0x000000000002713d                uipbuf_set_default_attr
                0x0000000000027174                uipbuf_clear_attr
                0x0000000000027198                uipbuf_set_attr_flag
                0x00000000000271b9                uipbuf_clr_attr_flag
                0x00000000000271e0                uipbuf_is_attr_flag
                0x0000000000027204                uipbuf_init
 .text          0x0000000000027242      0x73f build/cooja/mtype145.a(uip-icmp6.o)
                0x00000000000272b7                uip_icmp6_input
                0x000000000002730e                uip_icmp6_register_input_handler
                0x0000000000027461                uip_icmp6_error_output
                0x0000000000027712                uip_icmp6_send
                0x0000000000027909                uip_icmp6_echo_reply_callback_add
                0x000000000002793b                uip_icmp6_echo_reply_callback_rm
                0x0000000000027958                uip_icmp6_init
 .text          0x0000000000027981      0x69b build/cooja/mtype145.a(uip-sr.o)
                0x0000000000027981                uip_sr_num_nodes
                0x0000000000027a0f                uip_sr_get_node
                0x0000000000027a66                uip_sr_is_addr_reachable
                0x0000000000027b14                uip_sr_expire_parent
                0x0000000000027b5d                uip_sr_update_node
                0x0000000000027c8d                uip_sr_init
                0x0000000000027cc1                uip_sr_node_head
                0x0000000000027cda                uip_sr_node_next
                0x0000000000027cf0                uip_sr_periodic
                0x0000000000027df6                uip_sr_free_all
                0x0000000000027e66                uip_sr_link_snprint
 .text          0x000000000002801c      0x146 build/cooja/mtype145.a(uip-packetqueue)
                0x000000000002804a                uip_packetqueue_new
                0x0000000000028059                uip_packetqueue_alloc
                0x00000000000280b4                uip_packetqueue_free
                0x00000000000280fb                uip_packetqueue_buf
                0x0000000000028118                uip_packetqueue_buflen
                0x0000000000028139                uip_packetqueue_set_buflen
 .text          0x0000000000028162      0x1b0 build/cooja/mtype145.a(rpl-nbr-policy.)
                0x00000000000282cf                rpl_nbr_policy_find_removable
 .text          0x0000000000028312      0x915 build/cooja/mtype145.a(rpl-neighbor.o)
                0x000000000002838e                rpl_neighbor_snprint
                0x0000000000028641                rpl_neighbor_print_list
                0x00000000000286f6                rpl_neighbor_count
                0x000000000002879d                rpl_neighbor_get_from_lladdr
                0x00000000000287b9                rpl_neighbor_is_acceptable_parent
                0x00000000000287ed                rpl_neighbor_get_link_metric
                0x0000000000028821                rpl_neighbor_rank_via_nbr
                0x0000000000028855                rpl_neighbor_get_lladdr
                0x0000000000028871                rpl_neighbor_get_ipaddr
                0x0000000000028898                rpl_neighbor_get_link_stats
                0x00000000000288bf                rpl_neighbor_is_fresh
                0x00000000000288e6                rpl_neighbor_is_reachable
                0x0000000000028931                rpl_neighbor_is_parent
                0x000000000002895b                rpl_neighbor_set_preferred_parent
                0x00000000000289f2                rpl_neighbor_remove_all
                0x0000000000028a4e                rpl_neighbor_get_from_ipaddr
                0x0000000000028b5c                rpl_neighbor_select_best
                0x0000000000028c08                rpl_neighbor_init
 .text          0x0000000000028c27      0xe69 build/cooja/mtype145.a(rpl-dag.o)
                0x0000000000028c27                rpl_dag_state_to_str
                0x0000000000028c66                rpl_dag_get_root_ipaddr
                0x0000000000028cae                rpl_dag_leave
                0x0000000000028d37                rpl_dag_poison_and_leave
                0x0000000000028d4f                rpl_dag_periodic
                0x0000000000028dd7                rpl_is_addr_in_our_dag
                0x0000000000028e1b                rpl_get_default_instance
                0x0000000000028e37                rpl_get_any_dag
                0x0000000000028e90                rpl_refresh_routes
                0x0000000000028ed0                rpl_global_repair
                0x0000000000028f69                rpl_local_repair
                0x0000000000028fb3                rpl_dag_ready_to_advertise
                0x0000000000028ff6                rpl_dag_update_state
                0x0000000000029723                rpl_process_dio
                0x00000000000297a1                rpl_process_dis
                0x00000000000297e6                rpl_process_dao
                0x0000000000029875                rpl_process_dao_ack
                0x000000000002990c                rpl_process_hbh
                0x000000000002995c                rpl_dag_init_root
                0x0000000000029a70                rpl_dag_init
 .text          0x0000000000029a90      0x9e7 build/cooja/mtype145.a(rpl-timers.o)
                0x0000000000029a90                rpl_timers_schedule_periodic_dis
                0x0000000000029bde                rpl_timers_dio_reset
                0x0000000000029cec                rpl_timers_schedule_unicast_dio
                0x0000000000029e40                rpl_timers_schedule_dao
                0x0000000000029eff                rpl_timers_schedule_dao_ack
                0x0000000000029f85                rpl_timers_notify_dao_ack
                0x0000000000029fe3                get_probing_delay
                0x000000000002a017                get_probing_target
                0x000000000002a201                rpl_schedule_probing
                0x000000000002a22f                rpl_schedule_probing_now
                0x000000000002a299                rpl_timers_unschedule_leaving
                0x000000000002a2d1                rpl_timers_schedule_leaving
                0x000000000002a312                rpl_timers_init
                0x000000000002a3a2                rpl_timers_stop_dag_timers
                0x000000000002a41b                rpl_timers_unschedule_state_update
                0x000000000002a43f                rpl_timers_schedule_state_update
 .text          0x000000000002a477      0xb8e build/cooja/mtype145.a(rpl-ext-header.)
                0x000000000002a477                rpl_ext_header_srh_get_next_hop
                0x000000000002a55e                rpl_ext_header_srh_update
                0x000000000002aaca                rpl_ext_header_hbh_update
                0x000000000002adca                rpl_ext_header_update
                0x000000000002ae53                rpl_ext_header_remove
 .text          0x000000000002b005      0x31b build/cooja/mtype145.a(rpl-mrhof.o)
 .text          0x000000000002b320      0x122 /usr/lib/gcc/i686-linux-gnu/5/libgcc.a(_udivdi3.o)
                0x000000000002b320                __udivdi3
 .text          0x000000000002b442        0x0 /usr/lib/gcc/i686-linux-gnu/5/crtendS.o
 .text          0x000000000002b442        0x0 /usr/lib/gcc/i686-linux-gnu/5/../../../i386-linux-gnu/crtn.o
 *(.gnu.warning)

.fini           0x000000000002b444       0x14
 *(SORT(.fini))
 .fini          0x000000000002b444        0xf /usr/lib/gcc/i686-linux-gnu/5/../../../i386-linux-gnu/crti.o
                0x000000000002b444                _fini
 .fini          0x000000000002b453        0x5 /usr/lib/gcc/i686-linux-gnu/5/../../../i386-linux-gnu/crtn.o
                [!provide]                        PROVIDE (__etext, .)
                [!provide]                        PROVIDE (_etext, .)
                [!provide]                        PROVIDE (etext, .)

.rodata         0x000000000002b460      0xd4b
 *(.rodata .rodata.* .gnu.linkonce.r.*)
 .rodata        0x000000000002b460      0x29b water_actuator.o
                0x000000000002b54c                autostart_processes
 *fill*         0x000000000002b6fb        0x1 
 .rodata        0x000000000002b6fc        0x8 build/cooja/mtype145.a(beep.o)
                0x000000000002b6fc                beep_interface
 .rodata        0x000000000002b704        0xe build/cooja/mtype145.a(leds-arch.o)
                0x000000000002b704                leds_interface
                0x000000000002b70c                leds_arch_leds
 *fill*         0x000000000002b712        0x2 
 .rodata        0x000000000002b714        0x8 build/cooja/mtype145.a(moteid.o)
                0x000000000002b714                moteid_interface
 .rodata        0x000000000002b71c       0x1c build/cooja/mtype145.a(pir-sensor.o)
                0x000000000002b71c                pir_interface
                0x000000000002b728                pir_sensor
 .rodata        0x000000000002b738        0xe build/cooja/mtype145.a(rs232.o)
                0x000000000002b738                rs232_interface
 *fill*         0x000000000002b746        0x2 
 .rodata        0x000000000002b748       0x24 build/cooja/mtype145.a(vib-sensor.o)
                0x000000000002b748                vib_interface
                0x000000000002b75c                vib_sensor
 .rodata        0x000000000002b76c        0x8 build/cooja/mtype145.a(clock.o)
                0x000000000002b76c                clock_interface
 .rodata        0x000000000002b774        0x8 build/cooja/mtype145.a(cooja-log.o)
                0x000000000002b774                simlog_interface
 .rodata        0x000000000002b77c       0x2f build/cooja/mtype145.a(cfs-cooja.o)
                0x000000000002b77c                cfs_interface
 *fill*         0x000000000002b7ab       0x15 
 .rodata        0x000000000002b7c0       0xb8 build/cooja/mtype145.a(cooja-radio.o)
                0x000000000002b7c0                radio_interface
                0x000000000002b840                cooja_radio_driver
 .rodata        0x000000000002b878        0x8 build/cooja/mtype145.a(eeprom.o)
                0x000000000002b878                eeprom_interface
 .rodata        0x000000000002b880        0x8 build/cooja/mtype145.a(sensors.o)
 .rodata        0x000000000002b888       0x2c build/cooja/mtype145.a(buttons.o)
                0x000000000002b888                button_interface
                0x000000000002b89c                button_hal_button_count
                0x000000000002b8a4                button_sensor
 .rodata        0x000000000002b8b4      0x150 build/cooja/mtype145.a(water_generator)
 .rodata        0x000000000002ba04       0x41 build/cooja/mtype145.a(coap-engine.o)
 .rodata        0x000000000002ba45       0x19 build/cooja/mtype145.a(coap-res-well-k)
 .rodata        0x000000000002ba5e       0x11 build/cooja/mtype145.a(coap-observe.o)
 .rodata        0x000000000002ba6f       0x35 build/cooja/mtype145.a(coap-uip.o)
 .rodata        0x000000000002baa4      0x1ac build/cooja/mtype145.a(coap.o)
 .rodata        0x000000000002bc50       0xf8 build/cooja/mtype145.a(contiki-main.o)
 .rodata        0x000000000002bd48        0xf build/cooja/mtype145.a(ctimer.o)
 *fill*         0x000000000002bd57        0x1 
 .rodata        0x000000000002bd58       0xc4 build/cooja/mtype145.a(log.o)
 .rodata        0x000000000002be1c        0xc build/cooja/mtype145.a(etimer.o)
 .rodata        0x000000000002be28       0x13 build/cooja/mtype145.a(button-hal.o)
 .rodata        0x000000000002be3b        0xe build/cooja/mtype145.a(serial-line.o)
 *fill*         0x000000000002be49        0x3 
 .rodata        0x000000000002be4c        0x8 build/cooja/mtype145.a(linkaddr.o)
                0x000000000002be4c                linkaddr_null
 .rodata        0x000000000002be54       0x24 build/cooja/mtype145.a(csma.o)
                0x000000000002be5c                csma_driver
 .rodata        0x000000000002be78       0x24 build/cooja/mtype145.a(csma-output.o)
 .rodata        0x000000000002be9c       0x4d build/cooja/mtype145.a(uip-ds6-route.o)
 .rodata        0x000000000002bee9        0xd build/cooja/mtype145.a(tcpip.o)
 *fill*         0x000000000002bef6        0x2 
 .rodata        0x000000000002bef8       0x30 build/cooja/mtype145.a(sicslowpan.o)
                0x000000000002bef8                unc_llconf
                0x000000000002befc                unc_ctxconf
                0x000000000002bf00                unc_mxconf
                0x000000000002bf04                llprefix
                0x000000000002bf18                sicslowpan_driver
 .rodata        0x000000000002bf28       0x2d build/cooja/mtype145.a(uiplib.o)
 *fill*         0x000000000002bf55        0xb 
 .rodata        0x000000000002bf60       0x74 build/cooja/mtype145.a(rpl.o)
                0x000000000002bf80                rpl_lite_driver
 .rodata        0x000000000002bfd4       0x20 build/cooja/mtype145.a(coap-timer-defa)
                0x000000000002bfe8                coap_timer_default_driver
 .rodata        0x000000000002bff4       0x25 build/cooja/mtype145.a(assert.o)
 *fill*         0x000000000002c019        0x3 
 .rodata        0x000000000002c01c        0xc build/cooja/mtype145.a(framer-802154.o)
                0x000000000002c01c                framer_802154
 .rodata        0x000000000002c028       0x44 build/cooja/mtype145.a(uip-sr.o)
 .rodata        0x000000000002c06c       0x58 build/cooja/mtype145.a(rpl-neighbor.o)
 .rodata        0x000000000002c0c4       0xdb build/cooja/mtype145.a(rpl-dag.o)
 .rodata        0x000000000002c19f        0xc build/cooja/mtype145.a(rpl-timers.o)

.rodata1
 *(.rodata1)

.eh_frame_hdr   0x000000000002c1ac     0x1a6c
 *(.eh_frame_hdr)
 .eh_frame_hdr  0x000000000002c1ac     0x1a6c water_actuator.o
                0x000000000002c1ac                __GNU_EH_FRAME_HDR
 *(.eh_frame_entry .eh_frame_entry.*)

.eh_frame       0x000000000002dc18     0x6b34
 *(.eh_frame)
 .eh_frame      0x000000000002dc18       0x3c /usr/lib/gcc/i686-linux-gnu/5/../../../i386-linux-gnu/crti.o
                                         0x40 (size before relaxing)
 .eh_frame      0x000000000002dc54       0xc8 water_actuator.o
                                         0xe0 (size before relaxing)
 .eh_frame      0x000000000002dd1c      0x178 build/cooja/mtype145.o
                                        0x190 (size before relaxing)
 .eh_frame      0x000000000002de94       0x40 build/cooja/mtype145.a(simEnvChange.o)
                                         0x58 (size before relaxing)
 .eh_frame      0x000000000002ded4       0x60 build/cooja/mtype145.a(cooja_mt.o)
                                         0x78 (size before relaxing)
 .eh_frame      0x000000000002df34       0x80 build/cooja/mtype145.a(cooja_mtarch.o)
                                         0x98 (size before relaxing)
 .eh_frame      0x000000000002dfb4       0xc8 build/cooja/mtype145.a(rtimer-arch.o)
                                         0xe0 (size before relaxing)
 .eh_frame      0x000000000002e07c      0x160 build/cooja/mtype145.a(beep.o)
                                        0x178 (size before relaxing)
 .eh_frame      0x000000000002e1dc       0x80 build/cooja/mtype145.a(leds-arch.o)
                                         0x98 (size before relaxing)
 .eh_frame      0x000000000002e25c       0x40 build/cooja/mtype145.a(moteid.o)
                                         0x58 (size before relaxing)
 .eh_frame      0x000000000002e29c       0xa0 build/cooja/mtype145.a(pir-sensor.o)
                                         0xb8 (size before relaxing)
 .eh_frame      0x000000000002e33c      0x100 build/cooja/mtype145.a(rs232.o)
                                        0x118 (size before relaxing)
 .eh_frame      0x000000000002e43c       0xa0 build/cooja/mtype145.a(vib-sensor.o)
                                         0xb8 (size before relaxing)
 .eh_frame      0x000000000002e4dc       0xc0 build/cooja/mtype145.a(clock.o)
                                         0xd8 (size before relaxing)
 .eh_frame      0x000000000002e59c      0x120 build/cooja/mtype145.a(cooja-log.o)
                                        0x138 (size before relaxing)
 .eh_frame      0x000000000002e6bc      0x160 build/cooja/mtype145.a(cfs-cooja.o)
                                        0x178 (size before relaxing)
 .eh_frame      0x000000000002e81c      0x340 build/cooja/mtype145.a(cooja-radio.o)
                                        0x358 (size before relaxing)
 .eh_frame      0x000000000002eb5c       0xa0 build/cooja/mtype145.a(eeprom.o)
                                         0xb8 (size before relaxing)
 .eh_frame      0x000000000002ebfc       0x40 build/cooja/mtype145.a(random.o)
                                         0x58 (size before relaxing)
 .eh_frame      0x000000000002ec3c       0xc0 build/cooja/mtype145.a(sensors.o)
                                         0xd8 (size before relaxing)
 .eh_frame      0x000000000002ecfc      0x120 build/cooja/mtype145.a(leds.o)
                                        0x138 (size before relaxing)
 .eh_frame      0x000000000002ee1c      0x220 build/cooja/mtype145.a(gpio-hal-arch.o)
                                        0x238 (size before relaxing)
 .eh_frame      0x000000000002f03c       0xa0 build/cooja/mtype145.a(buttons.o)
                                         0xb8 (size before relaxing)
 .eh_frame      0x000000000002f0dc       0x60 build/cooja/mtype145.a(water_generator)
                                         0x78 (size before relaxing)
 .eh_frame      0x000000000002f13c      0x1c4 build/cooja/mtype145.a(coap-observe-cl)
                                        0x1dc (size before relaxing)
 .eh_frame      0x000000000002f300       0x44 build/cooja/mtype145.a(coap-blocking-a)
                                         0x5c (size before relaxing)
 .eh_frame      0x000000000002f344      0x220 build/cooja/mtype145.a(coap-engine.o)
                                        0x238 (size before relaxing)
 .eh_frame      0x000000000002f564       0x24 build/cooja/mtype145.a(coap-res-well-k)
                                         0x3c (size before relaxing)
 .eh_frame      0x000000000002f588      0x188 build/cooja/mtype145.a(coap-observe.o)
                                        0x1a0 (size before relaxing)
 .eh_frame      0x000000000002f710      0x250 build/cooja/mtype145.a(coap-uip.o)
                                        0x268 (size before relaxing)
 .eh_frame      0x000000000002f960      0x114 build/cooja/mtype145.a(coap-timer.o)
                                        0x12c (size before relaxing)
 .eh_frame      0x000000000002fa74      0x100 build/cooja/mtype145.a(coap-transactio)
                                        0x118 (size before relaxing)
 .eh_frame      0x000000000002fb74      0x6ec build/cooja/mtype145.a(coap.o)
                                        0x704 (size before relaxing)
 .eh_frame      0x0000000000030260       0x30 build/cooja/mtype145.a(contiki-main.o)
                                         0x48 (size before relaxing)
 .eh_frame      0x0000000000030290       0x40 build/cooja/mtype145.a(autostart.o)
                                         0x58 (size before relaxing)
 .eh_frame      0x00000000000302d0      0x100 build/cooja/mtype145.a(ctimer.o)
                                        0x118 (size before relaxing)
 .eh_frame      0x00000000000303d0      0x100 build/cooja/mtype145.a(log.o)
                                        0x118 (size before relaxing)
 .eh_frame      0x00000000000304d0       0x60 build/cooja/mtype145.a(energest.o)
                                         0x78 (size before relaxing)
 .eh_frame      0x0000000000030530      0x1e0 build/cooja/mtype145.a(etimer.o)
                                        0x1f8 (size before relaxing)
 .eh_frame      0x0000000000030710       0x20 build/cooja/mtype145.a(node-id.o)
                                         0x38 (size before relaxing)
 .eh_frame      0x0000000000030730       0x60 build/cooja/mtype145.a(rtimer.o)
                                         0x78 (size before relaxing)
 .eh_frame      0x0000000000030790      0x1c4 build/cooja/mtype145.a(process.o)
                                        0x1dc (size before relaxing)
 .eh_frame      0x0000000000030954       0xa4 build/cooja/mtype145.a(timer.o)
                                         0xbc (size before relaxing)
 .eh_frame      0x00000000000309f8      0x1a0 build/cooja/mtype145.a(list.o)
                                        0x1b8 (size before relaxing)
 .eh_frame      0x0000000000030b98       0xa0 build/cooja/mtype145.a(memb.o)
                                         0xb8 (size before relaxing)
 .eh_frame      0x0000000000030c38      0x144 build/cooja/mtype145.a(button-hal.o)
                                        0x15c (size before relaxing)
 .eh_frame      0x0000000000030d7c       0x60 build/cooja/mtype145.a(serial-line.o)
                                         0x78 (size before relaxing)
 .eh_frame      0x0000000000030ddc       0xe0 build/cooja/mtype145.a(gpio-hal.o)
                                         0xf8 (size before relaxing)
 .eh_frame      0x0000000000030ebc      0x1a0 build/cooja/mtype145.a(queuebuf.o)
                                        0x1b8 (size before relaxing)
 .eh_frame      0x000000000003105c      0x28c build/cooja/mtype145.a(packetbuf.o)
                                        0x2a4 (size before relaxing)
 .eh_frame      0x00000000000312e8       0x80 build/cooja/mtype145.a(netstack.o)
                                         0x98 (size before relaxing)
 .eh_frame      0x0000000000031368       0x60 build/cooja/mtype145.a(linkaddr.o)
                                         0x78 (size before relaxing)
 .eh_frame      0x00000000000313c8       0xe0 build/cooja/mtype145.a(csma.o)
                                         0xf8 (size before relaxing)
 .eh_frame      0x00000000000314a8      0x1d0 build/cooja/mtype145.a(csma-output.o)
                                        0x1e8 (size before relaxing)
 .eh_frame      0x0000000000031678      0x328 build/cooja/mtype145.a(uip-ds6.o)
                                        0x340 (size before relaxing)
 .eh_frame      0x00000000000319a0       0x40 build/cooja/mtype145.a(uip-udp-packet.)
                                         0x58 (size before relaxing)
 .eh_frame      0x00000000000319e0      0x220 build/cooja/mtype145.a(uip-ds6-route.o)
                                        0x238 (size before relaxing)
 .eh_frame      0x0000000000031c00      0x244 build/cooja/mtype145.a(tcpip.o)
                                        0x25c (size before relaxing)
 .eh_frame      0x0000000000031e44      0x1e8 build/cooja/mtype145.a(uip6.o)
                                        0x200 (size before relaxing)
 .eh_frame      0x000000000003202c      0x1c0 build/cooja/mtype145.a(uip-ds6-nbr.o)
                                        0x1d8 (size before relaxing)
 .eh_frame      0x00000000000321ec       0x84 build/cooja/mtype145.a(uip-nd6.o)
                                         0x9c (size before relaxing)
 .eh_frame      0x0000000000032270      0x2f8 build/cooja/mtype145.a(sicslowpan.o)
                                        0x310 (size before relaxing)
 .eh_frame      0x0000000000032568       0x88 build/cooja/mtype145.a(uiplib.o)
                                         0xa0 (size before relaxing)
 .eh_frame      0x00000000000325f0      0x1e0 build/cooja/mtype145.a(rpl.o)
                                        0x1f8 (size before relaxing)
 .eh_frame      0x00000000000327d0      0x1c4 build/cooja/mtype145.a(rpl-icmp6.o)
                                        0x1dc (size before relaxing)
 .eh_frame      0x0000000000032994       0xa0 build/cooja/mtype145.a(rpl-dag-root.o)
                                         0xb8 (size before relaxing)
 .eh_frame      0x0000000000032a34       0xa0 build/cooja/mtype145.a(watchdog.o)
                                         0xb8 (size before relaxing)
 .eh_frame      0x0000000000032ad4       0x80 build/cooja/mtype145.a(int-master.o)
                                         0x98 (size before relaxing)
 .eh_frame      0x0000000000032b54       0xa4 build/cooja/mtype145.a(coap-timer-defa)
                                         0xbc (size before relaxing)
 .eh_frame      0x0000000000032bf8       0xc4 build/cooja/mtype145.a(stimer.o)
                                         0xdc (size before relaxing)
 .eh_frame      0x0000000000032cbc       0xa0 build/cooja/mtype145.a(ringbuf.o)
                                         0xb8 (size before relaxing)
 .eh_frame      0x0000000000032d5c       0x20 build/cooja/mtype145.a(assert.o)
                                         0x38 (size before relaxing)
 .eh_frame      0x0000000000032d7c      0x2ac build/cooja/mtype145.a(nbr-table.o)
                                        0x2c4 (size before relaxing)
 .eh_frame      0x0000000000033028      0x120 build/cooja/mtype145.a(link-stats.o)
                                        0x138 (size before relaxing)
 .eh_frame      0x0000000000033148       0x48 build/cooja/mtype145.a(mac-sequence.o)
                                         0x60 (size before relaxing)
 .eh_frame      0x0000000000033190       0x20 build/cooja/mtype145.a(mac.o)
                                         0x38 (size before relaxing)
 .eh_frame      0x00000000000331b0       0xa4 build/cooja/mtype145.a(framer-802154.o)
                                         0xbc (size before relaxing)
 .eh_frame      0x0000000000033254      0x1a4 build/cooja/mtype145.a(frame802154.o)
                                        0x1bc (size before relaxing)
 .eh_frame      0x00000000000333f8       0x40 build/cooja/mtype145.a(csma-security.o)
                                         0x58 (size before relaxing)
 .eh_frame      0x0000000000033438      0x200 build/cooja/mtype145.a(uipbuf.o)
                                        0x218 (size before relaxing)
 .eh_frame      0x0000000000033638      0x150 build/cooja/mtype145.a(uip-icmp6.o)
                                        0x168 (size before relaxing)
 .eh_frame      0x0000000000033788      0x184 build/cooja/mtype145.a(uip-sr.o)
                                        0x19c (size before relaxing)
 .eh_frame      0x000000000003390c       0xe0 build/cooja/mtype145.a(uip-packetqueue)
                                         0xf8 (size before relaxing)
 .eh_frame      0x00000000000339ec       0x80 build/cooja/mtype145.a(rpl-nbr-policy.)
                                         0x98 (size before relaxing)
 .eh_frame      0x0000000000033a6c      0x2d4 build/cooja/mtype145.a(rpl-neighbor.o)
                                        0x2ec (size before relaxing)
 .eh_frame      0x0000000000033d40      0x370 build/cooja/mtype145.a(rpl-dag.o)
                                        0x388 (size before relaxing)
 .eh_frame      0x00000000000340b0      0x3a8 build/cooja/mtype145.a(rpl-timers.o)
                                        0x3c0 (size before relaxing)
 .eh_frame      0x0000000000034458      0x124 build/cooja/mtype145.a(rpl-ext-header.)
                                        0x13c (size before relaxing)
 .eh_frame      0x000000000003457c      0x148 build/cooja/mtype145.a(rpl-mrhof.o)
                                        0x160 (size before relaxing)
 .eh_frame      0x00000000000346c4       0x84 /usr/lib/gcc/i686-linux-gnu/5/libgcc.a(_udivdi3.o)
                                         0x9c (size before relaxing)
 .eh_frame      0x0000000000034748        0x4 /usr/lib/gcc/i686-linux-gnu/5/crtendS.o
 *(.eh_frame.*)

.gcc_except_table
 *(.gcc_except_table .gcc_except_table.*)

.gnu_extab
 *(.gnu_extab*)

.exception_ranges
 *(.exception_ranges .exception_ranges*)
                0x0000000000035f10                . = DATA_SEGMENT_ALIGN (0x1000, 0x1000)

.eh_frame
 *(.eh_frame)
 *(.eh_frame.*)

.gnu_extab
 *(.gnu_extab)

.gcc_except_table
 *(.gcc_except_table .gcc_except_table.*)

.exception_ranges
 *(.exception_ranges .exception_ranges*)

.tdata
 *(.tdata .tdata.* .gnu.linkonce.td.*)

.tbss
 *(.tbss .tbss.* .gnu.linkonce.tb.*)
 *(.tcommon)

.preinit_array
 *(.preinit_array)

.init_array     0x0000000000035f10        0x4
 *(SORT(.init_array.*) SORT(.ctors.*))
 *(.init_array EXCLUDE_FILE(*crtend?.o *crtend.o *crtbegin?.o *crtbegin.o) .ctors)
 .init_array    0x0000000000035f10        0x4 /usr/lib/gcc/i686-linux-gnu/5/crtbeginS.o

.fini_array     0x0000000000035f14        0x4
 *(SORT(.fini_array.*) SORT(.dtors.*))
 *(.fini_array EXCLUDE_FILE(*crtend?.o *crtend.o *crtbegin?.o *crtbegin.o) .dtors)
 .fini_array    0x0000000000035f14        0x4 /usr/lib/gcc/i686-linux-gnu/5/crtbeginS.o

.ctors
 *crtbegin.o(.ctors)
 *crtbegin?.o(.ctors)
 *(EXCLUDE_FILE(*crtend?.o *crtend.o) .ctors)
 *(SORT(.ctors.*))
 *(.ctors)

.dtors
 *crtbegin.o(.dtors)
 *crtbegin?.o(.dtors)
 *(EXCLUDE_FILE(*crtend?.o *crtend.o) .dtors)
 *(SORT(.dtors.*))
 *(.dtors)

.jcr            0x0000000000035f18        0x4
 *(.jcr)
 .jcr           0x0000000000035f18        0x0 /usr/lib/gcc/i686-linux-gnu/5/crtbeginS.o
 .jcr           0x0000000000035f18        0x4 /usr/lib/gcc/i686-linux-gnu/5/crtendS.o

.data.rel.ro
 *(.data.rel.ro.local* .gnu.linkonce.d.rel.ro.local.*)
 *(.data.rel.ro .data.rel.ro.* .gnu.linkonce.d.rel.ro.*)

.dynamic        0x0000000000035f1c       0xd0
 *(.dynamic)
 .dynamic       0x0000000000035f1c       0xd0 /usr/lib/gcc/i686-linux-gnu/5/../../../i386-linux-gnu/crti.o
                0x0000000000035f1c                _DYNAMIC

.got            0x0000000000035fec       0x14
 *(.got)
 .got           0x0000000000035fec       0x14 /usr/lib/gcc/i686-linux-gnu/5/../../../i386-linux-gnu/crti.o
 *(.igot)
                0x0000000000036ff4                . = DATA_SEGMENT_RELRO_END (., (SIZEOF (.got.plt) >= 0xc)?0xc:0x0)

.got.plt        0x0000000000036000        0xc
 *(.got.plt)
 .got.plt       0x0000000000036000        0xc /usr/lib/gcc/i686-linux-gnu/5/../../../i386-linux-gnu/crti.o
                0x0000000000036000                _GLOBAL_OFFSET_TABLE_
 *(.igot.plt)

.data           0x0000000000036020      0x464
 *(.data .data.* .gnu.linkonce.d.*)
 .data          0x0000000000036020        0x0 /usr/lib/gcc/i686-linux-gnu/5/../../../i386-linux-gnu/crti.o
 .data          0x0000000000036020        0x0 /usr/lib/gcc/i686-linux-gnu/5/crtbeginS.o
 .data.rel.local
                0x0000000000036020        0x4 /usr/lib/gcc/i686-linux-gnu/5/crtbeginS.o
                0x0000000000036020                __dso_handle
 .data          0x0000000000036024       0x14 water_actuator.o
                0x0000000000036028                water_actuator
 *fill*         0x0000000000036038        0x8 
 .data          0x0000000000036040       0x44 build/cooja/mtype145.o
                0x0000000000036040                simInterfaces
                0x0000000000036074                sensors
 .data          0x0000000000036084        0x0 build/cooja/mtype145.a(simEnvChange.o)
 .data          0x0000000000036084        0x0 build/cooja/mtype145.a(cooja_mt.o)
 .data          0x0000000000036084        0x0 build/cooja/mtype145.a(cooja_mtarch.o)
 .data          0x0000000000036084        0x0 build/cooja/mtype145.a(rtimer-arch.o)
 .data          0x0000000000036084        0x0 build/cooja/mtype145.a(beep.o)
 .data          0x0000000000036084        0x0 build/cooja/mtype145.a(leds-arch.o)
 .data          0x0000000000036084        0x0 build/cooja/mtype145.a(moteid.o)
 .data          0x0000000000036084        0x0 build/cooja/mtype145.a(pir-sensor.o)
 .data          0x0000000000036084        0x0 build/cooja/mtype145.a(rs232.o)
 .data          0x0000000000036084        0x0 build/cooja/mtype145.a(vib-sensor.o)
 .data          0x0000000000036084        0x0 build/cooja/mtype145.a(clock.o)
 .data          0x0000000000036084        0x0 build/cooja/mtype145.a(cooja-log.o)
 .data          0x0000000000036084        0x0 build/cooja/mtype145.a(cfs-cooja.o)
 .data          0x0000000000036084       0x2c build/cooja/mtype145.a(cooja-radio.o)
                0x0000000000036084                simRadioHWOn
                0x0000000000036088                simSignalStrength
                0x000000000003608c                simLastSignalStrength
                0x0000000000036090                simPower
                0x0000000000036094                simRadioChannel
                0x0000000000036098                simLQI
                0x00000000000360a0                cooja_radio_process
 .data          0x00000000000360b0        0x0 build/cooja/mtype145.a(eeprom.o)
 .data          0x00000000000360b0        0x0 build/cooja/mtype145.a(random.o)
 .data          0x00000000000360b0       0x10 build/cooja/mtype145.a(sensors.o)
                0x00000000000360b0                sensors_process
 .data          0x00000000000360c0        0x0 build/cooja/mtype145.a(leds.o)
 .data          0x00000000000360c0        0x0 build/cooja/mtype145.a(gpio-hal-arch.o)
 .data          0x00000000000360c0       0x78 build/cooja/mtype145.a(buttons.o)
                0x00000000000360c0                simButtonIsActive
                0x0000000000036130                button_hal_buttons
 *fill*         0x0000000000036138        0x8 
 .data          0x0000000000036140       0x44 build/cooja/mtype145.a(water_generator)
                0x0000000000036140                GOOD_MINERALS_LEVEL
                0x0000000000036144                GOOD_PH_LEVEL
                0x0000000000036160                water_generator
 .data          0x0000000000036184       0x10 build/cooja/mtype145.a(coap-observe-cl)
 .data          0x0000000000036194        0x0 build/cooja/mtype145.a(coap-blocking-a)
 .data          0x0000000000036194        0x8 build/cooja/mtype145.a(coap-engine.o)
 *fill*         0x000000000003619c        0x4 
 .data          0x00000000000361a0       0x24 build/cooja/mtype145.a(coap-res-well-k)
                0x00000000000361a0                res_well_known_core
 .data          0x00000000000361c4       0x10 build/cooja/mtype145.a(coap-observe.o)
 .data          0x00000000000361d4       0x10 build/cooja/mtype145.a(coap-uip.o)
                0x00000000000361d4                coap_engine
 .data          0x00000000000361e4        0x4 build/cooja/mtype145.a(coap-timer.o)
 .data          0x00000000000361e8       0x10 build/cooja/mtype145.a(coap-transactio)
 .data          0x00000000000361f8        0x4 build/cooja/mtype145.a(coap.o)
                0x00000000000361f8                coap_error_message
 .data          0x00000000000361fc        0x0 build/cooja/mtype145.a(contiki-main.o)
 .data          0x00000000000361fc        0x0 build/cooja/mtype145.a(autostart.o)
 .data          0x00000000000361fc       0x14 build/cooja/mtype145.a(ctimer.o)
                0x0000000000036200                ctimer_process
 *fill*         0x0000000000036210       0x10 
 .data          0x0000000000036220       0xbc build/cooja/mtype145.a(log.o)
                0x0000000000036220                curr_log_level_main
                0x0000000000036240                all_modules
 .data          0x00000000000362dc        0x0 build/cooja/mtype145.a(energest.o)
 .data          0x00000000000362dc       0x10 build/cooja/mtype145.a(etimer.o)
                0x00000000000362dc                etimer_process
 .data          0x00000000000362ec        0x0 build/cooja/mtype145.a(node-id.o)
 .data          0x00000000000362ec        0x0 build/cooja/mtype145.a(rtimer.o)
 .data          0x00000000000362ec        0x0 build/cooja/mtype145.a(process.o)
 .data          0x00000000000362ec        0x0 build/cooja/mtype145.a(timer.o)
 .data          0x00000000000362ec        0x0 build/cooja/mtype145.a(list.o)
 .data          0x00000000000362ec        0x0 build/cooja/mtype145.a(memb.o)
 .data          0x00000000000362ec       0x10 build/cooja/mtype145.a(button-hal.o)
                0x00000000000362ec                button_hal_process
 .data          0x00000000000362fc       0x10 build/cooja/mtype145.a(serial-line.o)
                0x00000000000362fc                serial_line_process
 .data          0x000000000003630c        0x4 build/cooja/mtype145.a(gpio-hal.o)
 .data          0x0000000000036310       0x18 build/cooja/mtype145.a(queuebuf.o)
 .data          0x0000000000036328        0x4 build/cooja/mtype145.a(packetbuf.o)
 .data          0x000000000003632c        0x4 build/cooja/mtype145.a(netstack.o)
 .data          0x0000000000036330        0x0 build/cooja/mtype145.a(linkaddr.o)
 .data          0x0000000000036330        0x0 build/cooja/mtype145.a(csma.o)
 .data          0x0000000000036330       0x28 build/cooja/mtype145.a(csma-output.o)
 .data          0x0000000000036358        0x0 build/cooja/mtype145.a(uip-ds6.o)
 .data          0x0000000000036358        0x0 build/cooja/mtype145.a(uip-udp-packet.)
 .data          0x0000000000036358       0x10 build/cooja/mtype145.a(uip-ds6-route.o)
 .data          0x0000000000036368       0x10 build/cooja/mtype145.a(tcpip.o)
                0x0000000000036368                tcpip_process
 .data          0x0000000000036378        0x0 build/cooja/mtype145.a(uip6.o)
 .data          0x0000000000036378       0x14 build/cooja/mtype145.a(uip-ds6-nbr.o)
 .data          0x000000000003638c        0xc build/cooja/mtype145.a(uip-nd6.o)
 .data          0x0000000000036398        0x0 build/cooja/mtype145.a(sicslowpan.o)
 .data          0x0000000000036398        0x0 build/cooja/mtype145.a(uiplib.o)
 .data          0x0000000000036398        0x0 build/cooja/mtype145.a(rpl.o)
 .data          0x0000000000036398       0x30 build/cooja/mtype145.a(rpl-icmp6.o)
 .data          0x00000000000363c8        0x0 build/cooja/mtype145.a(rpl-dag-root.o)
 .data          0x00000000000363c8        0x0 build/cooja/mtype145.a(watchdog.o)
 .data          0x00000000000363c8        0x0 build/cooja/mtype145.a(int-master.o)
 .data          0x00000000000363c8       0x10 build/cooja/mtype145.a(coap-timer-defa)
                0x00000000000363c8                coap_timer_process
 .data          0x00000000000363d8        0x0 build/cooja/mtype145.a(stimer.o)
 .data          0x00000000000363d8        0x0 build/cooja/mtype145.a(ringbuf.o)
 .data          0x00000000000363d8        0x0 build/cooja/mtype145.a(assert.o)
 .data          0x00000000000363d8       0x10 build/cooja/mtype145.a(nbr-table.o)
 .data          0x00000000000363e8       0x14 build/cooja/mtype145.a(link-stats.o)
 .data          0x00000000000363fc        0x0 build/cooja/mtype145.a(mac-sequence.o)
 .data          0x00000000000363fc        0x0 build/cooja/mtype145.a(mac.o)
 .data          0x00000000000363fc        0x0 build/cooja/mtype145.a(framer-802154.o)
 .data          0x00000000000363fc        0x2 build/cooja/mtype145.a(frame802154.o)
 .data          0x00000000000363fe        0x0 build/cooja/mtype145.a(csma-security.o)
 .data          0x00000000000363fe        0x0 build/cooja/mtype145.a(uipbuf.o)
 *fill*         0x00000000000363fe        0x2 
 .data          0x0000000000036400       0x20 build/cooja/mtype145.a(uip-icmp6.o)
 .data          0x0000000000036420       0x10 build/cooja/mtype145.a(uip-sr.o)
 .data          0x0000000000036430        0xc build/cooja/mtype145.a(uip-packetqueue)
 .data          0x000000000003643c        0x0 build/cooja/mtype145.a(rpl-nbr-policy.)
 .data          0x000000000003643c       0x14 build/cooja/mtype145.a(rpl-neighbor.o)
                0x000000000003644c                rpl_neighbors
 .data          0x0000000000036450        0x0 build/cooja/mtype145.a(rpl-dag.o)
 .data          0x0000000000036450        0x0 build/cooja/mtype145.a(rpl-timers.o)
 .data          0x0000000000036450        0x0 build/cooja/mtype145.a(rpl-ext-header.)
 *fill*         0x0000000000036450       0x10 
 .data          0x0000000000036460       0x24 build/cooja/mtype145.a(rpl-mrhof.o)
                0x0000000000036460                rpl_mrhof
 .data          0x0000000000036484        0x0 /usr/lib/gcc/i686-linux-gnu/5/libgcc.a(_udivdi3.o)
 .data          0x0000000000036484        0x0 /usr/lib/gcc/i686-linux-gnu/5/crtendS.o
 .data          0x0000000000036484        0x0 /usr/lib/gcc/i686-linux-gnu/5/../../../i386-linux-gnu/crtn.o

.tm_clone_table
                0x0000000000036484        0x0
 .tm_clone_table
                0x0000000000036484        0x0 /usr/lib/gcc/i686-linux-gnu/5/crtbeginS.o
 .tm_clone_table
                0x0000000000036484        0x0 /usr/lib/gcc/i686-linux-gnu/5/crtendS.o

.data1
 *(.data1)
                0x0000000000036484                _edata = .
                [!provide]                        PROVIDE (edata, .)
                0x0000000000036484                . = .
                0x0000000000036484                __bss_start = .

.bss            0x00000000000364a0    0x14224
 *(.dynbss)
 .dynbss        0x00000000000364a0        0x0 /usr/lib/gcc/i686-linux-gnu/5/../../../i386-linux-gnu/crti.o
 *(.bss .bss.* .gnu.linkonce.b.*)
 .bss           0x00000000000364a0        0x0 /usr/lib/gcc/i686-linux-gnu/5/../../../i386-linux-gnu/crti.o
 .bss           0x00000000000364a0        0x1 /usr/lib/gcc/i686-linux-gnu/5/crtbeginS.o
 *fill*         0x00000000000364a1       0x1f 
 .bss           0x00000000000364c0      0x20c water_actuator.o
                0x00000000000364c0                minerals_level
                0x00000000000364c4                ph_level
 *fill*         0x00000000000366cc       0x14 
 .bss           0x00000000000366e0     0x2030 build/cooja/mtype145.o
 .bss           0x0000000000038710        0x1 build/cooja/mtype145.a(simEnvChange.o)
                0x0000000000038710                simDontFallAsleep
 *fill*         0x0000000000038711        0x3 
 .bss           0x0000000000038714        0x4 build/cooja/mtype145.a(cooja_mt.o)
 .bss           0x0000000000038718        0x4 build/cooja/mtype145.a(cooja_mtarch.o)
 .bss           0x000000000003871c        0x0 build/cooja/mtype145.a(rtimer-arch.o)
 .bss           0x000000000003871c        0x0 build/cooja/mtype145.a(beep.o)
 .bss           0x000000000003871c        0x1 build/cooja/mtype145.a(leds-arch.o)
                0x000000000003871c                simLedsValue
 .bss           0x000000000003871d        0x0 build/cooja/mtype145.a(moteid.o)
 .bss           0x000000000003871d        0x1 build/cooja/mtype145.a(pir-sensor.o)
                0x000000000003871d                simPirValue
 *fill*         0x000000000003871e        0x2 
 .bss           0x0000000000038720        0x4 build/cooja/mtype145.a(rs232.o)
 .bss           0x0000000000038724        0x1 build/cooja/mtype145.a(vib-sensor.o)
                0x0000000000038724                simVibValue
 .bss           0x0000000000038725        0x0 build/cooja/mtype145.a(clock.o)
 *fill*         0x0000000000038725       0x1b 
 .bss           0x0000000000038740     0x2020 build/cooja/mtype145.a(cooja-log.o)
 .bss           0x000000000003a760      0xfc0 build/cooja/mtype145.a(cfs-cooja.o)
                0x000000000003a760                simCFSData
                0x000000000003b700                simCFSSize
                0x000000000003b704                simCFSChanged
                0x000000000003b708                simCFSRead
                0x000000000003b70c                simCFSWritten
 .bss           0x000000000003b720       0x24 build/cooja/mtype145.a(cooja-radio.o)
                0x000000000003b720                simReceiving
                0x000000000003b724                simInSize
                0x000000000003b728                simLastPacketTimestamp
                0x000000000003b730                simOutSize
 .bss           0x000000000003b744        0xc build/cooja/mtype145.a(eeprom.o)
                0x000000000003b744                simEEPROMChanged
                0x000000000003b748                simEEPROMRead
                0x000000000003b74c                simEEPROMWritten
 .bss           0x000000000003b750        0x0 build/cooja/mtype145.a(random.o)
 .bss           0x000000000003b750        0xc build/cooja/mtype145.a(sensors.o)
 .bss           0x000000000003b75c        0x0 build/cooja/mtype145.a(leds.o)
 .bss           0x000000000003b75c       0x24 build/cooja/mtype145.a(gpio-hal-arch.o)
 .bss           0x000000000003b780        0x0 build/cooja/mtype145.a(buttons.o)
 .bss           0x000000000003b780        0x8 build/cooja/mtype145.a(water_generator)
                0x000000000003b780                status
 *fill*         0x000000000003b788       0x18 
 .bss           0x000000000003b7a0      0x1b1 build/cooja/mtype145.a(coap-observe-cl)
 .bss           0x000000000003b951        0x0 build/cooja/mtype145.a(coap-blocking-a)
 *fill*         0x000000000003b951        0xf 
 .bss           0x000000000003b960      0x190 build/cooja/mtype145.a(coap-engine.o)
 .bss           0x000000000003baf0        0x0 build/cooja/mtype145.a(coap-res-well-k)
 *fill*         0x000000000003baf0       0x10 
 .bss           0x000000000003bb00      0x120 build/cooja/mtype145.a(coap-observe.o)
 .bss           0x000000000003bc20       0x18 build/cooja/mtype145.a(coap-uip.o)
 .bss           0x000000000003bc38        0x5 build/cooja/mtype145.a(coap-timer.o)
 *fill*         0x000000000003bc3d        0x3 
 .bss           0x000000000003bc40      0x334 build/cooja/mtype145.a(coap-transactio)
 .bss           0x000000000003bf74        0x6 build/cooja/mtype145.a(coap.o)
                0x000000000003bf74                coap_status_code
 .bss           0x000000000003bf7a        0x0 build/cooja/mtype145.a(contiki-main.o)
 .bss           0x000000000003bf7a        0x0 build/cooja/mtype145.a(autostart.o)
 *fill*         0x000000000003bf7a        0x2 
 .bss           0x000000000003bf7c        0x5 build/cooja/mtype145.a(ctimer.o)
 *fill*         0x000000000003bf81        0x3 
 .bss           0x000000000003bf84       0x2c build/cooja/mtype145.a(log.o)
                0x000000000003bf84                curr_log_level_rpl
                0x000000000003bf88                curr_log_level_tcpip
                0x000000000003bf8c                curr_log_level_ipv6
                0x000000000003bf90                curr_log_level_6lowpan
                0x000000000003bf94                curr_log_level_nullnet
                0x000000000003bf98                curr_log_level_mac
                0x000000000003bf9c                curr_log_level_framer
                0x000000000003bfa0                curr_log_level_6top
                0x000000000003bfa4                curr_log_level_coap
                0x000000000003bfa8                curr_log_level_snmp
                0x000000000003bfac                curr_log_level_lwm2m
 .bss           0x000000000003bfb0        0x0 build/cooja/mtype145.a(energest.o)
 .bss           0x000000000003bfb0        0x8 build/cooja/mtype145.a(etimer.o)
 .bss           0x000000000003bfb8        0x2 build/cooja/mtype145.a(node-id.o)
                0x000000000003bfb8                node_id
 *fill*         0x000000000003bfba        0x2 
 .bss           0x000000000003bfbc        0x4 build/cooja/mtype145.a(rtimer.o)
 .bss           0x000000000003bfc0      0x1a1 build/cooja/mtype145.a(process.o)
                0x000000000003bfc0                process_list
                0x000000000003bfc4                process_current
 .bss           0x000000000003c161        0x0 build/cooja/mtype145.a(timer.o)
 .bss           0x000000000003c161        0x0 build/cooja/mtype145.a(list.o)
 .bss           0x000000000003c161        0x0 build/cooja/mtype145.a(memb.o)
 *fill*         0x000000000003c161        0x3 
 .bss           0x000000000003c164       0x10 build/cooja/mtype145.a(button-hal.o)
 *fill*         0x000000000003c174        0xc 
 .bss           0x000000000003c180      0x140 build/cooja/mtype145.a(serial-line.o)
 .bss           0x000000000003c2c0        0x4 build/cooja/mtype145.a(gpio-hal.o)
 *fill*         0x000000000003c2c4       0x1c 
 .bss           0x000000000003c2e0     0x2c80 build/cooja/mtype145.a(queuebuf.o)
 .bss           0x000000000003ef60       0xa0 build/cooja/mtype145.a(packetbuf.o)
 .bss           0x000000000003f000        0x4 build/cooja/mtype145.a(netstack.o)
 .bss           0x000000000003f004        0x0 build/cooja/mtype145.a(linkaddr.o)
 .bss           0x000000000003f004        0x0 build/cooja/mtype145.a(csma.o)
 *fill*         0x000000000003f004       0x1c 
 .bss           0x000000000003f020      0x726 build/cooja/mtype145.a(csma-output.o)