Archive member included to satisfy reference by file (symbol)

build/cooja/mtype698.a(simEnvChange.o)
                              build/cooja/mtype698.o (simDontFallAsleep)
build/cooja/mtype698.a(cooja_mt.o)
                              build/cooja/mtype698.o (cooja_mt_start)
build/cooja/mtype698.a(cooja_mtarch.o)
                              build/cooja/mtype698.a(cooja_mt.o) (cooja_mtarch_start)
build/cooja/mtype698.a(rtimer-arch.o)
                              build/cooja/mtype698.o (rtimer_arch_check)
build/cooja/mtype698.a(beep.o)
                              build/cooja/mtype698.o (beep_interface)
build/cooja/mtype698.a(leds-arch.o)
                              build/cooja/mtype698.o (leds_interface)
build/cooja/mtype698.a(moteid.o)
                              build/cooja/mtype698.o (moteid_interface)
build/cooja/mtype698.a(pir-sensor.o)
                              build/cooja/mtype698.o (pir_interface)
build/cooja/mtype698.a(rs232.o)
                              build/cooja/mtype698.o (rs232_interface)
build/cooja/mtype698.a(vib-sensor.o)
                              build/cooja/mtype698.o (vib_interface)
build/cooja/mtype698.a(clock.o)
                              build/cooja/mtype698.o (clock_interface)
build/cooja/mtype698.a(cooja-log.o)
                              build/cooja/mtype698.o (simlog_interface)
build/cooja/mtype698.a(cfs-cooja.o)
                              build/cooja/mtype698.o (cfs_interface)
build/cooja/mtype698.a(cooja-radio.o)
                              build/cooja/mtype698.o (radio_interface)
build/cooja/mtype698.a(eeprom.o)
                              build/cooja/mtype698.o (eeprom_interface)
build/cooja/mtype698.a(random.o)
                              build/cooja/mtype698.a(moteid.o) (random_init)
build/cooja/mtype698.a(sensors.o)
                              build/cooja/mtype698.a(pir-sensor.o) (sensors_changed)
build/cooja/mtype698.a(leds.o)
                              water_actuator.o (leds_set)
build/cooja/mtype698.a(gpio-hal-arch.o)
                              build/cooja/mtype698.a(leds-arch.o) (gpio_hal_arch_register_pin_callback)
build/cooja/mtype698.a(buttons.o)
                              build/cooja/mtype698.o (button_interface)
build/cooja/mtype698.a(water_generator)
                              water_actuator.o (alert_level)
build/cooja/mtype698.a(coap-observe-cl)
                              water_actuator.o (coap_obs_request_registration)
build/cooja/mtype698.a(coap-blocking-a)
                              water_actuator.o (coap_blocking_request)
build/cooja/mtype698.a(coap-engine.o)
                              water_actuator.o (coap_activate_resource)
build/cooja/mtype698.a(coap-res-well-k)
                              build/cooja/mtype698.a(coap-engine.o) (res_well_known_core)
build/cooja/mtype698.a(coap-observe.o)
                              build/cooja/mtype698.a(coap-engine.o) (coap_remove_observer_by_mid)
build/cooja/mtype698.a(coap-uip.o)
                              water_actuator.o (coap_endpoint_log)
build/cooja/mtype698.a(coap-timer.o)
                              build/cooja/mtype698.a(coap-engine.o) (coap_timer_set)
build/cooja/mtype698.a(coap-transactio)
                              build/cooja/mtype698.a(coap-observe-cl) (coap_send_transaction)
build/cooja/mtype698.a(coap.o)
                              build/cooja/mtype698.a(coap-engine.o) (coap_status_code)
build/cooja/mtype698.a(contiki-main.o)
                              build/cooja/mtype698.o (main)
build/cooja/mtype698.a(autostart.o)
                              build/cooja/mtype698.a(contiki-main.o) (autostart_start)
build/cooja/mtype698.a(ctimer.o)
                              build/cooja/mtype698.a(contiki-main.o) (ctimer_init)
build/cooja/mtype698.a(log.o)
                              build/cooja/mtype698.a(contiki-main.o) (curr_log_level_main)
build/cooja/mtype698.a(energest.o)
                              build/cooja/mtype698.a(contiki-main.o) (energest_init)
build/cooja/mtype698.a(etimer.o)
                              build/cooja/mtype698.a(contiki-main.o) (etimer_process)
build/cooja/mtype698.a(node-id.o)
                              build/cooja/mtype698.a(contiki-main.o) (node_id)
build/cooja/mtype698.a(rtimer.o)
                              build/cooja/mtype698.a(contiki-main.o) (rtimer_init)
build/cooja/mtype698.a(process.o)
                              build/cooja/mtype698.a(coap-blocking-a) (process_current)
build/cooja/mtype698.a(timer.o)
                              build/cooja/mtype698.a(etimer.o) (timer_set)
build/cooja/mtype698.a(list.o)
                              build/cooja/mtype698.a(coap-engine.o) (list_init)
build/cooja/mtype698.a(memb.o)
                              build/cooja/mtype698.a(coap-observe-cl) (memb_alloc)
build/cooja/mtype698.a(button-hal.o)
                              water_actuator.o (button_hal_press_event)
build/cooja/mtype698.a(serial-line.o)
[...]
Memory Configuration

Name             Origin             Length             Attributes
*default*        0x0000000000000000 0xffffffffffffffff

Linker script and memory map

LOAD /usr/lib/gcc/i686-linux-gnu/5/../../../i386-linux-gnu/crti.o
LOAD /usr/lib/gcc/i686-linux-gnu/5/crtbeginS.o
LOAD water_actuator.o
LOAD build/cooja/mtype698.o
LOAD build/cooja/mtype698.a
LOAD /usr/lib/gcc/i686-linux-gnu/5/libgcc.a
LOAD /usr/lib/gcc/i686-linux-gnu/5/libgcc_s.so
LOAD /usr/lib/gcc/i686-linux-gnu/5/../../../i386-linux-gnu/libc.so
START GROUP
LOAD /lib/i386-linux-gnu/libc.so.6
LOAD /usr/lib/i386-linux-gnu/libc_nonshared.a
LOAD /lib/i386-linux-gnu/ld-linux.so.2
END GROUP
LOAD /usr/lib/gcc/i686-linux-gnu/5/libgcc.a
LOAD /usr/lib/gcc/i686-linux-gnu/5/libgcc_s.so
LOAD /usr/lib/gcc/i686-linux-gnu/5/crtendS.o
LOAD /usr/lib/gcc/i686-linux-gnu/5/../../../i386-linux-gnu/crtn.o
                0x0000000000000114                . = (0x0 + SIZEOF_HEADERS)

.note.gnu.build-id
                0x0000000000000114       0x24
 *(.note.gnu.build-id)
 .note.gnu.build-id
                0x0000000000000114       0x24 /usr/lib/gcc/i686-linux-gnu/5/../../../i386-linux-gnu/crti.o

.hash
 *(.hash)

.gnu.hash       0x0000000000000138     0x15d0
 *(.gnu.hash)
 .gnu.hash      0x0000000000000138     0x15d0 /usr/lib/gcc/i686-linux-gnu/5/../../../i386-linux-gnu/crti.o

.dynsym         0x0000000000001708     0x3010
 *(.dynsym)
 .dynsym        0x0000000000001708     0x3010 /usr/lib/gcc/i686-linux-gnu/5/../../../i386-linux-gnu/crti.o

.dynstr         0x0000000000004718     0x3801
 *(.dynstr)
 .dynstr        0x0000000000004718     0x3801 /usr/lib/gcc/i686-linux-gnu/5/../../../i386-linux-gnu/crti.o

.gnu.version    0x0000000000007f1a      0x602
 *(.gnu.version)
 .gnu.version   0x0000000000007f1a      0x602 /usr/lib/gcc/i686-linux-gnu/5/../../../i386-linux-gnu/crti.o

.gnu.version_d  0x000000000000851c        0x0
 *(.gnu.version_d)
 .gnu.version_d
                0x000000000000851c        0x0 /usr/lib/gcc/i686-linux-gnu/5/../../../i386-linux-gnu/crti.o

.gnu.version_r  0x000000000000851c       0x40
 *(.gnu.version_r)
 .gnu.version_r
                0x000000000000851c       0x40 /usr/lib/gcc/i686-linux-gnu/5/../../../i386-linux-gnu/crti.o

.rel.dyn        0x000000000000855c     0x99a0
 *(.rel.init)
 .rel.init      0x000000000000855c        0x0 /usr/lib/gcc/i686-linux-gnu/5/../../../i386-linux-gnu/crti.o
 *(.rel.text .rel.text.* .rel.gnu.linkonce.t.*)
 .rel.text      0x000000000000855c     0x8f78 /usr/lib/gcc/i686-linux-gnu/5/../../../i386-linux-gnu/crti.o
 *(.rel.fini)
 .rel.fini      0x00000000000114d4        0x0 /usr/lib/gcc/i686-linux-gnu/5/../../../i386-linux-gnu/crti.o
 *(.rel.rodata .rel.rodata.* .rel.gnu.linkonce.r.*)
 .rel.rodata    0x00000000000114d4      0x5d8 /usr/lib/gcc/i686-linux-gnu/5/../../../i386-linux-gnu/crti.o
 *(.rel.data.rel.ro .rel.data.rel.ro.* .rel.gnu.linkonce.d.rel.ro.*)
 *(.rel.data .rel.data.* .rel.gnu.linkonce.d.*)
 .rel.data.rel.local
                0x0000000000011aac        0x8 /usr/lib/gcc/i686-linux-gnu/5/../../../i386-linux-gnu/crti.o
 .rel.data      0x0000000000011ab4      0x410 /usr/lib/gcc/i686-linux-gnu/5/../../../i386-linux-gnu/crti.o
 *(.rel.tdata .rel.tdata.* .rel.gnu.linkonce.td.*)
 *(.rel.tbss .rel.tbss.* .rel.gnu.linkonce.tb.*)
 *(.rel.ctors)
 *(.rel.dtors)
 *(.rel.got)
 .rel.got       0x0000000000011ec4       0x28 /usr/lib/gcc/i686-linux-gnu/5/../../../i386-linux-gnu/crti.o
 *(.rel.bss .rel.bss.* .rel.gnu.linkonce.b.*)
 *(.rel.ifunc)
 .rel.ifunc     0x0000000000011eec        0x0 /usr/lib/gcc/i686-linux-gnu/5/../../../i386-linux-gnu/crti.o
 .rel.fini_array
                0x0000000000011eec        0x8 /usr/lib/gcc/i686-linux-gnu/5/../../../i386-linux-gnu/crti.o
 .rel.init_array
                0x0000000000011ef4        0x8 /usr/lib/gcc/i686-linux-gnu/5/../../../i386-linux-gnu/crti.o

.rel.plt        0x0000000000011efc        0x0
 *(.rel.plt)
 .rel.plt       0x0000000000011efc        0x0 /usr/lib/gcc/i686-linux-gnu/5/../../../i386-linux-gnu/crti.o
 *(.rel.iplt)

.init           0x0000000000011efc       0x23
 *(SORT(.init))
 .init          0x0000000000011efc       0x1e /usr/lib/gcc/i686-linux-gnu/5/../../../i386-linux-gnu/crti.o
                0x0000000000011efc                _init
 .init          0x0000000000011f1a        0x5 /usr/lib/gcc/i686-linux-gnu/5/../../../i386-linux-gnu/crtn.o

.plt            0x0000000000011f20       0x10
 *(.plt)
 .plt           0x0000000000011f20       0x10 /usr/lib/gcc/i686-linux-gnu/5/../../../i386-linux-gnu/crti.o
 *(.iplt)

.plt.got        0x0000000000011f30       0x10
 *(.plt.got)
 .plt.got       0x0000000000011f30       0x10 /usr/lib/gcc/i686-linux-gnu/5/../../../i386-linux-gnu/crti.o

.text           0x0000000000011f40    0x19782
 *(.text.unlikely .text.*_unlikely .text.unlikely.*)
 .text.unlikely
                0x0000000000011f40        0x0 /usr/lib/gcc/i686-linux-gnu/5/crtbeginS.o
 .text.unlikely
                0x0000000000011f40        0x0 /usr/lib/gcc/i686-linux-gnu/5/libgcc.a(_udivdi3.o)
 *(.text.exit .text.exit.*)
 *(.text.startup .text.startup.*)
 *(.text.hot .text.hot.*)
 *(.text .stub .text.* .gnu.linkonce.t.*)
 .text          0x0000000000011f40        0x0 /usr/lib/gcc/i686-linux-gnu/5/../../../i386-linux-gnu/crti.o
 .gnu.linkonce.t.__x86.get_pc_thunk.bx
                0x0000000000011f40        0x4 /usr/lib/gcc/i686-linux-gnu/5/../../../i386-linux-gnu/crti.o
                0x0000000000011f40                __x86.get_pc_thunk.bx
 *fill*         0x0000000000011f44        0xc 
 .text          0x0000000000011f50      0x11c /usr/lib/gcc/i686-linux-gnu/5/crtbeginS.o
 .text.__x86.get_pc_thunk.dx
                0x000000000001206c        0x4 /usr/lib/gcc/i686-linux-gnu/5/crtbeginS.o
                0x000000000001206c                __x86.get_pc_thunk.dx
 .text          0x0000000000012070      0xb60 water_actuator.o
                0x0000000000012070                update_leds
                0x00000000000120fd                wait_for_ack
                0x0000000000012152                wait_for_minerals_discovery
                0x00000000000122a4                wait_for_ph_discovery
 .text          0x0000000000012bd0      0x283 build/cooja/mtype698.o
                0x0000000000012c62                platform_init_stage_one
                0x0000000000012c75                platform_init_stage_two
                0x0000000000012c88                platform_init_stage_three
                0x0000000000012c9b                platform_main_loop
                0x0000000000012d0e                Java_org_contikios_cooja_corecomm_Lib31_init
                0x0000000000012d45                Java_org_contikios_cooja_corecomm_Lib31_getMemory
                0x0000000000012d78                Java_org_contikios_cooja_corecomm_Lib31_setMemory
                0x0000000000012dd8                Java_org_contikios_cooja_corecomm_Lib31_tick
                0x0000000000012e40                Java_org_contikios_cooja_corecomm_Lib31_setReferenceAddress
 .text          0x0000000000012e53       0x65 build/cooja/mtype698.a(simEnvChange.o)
                0x0000000000012e53                doActionsBeforeTick
                0x0000000000012e85                doActionsAfterTick
 .text          0x0000000000012eb8       0x83 build/cooja/mtype698.a(cooja_mt.o)
                0x0000000000012eb8                cooja_mt_start
                0x0000000000012ee2                cooja_mt_exec
                0x0000000000012f18                cooja_mt_yield
 .text          0x0000000000012f3b       0xbe build/cooja/mtype698.a(cooja_mtarch.o)
                0x0000000000012f3b                cooja_mtarch_start
                0x0000000000012fae                cooja_sw
                0x0000000000012fd1                cooja_mtarch_exec
                0x0000000000012fee                cooja_mtarch_yield
 .text          0x0000000000012ff9       0xc5 build/cooja/mtype698.a(rtimer-arch.o)
                0x0000000000012ff9                rtimer_arch_init
                0x000000000001301d                rtimer_arch_schedule
                0x000000000001304d                rtimer_arch_next
                0x000000000001305d                rtimer_arch_pending
                0x0000000000013067                rtimer_arch_check
                0x00000000000130ae                rtimer_arch_now
 .text          0x00000000000130be       0x81 build/cooja/mtype698.a(beep.o)
                0x00000000000130be                beep_alarm
                0x00000000000130cb                beep_beep
                0x00000000000130d8                beep
                0x00000000000130e5                beep_down
                0x00000000000130f2                beep_on
                0x00000000000130ff                beep_off
                0x000000000001310c                beep_spinup
                0x0000000000013119                beep_quick
                0x0000000000013126                beep_long
 .text          0x000000000001313f       0x65 build/cooja/mtype698.a(leds-arch.o)
                0x0000000000013152                leds_arch_init
 .text          0x00000000000131a4       0x35 build/cooja/mtype698.a(moteid.o)
 .text          0x00000000000131d9       0xb7 build/cooja/mtype698.a(pir-sensor.o)
 .text          0x0000000000013290      0x148 build/cooja/mtype698.a(rs232.o)
                0x0000000000013290                rs232_init
                0x0000000000013296                rs232_set_speed
                0x00000000000132a5                rs232_set_input
                0x00000000000132b3                rs232_send
                0x00000000000132d7                rs232_print
                0x00000000000132f3                slip_arch_writeb
 .text          0x00000000000133d8       0xb7 build/cooja/mtype698.a(vib-sensor.o)
 .text          0x000000000001348f       0x38 build/cooja/mtype698.a(clock.o)
                0x000000000001348f                clock_init
                0x0000000000013495                clock_time
                0x000000000001349f                clock_seconds
                0x00000000000134b5                clock_delay
 .text          0x00000000000134c7      0x219 build/cooja/mtype698.a(cooja-log.o)
                0x00000000000134c7                simlog_char
                0x000000000001350a                simlog
                0x0000000000013580                log_message
                0x00000000000135b1                log_set_putchar_with_slip
                0x00000000000135bf                log_putchar
                0x000000000001363a                log_puts
                0x0000000000013662                log_printf
 .text          0x00000000000136e0      0x2b9 build/cooja/mtype698.a(cfs-cooja.o)
                0x00000000000136e0                cfs_open
                0x0000000000013749                cfs_close
                0x0000000000013756                cfs_read
                0x00000000000137eb                cfs_write
                0x00000000000138c7                cfs_seek
                0x000000000001394f                cfs_remove
                0x0000000000013973                cfs_opendir
                0x000000000001397d                cfs_readdir
                0x0000000000013987                cfs_closedir
 .text          0x0000000000013999      0x620 build/cooja/mtype698.a(cooja-radio.o)
                0x00000000000139db                radio_set_channel
                0x00000000000139e9                radio_set_txpower
                0x0000000000013a01                radio_signal_strength_last
                0x0000000000013a0b                radio_signal_strength_current
                0x0000000000013a15                radio_LQI
 .text          0x0000000000013fb9       0xee build/cooja/mtype698.a(eeprom.o)
                0x0000000000013fb9                eeprom_init
                0x0000000000013fbf                eeprom_read
                0x000000000001402d                eeprom_write
 .text          0x00000000000140a7       0x2d build/cooja/mtype698.a(random.o)
                0x00000000000140a7                random_init
                0x00000000000140c7                random_rand
 .text          0x00000000000140d4      0x29c build/cooja/mtype698.a(sensors.o)
                0x000000000001410f                sensors_first
                0x0000000000014119                sensors_next
                0x0000000000014133                sensors_changed
                0x0000000000014167                sensors_find
 .text          0x0000000000014370      0x349 build/cooja/mtype698.a(leds.o)
                0x0000000000014370                leds_init
                0x00000000000143b7                leds_single_on
                0x0000000000014416                leds_single_off
                0x0000000000014475                leds_single_toggle
                0x00000000000144a7                leds_on
                0x0000000000014529                leds_off
                0x00000000000145ab                leds_toggle
                0x0000000000014600                leds_set
                0x000000000001462c                leds_get
 .text          0x00000000000146b9      0x343 build/cooja/mtype698.a(gpio-hal-arch.o)
                0x00000000000146b9                gpio_hal_arch_register_pin_callback
                0x0000000000014725                gpio_hal_arch_init
                0x000000000001476a                gpio_hal_arch_no_port_interrupt_enable
                0x000000000001479a                gpio_hal_arch_no_port_interrupt_disable
                0x00000000000147ca                gpio_hal_arch_no_port_pin_cfg_set
                0x00000000000147ef                gpio_hal_arch_no_port_pin_cfg_get
                0x0000000000014815                gpio_hal_arch_no_port_pin_set_input
                0x0000000000014827                gpio_hal_arch_no_port_pin_set_output
                0x0000000000014839                gpio_hal_arch_no_port_set_pin
                0x000000000001485a                gpio_hal_arch_no_port_clear_pin
                0x000000000001487b                gpio_hal_arch_no_port_read_pin
                0x00000000000148a1                gpio_hal_arch_no_port_write_pin
                0x00000000000148cb                gpio_hal_arch_no_port_set_pins
                0x0000000000014912                gpio_hal_arch_no_port_clear_pins
                0x0000000000014959                gpio_hal_arch_no_port_read_pins
                0x000000000001499c                gpio_hal_arch_no_port_write_pins
 .text          0x00000000000149fc       0x89 build/cooja/mtype698.a(buttons.o)
 .text          0x0000000000014a85      0x445 build/cooja/mtype698.a(water_generator)
 .text          0x0000000000014eca      0x6ee build/cooja/mtype698.a(coap-observe-cl)
                0x0000000000014f68                coap_obs_add_observee
                0x0000000000015004                coap_obs_remove_observee
                0x0000000000015034                coap_get_obs_subject_by_token
                0x000000000001509c                coap_obs_remove_observee_by_token
                0x000000000001512f                coap_obs_remove_observee_by_url
                0x0000000000015287                coap_handle_notification
                0x00000000000153e2                coap_generate_token
                0x0000000000015404                coap_obs_request_registration
 .text          0x00000000000155b8      0x27b build/cooja/mtype698.a(coap-blocking-a)
                0x00000000000155b8                coap_blocking_request_callback
                0x00000000000155e2                coap_blocking_request
 .text          0x0000000000015833      0xc26 build/cooja/mtype698.a(coap-engine.o)
                0x00000000000158c8                coap_add_handler
                0x00000000000158e5                coap_remove_handler
                0x0000000000015902                coap_call_handlers
                0x0000000000015a0a                coap_receive
                0x0000000000016041                coap_engine_init
                0x000000000001609f                coap_activate_resource
                0x000000000001614a                coap_get_first_resource
                0x0000000000016163                coap_get_next_resource
 .text          0x0000000000016459      0x2d9 build/cooja/mtype698.a(coap-res-well-k)
 .text          0x0000000000016732      0x96a build/cooja/mtype698.a(coap-observe.o)
                0x0000000000016847                coap_remove_observer
                0x0000000000016877                coap_remove_observer_by_client
                0x00000000000168df                coap_remove_observer_by_token
                0x0000000000016972                coap_remove_observer_by_uri
                0x0000000000016a19                coap_remove_observer_by_mid
                0x0000000000016a95                coap_notify_observers
                0x0000000000016aae                coap_notify_observers_sub
                0x0000000000016f18                coap_observe_handler
                0x0000000000017033                coap_has_observers
 .text          0x000000000001709c      0x733 build/cooja/mtype698.a(coap-uip.o)
                0x000000000001709c                coap_endpoint_log
                0x0000000000017122                coap_endpoint_print
                0x00000000000171a8                coap_endpoint_snprint
                0x00000000000172db                coap_endpoint_copy
                0x0000000000017318                coap_endpoint_cmp
                0x0000000000017426                coap_endpoint_parse
                0x0000000000017611                coap_endpoint_is_secure
                0x0000000000017620                coap_endpoint_is_connected
                0x0000000000017654                coap_endpoint_connect
                0x0000000000017670                coap_endpoint_disconnect
                0x0000000000017676                coap_databuf
                0x0000000000017680                coap_transport_init
                0x00000000000176d0                coap_sendto
 .text          0x00000000000177cf      0x324 build/cooja/mtype698.a(coap-timer.o)
                0x00000000000178cc                coap_timer_stop
                0x00000000000178f7                coap_timer_set
                0x000000000001793a                coap_timer_reset
                0x000000000001797d                coap_timer_time_to_next_expiration
                0x00000000000179e9                coap_timer_run
                0x0000000000017ab5                coap_timer_init
 .text          0x0000000000017af3      0x2c6 build/cooja/mtype698.a(coap-transactio)
                0x0000000000017b59                coap_new_transaction
                0x0000000000017bbf                coap_send_transaction
                0x0000000000017d20                coap_clear_transaction
                0x0000000000017d68                coap_get_transaction_by_mid
 .text          0x0000000000017db9     0x1c53 build/cooja/mtype698.a(coap.o)
                0x0000000000018326                coap_init_connection
                0x000000000001833a                coap_get_mid
                0x0000000000018356                coap_init_message
                0x000000000001839f                coap_serialize_message
                0x0000000000018a21                coap_parse_message
                0x0000000000019088                coap_get_query_variable
                0x00000000000190ca                coap_get_post_variable
                0x000000000001910e                coap_set_status_code
                0x0000000000019133                coap_set_token
                0x000000000001917a                coap_get_header_content_format
                0x00000000000191ab                coap_set_header_content_format
                0x00000000000191ce                coap_get_header_accept
                0x00000000000191ff                coap_set_header_accept
                0x0000000000019222                coap_get_header_max_age
                0x0000000000019253                coap_set_header_max_age
                0x0000000000019273                coap_get_header_etag
                0x00000000000192a5                coap_set_header_etag
                0x00000000000192fc                coap_get_header_if_match
                0x000000000001932e                coap_set_header_if_match
                0x0000000000019385                coap_get_header_if_none_match
                0x000000000001939f                coap_set_header_if_none_match
                0x00000000000193b6                coap_get_header_proxy_uri
                0x00000000000193e4                coap_set_header_proxy_uri
                0x0000000000019421                coap_get_header_uri_host
                0x000000000001944f                coap_set_header_uri_host
                0x000000000001948c                coap_get_header_uri_path
                0x00000000000194ba                coap_set_header_uri_path
                0x0000000000019507                coap_get_header_uri_query
                0x000000000001953b                coap_set_header_uri_query
                0x0000000000019591                coap_get_header_location_path
                0x00000000000195bf                coap_set_header_location_path
                0x0000000000019658                coap_get_header_location_query
                0x0000000000019686                coap_set_header_location_query
                0x00000000000196d3                coap_get_header_observe
                0x0000000000019702                coap_set_header_observe
                0x0000000000019722                coap_get_header_block2
                0x000000000001978e                coap_set_header_block2
                0x0000000000019805                coap_get_header_block1
                0x000000000001987a                coap_set_header_block1
                0x00000000000198f5                coap_get_header_size2
                0x0000000000019925                coap_set_header_size2
                0x0000000000019948                coap_get_header_size1
                0x0000000000019978                coap_set_header_size1
                0x000000000001999b                coap_get_payload
                0x00000000000199d5                coap_set_payload
 .text          0x0000000000019a0c      0x332 build/cooja/mtype698.a(contiki-main.o)
                0x0000000000019a0c                main
 .text          0x0000000000019d3e       0x92 build/cooja/mtype698.a(autostart.o)
                0x0000000000019d3e                autostart_start
                0x0000000000019d88                autostart_exit
 .text          0x0000000000019dd0      0x355 build/cooja/mtype698.a(ctimer.o)
                0x0000000000019ef8                ctimer_init
                0x0000000000019f2b                ctimer_set
                0x0000000000019f51                ctimer_set_with_process
                0x0000000000019fce                ctimer_reset
                0x000000000001a022                ctimer_restart
                0x000000000001a076                ctimer_stop
                0x000000000001a0c6                ctimer_expired
 .text          0x000000000001a125      0x394 build/cooja/mtype698.a(log.o)
                0x000000000001a125                log_6addr
                0x000000000001a178                log_6addr_compact_snprint
                0x000000000001a216                log_6addr_compact
                0x000000000001a269                log_lladdr
                0x000000000001a2db                log_lladdr_compact
                0x000000000001a343                log_set_level
                0x000000000001a3fe                log_get_level
                0x000000000001a477                log_level_to_str
 .text          0x000000000001a4b9       0x1b build/cooja/mtype698.a(energest.o)
                0x000000000001a4b9                energest_init
                0x000000000001a4bf                energest_flush
                0x000000000001a4c5                energest_get_total_time
 .text          0x000000000001a4d4      0x43f build/cooja/mtype698.a(etimer.o)
                0x000000000001a6f8                etimer_request_poll
                0x000000000001a781                etimer_set
                0x000000000001a7aa                etimer_reset_with_new_interval
                0x000000000001a7d9                etimer_reset
                0x000000000001a7ff                etimer_restart
                0x000000000001a825                etimer_adjust
                0x000000000001a842                etimer_expired
                0x000000000001a855                etimer_expiration_time
                0x000000000001a867                etimer_start_time
                0x000000000001a871                etimer_pending
                0x000000000001a883                etimer_next_expiration_time
                0x000000000001a89d                etimer_stop
 .text          0x000000000001a913       0x25 build/cooja/mtype698.a(node-id.o)
                0x000000000001a913                node_id_init
 .text          0x000000000001a938       0xeb build/cooja/mtype698.a(rtimer.o)
                0x000000000001a938                rtimer_init
                0x000000000001a946                rtimer_set
                0x000000000001a9c1                rtimer_run_next
 .text          0x000000000001aa23      0x4fb build/cooja/mtype698.a(process.o)
                0x000000000001aa23                process_alloc_event
                0x000000000001aa38                process_start
                0x000000000001ac12                process_exit
                0x000000000001ac2f                process_init
                0x000000000001adc4                process_run
                0x000000000001adf7                process_nevents
                0x000000000001ae12                process_post
                0x000000000001aea5                process_post_synch
                0x000000000001aeda                process_poll
                0x000000000001af0a                process_is_running
 .text          0x000000000001af1e       0xb1 build/cooja/mtype698.a(timer.o)
                0x000000000001af1e                timer_set
                0x000000000001af3c                timer_reset
                0x000000000001af69                timer_restart
                0x000000000001af7e                timer_expired
                0x000000000001afab                timer_remaining
 .text          0x000000000001afcf      0x28f build/cooja/mtype698.a(list.o)
                0x000000000001afcf                list_init
                0x000000000001afde                list_head
                0x000000000001afe8                list_copy
                0x000000000001aff8                list_tail
                0x000000000001b02e                list_add
                0x000000000001b07a                list_push
                0x000000000001b0a6                list_chop
                0x000000000001b110                list_pop
                0x000000000001b138                list_remove
                0x000000000001b1a0                list_length
                0x000000000001b1ce                list_insert
                0x000000000001b213                list_item_next
                0x000000000001b22a                list_contains
 .text          0x000000000001b25e      0x1b5 build/cooja/mtype698.a(memb.o)
                0x000000000001b25e                memb_init
                0x000000000001b2b3                memb_alloc
                0x000000000001b316                memb_free
                0x000000000001b38d                memb_inmemb
                0x000000000001b3cc                memb_numfree
 .text          0x000000000001b413      0x41c build/cooja/mtype698.a(button-hal.o)
                0x000000000001b58c                button_hal_get_by_id
                0x000000000001b5ca                button_hal_get_by_index
                0x000000000001b5f6                button_hal_get_state
                0x000000000001b648                button_hal_init
 .text          0x000000000001b82f      0x1f3 build/cooja/mtype698.a(serial-line.o)
                0x000000000001b82f                serial_line_input_byte
                0x000000000001b9ed                serial_line_init
 .text          0x000000000001ba22      0x168 build/cooja/mtype698.a(gpio-hal.o)
                0x000000000001ba22                gpio_hal_register_handler
                0x000000000001ba3f                gpio_hal_event_handler
                0x000000000001ba9b                gpio_hal_init
                0x000000000001baba                gpio_hal_arch_port_toggle_pin
                0x000000000001baf6                gpio_hal_arch_port_toggle_pins
                0x000000000001bb24                gpio_hal_arch_no_port_toggle_pin
                0x000000000001bb62                gpio_hal_arch_no_port_toggle_pins
 .text          0x000000000001bb8a      0x2e7 build/cooja/mtype698.a(queuebuf.o)
                0x000000000001bb94                queuebuf_init
                0x000000000001bbbd                queuebuf_numfree
                0x000000000001bbd5                queuebuf_new_from_packetbuf
                0x000000000001bc74                queuebuf_update_attr_from_packetbuf
                0x000000000001bca9                queuebuf_update_from_packetbuf
                0x000000000001bcf9                queuebuf_free
                0x000000000001bd42                queuebuf_to_packetbuf
                0x000000000001bdae                queuebuf_dataptr
                0x000000000001bde8                queuebuf_datalen
                0x000000000001be0b                queuebuf_addr
                0x000000000001be40                queuebuf_attr
                0x000000000001be6b                queuebuf_debug_print
 .text          0x000000000001be71      0x407 build/cooja/mtype698.a(packetbuf.o)
                0x000000000001be71                packetbuf_clear
                0x000000000001be9c                packetbuf_copyfrom
                0x000000000001beeb                packetbuf_copyto
                0x000000000001bf7e                packetbuf_hdralloc
                0x000000000001bffa                packetbuf_hdrreduce
                0x000000000001c040                packetbuf_set_datalen
                0x000000000001c05a                packetbuf_dataptr
                0x000000000001c077                packetbuf_hdrptr
                0x000000000001c081                packetbuf_datalen
                0x000000000001c08d                packetbuf_hdrlen
                0x000000000001c0a4                packetbuf_totlen
                0x000000000001c0ba                packetbuf_remaininglen
                0x000000000001c0cd                packetbuf_attr_clear
                0x000000000001c119                packetbuf_attr_copyto
                0x000000000001c171                packetbuf_attr_copyfrom
                0x000000000001c1c9                packetbuf_set_attr
                0x000000000001c1f3                packetbuf_attr
                0x000000000001c20d                packetbuf_set_addr
                0x000000000001c23e                packetbuf_addr
                0x000000000001c25b                packetbuf_holds_broadcast
 .text          0x000000000001c278       0xef build/cooja/mtype698.a(netstack.o)
                0x000000000001c278                netstack_process_ip_callback
                0x000000000001c309                netstack_ip_packet_processor_add
                0x000000000001c32c                uip_ds6_ip_packet_processor_rm
                0x000000000001c349                netstack_init
 .text          0x000000000001c367       0x4f build/cooja/mtype698.a(linkaddr.o)
                0x000000000001c367                linkaddr_copy
                0x000000000001c37d                linkaddr_cmp
                0x000000000001c3a0                linkaddr_set_node_addr
 .text          0x000000000001c3b6      0x1f6 build/cooja/mtype698.a(csma.o)
 .text          0x000000000001c5ac      0x95d build/cooja/mtype698.a(csma-output.o)
                0x000000000001cc43                csma_output_packet
                0x000000000001ced0                csma_output_init
 .text          0x000000000001cf09      0xc11 build/cooja/mtype698.a(uip-ds6.o)
                0x000000000001cf09                uip_ds6_default_prefix
                0x000000000001cf13                uip_ds6_set_default_prefix
                0x000000000001cf3e                uip_ds6_init
                0x000000000001d1a0                uip_ds6_periodic
                0x000000000001d227                uip_ds6_list_loop
                0x000000000001d2e7                uip_ds6_prefix_add
                0x000000000001d393                uip_ds6_prefix_rm
                0x000000000001d3a6                uip_ds6_prefix_lookup
                0x000000000001d3e5                uip_ds6_is_addr_onlink
                0x000000000001d458                uip_ds6_addr_add
                0x000000000001d578                uip_ds6_addr_rm
                0x000000000001d621                uip_ds6_addr_lookup
                0x000000000001d65a                uip_ds6_get_link_local
                0x000000000001d6db                uip_ds6_get_global
                0x000000000001d75c                uip_ds6_maddr_add
                0x000000000001d7bc                uip_ds6_maddr_rm
                0x000000000001d7cf                uip_ds6_maddr_lookup
                0x000000000001d808                uip_ds6_aaddr_add
                0x000000000001d868                uip_ds6_aaddr_rm
                0x000000000001d87b                uip_ds6_aaddr_lookup
                0x000000000001d8b4                uip_ds6_select_src
                0x000000000001d9fd                uip_ds6_set_addr_iid
                0x000000000001da28                uip_ds6_set_lladdr_from_iid
                0x000000000001da51                get_match_length
                0x000000000001dae2                uip_ds6_compute_reachable_time
 .text          0x000000000001db1a      0x128 build/cooja/mtype698.a(uip-udp-packet.)
                0x000000000001db1a                uip_udp_packet_send
                0x000000000001db75                uip_udp_packet_sendto
 .text          0x000000000001dc42      0x35b build/cooja/mtype698.a(uip-ds6-route.o)
                0x000000000001dc93                uip_ds6_route_init
                0x000000000001dcbd                uip_ds6_route_nexthop
                0x000000000001dcc7                uip_ds6_route_head
                0x000000000001dcd1                uip_ds6_route_next
                0x000000000001dcdb                uip_ds6_route_is_nexthop
                0x000000000001dce5                uip_ds6_route_num_routes
                0x000000000001dcef                uip_ds6_route_lookup
                0x000000000001dcf9                uip_ds6_route_add
                0x000000000001dd0c                uip_ds6_route_rm
                0x000000000001dd12                uip_ds6_route_rm_by_nexthop
                0x000000000001dd18                uip_ds6_defrt_head
                0x000000000001dd31                uip_ds6_defrt_add
                0x000000000001dddf                uip_ds6_defrt_rm
                0x000000000001de45                uip_ds6_defrt_lookup
                0x000000000001deac                uip_ds6_defrt_choose
                0x000000000001df22                uip_ds6_defrt_periodic
 .text          0x000000000001df9d      0x6f7 build/cooja/mtype698.a(tcpip.o)
                0x000000000001dfb7                tcpip_output
                0x000000000001e036                udp_attach
                0x000000000001e04e                udp_new
                0x000000000001e098                udp_broadcast_new
                0x000000000001e20a                tcpip_input
                0x000000000001e39a                tcpip_ipv6_output
                0x000000000001e58e                tcpip_poll_udp
                0x000000000001e5ac                tcpip_uipcall
 .text          0x000000000001e694     0x1205 build/cooja/mtype698.a(uip6.o)
                0x000000000001e743                uip_chksum
                0x000000000001e81a                uip_icmp6chksum
                0x000000000001e82f                uip_udpchksum
                0x000000000001e844                uip_init
                0x000000000001e88d                uip_remove_ext_hdr
                0x000000000001e967                uip_udp_new
                0x000000000001ec7b                uip_process
                0x000000000001f773                uip_htons
                0x000000000001f795                uip_htonl
                0x000000000001f7d3                uip_send
 .text          0x000000000001f899      0x369 build/cooja/mtype698.a(uip-ds6-nbr.o)
                0x000000000001f899                uip_ds6_neighbors_init
                0x000000000001f8bd                uip_ds6_nbr_add
                0x000000000001f943                uip_ds6_nbr_rm
                0x000000000001f98e                uip_ds6_nbr_update_ll
                0x000000000001fa7c                uip_ds6_nbr_get_ipaddr
                0x000000000001fa91                uip_ds6_nbr_get_ll
                0x000000000001faad                uip_ds6_nbr_num
                0x000000000001faf6                uip_ds6_nbr_head
                0x000000000001fb0f                uip_ds6_nbr_next
                0x000000000001fb2b                uip_ds6_nbr_lookup
                0x000000000001fb83                uip_ds6_nbr_ll_lookup
                0x000000000001fb9f                uip_ds6_nbr_ipaddr_from_lladdr
                0x000000000001fbc8                uip_ds6_nbr_lladdr_from_ipaddr
                0x000000000001fbfc                uip_ds6_link_callback
 .text          0x000000000001fc02      0x6a7 build/cooja/mtype698.a(uip-nd6.o)
                0x0000000000020290                uip_nd6_init
 .text          0x00000000000202a9     0x2c17 build/cooja/mtype698.a(sicslowpan.o)
                0x00000000000208b0                netstack_sniffer_add
                0x00000000000208be                netstack_sniffer_remove
                0x0000000000022e94                sicslowpan_init
                0x0000000000022eb6                sicslowpan_get_last_rssi
 .text          0x0000000000022ec0      0x4d1 build/cooja/mtype698.a(uiplib.o)
                0x0000000000022ec0                uiplib_ip6addrconv
                0x0000000000023078                uiplib_ip4addrconv
                0x000000000002313b                uiplib_ipaddr_print
                0x000000000002318e                uiplib_ipaddr_snprint
 .text          0x0000000000023391      0x4c9 build/cooja/mtype698.a(rpl.o)
                0x0000000000023391                rpl_lollipop_greater_than
                0x00000000000233eb                rpl_get_global_address
                0x00000000000234e3                rpl_link_callback
                0x0000000000023527                rpl_has_joined
                0x000000000002354c                rpl_is_reachable
                0x00000000000235cd                rpl_reset_prefix
                0x0000000000023637                rpl_set_prefix_from_addr
                0x000000000002371c                rpl_set_prefix
                0x0000000000023836                rpl_set_leaf_only
                0x000000000002384e                rpl_get_leaf_only
 .text          0x000000000002385a     0x138c build/cooja/mtype698.a(rpl-icmp6.o)
                0x000000000002397f                rpl_icmp6_update_nbr_table
                0x0000000000023a08                rpl_icmp6_dis_output
                0x000000000002404e                rpl_icmp6_dio_output
                0x000000000002484c                rpl_icmp6_dao_output
                0x0000000000024b2d                rpl_icmp6_dao_ack_output
                0x0000000000024b9d                rpl_icmp6_init
 .text          0x0000000000024be6      0x264 build/cooja/mtype698.a(rpl-dag-root.o)
                0x0000000000024be6                rpl_dag_root_print_links
                0x0000000000024d12                rpl_dag_root_set_prefix
                0x0000000000024d3e                rpl_dag_root_start
                0x0000000000024e1b                rpl_dag_root_is_root
 .text          0x0000000000024e4a       0x30 build/cooja/mtype698.a(watchdog.o)
                0x0000000000024e4a                watchdog_init
                0x0000000000024e50                watchdog_start
                0x0000000000024e56                watchdog_periodic
                0x0000000000024e6e                watchdog_stop
                0x0000000000024e74                watchdog_reboot
 .text          0x0000000000024e7a       0x4a build/cooja/mtype698.a(int-master.o)
                0x0000000000024e7a                int_master_enable
                0x0000000000024e8a                int_master_read_and_disable
                0x0000000000024ea7                int_master_status_set
                0x0000000000024eb5                int_master_is_enabled
 .text          0x0000000000024ec4      0x226 build/cooja/mtype698.a(coap-timer-defa)
 .text          0x00000000000250ea       0xc7 build/cooja/mtype698.a(stimer.o)
                0x00000000000250ea                stimer_set
                0x0000000000025108                stimer_reset
                0x0000000000025135                stimer_restart
                0x000000000002514a                stimer_expired
                0x0000000000025175                stimer_remaining
                0x0000000000025199                stimer_elapsed
 .text          0x00000000000251b1      0x156 build/cooja/mtype698.a(ringbuf.o)
                0x00000000000251b1                ringbuf_init
                0x00000000000251e3                ringbuf_put
                0x0000000000025261                ringbuf_get
                0x00000000000252ce                ringbuf_size
                0x00000000000252e0                ringbuf_elements
 .text          0x0000000000025307       0x1f build/cooja/mtype698.a(assert.o)
                0x0000000000025307                _xassert
 .text          0x0000000000025326      0x79b build/cooja/mtype698.a(nbr-table.o)
                0x000000000002579f                nbr_table_register
                0x000000000002580c                nbr_table_is_registered
                0x0000000000025847                nbr_table_head
                0x00000000000258a2                nbr_table_next
                0x0000000000025903                nbr_table_add_lladdr
                0x00000000000259dd                nbr_table_get_from_lladdr
                0x0000000000025a29                nbr_table_remove
                0x0000000000025a61                nbr_table_lock
                0x0000000000025a7b                nbr_table_unlock
                0x0000000000025a95                nbr_table_get_lladdr
 .text          0x0000000000025ac1      0x3a5 build/cooja/mtype698.a(link-stats.o)
                0x0000000000025ac1                link_stats_from_lladdr
                0x0000000000025add                link_stats_get_lladdr
                0x0000000000025af9                link_stats_is_fresh
                0x0000000000025b35                guess_etx_from_rssi
                0x0000000000025bb1                link_stats_packet_sent
                0x0000000000025cd1                link_stats_input_callback
                0x0000000000025de1                link_stats_reset
                0x0000000000025e31                link_stats_init
 .text          0x0000000000025e66      0x187 build/cooja/mtype698.a(mac-sequence.o)
                0x0000000000025e66                mac_sequence_is_duplicate
                0x0000000000025f06                mac_sequence_register_seqno
 .text          0x0000000000025fed       0x23 build/cooja/mtype698.a(mac.o)
                0x0000000000025fed                mac_call_sent_callback
 .text          0x0000000000026010      0x432 build/cooja/mtype698.a(framer-802154.o)
                0x000000000002619f                framer_802154_setup_params
 .text          0x0000000000026442      0xb6f build/cooja/mtype698.a(frame802154.o)
                0x0000000000026473                frame802154_get_pan_id
                0x000000000002647f                frame802154_set_pan_id
                0x0000000000026499                frame802154_has_panid
                0x0000000000026648                frame802154_check_dest_panid
                0x00000000000266d0                frame802154_is_broadcast_addr
                0x000000000002671d                frame802154_extract_linkaddr
                0x0000000000026982                frame802154_hdrlen
                0x00000000000269f5                frame802154_create_fcf
                0x0000000000026aad                frame802154_create
                0x0000000000026c22                frame802154_parse_fcf
                0x0000000000026d04                frame802154_parse
 .text          0x0000000000026fb1       0x2d build/cooja/mtype698.a(csma-security.o)
                0x0000000000026fb1                csma_security_create_frame
                0x0000000000026fcf                csma_security_parse_frame
 .text          0x0000000000026fde      0x4e4 build/cooja/mtype698.a(uipbuf.o)
                0x0000000000026fde                uipbuf_clear
                0x0000000000027005                uipbuf_add_ext_hdr
                0x0000000000027085                uipbuf_set_len
                0x00000000000270b2                uipbuf_set_len_field
                0x00000000000270de                uipbuf_get_len_field
                0x00000000000270fe                uipbuf_get_next_header
                0x0000000000027230                uipbuf_get_last_header
                0x00000000000272a9                uipbuf_search_header
                0x000000000002735f                uipbuf_get_attr
                0x0000000000027386                uipbuf_set_attr
                0x00000000000273bd                uipbuf_set_default_attr
                0x00000000000273f4                uipbuf_clear_attr
                0x0000000000027418                uipbuf_set_attr_flag
                0x0000000000027439                uipbuf_clr_attr_flag
                0x0000000000027460                uipbuf_is_attr_flag
                0x0000000000027484                uipbuf_init
 .text          0x00000000000274c2      0x73f build/cooja/mtype698.a(uip-icmp6.o)
                0x0000000000027537                uip_icmp6_input
                0x000000000002758e                uip_icmp6_register_input_handler
                0x00000000000276e1                uip_icmp6_error_output
                0x0000000000027992                uip_icmp6_send
                0x0000000000027b89                uip_icmp6_echo_reply_callback_add
                0x0000000000027bbb                uip_icmp6_echo_reply_callback_rm
                0x0000000000027bd8                uip_icmp6_init
 .text          0x0000000000027c01      0x69b build/cooja/mtype698.a(uip-sr.o)
                0x0000000000027c01                uip_sr_num_nodes
                0x0000000000027c8f                uip_sr_get_node
                0x0000000000027ce6                uip_sr_is_addr_reachable
                0x0000000000027d94                uip_sr_expire_parent
                0x0000000000027ddd                uip_sr_update_node
                0x0000000000027f0d                uip_sr_init
                0x0000000000027f41                uip_sr_node_head
                0x0000000000027f5a                uip_sr_node_next
                0x0000000000027f70                uip_sr_periodic
                0x0000000000028076                uip_sr_free_all
                0x00000000000280e6                uip_sr_link_snprint
 .text          0x000000000002829c      0x146 build/cooja/mtype698.a(uip-packetqueue)
                0x00000000000282ca                uip_packetqueue_new
                0x00000000000282d9                uip_packetqueue_alloc
                0x0000000000028334                uip_packetqueue_free
                0x000000000002837b                uip_packetqueue_buf
                0x0000000000028398                uip_packetqueue_buflen
                0x00000000000283b9                uip_packetqueue_set_buflen
 .text          0x00000000000283e2      0x1b0 build/cooja/mtype698.a(rpl-nbr-policy.)
                0x000000000002854f                rpl_nbr_policy_find_removable
 .text          0x0000000000028592      0x915 build/cooja/mtype698.a(rpl-neighbor.o)
                0x000000000002860e                rpl_neighbor_snprint
                0x00000000000288c1                rpl_neighbor_print_list
                0x0000000000028976                rpl_neighbor_count
                0x0000000000028a1d                rpl_neighbor_get_from_lladdr
                0x0000000000028a39                rpl_neighbor_is_acceptable_parent
                0x0000000000028a6d                rpl_neighbor_get_link_metric
                0x0000000000028aa1                rpl_neighbor_rank_via_nbr
                0x0000000000028ad5                rpl_neighbor_get_lladdr
                0x0000000000028af1                rpl_neighbor_get_ipaddr
                0x0000000000028b18                rpl_neighbor_get_link_stats
                0x0000000000028b3f                rpl_neighbor_is_fresh
                0x0000000000028b66                rpl_neighbor_is_reachable
                0x0000000000028bb1                rpl_neighbor_is_parent
                0x0000000000028bdb                rpl_neighbor_set_preferred_parent
                0x0000000000028c72                rpl_neighbor_remove_all
                0x0000000000028cce                rpl_neighbor_get_from_ipaddr
                0x0000000000028ddc                rpl_neighbor_select_best
                0x0000000000028e88                rpl_neighbor_init
 .text          0x0000000000028ea7      0xe69 build/cooja/mtype698.a(rpl-dag.o)
                0x0000000000028ea7                rpl_dag_state_to_str
                0x0000000000028ee6                rpl_dag_get_root_ipaddr
                0x0000000000028f2e                rpl_dag_leave
                0x0000000000028fb7                rpl_dag_poison_and_leave
                0x0000000000028fcf                rpl_dag_periodic
                0x0000000000029057                rpl_is_addr_in_our_dag
                0x000000000002909b                rpl_get_default_instance
                0x00000000000290b7                rpl_get_any_dag
                0x0000000000029110                rpl_refresh_routes
                0x0000000000029150                rpl_global_repair
                0x00000000000291e9                rpl_local_repair
                0x0000000000029233                rpl_dag_ready_to_advertise
                0x0000000000029276                rpl_dag_update_state
                0x00000000000299a3                rpl_process_dio
                0x0000000000029a21                rpl_process_dis
                0x0000000000029a66                rpl_process_dao
                0x0000000000029af5                rpl_process_dao_ack
                0x0000000000029b8c                rpl_process_hbh
                0x0000000000029bdc                rpl_dag_init_root
                0x0000000000029cf0                rpl_dag_init
 .text          0x0000000000029d10      0x9e7 build/cooja/mtype698.a(rpl-timers.o)
                0x0000000000029d10                rpl_timers_schedule_periodic_dis
                0x0000000000029e5e                rpl_timers_dio_reset
                0x0000000000029f6c                rpl_timers_schedule_unicast_dio
                0x000000000002a0c0                rpl_timers_schedule_dao
                0x000000000002a17f                rpl_timers_schedule_dao_ack
                0x000000000002a205                rpl_timers_notify_dao_ack
                0x000000000002a263                get_probing_delay
                0x000000000002a297                get_probing_target
                0x000000000002a481                rpl_schedule_probing
                0x000000000002a4af                rpl_schedule_probing_now
                0x000000000002a519                rpl_timers_unschedule_leaving
                0x000000000002a551                rpl_timers_schedule_leaving
                0x000000000002a592                rpl_timers_init
                0x000000000002a622                rpl_timers_stop_dag_timers
                0x000000000002a69b                rpl_timers_unschedule_state_update
                0x000000000002a6bf                rpl_timers_schedule_state_update
 .text          0x000000000002a6f7      0xb8e build/cooja/mtype698.a(rpl-ext-header.)
                0x000000000002a6f7                rpl_ext_header_srh_get_next_hop
                0x000000000002a7de                rpl_ext_header_srh_update
                0x000000000002ad4a                rpl_ext_header_hbh_update
                0x000000000002b04a                rpl_ext_header_update
                0x000000000002b0d3                rpl_ext_header_remove
 .text          0x000000000002b285      0x31b build/cooja/mtype698.a(rpl-mrhof.o)
 .text          0x000000000002b5a0      0x122 /usr/lib/gcc/i686-linux-gnu/5/libgcc.a(_udivdi3.o)
                0x000000000002b5a0                __udivdi3
 .text          0x000000000002b6c2        0x0 /usr/lib/gcc/i686-linux-gnu/5/crtendS.o
 .text          0x000000000002b6c2        0x0 /usr/lib/gcc/i686-linux-gnu/5/../../../i386-linux-gnu/crtn.o
 *(.gnu.warning)

.fini           0x000000000002b6c4       0x14
 *(SORT(.fini))
 .fini          0x000000000002b6c4        0xf /usr/lib/gcc/i686-linux-gnu/5/../../../i386-linux-gnu/crti.o
                0x000000000002b6c4                _fini
 .fini          0x000000000002b6d3        0x5 /usr/lib/gcc/i686-linux-gnu/5/../../../i386-linux-gnu/crtn.o
                [!provide]                        PROVIDE (__etext, .)
                [!provide]                        PROVIDE (_etext, .)
                [!provide]                        PROVIDE (etext, .)

.rodata         0x000000000002b6e0      0xd6b
 *(.rodata .rodata.* .gnu.linkonce.r.*)
 .rodata        0x000000000002b6e0      0x2bf water_actuator.o
                0x000000000002b7f0                autostart_processes
 *fill*         0x000000000002b99f        0x1 
 .rodata        0x000000000002b9a0        0x8 build/cooja/mtype698.a(beep.o)
                0x000000000002b9a0                beep_interface
 .rodata        0x000000000002b9a8        0xe build/cooja/mtype698.a(leds-arch.o)
                0x000000000002b9a8                leds_interface
                0x000000000002b9b0                leds_arch_leds
 *fill*         0x000000000002b9b6        0x2 
 .rodata        0x000000000002b9b8        0x8 build/cooja/mtype698.a(moteid.o)
                0x000000000002b9b8                moteid_interface
 .rodata        0x000000000002b9c0       0x1c build/cooja/mtype698.a(pir-sensor.o)
                0x000000000002b9c0                pir_interface
                0x000000000002b9cc                pir_sensor
 .rodata        0x000000000002b9dc        0xe build/cooja/mtype698.a(rs232.o)
                0x000000000002b9dc                rs232_interface
 *fill*         0x000000000002b9ea        0x2 
 .rodata        0x000000000002b9ec       0x24 build/cooja/mtype698.a(vib-sensor.o)
                0x000000000002b9ec                vib_interface
                0x000000000002ba00                vib_sensor
 .rodata        0x000000000002ba10        0x8 build/cooja/mtype698.a(clock.o)
                0x000000000002ba10                clock_interface
 .rodata        0x000000000002ba18        0x8 build/cooja/mtype698.a(cooja-log.o)
                0x000000000002ba18                simlog_interface
 .rodata        0x000000000002ba20       0x2f build/cooja/mtype698.a(cfs-cooja.o)
                0x000000000002ba20                cfs_interface
 *fill*         0x000000000002ba4f       0x11 
 .rodata        0x000000000002ba60       0xb8 build/cooja/mtype698.a(cooja-radio.o)
                0x000000000002ba60                radio_interface
                0x000000000002bae0                cooja_radio_driver
 .rodata        0x000000000002bb18        0x8 build/cooja/mtype698.a(eeprom.o)
                0x000000000002bb18                eeprom_interface
 .rodata        0x000000000002bb20        0x8 build/cooja/mtype698.a(sensors.o)
 .rodata        0x000000000002bb28       0x2c build/cooja/mtype698.a(buttons.o)
                0x000000000002bb28                button_interface
                0x000000000002bb3c                button_hal_button_count
                0x000000000002bb44                button_sensor
 *fill*         0x000000000002bb54        0x4 
 .rodata        0x000000000002bb58      0x140 build/cooja/mtype698.a(water_generator)
 .rodata        0x000000000002bc98       0x41 build/cooja/mtype698.a(coap-engine.o)
 .rodata        0x000000000002bcd9       0x19 build/cooja/mtype698.a(coap-res-well-k)
 .rodata        0x000000000002bcf2       0x11 build/cooja/mtype698.a(coap-observe.o)
 .rodata        0x000000000002bd03       0x35 build/cooja/mtype698.a(coap-uip.o)
 .rodata        0x000000000002bd38      0x1ac build/cooja/mtype698.a(coap.o)
 .rodata        0x000000000002bee4       0xf8 build/cooja/mtype698.a(contiki-main.o)
 .rodata        0x000000000002bfdc        0xf build/cooja/mtype698.a(ctimer.o)
 *fill*         0x000000000002bfeb        0x1 
 .rodata        0x000000000002bfec       0xc4 build/cooja/mtype698.a(log.o)
 .rodata        0x000000000002c0b0        0xc build/cooja/mtype698.a(etimer.o)
 .rodata        0x000000000002c0bc       0x13 build/cooja/mtype698.a(button-hal.o)
 .rodata        0x000000000002c0cf        0xe build/cooja/mtype698.a(serial-line.o)
 *fill*         0x000000000002c0dd        0x3 
 .rodata        0x000000000002c0e0        0x8 build/cooja/mtype698.a(linkaddr.o)
                0x000000000002c0e0                linkaddr_null
 .rodata        0x000000000002c0e8       0x24 build/cooja/mtype698.a(csma.o)
                0x000000000002c0f0                csma_driver
 .rodata        0x000000000002c10c       0x24 build/cooja/mtype698.a(csma-output.o)
 .rodata        0x000000000002c130       0x4d build/cooja/mtype698.a(uip-ds6-route.o)
 .rodata        0x000000000002c17d        0xd build/cooja/mtype698.a(tcpip.o)
 *fill*         0x000000000002c18a        0x2 
 .rodata        0x000000000002c18c       0x30 build/cooja/mtype698.a(sicslowpan.o)
                0x000000000002c18c                unc_llconf
                0x000000000002c190                unc_ctxconf
                0x000000000002c194                unc_mxconf
                0x000000000002c198                llprefix
                0x000000000002c1ac                sicslowpan_driver
 .rodata        0x000000000002c1bc       0x2d build/cooja/mtype698.a(uiplib.o)
 *fill*         0x000000000002c1e9       0x17 
 .rodata        0x000000000002c200       0x74 build/cooja/mtype698.a(rpl.o)
                0x000000000002c220                rpl_lite_driver
 .rodata        0x000000000002c274       0x20 build/cooja/mtype698.a(coap-timer-defa)
                0x000000000002c288                coap_timer_default_driver
 .rodata        0x000000000002c294       0x25 build/cooja/mtype698.a(assert.o)
 *fill*         0x000000000002c2b9        0x3 
 .rodata        0x000000000002c2bc        0xc build/cooja/mtype698.a(framer-802154.o)
                0x000000000002c2bc                framer_802154
 .rodata        0x000000000002c2c8       0x44 build/cooja/mtype698.a(uip-sr.o)
 .rodata        0x000000000002c30c       0x58 build/cooja/mtype698.a(rpl-neighbor.o)
 .rodata        0x000000000002c364       0xdb build/cooja/mtype698.a(rpl-dag.o)
 .rodata        0x000000000002c43f        0xc build/cooja/mtype698.a(rpl-timers.o)

.rodata1
 *(.rodata1)

.eh_frame_hdr   0x000000000002c44c     0x1a74
 *(.eh_frame_hdr)
 .eh_frame_hdr  0x000000000002c44c     0x1a74 water_actuator.o
                0x000000000002c44c                __GNU_EH_FRAME_HDR
 *(.eh_frame_entry .eh_frame_entry.*)

.eh_frame       0x000000000002dec0     0x6b54
 *(.eh_frame)
 .eh_frame      0x000000000002dec0       0x3c /usr/lib/gcc/i686-linux-gnu/5/../../../i386-linux-gnu/crti.o
                                         0x40 (size before relaxing)
 .eh_frame      0x000000000002defc       0xe8 water_actuator.o
                                        0x100 (size before relaxing)
 .eh_frame      0x000000000002dfe4      0x178 build/cooja/mtype698.o
                                        0x190 (size before relaxing)
 .eh_frame      0x000000000002e15c       0x40 build/cooja/mtype698.a(simEnvChange.o)
                                         0x58 (size before relaxing)
 .eh_frame      0x000000000002e19c       0x60 build/cooja/mtype698.a(cooja_mt.o)
                                         0x78 (size before relaxing)
 .eh_frame      0x000000000002e1fc       0x80 build/cooja/mtype698.a(cooja_mtarch.o)
                                         0x98 (size before relaxing)
 .eh_frame      0x000000000002e27c       0xc8 build/cooja/mtype698.a(rtimer-arch.o)
                                         0xe0 (size before relaxing)
 .eh_frame      0x000000000002e344      0x160 build/cooja/mtype698.a(beep.o)
                                        0x178 (size before relaxing)
 .eh_frame      0x000000000002e4a4       0x80 build/cooja/mtype698.a(leds-arch.o)
                                         0x98 (size before relaxing)
 .eh_frame      0x000000000002e524       0x40 build/cooja/mtype698.a(moteid.o)
                                         0x58 (size before relaxing)
 .eh_frame      0x000000000002e564       0xa0 build/cooja/mtype698.a(pir-sensor.o)
                                         0xb8 (size before relaxing)
 .eh_frame      0x000000000002e604      0x100 build/cooja/mtype698.a(rs232.o)
                                        0x118 (size before relaxing)
 .eh_frame      0x000000000002e704       0xa0 build/cooja/mtype698.a(vib-sensor.o)
                                         0xb8 (size before relaxing)
 .eh_frame      0x000000000002e7a4       0xc0 build/cooja/mtype698.a(clock.o)
                                         0xd8 (size before relaxing)
 .eh_frame      0x000000000002e864      0x120 build/cooja/mtype698.a(cooja-log.o)
                                        0x138 (size before relaxing)
 .eh_frame      0x000000000002e984      0x160 build/cooja/mtype698.a(cfs-cooja.o)
                                        0x178 (size before relaxing)
 .eh_frame      0x000000000002eae4      0x340 build/cooja/mtype698.a(cooja-radio.o)
                                        0x358 (size before relaxing)
 .eh_frame      0x000000000002ee24       0xa0 build/cooja/mtype698.a(eeprom.o)
                                         0xb8 (size before relaxing)
 .eh_frame      0x000000000002eec4       0x40 build/cooja/mtype698.a(random.o)
                                         0x58 (size before relaxing)
 .eh_frame      0x000000000002ef04       0xc0 build/cooja/mtype698.a(sensors.o)
                                         0xd8 (size before relaxing)
 .eh_frame      0x000000000002efc4      0x120 build/cooja/mtype698.a(leds.o)
                                        0x138 (size before relaxing)
 .eh_frame      0x000000000002f0e4      0x220 build/cooja/mtype698.a(gpio-hal-arch.o)
                                        0x238 (size before relaxing)
 .eh_frame      0x000000000002f304       0xa0 build/cooja/mtype698.a(buttons.o)
                                         0xb8 (size before relaxing)
 .eh_frame      0x000000000002f3a4       0x60 build/cooja/mtype698.a(water_generator)
                                         0x78 (size before relaxing)
 .eh_frame      0x000000000002f404      0x1c4 build/cooja/mtype698.a(coap-observe-cl)
                                        0x1dc (size before relaxing)
 .eh_frame      0x000000000002f5c8       0x44 build/cooja/mtype698.a(coap-blocking-a)
                                         0x5c (size before relaxing)
 .eh_frame      0x000000000002f60c      0x220 build/cooja/mtype698.a(coap-engine.o)
                                        0x238 (size before relaxing)
 .eh_frame      0x000000000002f82c       0x24 build/cooja/mtype698.a(coap-res-well-k)
                                         0x3c (size before relaxing)
 .eh_frame      0x000000000002f850      0x188 build/cooja/mtype698.a(coap-observe.o)
                                        0x1a0 (size before relaxing)
 .eh_frame      0x000000000002f9d8      0x250 build/cooja/mtype698.a(coap-uip.o)
                                        0x268 (size before relaxing)
 .eh_frame      0x000000000002fc28      0x114 build/cooja/mtype698.a(coap-timer.o)
                                        0x12c (size before relaxing)
 .eh_frame      0x000000000002fd3c      0x100 build/cooja/mtype698.a(coap-transactio)
                                        0x118 (size before relaxing)
 .eh_frame      0x000000000002fe3c      0x6ec build/cooja/mtype698.a(coap.o)
                                        0x704 (size before relaxing)
 .eh_frame      0x0000000000030528       0x30 build/cooja/mtype698.a(contiki-main.o)
                                         0x48 (size before relaxing)
 .eh_frame      0x0000000000030558       0x40 build/cooja/mtype698.a(autostart.o)
                                         0x58 (size before relaxing)
 .eh_frame      0x0000000000030598      0x100 build/cooja/mtype698.a(ctimer.o)
                                        0x118 (size before relaxing)
 .eh_frame      0x0000000000030698      0x100 build/cooja/mtype698.a(log.o)
                                        0x118 (size before relaxing)
 .eh_frame      0x0000000000030798       0x60 build/cooja/mtype698.a(energest.o)
                                         0x78 (size before relaxing)
 .eh_frame      0x00000000000307f8      0x1e0 build/cooja/mtype698.a(etimer.o)
                                        0x1f8 (size before relaxing)
 .eh_frame      0x00000000000309d8       0x20 build/cooja/mtype698.a(node-id.o)
                                         0x38 (size before relaxing)
 .eh_frame      0x00000000000309f8       0x60 build/cooja/mtype698.a(rtimer.o)
                                         0x78 (size before relaxing)
 .eh_frame      0x0000000000030a58      0x1c4 build/cooja/mtype698.a(process.o)
                                        0x1dc (size before relaxing)
 .eh_frame      0x0000000000030c1c       0xa4 build/cooja/mtype698.a(timer.o)
                                         0xbc (size before relaxing)
 .eh_frame      0x0000000000030cc0      0x1a0 build/cooja/mtype698.a(list.o)
                                        0x1b8 (size before relaxing)
 .eh_frame      0x0000000000030e60       0xa0 build/cooja/mtype698.a(memb.o)
                                         0xb8 (size before relaxing)
 .eh_frame      0x0000000000030f00      0x144 build/cooja/mtype698.a(button-hal.o)
                                        0x15c (size before relaxing)
 .eh_frame      0x0000000000031044       0x60 build/cooja/mtype698.a(serial-line.o)
                                         0x78 (size before relaxing)
 .eh_frame      0x00000000000310a4       0xe0 build/cooja/mtype698.a(gpio-hal.o)
                                         0xf8 (size before relaxing)
 .eh_frame      0x0000000000031184      0x1a0 build/cooja/mtype698.a(queuebuf.o)
                                        0x1b8 (size before relaxing)
 .eh_frame      0x0000000000031324      0x28c build/cooja/mtype698.a(packetbuf.o)
                                        0x2a4 (size before relaxing)
 .eh_frame      0x00000000000315b0       0x80 build/cooja/mtype698.a(netstack.o)
                                         0x98 (size before relaxing)
 .eh_frame      0x0000000000031630       0x60 build/cooja/mtype698.a(linkaddr.o)
                                         0x78 (size before relaxing)
 .eh_frame      0x0000000000031690       0xe0 build/cooja/mtype698.a(csma.o)
                                         0xf8 (size before relaxing)
 .eh_frame      0x0000000000031770      0x1d0 build/cooja/mtype698.a(csma-output.o)
                                        0x1e8 (size before relaxing)
 .eh_frame      0x0000000000031940      0x328 build/cooja/mtype698.a(uip-ds6.o)
                                        0x340 (size before relaxing)
 .eh_frame      0x0000000000031c68       0x40 build/cooja/mtype698.a(uip-udp-packet.)
                                         0x58 (size before relaxing)
 .eh_frame      0x0000000000031ca8      0x220 build/cooja/mtype698.a(uip-ds6-route.o)
                                        0x238 (size before relaxing)
 .eh_frame      0x0000000000031ec8      0x244 build/cooja/mtype698.a(tcpip.o)
                                        0x25c (size before relaxing)
 .eh_frame      0x000000000003210c      0x1e8 build/cooja/mtype698.a(uip6.o)
                                        0x200 (size before relaxing)
 .eh_frame      0x00000000000322f4      0x1c0 build/cooja/mtype698.a(uip-ds6-nbr.o)
                                        0x1d8 (size before relaxing)
 .eh_frame      0x00000000000324b4       0x84 build/cooja/mtype698.a(uip-nd6.o)
                                         0x9c (size before relaxing)
 .eh_frame      0x0000000000032538      0x2f8 build/cooja/mtype698.a(sicslowpan.o)
                                        0x310 (size before relaxing)
 .eh_frame      0x0000000000032830       0x88 build/cooja/mtype698.a(uiplib.o)
                                         0xa0 (size before relaxing)
 .eh_frame      0x00000000000328b8      0x1e0 build/cooja/mtype698.a(rpl.o)
                                        0x1f8 (size before relaxing)
 .eh_frame      0x0000000000032a98      0x1c4 build/cooja/mtype698.a(rpl-icmp6.o)
                                        0x1dc (size before relaxing)
 .eh_frame      0x0000000000032c5c       0xa0 build/cooja/mtype698.a(rpl-dag-root.o)
                                         0xb8 (size before relaxing)
 .eh_frame      0x0000000000032cfc       0xa0 build/cooja/mtype698.a(watchdog.o)
                                         0xb8 (size before relaxing)
 .eh_frame      0x0000000000032d9c       0x80 build/cooja/mtype698.a(int-master.o)
                                         0x98 (size before relaxing)
 .eh_frame      0x0000000000032e1c       0xa4 build/cooja/mtype698.a(coap-timer-defa)
                                         0xbc (size before relaxing)
 .eh_frame      0x0000000000032ec0       0xc4 build/cooja/mtype698.a(stimer.o)
                                         0xdc (size before relaxing)
 .eh_frame      0x0000000000032f84       0xa0 build/cooja/mtype698.a(ringbuf.o)
                                         0xb8 (size before relaxing)
 .eh_frame      0x0000000000033024       0x20 build/cooja/mtype698.a(assert.o)
                                         0x38 (size before relaxing)
 .eh_frame      0x0000000000033044      0x2ac build/cooja/mtype698.a(nbr-table.o)
                                        0x2c4 (size before relaxing)
 .eh_frame      0x00000000000332f0      0x120 build/cooja/mtype698.a(link-stats.o)
                                        0x138 (size before relaxing)
 .eh_frame      0x0000000000033410       0x48 build/cooja/mtype698.a(mac-sequence.o)
                                         0x60 (size before relaxing)
 .eh_frame      0x0000000000033458       0x20 build/cooja/mtype698.a(mac.o)
                                         0x38 (size before relaxing)
 .eh_frame      0x0000000000033478       0xa4 build/cooja/mtype698.a(framer-802154.o)
                                         0xbc (size before relaxing)
 .eh_frame      0x000000000003351c      0x1a4 build/cooja/mtype698.a(frame802154.o)
                                        0x1bc (size before relaxing)
 .eh_frame      0x00000000000336c0       0x40 build/cooja/mtype698.a(csma-security.o)
                                         0x58 (size before relaxing)
 .eh_frame      0x0000000000033700      0x200 build/cooja/mtype698.a(uipbuf.o)
                                        0x218 (size before relaxing)
 .eh_frame      0x0000000000033900      0x150 build/cooja/mtype698.a(uip-icmp6.o)
                                        0x168 (size before relaxing)
 .eh_frame      0x0000000000033a50      0x184 build/cooja/mtype698.a(uip-sr.o)
                                        0x19c (size before relaxing)
 .eh_frame      0x0000000000033bd4       0xe0 build/cooja/mtype698.a(uip-packetqueue)
                                         0xf8 (size before relaxing)
 .eh_frame      0x0000000000033cb4       0x80 build/cooja/mtype698.a(rpl-nbr-policy.)
                                         0x98 (size before relaxing)
 .eh_frame      0x0000000000033d34      0x2d4 build/cooja/mtype698.a(rpl-neighbor.o)
                                        0x2ec (size before relaxing)
 .eh_frame      0x0000000000034008      0x370 build/cooja/mtype698.a(rpl-dag.o)
                                        0x388 (size before relaxing)
 .eh_frame      0x0000000000034378      0x3a8 build/cooja/mtype698.a(rpl-timers.o)
                                        0x3c0 (size before relaxing)
 .eh_frame      0x0000000000034720      0x124 build/cooja/mtype698.a(rpl-ext-header.)
                                        0x13c (size before relaxing)
 .eh_frame      0x0000000000034844      0x148 build/cooja/mtype698.a(rpl-mrhof.o)
                                        0x160 (size before relaxing)
 .eh_frame      0x000000000003498c       0x84 /usr/lib/gcc/i686-linux-gnu/5/libgcc.a(_udivdi3.o)
                                         0x9c (size before relaxing)
 .eh_frame      0x0000000000034a10        0x4 /usr/lib/gcc/i686-linux-gnu/5/crtendS.o
 *(.eh_frame.*)

.gcc_except_table
 *(.gcc_except_table .gcc_except_table.*)

.gnu_extab
 *(.gnu_extab*)

.exception_ranges
 *(.exception_ranges .exception_ranges*)
                0x0000000000035f10                . = DATA_SEGMENT_ALIGN (0x1000, 0x1000)

.eh_frame
 *(.eh_frame)
 *(.eh_frame.*)

.gnu_extab
 *(.gnu_extab)

.gcc_except_table
 *(.gcc_except_table .gcc_except_table.*)

.exception_ranges
 *(.exception_ranges .exception_ranges*)

.tdata
 *(.tdata .tdata.* .gnu.linkonce.td.*)

.tbss
 *(.tbss .tbss.* .gnu.linkonce.tb.*)
 *(.tcommon)

.preinit_array
 *(.preinit_array)

.init_array     0x0000000000035f10        0x4
 *(SORT(.init_array.*) SORT(.ctors.*))
 *(.init_array EXCLUDE_FILE(*crtend?.o *crtend.o *crtbegin?.o *crtbegin.o) .ctors)
 .init_array    0x0000000000035f10        0x4 /usr/lib/gcc/i686-linux-gnu/5/crtbeginS.o

.fini_array     0x0000000000035f14        0x4
 *(SORT(.fini_array.*) SORT(.dtors.*))
 *(.fini_array EXCLUDE_FILE(*crtend?.o *crtend.o *crtbegin?.o *crtbegin.o) .dtors)
 .fini_array    0x0000000000035f14        0x4 /usr/lib/gcc/i686-linux-gnu/5/crtbeginS.o

.ctors
 *crtbegin.o(.ctors)
 *crtbegin?.o(.ctors)
 *(EXCLUDE_FILE(*crtend?.o *crtend.o) .ctors)
 *(SORT(.ctors.*))
 *(.ctors)

.dtors
 *crtbegin.o(.dtors)
 *crtbegin?.o(.dtors)
 *(EXCLUDE_FILE(*crtend?.o *crtend.o) .dtors)
 *(SORT(.dtors.*))
 *(.dtors)

.jcr            0x0000000000035f18        0x4
 *(.jcr)
 .jcr           0x0000000000035f18        0x0 /usr/lib/gcc/i686-linux-gnu/5/crtbeginS.o
 .jcr           0x0000000000035f18        0x4 /usr/lib/gcc/i686-linux-gnu/5/crtendS.o

.data.rel.ro
 *(.data.rel.ro.local* .gnu.linkonce.d.rel.ro.local.*)
 *(.data.rel.ro .data.rel.ro.* .gnu.linkonce.d.rel.ro.*)

.dynamic        0x0000000000035f1c       0xd0
 *(.dynamic)
 .dynamic       0x0000000000035f1c       0xd0 /usr/lib/gcc/i686-linux-gnu/5/../../../i386-linux-gnu/crti.o
                0x0000000000035f1c                _DYNAMIC

.got            0x0000000000035fec       0x14
 *(.got)
 .got           0x0000000000035fec       0x14 /usr/lib/gcc/i686-linux-gnu/5/../../../i386-linux-gnu/crti.o
 *(.igot)
                0x0000000000036ff4                . = DATA_SEGMENT_RELRO_END (., (SIZEOF (.got.plt) >= 0xc)?0xc:0x0)

.got.plt        0x0000000000036000        0xc
 *(.got.plt)
 .got.plt       0x0000000000036000        0xc /usr/lib/gcc/i686-linux-gnu/5/../../../i386-linux-gnu/crti.o
                0x0000000000036000                _GLOBAL_OFFSET_TABLE_
 *(.igot.plt)

.data           0x0000000000036020      0x464
 *(.data .data.* .gnu.linkonce.d.*)
 .data          0x0000000000036020        0x0 /usr/lib/gcc/i686-linux-gnu/5/../../../i386-linux-gnu/crti.o
 .data          0x0000000000036020        0x0 /usr/lib/gcc/i686-linux-gnu/5/crtbeginS.o
 .data.rel.local
                0x0000000000036020        0x4 /usr/lib/gcc/i686-linux-gnu/5/crtbeginS.o
                0x0000000000036020                __dso_handle
 .data          0x0000000000036024       0x14 water_actuator.o
                0x0000000000036028                water_actuator
 *fill*         0x0000000000036038        0x8 
 .data          0x0000000000036040       0x44 build/cooja/mtype698.o
                0x0000000000036040                simInterfaces
                0x0000000000036074                sensors
 .data          0x0000000000036084        0x0 build/cooja/mtype698.a(simEnvChange.o)
 .data          0x0000000000036084        0x0 build/cooja/mtype698.a(cooja_mt.o)
 .data          0x0000000000036084        0x0 build/cooja/mtype698.a(cooja_mtarch.o)
 .data          0x0000000000036084        0x0 build/cooja/mtype698.a(rtimer-arch.o)
 .data          0x0000000000036084        0x0 build/cooja/mtype698.a(beep.o)
 .data          0x0000000000036084        0x0 build/cooja/mtype698.a(leds-arch.o)
 .data          0x0000000000036084        0x0 build/cooja/mtype698.a(moteid.o)
 .data          0x0000000000036084        0x0 build/cooja/mtype698.a(pir-sensor.o)
 .data          0x0000000000036084        0x0 build/cooja/mtype698.a(rs232.o)
 .data          0x0000000000036084        0x0 build/cooja/mtype698.a(vib-sensor.o)
 .data          0x0000000000036084        0x0 build/cooja/mtype698.a(clock.o)
 .data          0x0000000000036084        0x0 build/cooja/mtype698.a(cooja-log.o)
 .data          0x0000000000036084        0x0 build/cooja/mtype698.a(cfs-cooja.o)
 .data          0x0000000000036084       0x2c build/cooja/mtype698.a(cooja-radio.o)
                0x0000000000036084                simRadioHWOn
                0x0000000000036088                simSignalStrength
                0x000000000003608c                simLastSignalStrength
                0x0000000000036090                simPower
                0x0000000000036094                simRadioChannel
                0x0000000000036098                simLQI
                0x00000000000360a0                cooja_radio_process
 .data          0x00000000000360b0        0x0 build/cooja/mtype698.a(eeprom.o)
 .data          0x00000000000360b0        0x0 build/cooja/mtype698.a(random.o)
 .data          0x00000000000360b0       0x10 build/cooja/mtype698.a(sensors.o)
                0x00000000000360b0                sensors_process
 .data          0x00000000000360c0        0x0 build/cooja/mtype698.a(leds.o)
 .data          0x00000000000360c0        0x0 build/cooja/mtype698.a(gpio-hal-arch.o)
 .data          0x00000000000360c0       0x78 build/cooja/mtype698.a(buttons.o)
                0x00000000000360c0                simButtonIsActive
                0x0000000000036130                button_hal_buttons
 *fill*         0x0000000000036138        0x8 
 .data          0x0000000000036140       0x44 build/cooja/mtype698.a(water_generator)
                0x0000000000036140                GOOD_MINERALS_LEVEL
                0x0000000000036144                GOOD_PH_LEVEL
                0x0000000000036160                water_generator
 .data          0x0000000000036184       0x10 build/cooja/mtype698.a(coap-observe-cl)
 .data          0x0000000000036194        0x0 build/cooja/mtype698.a(coap-blocking-a)
 .data          0x0000000000036194        0x8 build/cooja/mtype698.a(coap-engine.o)
 *fill*         0x000000000003619c        0x4 
 .data          0x00000000000361a0       0x24 build/cooja/mtype698.a(coap-res-well-k)
                0x00000000000361a0                res_well_known_core
 .data          0x00000000000361c4       0x10 build/cooja/mtype698.a(coap-observe.o)
 .data          0x00000000000361d4       0x10 build/cooja/mtype698.a(coap-uip.o)
                0x00000000000361d4                coap_engine
 .data          0x00000000000361e4        0x4 build/cooja/mtype698.a(coap-timer.o)
 .data          0x00000000000361e8       0x10 build/cooja/mtype698.a(coap-transactio)
 .data          0x00000000000361f8        0x4 build/cooja/mtype698.a(coap.o)
                0x00000000000361f8                coap_error_message
 .data          0x00000000000361fc        0x0 build/cooja/mtype698.a(contiki-main.o)
 .data          0x00000000000361fc        0x0 build/cooja/mtype698.a(autostart.o)
 .data          0x00000000000361fc       0x14 build/cooja/mtype698.a(ctimer.o)
                0x0000000000036200                ctimer_process
 *fill*         0x0000000000036210       0x10 
 .data          0x0000000000036220       0xbc build/cooja/mtype698.a(log.o)
                0x0000000000036220                curr_log_level_main
                0x0000000000036240                all_modules
 .data          0x00000000000362dc        0x0 build/cooja/mtype698.a(energest.o)
 .data          0x00000000000362dc       0x10 build/cooja/mtype698.a(etimer.o)
                0x00000000000362dc                etimer_process
 .data          0x00000000000362ec        0x0 build/cooja/mtype698.a(node-id.o)
 .data          0x00000000000362ec        0x0 build/cooja/mtype698.a(rtimer.o)
 .data          0x00000000000362ec        0x0 build/cooja/mtype698.a(process.o)
 .data          0x00000000000362ec        0x0 build/cooja/mtype698.a(timer.o)
 .data          0x00000000000362ec        0x0 build/cooja/mtype698.a(list.o)
 .data          0x00000000000362ec        0x0 build/cooja/mtype698.a(memb.o)
 .data          0x00000000000362ec       0x10 build/cooja/mtype698.a(button-hal.o)
                0x00000000000362ec                button_hal_process
 .data          0x00000000000362fc       0x10 build/cooja/mtype698.a(serial-line.o)
                0x00000000000362fc                serial_line_process
 .data          0x000000000003630c        0x4 build/cooja/mtype698.a(gpio-hal.o)
 .data          0x0000000000036310       0x18 build/cooja/mtype698.a(queuebuf.o)
 .data          0x0000000000036328        0x4 build/cooja/mtype698.a(packetbuf.o)
 .data          0x000000000003632c        0x4 build/cooja/mtype698.a(netstack.o)
 .data          0x0000000000036330        0x0 build/cooja/mtype698.a(linkaddr.o)
 .data          0x0000000000036330        0x0 build/cooja/mtype698.a(csma.o)
 .data          0x0000000000036330       0x28 build/cooja/mtype698.a(csma-output.o)
 .data          0x0000000000036358        0x0 build/cooja/mtype698.a(uip-ds6.o)
 .data          0x0000000000036358        0x0 build/cooja/mtype698.a(uip-udp-packet.)
 .data          0x0000000000036358       0x10 build/cooja/mtype698.a(uip-ds6-route.o)
 .data          0x0000000000036368       0x10 build/cooja/mtype698.a(tcpip.o)
                0x0000000000036368                tcpip_process
 .data          0x0000000000036378        0x0 build/cooja/mtype698.a(uip6.o)
 .data          0x0000000000036378       0x14 build/cooja/mtype698.a(uip-ds6-nbr.o)
 .data          0x000000000003638c        0xc build/cooja/mtype698.a(uip-nd6.o)
 .data          0x0000000000036398        0x0 build/cooja/mtype698.a(sicslowpan.o)
 .data          0x0000000000036398        0x0 build/cooja/mtype698.a(uiplib.o)
 .data          0x0000000000036398        0x0 build/cooja/mtype698.a(rpl.o)
 .data          0x0000000000036398       0x30 build/cooja/mtype698.a(rpl-icmp6.o)
 .data          0x00000000000363c8        0x0 build/cooja/mtype698.a(rpl-dag-root.o)
 .data          0x00000000000363c8        0x0 build/cooja/mtype698.a(watchdog.o)
 .data          0x00000000000363c8        0x0 build/cooja/mtype698.a(int-master.o)
 .data          0x00000000000363c8       0x10 build/cooja/mtype698.a(coap-timer-defa)
                0x00000000000363c8                coap_timer_process
 .data          0x00000000000363d8        0x0 build/cooja/mtype698.a(stimer.o)
 .data          0x00000000000363d8        0x0 build/cooja/mtype698.a(ringbuf.o)
 .data          0x00000000000363d8        0x0 build/cooja/mtype698.a(assert.o)
 .data          0x00000000000363d8       0x10 build/cooja/mtype698.a(nbr-table.o)
 .data          0x00000000000363e8       0x14 build/cooja/mtype698.a(link-stats.o)
 .data          0x00000000000363fc        0x0 build/cooja/mtype698.a(mac-sequence.o)
 .data          0x00000000000363fc        0x0 build/cooja/mtype698.a(mac.o)
 .data          0x00000000000363fc        0x0 build/cooja/mtype698.a(framer-802154.o)
 .data          0x00000000000363fc        0x2 build/cooja/mtype698.a(frame802154.o)
 .data          0x00000000000363fe        0x0 build/cooja/mtype698.a(csma-security.o)
 .data          0x00000000000363fe        0x0 build/cooja/mtype698.a(uipbuf.o)
 *fill*         0x00000000000363fe        0x2 
 .data          0x0000000000036400       0x20 build/cooja/mtype698.a(uip-icmp6.o)
 .data          0x0000000000036420       0x10 build/cooja/mtype698.a(uip-sr.o)
 .data          0x0000000000036430        0xc build/cooja/mtype698.a(uip-packetqueue)
 .data          0x000000000003643c        0x0 build/cooja/mtype698.a(rpl-nbr-policy.)
 .data          0x000000000003643c       0x14 build/cooja/mtype698.a(rpl-neighbor.o)
                0x000000000003644c                rpl_neighbors
 .data          0x0000000000036450        0x0 build/cooja/mtype698.a(rpl-dag.o)
 .data          0x0000000000036450        0x0 build/cooja/mtype698.a(rpl-timers.o)
 .data          0x0000000000036450        0x0 build/cooja/mtype698.a(rpl-ext-header.)
 *fill*         0x0000000000036450       0x10 
 .data          0x0000000000036460       0x24 build/cooja/mtype698.a(rpl-mrhof.o)
                0x0000000000036460                rpl_mrhof
 .data          0x0000000000036484        0x0 /usr/lib/gcc/i686-linux-gnu/5/libgcc.a(_udivdi3.o)
 .data          0x0000000000036484        0x0 /usr/lib/gcc/i686-linux-gnu/5/crtendS.o
 .data          0x0000000000036484        0x0 /usr/lib/gcc/i686-linux-gnu/5/../../../i386-linux-gnu/crtn.o

.tm_clone_table
                0x0000000000036484        0x0
 .tm_clone_table
                0x0000000000036484        0x0 /usr/lib/gcc/i686-linux-gnu/5/crtbeginS.o
 .tm_clone_table
                0x0000000000036484        0x0 /usr/lib/gcc/i686-linux-gnu/5/crtendS.o

.data1
 *(.data1)
                0x0000000000036484                _edata = .
                [!provide]                        PROVIDE (edata, .)
                0x0000000000036484                . = .
                0x0000000000036484                __bss_start = .

.bss            0x00000000000364a0    0x14224
 *(.dynbss)
 .dynbss        0x00000000000364a0        0x0 /usr/lib/gcc/i686-linux-gnu/5/../../../i386-linux-gnu/crti.o
 *(.bss .bss.* .gnu.linkonce.b.*)
 .bss           0x00000000000364a0        0x0 /usr/lib/gcc/i686-linux-gnu/5/../../../i386-linux-gnu/crti.o
 .bss           0x00000000000364a0        0x1 /usr/lib/gcc/i686-linux-gnu/5/crtbeginS.o
 *fill*         0x00000000000364a1       0x1f 
 .bss           0x00000000000364c0      0x20c water_actuator.o
                0x00000000000364c0                minerals_level
                0x00000000000364c4                ph_level
 *fill*         0x00000000000366cc       0x14 
 .bss           0x00000000000366e0     0x2030 build/cooja/mtype698.o
 .bss           0x0000000000038710        0x1 build/cooja/mtype698.a(simEnvChange.o)
                0x0000000000038710                simDontFallAsleep
 *fill*         0x0000000000038711        0x3 
 .bss           0x0000000000038714        0x4 build/cooja/mtype698.a(cooja_mt.o)
 .bss           0x0000000000038718        0x4 build/cooja/mtype698.a(cooja_mtarch.o)
 .bss           0x000000000003871c        0x0 build/cooja/mtype698.a(rtimer-arch.o)
 .bss           0x000000000003871c        0x0 build/cooja/mtype698.a(beep.o)
 .bss           0x000000000003871c        0x1 build/cooja/mtype698.a(leds-arch.o)
                0x000000000003871c                simLedsValue
 .bss           0x000000000003871d        0x0 build/cooja/mtype698.a(moteid.o)
 .bss           0x000000000003871d        0x1 build/cooja/mtype698.a(pir-sensor.o)
                0x000000000003871d                simPirValue
 *fill*         0x000000000003871e        0x2 
 .bss           0x0000000000038720        0x4 build/cooja/mtype698.a(rs232.o)
 .bss           0x0000000000038724        0x1 build/cooja/mtype698.a(vib-sensor.o)
                0x0000000000038724                simVibValue
 .bss           0x0000000000038725        0x0 build/cooja/mtype698.a(clock.o)
 *fill*         0x0000000000038725       0x1b 
 .bss           0x0000000000038740     0x2020 build/cooja/mtype698.a(cooja-log.o)
 .bss           0x000000000003a760      0xfc0 build/cooja/mtype698.a(cfs-cooja.o)
                0x000000000003a760                simCFSData
                0x000000000003b700                simCFSSize
                0x000000000003b704                simCFSChanged
                0x000000000003b708                simCFSRead
                0x000000000003b70c                simCFSWritten
 .bss           0x000000000003b720       0x24 build/cooja/mtype698.a(cooja-radio.o)
                0x000000000003b720                simReceiving
                0x000000000003b724                simInSize
                0x000000000003b728                simLastPacketTimestamp
                0x000000000003b730                simOutSize
 .bss           0x000000000003b744        0xc build/cooja/mtype698.a(eeprom.o)
                0x000000000003b744                simEEPROMChanged
                0x000000000003b748                simEEPROMRead
                0x000000000003b74c                simEEPROMWritten
 .bss           0x000000000003b750        0x0 build/cooja/mtype698.a(random.o)
 .bss           0x000000000003b750        0xc build/cooja/mtype698.a(sensors.o)
 .bss           0x000000000003b75c        0x0 build/cooja/mtype698.a(leds.o)
 .bss           0x000000000003b75c       0x24 build/cooja/mtype698.a(gpio-hal-arch.o)
 .bss           0x000000000003b780        0x0 build/cooja/mtype698.a(buttons.o)
 .bss           0x000000000003b780        0xc build/cooja/mtype698.a(water_generator)
                0x000000000003b780                status
                0x000000000003b784                alert_level
 *fill*         0x000000000003b78c       0x14 
 .bss           0x000000000003b7a0      0x1b1 build/cooja/mtype698.a(coap-observe-cl)
 .bss           0x000000000003b951        0x0 build/cooja/mtype698.a(coap-blocking-a)
 *fill*         0x000000000003b951        0xf 
 .bss           0x000000000003b960      0x190 build/cooja/mtype698.a(coap-engine.o)
 .bss           0x000000000003baf0        0x0 build/cooja/mtype698.a(coap-res-well-k)
 *fill*         0x000000000003baf0       0x10 
 .bss           0x000000000003bb00      0x120 build/cooja/mtype698.a(coap-observe.o)
 .bss           0x000000000003bc20       0x18 build/cooja/mtype698.a(coap-uip.o)
 .bss           0x000000000003bc38        0x5 build/cooja/mtype698.a(coap-timer.o)
 *fill*         0x000000000003bc3d        0x3 
 .bss           0x000000000003bc40      0x334 build/cooja/mtype698.a(coap-transactio)
 .bss           0x000000000003bf74        0x6 build/cooja/mtype698.a(coap.o)
                0x000000000003bf74                coap_status_code
 .bss           0x000000000003bf7a        0x0 build/cooja/mtype698.a(contiki-main.o)
 .bss           0x000000000003bf7a        0x0 build/cooja/mtype698.a(autostart.o)
 *fill*         0x000000000003bf7a        0x2 
 .bss           0x000000000003bf7c        0x5 build/cooja/mtype698.a(ctimer.o)
 *fill*         0x000000000003bf81        0x3 
 .bss           0x000000000003bf84       0x2c build/cooja/mtype698.a(log.o)
                0x000000000003bf84                curr_log_level_rpl
                0x000000000003bf88                curr_log_level_tcpip
                0x000000000003bf8c                curr_log_level_ipv6
                0x000000000003bf90                curr_log_level_6lowpan
                0x000000000003bf94                curr_log_level_nullnet
                0x000000000003bf98                curr_log_level_mac
                0x000000000003bf9c                curr_log_level_framer
                0x000000000003bfa0                curr_log_level_6top
                0x000000000003bfa4                curr_log_level_coap
                0x000000000003bfa8                curr_log_level_snmp
                0x000000000003bfac                curr_log_level_lwm2m
 .bss           0x000000000003bfb0        0x0 build/cooja/mtype698.a(energest.o)
 .bss           0x000000000003bfb0        0x8 build/cooja/mtype698.a(etimer.o)
 .bss           0x000000000003bfb8        0x2 build/cooja/mtype698.a(node-id.o)
                0x000000000003bfb8                node_id
 *fill*         0x000000000003bfba        0x2 
 .bss           0x000000000003bfbc        0x4 build/cooja/mtype698.a(rtimer.o)
 .bss           0x000000000003bfc0      0x1a1 build/cooja/mtype698.a(process.o)
                0x000000000003bfc0                process_list
                0x000000000003bfc4                process_current
 .bss           0x000000000003c161        0x0 build/cooja/mtype698.a(timer.o)
 .bss           0x000000000003c161        0x0 build/cooja/mtype698.a(list.o)
 .bss           0x000000000003c161        0x0 build/cooja/mtype698.a(memb.o)
 *fill*         0x000000000003c161        0x3 
 .bss           0x000000000003c164       0x10 build/cooja/mtype698.a(button-hal.o)
 *fill*         0x000000000003c174        0xc 
 .bss           0x000000000003c180      0x140 build/cooja/mtype698.a(serial-line.o)
 .bss           0x000000000003c2c0        0x4 build/cooja/mtype698.a(gpio-hal.o)
 *fill*         0x000000000003c2c4       0x1c 
 .bss           0x000000000003c2e0     0x2c80 build/cooja/mtype698.a(queuebuf.o)
 .bss           0x000000000003ef60       0xa0 build/cooja/mtype698.a(packetbuf.o)
 .bss           0x000000000003f000        0x4 build/cooja/mtype698.a(netstack.o)
 .bss           0x000000000003f004        0x0 build/cooja/mtype698.a(linkaddr.o)
 .bss           0x000000000003f004        0x0 build/cooja/mtype698.a(csma.o)